
   WARN  Metadata found in doc-comment for method Tests\Unit\Security\AIAnomalyDetectorTest::it_identifies_velocity_anomaly(). Metadata in doc-comments is deprecated and will no longer be supported in PHPUnit 12. Update your test code to use attributes instead.

   WARN  Metadata found in doc-comment for method Tests\Unit\Security\AIAnomalyDetectorTest::it_identifies_financial_anomaly(). Metadata in doc-comments is deprecated and will no longer be supported in PHPUnit 12. Update your test code to use attributes instead.

   WARN  Metadata found in doc-comment for method Tests\Unit\Security\AIAnomalyDetectorTest::it_automatically_blocks_high_risk_actions(). Metadata in doc-comments is deprecated and will no longer be supported in PHPUnit 12. Update your test code to use attributes instead.

   WARN  Metadata found in doc-comment for method Tests\Unit\Services\SmokeTest::test_framework_can_initialize(). Metadata in doc-comments is deprecated and will no longer be supported in PHPUnit 12. Update your test code to use attributes instead.

   WARN  Metadata found in doc-comment for method Tests\Unit\Services\SmokeTest::test_app_is_available(). Metadata in doc-comments is deprecated and will no longer be supported in PHPUnit 12. Update your test code to use attributes instead.

   WARN  Metadata found in doc-comment for method Tests\Unit\Services\SmokeTest::test_config_is_loaded(). Metadata in doc-comments is deprecated and will no longer be supported in PHPUnit 12. Update your test code to use attributes instead.

   WARN  Metadata found in doc-comment for method Tests\Unit\Services\SmokeTest::test_database_connection_exists(). Metadata in doc-comments is deprecated and will no longer be supported in PHPUnit 12. Update your test code to use attributes instead.

   WARN  Metadata found in doc-comment for method Tests\Unit\Services\SmokeTest::test_correlation_id_generated(). Metadata in doc-comments is deprecated and will no longer be supported in PHPUnit 12. Update your test code to use attributes instead.

   WARN  Metadata found in doc-comment for method Tests\Unit\Services\SmokeTest::test_faker_is_available(). Metadata in doc-comments is deprecated and will no longer be supported in PHPUnit 12. Update your test code to use attributes instead.

   WARN  Metadata found in doc-comment for method Tests\Unit\Services\Wallet\WalletServiceTest::test_wallet_service_can_create_wallet(). Metadata in doc-comments is deprecated and will no longer be supported in PHPUnit 12. Update your test code to use attributes instead.

   WARN  Metadata found in doc-comment for method Tests\Unit\Services\Wallet\WalletServiceTest::test_wallet_credit_operation(). Metadata in doc-comments is deprecated and will no longer be supported in PHPUnit 12. Update your test code to use attributes instead.

   WARN  Metadata found in doc-comment for method Tests\Unit\Services\Wallet\WalletServiceTest::test_wallet_debit_operation(). Metadata in doc-comments is deprecated and will no longer be supported in PHPUnit 12. Update your test code to use attributes instead.

   WARN  Metadata found in doc-comment for method Tests\Unit\Services\Wallet\WalletServiceTest::test_wallet_hold_operation(). Metadata in doc-comments is deprecated and will no longer be supported in PHPUnit 12. Update your test code to use attributes instead.

   WARN  Metadata found in doc-comment for method Tests\Unit\Services\Wallet\WalletServiceTest::test_wallet_release_operation(). Metadata in doc-comments is deprecated and will no longer be supported in PHPUnit 12. Update your test code to use attributes instead.
declare(strict_types=1);

namespace Tests\Feature\Fraud;

use App\Models\PaymentTransaction;
use App\Models\FraudAttempt;
use App\Models\Wallet;
use Tests\SecurityTestCase;

/**
 * Security Tests ╨┤╨╗╤П Fraud Detection & Prevention
 *
 * ╨в╨╡╤Б╤В╨╕╤А╤Г╨╡╤В:
 * - Replay attacks (╨┐╨╛╨▓╤В╨╛╤А╨╜╨╛╨╡ ╨╕╤Б╨┐╨╛╨╗╤М╨╖╨╛╨▓╨░╨╜╨╕╨╡ idempotency_key)
 * - Idempotency bypass (╨╕╨╖╨╝╨╡╨╜╨╡╨╜╨╕╨╡ payload ╨┐╨╛╤Б╨╗╨╡ first attempt)
 * - Rate limit bypass
 * - Race conditions ╨▓ wallet
 * - Wishlist manipulation ╨┤╨╗╤П ╤А╨╡╨╣╤В╨╕╨╜╨│╨░
 * - Fake reviews
 * - Bonus hunting
 * - Multiple payout attempts
 */

it('test replay attack protection on payments', function () {
    $this->assertReplayAttackProtection(
        'POST',
        '/api/payments/init',
        [
            'amount' => 100000,
            'currency' => 'RUB',
            'description' => 'Test',
        ],
        \Illuminate\Support\Str::uuid()->toString()
    );
});

it('test idempotency payload mismatch detection', function () {
    $key = \Illuminate\Support\Str::uuid()->toString();

    $this->assertIdempotencyBypassProtection(
        '/api/payments/init',
        ['amount' => 100000, 'currency' => 'RUB'],
        ['amount' => 200000, 'currency' => 'RUB'],
        $key
    );
});

it('test payment rate limiting blocks DDoS', function () {
    $this->assertRateLimitBypassProtection(
        'POST',
        '/api/payments/init',
        ['amount' => 100000, 'currency' => 'RUB'],
        allowedRequests: 10,
        windowSeconds: 60
    );
});

it('test wallet race condition protection', function () {
    $wallet = Wallet::factory()->create([
        'tenant_id' => $this->tenant->id,
        'current_balance' => 100000,
    ]);

    $this->user->update(['wallet_id' => $wallet->id]);

    $this->assertNoWalletRaceCondition(100000, 60000);
});

it('test wishlist cannot manipulate product rating', function () {
    $this->assertWishlistManipulationProtection();
});

it('test fake reviews are blocked', function () {
    $this->assertFakeReviewsProtection();
});

it('test bonus hunting is prevented', function () {
    $this->assertBonusHuntingProtection();
});

it('test multiple payout attempts are blocked', function () {
    $wallet = Wallet::factory()->create([
        'tenant_id' => $this->tenant->id,
        'current_balance' => 100000,
    ]);

    // First payout request
    $response1 = $this->authenticatedPost('/api/payouts', [
        'amount' => 50000,
        'bank_account' => 'RU00000000000000000000',
    ]);

    $response1->assertSuccessful();

    // Second payout request immediately after (suspicious)
    $response2 = $this->authenticatedPost('/api/payouts', [
        'amount' => 50000,
        'bank_account' => 'RU00000000000000000000',
    ]);

    // Should be blocked or require confirmation
    if ($response2->status() !== 200) {
        $response2->assertStatus(429); // Rate limited or 422 (validation)
    }
});

it('test order creation flood is blocked', function () {
    // Attempt to create 100 orders in quick succession
    $blockedCount = 0;

    for ($i = 0; $i < 100; $i++) {
        $response = $this->authenticatedPost('/api/orders', [
            'items' => [
                ['product_id' => 1, 'quantity' => 1],
            ],
            'total' => 10000,
        ]);

        if ($response->status() === 429) {
            $blockedCount++;
        }
    }

    // Should block majority of requests
    expect($blockedCount)->toBeGreaterThan(50);
});

it('test same payment from multiple IPs is flagged', function () {
    $ips = ['192.168.1.1', '10.0.0.1', '8.8.8.8'];

    foreach ($ips as $ip) {
        $response = $this->authenticatedPost('/api/payments/init', [
            'amount' => 100000,
            'currency' => 'RUB',
        ], [
            'X-Forwarded-For' => $ip,
            'X-Real-IP' => $ip,
        ]);

        if ($ip !== $ips[0]) {
            // Second IP from same user in short time = high fraud score
            $fraudScore = $response->json('fraud_score');
            expect($fraudScore)->toBeGreaterThan(0.5);
        }
    }
});

it('test high value order from new device is flagged', function () {
    // Simulate first time device
    $response = $this->authenticatedPost('/api/payments/init', [
        'amount' => 1000000, // 10k RUB
        'currency' => 'RUB',
        'device_fingerprint' => 'new_device_' . $this->correlationId,
    ], [
        'User-Agent' => 'Mozilla/5.0 (iPhone...', // New device signature
    ]);

    $fraudScore = $response->json('fraud_score');
    expect($fraudScore)->toBeGreaterThan(0.6); // High fraud score
});

it('test credit card testing is blocked', function () {
    // Attempt to test multiple card numbers with small amounts
    $cardNumbers = [
        '4111111111111111',
        '4111111111111112',
        '4111111111111113',
        '4111111111111114',
        '4111111111111115',
    ];

    $failureCount = 0;

    foreach ($cardNumbers as $cardNumber) {
        $response = $this->authenticatedPost('/api/payments/init', [
            'amount' => 100, // Small test amount
            'card_number' => $cardNumber,
            'currency' => 'RUB',
        ]);

        if ($response->status() !== 200) {
            $failureCount++;
        }
    }

    // Most should be blocked
    expect($failureCount)->toBeGreaterThan(3);
});

it('test referral abuse is prevented', function () {
    // User creates multiple referral links
    $links = [];

    for ($i = 0; $i < 20; $i++) {
        $response = $this->authenticatedPost('/api/referrals/generate-link', []);

        if ($response->status() === 200) {
            $links[] = $response->json('code');
        } else if ($response->status() === 429) {
            // Rate limited = good
            break;
        }
    }

    // Should be rate limited after few attempts
    expect(count($links))->toBeLessThan(10);
});

it('test search poisoning is blocked', function () {
    $this->assertSearchDDoSProtection('/api/search');
});

it('test SQL injection in filters is prevented', function () {
    $response = $this->authenticatedGet('/api/products', [
        'category_id' => "' OR '1'='1",
    ]);

    // Should not return all products
    $results = $response->json('data');
    expect(count($results))->toBeLessThan(1000); // Some reasonable limit
});

it('test XSS in product names is escaped', function () {
    $xssPayload = '<img src=x onerror="alert(1)">';

    $response = $this->authenticatedPost('/api/products', [
        'name' => $xssPayload,
        'description' => 'Test',
    ]);

    if ($response->successful()) {
        $product = \App\Models\Product::find($response->json('id'));
        expect($product->name)->not->toContain('<img');
        expect($product->name)->not->toContain('onerror');
    }
});

it('test mass assignment is prevented', function () {
    $response = $this->authenticatedPost('/api/products', [
        'name' => 'Test',
        'price' => 1000,
        'admin_flag' => true, // Should not be assignable
        'is_verified' => true, // Should not be assignable
    ]);

    if ($response->successful()) {
        $product = \App\Models\Product::find($response->json('id'));
        expect($product->admin_flag ?? false)->toBeFalse();
        expect($product->is_verified ?? false)->toBeFalse();
    }
});

it('test audit log is created for all fraud flags', function () {
    // Trigger fraud detection
    $response = $this->authenticatedPost('/api/payments/init', [
        'amount' => 5000000, // Very high
        'currency' => 'RUB',
    ]);

    // Check fraud attempt was logged
    $fraudAttempt = FraudAttempt::where([
        'correlation_id' => $this->correlationId,
    ])->first();

    if ($fraudAttempt) {
        expect($fraudAttempt->user_id)->toBe($this->user->id);
        expect($fraudAttempt->tenant_id)->toBe($this->tenant->id);
        expect($fraudAttempt->ml_score)->toBeGreaterThan(0);
    }
});

it('test fraud ml model fallback when service unavailable', function () {
    // Mock FraudMLService as unavailable
    $this->mock(\App\Services\Fraud\FraudMLService::class, function ($mock) {
        $mock->shouldReceive('scoreOperation')
            ->andThrow(new \Exception('Service unavailable'));
    });

    // Should still process payment with fallback rules
    $response = $this->authenticatedPost('/api/payments/init', [
        'amount' => 100000,
        'currency' => 'RUB',
    ]);

    // Should still succeed (fallback to hard rules)
    $response->assertSuccessful();
    $response->assertJsonPath('fraud_score', fn ($score) => is_numeric($score));
});

it('test correlation id is present in all fraud logs', function () {
    $response = $this->authenticatedPost('/api/payments/init', [
        'amount' => 100000,
        'currency' => 'RUB',
    ]);

    $response->assertJsonPath('correlation_id', $this->correlationId);

    // Check that audit log also has it
    $this->assertDatabaseHas('audit_logs', [
        'correlation_id' => $this->correlationId,
    ]);
});

it('test rate limit headers are correct', function () {
    $response = $this->authenticatedPost('/api/payments/init', [
        'amount' => 100000,
        'currency' => 'RUB',
    ]);

    $this->assertRateLimitHeaders($response);
});

it('test 429 response includes retry after', function () {
    // Send requests until rate limited
    for ($i = 0; $i < 20; $i++) {
        $response = $this->authenticatedPost('/api/payments/init', [
            'amount' => 100000,
            'currency' => 'RUB',
        ]);

        if ($response->status() === 429) {
            $this->assertRateLimitResponse($response);
            break;
        }
    }
});

   WARN  Class FraudDetectionTest cannot be found in C:\opt\kotvrf\CatVRF\tests\Feature\Fraud\FraudDetectionTest.php
declare(strict_types=1);

namespace Tests\Feature\Payment;

use App\Models\PaymentTransaction;
use App\Models\PaymentIdempotencyRecord;
use App\Services\Payment\PaymentService;
use Tests\SecurityTestCase;

/**
 * Feature Tests ╨┤╨╗╤П Payment API
 *
 * ╨в╨╡╤Б╤В╨╕╤А╤Г╨╡╤В:
 * - ╨Ш╨╜╨╕╤Ж╨╕╨░╤Ж╨╕╤П ╨┐╨╗╨░╤В╨╡╨╢╨░ (init, 3DS, hold)
 * - ╨Ч╨░╤Е╨▓╨░╤В ╨┐╨╗╨░╤В╨╡╨╢╨░ (capture, ╨┤╨╡╨╜╤М╨│╨╕ тЖТ wallet)
 * - ╨Т╨╛╨╖╨▓╤А╨░╤В (refund, wallet тЖФ gateway)
 * - Webhook ╨╛╨▒╤А╨░╨▒╨╛╤В╨║╤Г (verification, signature)
 * - Idempotency (╨┐╨╛╨▓╤В╨╛╤А╨╜╤Л╨╣ ╨╖╨░╨┐╤А╨╛╤Б = ╨║╨╡╤И╨╕╤А╨╛╨▓╨░╨╜╨╜╤Л╨╣ ╤А╨╡╨╖╤Г╨╗╤М╤В╨░╤В)
 * - Fraud checks (FraudMLService ╨╕╨╜╤В╨╡╨│╤А╨░╤Ж╨╕╤П)
 * - Rate limiting
 * - ╨в╨╡╨╜╨░╨╜╤В-╤Б╨║╨╛╨┐╨╕╨╜╨│
 */

it('test payment init request', function () {
    $response = $this->authenticatedPost('/api/payments/init', [
        'amount' => 100000, // 1000 RUB
        'currency' => 'RUB',
        'description' => 'Test payment',
        'customer_email' => $this->user->email,
    ]);

    $response->assertSuccessful();
    $response->assertJsonStructure([
        'id',
        'status',
        'payment_url',
        'amount',
        'correlation_id',
        'fraud_score',
    ]);

    $this->assertHasCorrelationId($response);
    $this->assertHasFraudScore($response);

    $this->assertDatabaseHas('payment_transactions', [
        'tenant_id' => $this->tenant->id,
        'user_id' => $this->user->id,
        'amount' => 100000,
        'status' => 'pending',
        'correlation_id' => $this->correlationId,
    ]);
});

it('test payment init with high amount triggers fraud score', function () {
    $response = $this->authenticatedPost('/api/payments/init', [
        'amount' => 500000000, // 5 ╨╝╨╗╨╜ RUB тАФ ╨┐╨╛╨┤╨╛╨╖╤А╨╕╤В╨╡╨╗╤М╨╜╨╛ ╨▓╤Л╤Б╨╛╨║╨░╤П ╤Б╤Г╨╝╨╝╨░
        'currency' => 'RUB',
        'description' => 'High amount payment',
    ]);

    $response->assertJsonPath('fraud_score', fn ($score) => $score > 0.5);
});

it('test payment init validates input', function () {
    $response = $this->authenticatedPost('/api/payments/init', [
        'amount' => -100000, // Negative amount
        'currency' => 'USD', // Unsupported currency
    ]);

    $response->assertStatus(422);
    $response->assertJsonValidationErrors(['amount', 'currency']);
});

it('test payment capture after successful hold', function () {
    // 1. Init payment
    $initResponse = $this->authenticatedPost('/api/payments/init', [
        'amount' => 100000,
        'currency' => 'RUB',
        'description' => 'Test payment',
    ]);

    $paymentId = $initResponse->json('id');
    expect($paymentId)->not->toBeNull();

    // 2. Simulate 3DS approval (webh╨╛╨╛╨║)
    $this->simulatePaymentApproval($paymentId, 100000);

    // 3. Capture payment
    $captureResponse = $this->authenticatedPost("/api/payments/$paymentId/capture", []);

    $captureResponse->assertSuccessful();
    $captureResponse->assertJsonPath('status', 'captured');

    // 4. ╨Я╤А╨╛╨▓╨╡╤А╤П╨╡╨╝ ╤З╤В╨╛ money ╨┐╨╛╤Б╤В╤Г╨┐╨╕╨╗╨╕ ╨▓ wallet
    $wallet = $this->user->wallet;
    expect($wallet->current_balance)->toBe(100000);

    // 5. ╨Я╤А╨╛╨▓╨╡╤А╤П╨╡╨╝ audit log
    $this->assertDatabaseHas('payment_transactions', [
        'id' => $paymentId,
        'status' => 'captured',
        'captured_at' => now(),
    ]);
});

it('test payment refund returns money to wallet', function () {
    // 1. Create successful payment
    $payment = PaymentTransaction::factory()->create([
        'tenant_id' => $this->tenant->id,
        'user_id' => $this->user->id,
        'amount' => 100000,
        'status' => 'captured',
        'captured_at' => now(),
    ]);

    // 2. Wallet had money
    $wallet = $this->user->wallet;
    $wallet->update(['current_balance' => 100000]);

    // 3. Request refund
    $refundResponse = $this->authenticatedPost("/api/payments/$payment->id/refund", [
        'reason' => 'customer_request',
    ]);

    $refundResponse->assertSuccessful();

    // 4. Money returned to wallet
    $wallet->refresh();
    expect($wallet->current_balance)->toBe(200000); // 100000 + 100000 refund

    // 5. Check payment status
    $payment->refresh();
    expect($payment->status)->toBe('refunded');
    expect($payment->refunded_at)->not->toBeNull();
});

it('test idempotency prevents duplicate payments', function () {
    $idempotencyKey = \Illuminate\Support\Str::uuid()->toString();

    $data = [
        'amount' => 100000,
        'currency' => 'RUB',
        'description' => 'Test payment',
    ];

    // Request 1
    $response1 = $this->authenticatedPost('/api/payments/init', $data, [
        'Idempotency-Key' => $idempotencyKey,
    ]);

    $response1->assertSuccessful();
    $paymentId1 = $response1->json('id');

    // Request 2 with same idempotency key
    $response2 = $this->authenticatedPost('/api/payments/init', $data, [
        'Idempotency-Key' => $idempotencyKey,
    ]);

    $response2->assertSuccessful();
    $paymentId2 = $response2->json('id');

    // Should be same payment
    expect($paymentId1)->toBe($paymentId2);

    // Only one payment in DB
    $count = PaymentTransaction::where([
        'tenant_id' => $this->tenant->id,
        'amount' => 100000,
    ])->count();
    expect($count)->toBe(1);
});

it('test idempotency with payload mismatch is rejected', function () {
    $idempotencyKey = \Illuminate\Support\Str::uuid()->toString();

    // Request 1
    $response1 = $this->authenticatedPost('/api/payments/init', [
        'amount' => 100000,
        'currency' => 'RUB',
    ], [
        'Idempotency-Key' => $idempotencyKey,
    ]);

    $response1->assertSuccessful();

    // Request 2 with different payload but same key
    $response2 = $this->authenticatedPost('/api/payments/init', [
        'amount' => 200000, // Different amount!
        'currency' => 'RUB',
    ], [
        'Idempotency-Key' => $idempotencyKey,
    ]);

    // Should be rejected
    $response2->assertStatus(409); // Conflict
    $response2->assertJson(['message' => 'Payload mismatch']);
});

it('test payment requires tenant scoping', function () {
    $secondTenant = $this->createSecondTenant();

    $payment = PaymentTransaction::factory()->create([
        'tenant_id' => $this->tenant->id,
    ]);

    $secondUser = \App\Models\User::factory()->create(['tenant_id' => $secondTenant->id]);

    // User from second tenant tries to access payment from first tenant
    $response = $this->authenticatedGet(
        "/api/payments/$payment->id",
        [],
        $secondUser
    );

    $response->assertStatus(404); // Not found
});

it('test payment webhook verification', function () {
    $payment = PaymentTransaction::factory()->create([
        'tenant_id' => $this->tenant->id,
        'status' => 'pending',
    ]);

    // Simulate webhook from gateway
    $payload = [
        'id' => 'tinkoff_' . $payment->id,
        'status' => 'CONFIRMED',
        'amount' => $payment->amount,
    ];

    $signature = $this->generateWebhookSignature($payload);

    $response = $this->post('/api/webhooks/payments', $payload, [
        'X-Webhook-Signature' => $signature,
    ]);

    $response->assertSuccessful();

    $payment->refresh();
    expect($payment->status)->toBe('authorized'); // After webhook
});

it('test payment webhook with invalid signature is rejected', function () {
    $payload = [
        'id' => 'tinkoff_123',
        'status' => 'CONFIRMED',
        'amount' => 100000,
    ];

    $response = $this->post('/api/webhooks/payments', $payload, [
        'X-Webhook-Signature' => 'invalid_signature_here',
    ]);

    // Should be rejected
    $response->assertStatus(401);
});

it('test payment rate limiting is enforced', function () {
    // Send 15 payment init requests in quick succession
    for ($i = 0; $i < 15; $i++) {
        $response = $this->authenticatedPost('/api/payments/init', [
            'amount' => 100000 + $i * 1000,
            'currency' => 'RUB',
        ]);

        if ($i < 10) {
            expect($response->status())->toBe(200);
        } else {
            // After 10 requests, should be rate limited
            expect($response->status())->toBe(429);
            $response->assertHeader('Retry-After');
        }
    }
});

it('test payment with fraud score > 0.8 requires 3DS confirmation', function () {
    $service = new PaymentService();

    $response = $this->authenticatedPost('/api/payments/init', [
        'amount' => 500000000, // Very high amount
        'currency' => 'RUB',
        'description' => 'Suspicious payment',
        'from_new_device' => true,
        'ip_address' => '192.168.1.1',
    ]);

    $fraudScore = $response->json('fraud_score');
    if ($fraudScore > 0.8) {
        expect($response->json('requires_3ds'))->toBeTrue();
    }
});

it('test payment split (e.g., platform fee)', function () {
    // Order: 100000 RUB
    // Platform fee: 15% = 15000 RUB
    // Merchant receives: 85000 RUB

    $response = $this->authenticatedPost('/api/payments/init', [
        'amount' => 100000,
        'currency' => 'RUB',
        'split' => [
            ['recipient' => 'merchant', 'amount' => 85000],
            ['recipient' => 'platform', 'amount' => 15000],
        ],
    ]);

    $response->assertSuccessful();

    $payment = PaymentTransaction::find($response->json('id'));
    expect($payment->split_config)->toHaveKey('merchant');
    expect($payment->split_config['merchant'])->toBe(85000);
});

it('test payment concurrent requests do not create race conditions', function () {
    $wallet = $this->user->wallet;
    $wallet->update(['current_balance' => 100000]);

    // Simulate two concurrent debit operations
    // Both try to debit 60000 (total 120000 > available 100000)
    // One should succeed, one should fail

    $payment1Id = \Illuminate\Support\Str::uuid()->toString();
    $payment2Id = \Illuminate\Support\Str::uuid()->toString();

    // In real scenario, these would be parallel HTTP requests
    // Here we simulate with transactions
    $success1 = false;
    $success2 = false;

    try {
        \DB::transaction(function () use ($wallet, &$success1) {
            $wallet->lockForUpdate();
            if ($wallet->current_balance >= 60000) {
                $wallet->decrement('current_balance', 60000);
                $success1 = true;
            }
        });
    } catch (\Throwable $e) {
        $success1 = false;
    }

    try {
        \DB::transaction(function () use ($wallet, &$success2) {
            $wallet->lockForUpdate();
            if ($wallet->current_balance >= 60000) {
                $wallet->decrement('current_balance', 60000);
                $success2 = true;
            }
        });
    } catch (\Throwable $e) {
        $success2 = false;
    }

    // One should succeed, one should fail
    $totalSuccesses = ($success1 ? 1 : 0) + ($success2 ? 1 : 0);
    expect($totalSuccesses)->toBe(1);

    $wallet->refresh();
    expect($wallet->current_balance)->toBe(40000); // 100000 - 60000
});

// Helper methods

private function simulatePaymentApproval(string $paymentId, int $amount): void
{
    $payment = PaymentTransaction::find($paymentId);
    $payment->update([
        'status' => 'authorized',
        'provider_payment_id' => 'tinkoff_' . $payment->id,
    ]);
}

private function generateWebhookSignature(array $payload): string
{
    $secret = config('payments.webhook_secret');
    return hash_hmac('sha256', json_encode($payload), $secret);
}

   WARN  Class PaymentInitTest cannot be found in C:\opt\kotvrf\CatVRF\tests\Feature\Payment\PaymentInitTest.php
declare(strict_types=1);

namespace Tests\Feature\Security;

use App\Services\Security\IdempotencyService;
use App\Services\Security\RateLimiterService;
use App\Services\Security\WebhookSignatureService;
use Illuminate\Foundation\Testing\RefreshDatabase;
use Illuminate\Support\Facades\Redis;
use Tests\TestCase;

final class SecurityIntegrationTest extends TestCase
{
    use RefreshDatabase;

    private IdempotencyService $idempotencyService;
    private RateLimiterService $rateLimiterService;
    private WebhookSignatureService $webhookService;

    protected function setUp(): void
    {
        parent::setUp();
        
        $this->idempotencyService = app(IdempotencyService::class);
        $this->rateLimiterService = app(RateLimiterService::class);
        $this->webhookService = app(WebhookSignatureService::class);
        
        Redis::flush();
    }

    public function test_idempotency_service_detects_duplicates(): void
    {
        $payload = json_encode(['amount' => 50000, 'order_id' => 123]);
        $idempotencyKey = 'test-key-' . time();
        
        $check1 = $this->idempotencyService->check($idempotencyKey, $payload);
        $this->assertTrue($check1);
        
        $check2 = $this->idempotencyService->check($idempotencyKey, $payload);
        $this->assertFalse($check2, 'Duplicate request should be detected');
    }

    public function test_rate_limiter_blocks_excessive_payment_requests(): void
    {
        for ($i = 0; $i < 10; $i++) {
            $allowed = $this->rateLimiterService->checkPaymentInit(123, '192.168.1.1');
            $this->assertTrue($allowed);
        }
        
        $blocked = $this->rateLimiterService->checkPaymentInit(123, '192.168.1.1');
        $this->assertFalse($blocked, 'Should block after 10 requests in 1 minute');
    }

    public function test_webhook_signature_verification_passes(): void
    {
        $payload = json_encode(['amount' => 50000]);
        $secret = config('security.webhook_secrets.tinkoff');
        $signature = hash_hmac('sha256', $payload, $secret);
        
        $result = $this->webhookService->verify('tinkoff', $payload, $signature);
        $this->assertTrue($result);
    }

    public function test_webhook_signature_verification_fails_on_tampered_payload(): void
    {
        $payload = json_encode(['amount' => 50000]);
        $secret = config('security.webhook_secrets.tinkoff');
        $signature = hash_hmac('sha256', $payload, $secret);
        
        $tamperedPayload = json_encode(['amount' => 100000]);
        $result = $this->webhookService->verify('tinkoff', $tamperedPayload, $signature);
        $this->assertFalse($result);
    }
}

   WARN  Class SecurityIntegrationTest cannot be found in C:\opt\kotvrf\CatVRF\tests\Feature\Security\SecurityIntegrationTest.php

   WARN  Metadata found in doc-comment for method Tests\Feature\Taxi\TaxiAIPricingServiceTest::it_calculates_base_economy_price_correctly(). Metadata in doc-comments is deprecated and will no longer be supported in PHPUnit 12. Update your test code to use attributes instead.

   WARN  Metadata found in doc-comment for method Tests\Feature\Taxi\TaxiAIPricingServiceTest::it_applies_night_multiplier_correctly(). Metadata in doc-comments is deprecated and will no longer be supported in PHPUnit 12. Update your test code to use attributes instead.

   WARN  Metadata found in doc-comment for method Tests\Feature\Taxi\TaxiAIPricingServiceTest::it_applies_peak_hour_multiplier_correctly(). Metadata in doc-comments is deprecated and will no longer be supported in PHPUnit 12. Update your test code to use attributes instead.

   PASS  Tests\Unit\ExampleTest
  тЬУ that true is true                                                    0.01s  
