declare(strict_types=1);

namespace Tests\Chaos;

use Illuminate\Support\Facades\Redis;
use Illuminate\Support\Facades\DB;
use App\Services\Fraud\FraudMLService;
use Tests\BaseTestCase;

/**
 * Chaos Engineering Tests
 *
 * ╨в╨╡╤Б╤В╨╕╤А╤Г╨╡╤В ╨┐╨╛╨▓╨╡╨┤╨╡╨╜╨╕╨╡ ╤Б╨╕╤Б╤В╨╡╨╝╤Л ╨┐╤А╨╕ ╤Б╨▒╨╛╤П╤Е:
 * - Redis down
 * - Database slow queries
 * - Service unavailable (fallback)
 * - Partial network failures
 * - Memory exhaustion
 * - Connection pool exhaustion
 */

it('test system works when redis is down', function () {
    // Mock Redis as unavailable
    Redis::shouldReceive('get')->andThrow(new \Exception('Redis connection failed'));
    Redis::shouldReceive('set')->andThrow(new \Exception('Redis connection failed'));

    // Wallet operations should still work (fallback to DB cache)
    $wallet = \App\Models\Wallet::factory()->create([
        'tenant_id' => $this->tenant->id,
        'current_balance' => 10000,
    ]);

    $service = new \App\Services\Wallet\WalletService();

    // Should not throw, should use DB fallback
    $balance = $service->getCurrentBalance($wallet->id);
    expect($balance)->toBe(10000);

    // Credit operation should succeed
    $result = $service->credit($wallet->id, 5000, 'test', $this->correlationId);
    expect($result)->toBeTrue();

    $wallet->refresh();
    expect($wallet->current_balance)->toBe(15000);
});

it('test fraud ml service fallback when unavailable', function () {
    // Mock FraudMLService as unavailable
    $this->mock(FraudMLService::class, function ($mock) {
        $mock->shouldReceive('scoreOperation')
            ->andThrow(new \Exception('ML service unavailable'));
        $mock->shouldReceive('fallbackRules')
            ->andReturn(['score' => 0.3, 'reason' => 'fallback_rules']);
    });

    // Payment should still process with hardcoded rules
    $response = $this->authenticatedPost('/api/payments/init', [
        'amount' => 100000,
        'currency' => 'RUB',
    ]);

    $response->assertSuccessful();
    $response->assertJsonPath('fraud_score', fn ($s) => $s > 0); // Has fallback score
});

it('test database slow query timeout and retry', function () {
    // Create wallet with slow DB
    $wallet = \App\Models\Wallet::factory()->create([
        'tenant_id' => $this->tenant->id,
        'current_balance' => 10000,
    ]);

    // Mock slow query (simulate 5 second delay)
    DB::shouldReceive('transaction')->andReturnUsing(function ($callback) {
        sleep(1); // Simulate delay (real would be 5+ secs)
        return $callback();
    });

    $startTime = microtime(true);

    $service = new \App\Services\Wallet\WalletService();
    $result = $service->debit($wallet->id, 1000, 'test', $this->correlationId);

    $duration = microtime(true) - $startTime;

    // Should still complete (with delay)
    expect($result)->toBeTrue();
    expect($duration)->toBeGreaterThan(0.5); // Had delay
});

it('test circuit breaker on repeated failures', function () {
    $circuitBreakerKey = 'circuit_breaker:payment_gateway';

    // Simulate 5 consecutive failures
    for ($i = 0; $i < 5; $i++) {
        $response = $this->authenticatedPost('/api/payments/init', [
            'amount' => 100000,
            'currency' => 'RUB',
        ]);

        if ($i < 3) {
            expect($response->status())->toBe(500); // Service error
        } else {
            // After threshold, should fail fast with circuit breaker
            expect($response->status())->toBe(503); // Service unavailable
            expect($response->json('message'))->toContain('circuit breaker');
        }
    }

    // Circuit should be open
    $isOpen = \Cache::get($circuitBreakerKey) === 'open';
    expect($isOpen)->toBeTrue();

    // After timeout, should attempt to half-open
    sleep(6); // Wait for half-open window (config: 5 seconds)

    $response = $this->authenticatedPost('/api/payments/init', [
        'amount' => 100000,
        'currency' => 'RUB',
    ]);

    // Should be in half-open state (attempt to recover)
    expect($response->status())->toBeIn([200, 503]);
});

it('test graceful degradation when db connection pool exhausted', function () {
    // Get max connections config
    $maxConnections = config('database.connections.mysql.max_attempts') ?? 10;

    // Simulate connection pool exhaustion
    $responses = [];
    for ($i = 0; $i < $maxConnections + 5; $i++) {
        $response = $this->authenticatedGet('/api/wallets/balance');
        $responses[] = $response->status();
    }

    // Early requests should succeed
    $successCount = count(array_filter($responses, fn ($s) => $s === 200));
    expect($successCount)->toBeGreaterThan($maxConnections - 2);

    // Later requests should get 503 (Service Unavailable)
    $lastResponses = array_slice($responses, -5);
    $unavailableCount = count(array_filter($lastResponses, fn ($s) => $s === 503));
    expect($unavailableCount)->toBeGreaterThan(0);
});

it('test partial network failure (packet loss)', function () {
    // Simulate 20% packet loss on critical endpoint
    $successCount = 0;
    $failureCount = 0;

    for ($i = 0; $i < 50; $i++) {
        // 80% should succeed, 20% fail
        $random = rand(1, 100);

        if ($random > 20) {
            // Normal request
            $response = $this->authenticatedGet('/api/wallets/balance');
            if ($response->successful()) {
                $successCount++;
            } else {
                $failureCount++;
            }
        } else {
            // Simulated timeout (would be network timeout in real scenario)
            $failureCount++;
        }
    }

    // Should have majority success
    expect($successCount)->toBeGreaterThan(30);
    expect($failureCount)->toBeLessThan(20);
});

it('test system continues when worker process dies', function () {
    // Simulate worker process death and respawn
    $jobsProcessed = 0;

    // Dispatch job
    $job = new \App\Jobs\ProcessPaymentJob([
        'payment_id' => 1,
        'correlation_id' => $this->correlationId,
    ]);

    dispatch($job);

    // Simulate worker restart (in real scenario, supervisor would restart)
    // Job should be retried automatically

    // Check that job completed or is in queue
    $this->assertDatabaseHas('jobs', [
        'queue' => 'default',
    ]);

    // After reprocessing, job should complete
    // This would be tested with real queue in integration tests
});

it('test query timeout recovery', function () {
    // Simulate a long-running query that times out
    $startTime = microtime(true);
    $queryTimeout = config('database.query_timeout', 30);

    try {
        $result = DB::statement('SELECT SLEEP(35)'); // Longer than timeout
    } catch (\Illuminate\Database\QueryException $e) {
        // Expected timeout
        $duration = microtime(true) - $startTime;
        expect($duration)->toBeLessThan($queryTimeout + 5); // Should timeout
    }

    // Next query should work fine
    $response = $this->authenticatedGet('/api/wallets/balance');
    $response->assertSuccessful();
});

it('test bulk operation cancellation on error', function () {
    // Attempt bulk payment creation where one fails
    $response = $this->authenticatedPost('/api/payments/bulk', [
        'payments' => [
            ['amount' => 100000, 'currency' => 'RUB'],
            ['amount' => -50000, 'currency' => 'RUB'], // Invalid
            ['amount' => 200000, 'currency' => 'RUB'],
        ],
    ]);

    // Should reject entire bulk or process only valid
    $response->assertStatus(422);
    $response->assertJsonValidationErrors('payments.1.amount');

    // Should not have created any payments
    $count = \App\Models\PaymentTransaction::where('correlation_id', $this->correlationId)->count();
    expect($count)->toBe(0);
});

it('test memory pressure triggers cache eviction', function () {
    // Fill cache with data
    $cacheData = [];
    for ($i = 0; $i < 1000; $i++) {
        \Cache::put("test_key_$i", str_repeat('x', 10000), now()->addHours(1));
        $cacheData[] = "test_key_$i";
    }

    // System should still work
    $wallet = \App\Models\Wallet::factory()->create([
        'tenant_id' => $this->tenant->id,
        'current_balance' => 10000,
    ]);

    $response = $this->authenticatedGet('/api/wallets/balance');
    $response->assertSuccessful();

    // Some cache should be evicted
    $remainingKeys = 0;
    foreach ($cacheData as $key) {
        if (\Cache::has($key)) {
            $remainingKeys++;
        }
    }

    // Majority should be evicted (LRU policy)
    expect($remainingKeys)->toBeLessThan(500);
});

it('test webhook retry on temporary failure', function () {
    // Mock gateway webhook
    $payload = [
        'id' => 'payment_123',
        'status' => 'CONFIRMED',
        'amount' => 100000,
    ];

    // First attempt: failure
    // Second attempt: success
    // Job should retry automatically

    $jobQueued = \Queue::fake();
    dispatch(new \App\Jobs\ProcessPaymentWebhook($payload));

    // Should be queued for retry
    $jobQueued->assertPushed(\App\Jobs\ProcessPaymentWebhook::class);
});

it('test transaction timeout recovery', function () {
    $wallet = \App\Models\Wallet::factory()->create([
        'tenant_id' => $this->tenant->id,
        'current_balance' => 10000,
    ]);

    // Simulate transaction timeout
    try {
        \DB::transaction(function () use ($wallet) {
            DB::statement('SET SESSION innodb_lock_wait_timeout = 1');
            DB::statement('SELECT SLEEP(5)'); // Will timeout
        });
    } catch (\Exception $e) {
        // Expected
    }

    // Next transaction should work
    $wallet->increment('current_balance', 1000);
    $wallet->refresh();
    expect($wallet->current_balance)->toBe(11000);
});

it('test deadlock recovery', function () {
    // Simulate deadlock scenario
    $wallet1 = \App\Models\Wallet::factory()->create(['tenant_id' => $this->tenant->id, 'current_balance' => 10000]);
    $wallet2 = \App\Models\Wallet::factory()->create(['tenant_id' => $this->tenant->id, 'current_balance' => 10000]);

    $success = 0;
    $retries = 0;

    for ($attempt = 0; $attempt < 3; $attempt++) {
        try {
            \DB::transaction(function () use ($wallet1, $wallet2) {
                $wallet1->lockForUpdate();
                sleep(0.1); // Simulate work
                $wallet2->lockForUpdate();
                $wallet1->increment('current_balance');
            });
            $success++;
        } catch (\Exception $e) {
            $retries++;
        }
    }

    // At least one should succeed (retry logic)
    expect($success + $retries)->toBe(3);
});

it('test rate limiter under cascading failures', function () {
    // When system is degraded, rate limiter should be more aggressive
    $responses = [];

    for ($i = 0; $i < 50; $i++) {
        // Simulate degraded system
        if ($i > 30) {
            \Cache::put('system:degraded', true, now()->addMinutes(1));
        }

        $response = $this->authenticatedPost('/api/payments/init', [
            'amount' => 100000,
            'currency' => 'RUB',
        ]);

        $responses[] = $response->status();
    }

    // After degradation flag is set, should get more rate limits
    $limitedAfterDegradation = count(array_filter(
        array_slice($responses, 30),
        fn ($s) => $s === 429
    ));

    expect($limitedAfterDegradation)->toBeGreaterThan(5);
});

   WARN  Class ChaosEngineeringTest cannot be found in C:\opt\kotvrf\CatVRF\tests\Chaos\ChaosEngineeringTest.php
declare(strict_types=1);

namespace Tests\Feature\Fraud;

use App\Models\PaymentTransaction;
use App\Models\FraudAttempt;
use App\Models\Wallet;
use Tests\SecurityTestCase;

/**
 * Security Tests ╨┤╨╗╤П Fraud Detection & Prevention
 *
 * ╨в╨╡╤Б╤В╨╕╤А╤Г╨╡╤В:
 * - Replay attacks (╨┐╨╛╨▓╤В╨╛╤А╨╜╨╛╨╡ ╨╕╤Б╨┐╨╛╨╗╤М╨╖╨╛╨▓╨░╨╜╨╕╨╡ idempotency_key)
 * - Idempotency bypass (╨╕╨╖╨╝╨╡╨╜╨╡╨╜╨╕╨╡ payload ╨┐╨╛╤Б╨╗╨╡ first attempt)
 * - Rate limit bypass
 * - Race conditions ╨▓ wallet
 * - Wishlist manipulation ╨┤╨╗╤П ╤А╨╡╨╣╤В╨╕╨╜╨│╨░
 * - Fake reviews
 * - Bonus hunting
 * - Multiple payout attempts
 */

it('test replay attack protection on payments', function () {
    $this->assertReplayAttackProtection(
        'POST',
        '/api/payments/init',
        [
            'amount' => 100000,
            'currency' => 'RUB',
            'description' => 'Test',
        ],
        \Illuminate\Support\Str::uuid()->toString()
    );
});

it('test idempotency payload mismatch detection', function () {
    $key = \Illuminate\Support\Str::uuid()->toString();

    $this->assertIdempotencyBypassProtection(
        '/api/payments/init',
        ['amount' => 100000, 'currency' => 'RUB'],
        ['amount' => 200000, 'currency' => 'RUB'],
        $key
    );
});

it('test payment rate limiting blocks DDoS', function () {
    $this->assertRateLimitBypassProtection(
        'POST',
        '/api/payments/init',
        ['amount' => 100000, 'currency' => 'RUB'],
        allowedRequests: 10,
        windowSeconds: 60
    );
});

it('test wallet race condition protection', function () {
    $wallet = Wallet::factory()->create([
        'tenant_id' => $this->tenant->id,
        'current_balance' => 100000,
    ]);

    $this->user->update(['wallet_id' => $wallet->id]);

    $this->assertNoWalletRaceCondition(100000, 60000);
});

it('test wishlist cannot manipulate product rating', function () {
    $this->assertWishlistManipulationProtection();
});

it('test fake reviews are blocked', function () {
    $this->assertFakeReviewsProtection();
});

it('test bonus hunting is prevented', function () {
    $this->assertBonusHuntingProtection();
});

it('test multiple payout attempts are blocked', function () {
    $wallet = Wallet::factory()->create([
        'tenant_id' => $this->tenant->id,
        'current_balance' => 100000,
    ]);

    // First payout request
    $response1 = $this->authenticatedPost('/api/payouts', [
        'amount' => 50000,
        'bank_account' => 'RU00000000000000000000',
    ]);

    $response1->assertSuccessful();

    // Second payout request immediately after (suspicious)
    $response2 = $this->authenticatedPost('/api/payouts', [
        'amount' => 50000,
        'bank_account' => 'RU00000000000000000000',
    ]);

    // Should be blocked or require confirmation
    if ($response2->status() !== 200) {
        $response2->assertStatus(429); // Rate limited or 422 (validation)
    }
});

it('test order creation flood is blocked', function () {
    // Attempt to create 100 orders in quick succession
    $blockedCount = 0;

    for ($i = 0; $i < 100; $i++) {
        $response = $this->authenticatedPost('/api/orders', [
            'items' => [
                ['product_id' => 1, 'quantity' => 1],
            ],
            'total' => 10000,
        ]);

        if ($response->status() === 429) {
            $blockedCount++;
        }
    }

    // Should block majority of requests
    expect($blockedCount)->toBeGreaterThan(50);
});

it('test same payment from multiple IPs is flagged', function () {
    $ips = ['192.168.1.1', '10.0.0.1', '8.8.8.8'];

    foreach ($ips as $ip) {
        $response = $this->authenticatedPost('/api/payments/init', [
            'amount' => 100000,
            'currency' => 'RUB',
        ], [
            'X-Forwarded-For' => $ip,
            'X-Real-IP' => $ip,
        ]);

        if ($ip !== $ips[0]) {
            // Second IP from same user in short time = high fraud score
            $fraudScore = $response->json('fraud_score');
            expect($fraudScore)->toBeGreaterThan(0.5);
        }
    }
});

it('test high value order from new device is flagged', function () {
    // Simulate first time device
    $response = $this->authenticatedPost('/api/payments/init', [
        'amount' => 1000000, // 10k RUB
        'currency' => 'RUB',
        'device_fingerprint' => 'new_device_' . $this->correlationId,
    ], [
        'User-Agent' => 'Mozilla/5.0 (iPhone...', // New device signature
    ]);

    $fraudScore = $response->json('fraud_score');
    expect($fraudScore)->toBeGreaterThan(0.6); // High fraud score
});

it('test credit card testing is blocked', function () {
    // Attempt to test multiple card numbers with small amounts
    $cardNumbers = [
        '4111111111111111',
        '4111111111111112',
        '4111111111111113',
        '4111111111111114',
        '4111111111111115',
    ];

    $failureCount = 0;

    foreach ($cardNumbers as $cardNumber) {
        $response = $this->authenticatedPost('/api/payments/init', [
            'amount' => 100, // Small test amount
            'card_number' => $cardNumber,
            'currency' => 'RUB',
        ]);

        if ($response->status() !== 200) {
            $failureCount++;
        }
    }

    // Most should be blocked
    expect($failureCount)->toBeGreaterThan(3);
});

it('test referral abuse is prevented', function () {
    // User creates multiple referral links
    $links = [];

    for ($i = 0; $i < 20; $i++) {
        $response = $this->authenticatedPost('/api/referrals/generate-link', []);

        if ($response->status() === 200) {
            $links[] = $response->json('code');
        } else if ($response->status() === 429) {
            // Rate limited = good
            break;
        }
    }

    // Should be rate limited after few attempts
    expect(count($links))->toBeLessThan(10);
});

it('test search poisoning is blocked', function () {
    $this->assertSearchDDoSProtection('/api/search');
});

it('test SQL injection in filters is prevented', function () {
    $response = $this->authenticatedGet('/api/products', [
        'category_id' => "' OR '1'='1",
    ]);

    // Should not return all products
    $results = $response->json('data');
    expect(count($results))->toBeLessThan(1000); // Some reasonable limit
});

it('test XSS in product names is escaped', function () {
    $xssPayload = '<img src=x onerror="alert(1)">';

    $response = $this->authenticatedPost('/api/products', [
        'name' => $xssPayload,
        'description' => 'Test',
    ]);

    if ($response->successful()) {
        $product = \App\Models\Product::find($response->json('id'));
        expect($product->name)->not->toContain('<img');
        expect($product->name)->not->toContain('onerror');
    }
});

it('test mass assignment is prevented', function () {
    $response = $this->authenticatedPost('/api/products', [
        'name' => 'Test',
        'price' => 1000,
        'admin_flag' => true, // Should not be assignable
        'is_verified' => true, // Should not be assignable
    ]);

    if ($response->successful()) {
        $product = \App\Models\Product::find($response->json('id'));
        expect($product->admin_flag ?? false)->toBeFalse();
        expect($product->is_verified ?? false)->toBeFalse();
    }
});

it('test audit log is created for all fraud flags', function () {
    // Trigger fraud detection
    $response = $this->authenticatedPost('/api/payments/init', [
        'amount' => 5000000, // Very high
        'currency' => 'RUB',
    ]);

    // Check fraud attempt was logged
    $fraudAttempt = FraudAttempt::where([
        'correlation_id' => $this->correlationId,
    ])->first();

    if ($fraudAttempt) {
        expect($fraudAttempt->user_id)->toBe($this->user->id);
        expect($fraudAttempt->tenant_id)->toBe($this->tenant->id);
        expect($fraudAttempt->ml_score)->toBeGreaterThan(0);
    }
});

it('test fraud ml model fallback when service unavailable', function () {
    // Mock FraudMLService as unavailable
    $this->mock(\App\Services\Fraud\FraudMLService::class, function ($mock) {
        $mock->shouldReceive('scoreOperation')
            ->andThrow(new \Exception('Service unavailable'));
    });

    // Should still process payment with fallback rules
    $response = $this->authenticatedPost('/api/payments/init', [
        'amount' => 100000,
        'currency' => 'RUB',
    ]);

    // Should still succeed (fallback to hard rules)
    $response->assertSuccessful();
    $response->assertJsonPath('fraud_score', fn ($score) => is_numeric($score));
});

it('test correlation id is present in all fraud logs', function () {
    $response = $this->authenticatedPost('/api/payments/init', [
        'amount' => 100000,
        'currency' => 'RUB',
    ]);

    $response->assertJsonPath('correlation_id', $this->correlationId);

    // Check that audit log also has it
    $this->assertDatabaseHas('audit_logs', [
        'correlation_id' => $this->correlationId,
    ]);
});

it('test rate limit headers are correct', function () {
    $response = $this->authenticatedPost('/api/payments/init', [
        'amount' => 100000,
        'currency' => 'RUB',
    ]);

    $this->assertRateLimitHeaders($response);
});

it('test 429 response includes retry after', function () {
    // Send requests until rate limited
    for ($i = 0; $i < 20; $i++) {
        $response = $this->authenticatedPost('/api/payments/init', [
            'amount' => 100000,
            'currency' => 'RUB',
        ]);

        if ($response->status() === 429) {
            $this->assertRateLimitResponse($response);
            break;
        }
    }
});

   WARN  Class FraudDetectionTest cannot be found in C:\opt\kotvrf\CatVRF\tests\Feature\Fraud\FraudDetectionTest.php
declare(strict_types=1);

namespace Tests\Feature\Payment;

use App\Models\PaymentTransaction;
use App\Models\PaymentIdempotencyRecord;
use App\Services\Payment\PaymentService;
use Tests\SecurityTestCase;

/**
 * Feature Tests ╨┤╨╗╤П Payment API
 *
 * ╨в╨╡╤Б╤В╨╕╤А╤Г╨╡╤В:
 * - ╨Ш╨╜╨╕╤Ж╨╕╨░╤Ж╨╕╤П ╨┐╨╗╨░╤В╨╡╨╢╨░ (init, 3DS, hold)
 * - ╨Ч╨░╤Е╨▓╨░╤В ╨┐╨╗╨░╤В╨╡╨╢╨░ (capture, ╨┤╨╡╨╜╤М╨│╨╕ тЖТ wallet)
 * - ╨Т╨╛╨╖╨▓╤А╨░╤В (refund, wallet тЖФ gateway)
 * - Webhook ╨╛╨▒╤А╨░╨▒╨╛╤В╨║╤Г (verification, signature)
 * - Idempotency (╨┐╨╛╨▓╤В╨╛╤А╨╜╤Л╨╣ ╨╖╨░╨┐╤А╨╛╤Б = ╨║╨╡╤И╨╕╤А╨╛╨▓╨░╨╜╨╜╤Л╨╣ ╤А╨╡╨╖╤Г╨╗╤М╤В╨░╤В)
 * - Fraud checks (FraudMLService ╨╕╨╜╤В╨╡╨│╤А╨░╤Ж╨╕╤П)
 * - Rate limiting
 * - ╨в╨╡╨╜╨░╨╜╤В-╤Б╨║╨╛╨┐╨╕╨╜╨│
 */

it('test payment init request', function () {
    $response = $this->authenticatedPost('/api/payments/init', [
        'amount' => 100000, // 1000 RUB
        'currency' => 'RUB',
        'description' => 'Test payment',
        'customer_email' => $this->user->email,
    ]);

    $response->assertSuccessful();
    $response->assertJsonStructure([
        'id',
        'status',
        'payment_url',
        'amount',
        'correlation_id',
        'fraud_score',
    ]);

    $this->assertHasCorrelationId($response);
    $this->assertHasFraudScore($response);

    $this->assertDatabaseHas('payment_transactions', [
        'tenant_id' => $this->tenant->id,
        'user_id' => $this->user->id,
        'amount' => 100000,
        'status' => 'pending',
        'correlation_id' => $this->correlationId,
    ]);
});

it('test payment init with high amount triggers fraud score', function () {
    $response = $this->authenticatedPost('/api/payments/init', [
        'amount' => 500000000, // 5 ╨╝╨╗╨╜ RUB тАФ ╨┐╨╛╨┤╨╛╨╖╤А╨╕╤В╨╡╨╗╤М╨╜╨╛ ╨▓╤Л╤Б╨╛╨║╨░╤П ╤Б╤Г╨╝╨╝╨░
        'currency' => 'RUB',
        'description' => 'High amount payment',
    ]);

    $response->assertJsonPath('fraud_score', fn ($score) => $score > 0.5);
});

it('test payment init validates input', function () {
    $response = $this->authenticatedPost('/api/payments/init', [
        'amount' => -100000, // Negative amount
        'currency' => 'USD', // Unsupported currency
    ]);

    $response->assertStatus(422);
    $response->assertJsonValidationErrors(['amount', 'currency']);
});

it('test payment capture after successful hold', function () {
    // 1. Init payment
    $initResponse = $this->authenticatedPost('/api/payments/init', [
        'amount' => 100000,
        'currency' => 'RUB',
        'description' => 'Test payment',
    ]);

    $paymentId = $initResponse->json('id');
    expect($paymentId)->not->toBeNull();

    // 2. Simulate 3DS approval (webh╨╛╨╛╨║)
    $this->simulatePaymentApproval($paymentId, 100000);

    // 3. Capture payment
    $captureResponse = $this->authenticatedPost("/api/payments/$paymentId/capture", []);

    $captureResponse->assertSuccessful();
    $captureResponse->assertJsonPath('status', 'captured');

    // 4. ╨Я╤А╨╛╨▓╨╡╤А╤П╨╡╨╝ ╤З╤В╨╛ money ╨┐╨╛╤Б╤В╤Г╨┐╨╕╨╗╨╕ ╨▓ wallet
    $wallet = $this->user->wallet;
    expect($wallet->current_balance)->toBe(100000);

    // 5. ╨Я╤А╨╛╨▓╨╡╤А╤П╨╡╨╝ audit log
    $this->assertDatabaseHas('payment_transactions', [
        'id' => $paymentId,
        'status' => 'captured',
        'captured_at' => now(),
    ]);
});

it('test payment refund returns money to wallet', function () {
    // 1. Create successful payment
    $payment = PaymentTransaction::factory()->create([
        'tenant_id' => $this->tenant->id,
        'user_id' => $this->user->id,
        'amount' => 100000,
        'status' => 'captured',
        'captured_at' => now(),
    ]);

    // 2. Wallet had money
    $wallet = $this->user->wallet;
    $wallet->update(['current_balance' => 100000]);

    // 3. Request refund
    $refundResponse = $this->authenticatedPost("/api/payments/$payment->id/refund", [
        'reason' => 'customer_request',
    ]);

    $refundResponse->assertSuccessful();

    // 4. Money returned to wallet
    $wallet->refresh();
    expect($wallet->current_balance)->toBe(200000); // 100000 + 100000 refund

    // 5. Check payment status
    $payment->refresh();
    expect($payment->status)->toBe('refunded');
    expect($payment->refunded_at)->not->toBeNull();
});

it('test idempotency prevents duplicate payments', function () {
    $idempotencyKey = \Illuminate\Support\Str::uuid()->toString();

    $data = [
        'amount' => 100000,
        'currency' => 'RUB',
        'description' => 'Test payment',
    ];

    // Request 1
    $response1 = $this->authenticatedPost('/api/payments/init', $data, [
        'Idempotency-Key' => $idempotencyKey,
    ]);

    $response1->assertSuccessful();
    $paymentId1 = $response1->json('id');

    // Request 2 with same idempotency key
    $response2 = $this->authenticatedPost('/api/payments/init', $data, [
        'Idempotency-Key' => $idempotencyKey,
    ]);

    $response2->assertSuccessful();
    $paymentId2 = $response2->json('id');

    // Should be same payment
    expect($paymentId1)->toBe($paymentId2);

    // Only one payment in DB
    $count = PaymentTransaction::where([
        'tenant_id' => $this->tenant->id,
        'amount' => 100000,
    ])->count();
    expect($count)->toBe(1);
});

it('test idempotency with payload mismatch is rejected', function () {
    $idempotencyKey = \Illuminate\Support\Str::uuid()->toString();

    // Request 1
    $response1 = $this->authenticatedPost('/api/payments/init', [
        'amount' => 100000,
        'currency' => 'RUB',
    ], [
        'Idempotency-Key' => $idempotencyKey,
    ]);

    $response1->assertSuccessful();

    // Request 2 with different payload but same key
    $response2 = $this->authenticatedPost('/api/payments/init', [
        'amount' => 200000, // Different amount!
        'currency' => 'RUB',
    ], [
        'Idempotency-Key' => $idempotencyKey,
    ]);

    // Should be rejected
    $response2->assertStatus(409); // Conflict
    $response2->assertJson(['message' => 'Payload mismatch']);
});

it('test payment requires tenant scoping', function () {
    $secondTenant = $this->createSecondTenant();

    $payment = PaymentTransaction::factory()->create([
        'tenant_id' => $this->tenant->id,
    ]);

    $secondUser = \App\Models\User::factory()->create(['tenant_id' => $secondTenant->id]);

    // User from second tenant tries to access payment from first tenant
    $response = $this->authenticatedGet(
        "/api/payments/$payment->id",
        [],
        $secondUser
    );

    $response->assertStatus(404); // Not found
});

it('test payment webhook verification', function () {
    $payment = PaymentTransaction::factory()->create([
        'tenant_id' => $this->tenant->id,
        'status' => 'pending',
    ]);

    // Simulate webhook from gateway
    $payload = [
        'id' => 'tinkoff_' . $payment->id,
        'status' => 'CONFIRMED',
        'amount' => $payment->amount,
    ];

    $signature = $this->generateWebhookSignature($payload);

    $response = $this->post('/api/webhooks/payments', $payload, [
        'X-Webhook-Signature' => $signature,
    ]);

    $response->assertSuccessful();

    $payment->refresh();
    expect($payment->status)->toBe('authorized'); // After webhook
});

it('test payment webhook with invalid signature is rejected', function () {
    $payload = [
        'id' => 'tinkoff_123',
        'status' => 'CONFIRMED',
        'amount' => 100000,
    ];

    $response = $this->post('/api/webhooks/payments', $payload, [
        'X-Webhook-Signature' => 'invalid_signature_here',
    ]);

    // Should be rejected
    $response->assertStatus(401);
});

it('test payment rate limiting is enforced', function () {
    // Send 15 payment init requests in quick succession
    for ($i = 0; $i < 15; $i++) {
        $response = $this->authenticatedPost('/api/payments/init', [
            'amount' => 100000 + $i * 1000,
            'currency' => 'RUB',
        ]);

        if ($i < 10) {
            expect($response->status())->toBe(200);
        } else {
            // After 10 requests, should be rate limited
            expect($response->status())->toBe(429);
            $response->assertHeader('Retry-After');
        }
    }
});

it('test payment with fraud score > 0.8 requires 3DS confirmation', function () {
    $service = new PaymentService();

    $response = $this->authenticatedPost('/api/payments/init', [
        'amount' => 500000000, // Very high amount
        'currency' => 'RUB',
        'description' => 'Suspicious payment',
        'from_new_device' => true,
        'ip_address' => '192.168.1.1',
    ]);

    $fraudScore = $response->json('fraud_score');
    if ($fraudScore > 0.8) {
        expect($response->json('requires_3ds'))->toBeTrue();
    }
});

it('test payment split (e.g., platform fee)', function () {
    // Order: 100000 RUB
    // Platform fee: 15% = 15000 RUB
    // Merchant receives: 85000 RUB

    $response = $this->authenticatedPost('/api/payments/init', [
        'amount' => 100000,
        'currency' => 'RUB',
        'split' => [
            ['recipient' => 'merchant', 'amount' => 85000],
            ['recipient' => 'platform', 'amount' => 15000],
        ],
    ]);

    $response->assertSuccessful();

    $payment = PaymentTransaction::find($response->json('id'));
    expect($payment->split_config)->toHaveKey('merchant');
    expect($payment->split_config['merchant'])->toBe(85000);
});

it('test payment concurrent requests do not create race conditions', function () {
    $wallet = $this->user->wallet;
    $wallet->update(['current_balance' => 100000]);

    // Simulate two concurrent debit operations
    // Both try to debit 60000 (total 120000 > available 100000)
    // One should succeed, one should fail

    $payment1Id = \Illuminate\Support\Str::uuid()->toString();
    $payment2Id = \Illuminate\Support\Str::uuid()->toString();

    // In real scenario, these would be parallel HTTP requests
    // Here we simulate with transactions
    $success1 = false;
    $success2 = false;

    try {
        \DB::transaction(function () use ($wallet, &$success1) {
            $wallet->lockForUpdate();
            if ($wallet->current_balance >= 60000) {
                $wallet->decrement('current_balance', 60000);
                $success1 = true;
            }
        });
    } catch (\Throwable $e) {
        $success1 = false;
    }

    try {
        \DB::transaction(function () use ($wallet, &$success2) {
            $wallet->lockForUpdate();
            if ($wallet->current_balance >= 60000) {
                $wallet->decrement('current_balance', 60000);
                $success2 = true;
            }
        });
    } catch (\Throwable $e) {
        $success2 = false;
    }

    // One should succeed, one should fail
    $totalSuccesses = ($success1 ? 1 : 0) + ($success2 ? 1 : 0);
    expect($totalSuccesses)->toBe(1);

    $wallet->refresh();
    expect($wallet->current_balance)->toBe(40000); // 100000 - 60000
});

// Helper methods

private function simulatePaymentApproval(string $paymentId, int $amount): void
{
    $payment = PaymentTransaction::find($paymentId);
    $payment->update([
        'status' => 'authorized',
        'provider_payment_id' => 'tinkoff_' . $payment->id,
    ]);
}

private function generateWebhookSignature(array $payload): string
{
    $secret = config('payments.webhook_secret');
    return hash_hmac('sha256', json_encode($payload), $secret);
}

   WARN  Class PaymentInitTest cannot be found in C:\opt\kotvrf\CatVRF\tests\Feature\Payment\PaymentInitTest.php
declare(strict_types=1);

namespace Tests\Feature\Security;

use App\Services\Security\IdempotencyService;
use App\Services\Security\RateLimiterService;
use App\Services\Security\WebhookSignatureService;
use Illuminate\Foundation\Testing\RefreshDatabase;
use Illuminate\Support\Facades\Redis;
use Tests\TestCase;

final class SecurityIntegrationTest extends TestCase
{
    use RefreshDatabase;

    private IdempotencyService $idempotencyService;
    private RateLimiterService $rateLimiterService;
    private WebhookSignatureService $webhookService;

    protected function setUp(): void
    {
        parent::setUp();
        
        $this->idempotencyService = app(IdempotencyService::class);
        $this->rateLimiterService = app(RateLimiterService::class);
        $this->webhookService = app(WebhookSignatureService::class);
        
        Redis::flush();
    }

    public function test_idempotency_service_detects_duplicates(): void
    {
        $payload = json_encode(['amount' => 50000, 'order_id' => 123]);
        $idempotencyKey = 'test-key-' . time();
        
        $check1 = $this->idempotencyService->check($idempotencyKey, $payload);
        $this->assertTrue($check1);
        
        $check2 = $this->idempotencyService->check($idempotencyKey, $payload);
        $this->assertFalse($check2, 'Duplicate request should be detected');
    }

    public function test_rate_limiter_blocks_excessive_payment_requests(): void
    {
        for ($i = 0; $i < 10; $i++) {
            $allowed = $this->rateLimiterService->checkPaymentInit(123, '192.168.1.1');
            $this->assertTrue($allowed);
        }
        
        $blocked = $this->rateLimiterService->checkPaymentInit(123, '192.168.1.1');
        $this->assertFalse($blocked, 'Should block after 10 requests in 1 minute');
    }

    public function test_webhook_signature_verification_passes(): void
    {
        $payload = json_encode(['amount' => 50000]);
        $secret = config('security.webhook_secrets.tinkoff');
        $signature = hash_hmac('sha256', $payload, $secret);
        
        $result = $this->webhookService->verify('tinkoff', $payload, $signature);
        $this->assertTrue($result);
    }

    public function test_webhook_signature_verification_fails_on_tampered_payload(): void
    {
        $payload = json_encode(['amount' => 50000]);
        $secret = config('security.webhook_secrets.tinkoff');
        $signature = hash_hmac('sha256', $payload, $secret);
        
        $tamperedPayload = json_encode(['amount' => 100000]);
        $result = $this->webhookService->verify('tinkoff', $tamperedPayload, $signature);
        $this->assertFalse($result);
    }
}

   WARN  Class SecurityIntegrationTest cannot be found in C:\opt\kotvrf\CatVRF\tests\Feature\Security\SecurityIntegrationTest.php

   WARN  Metadata found in doc-comment for method Tests\Feature\Taxi\TaxiAIPricingServiceTest::it_calculates_base_economy_price_correctly(). Metadata in doc-comments is deprecated and will no longer be supported in PHPUnit 12. Update your test code to use attributes instead.

   WARN  Metadata found in doc-comment for method Tests\Feature\Taxi\TaxiAIPricingServiceTest::it_applies_night_multiplier_correctly(). Metadata in doc-comments is deprecated and will no longer be supported in PHPUnit 12. Update your test code to use attributes instead.

   WARN  Metadata found in doc-comment for method Tests\Feature\Taxi\TaxiAIPricingServiceTest::it_applies_peak_hour_multiplier_correctly(). Metadata in doc-comments is deprecated and will no longer be supported in PHPUnit 12. Update your test code to use attributes instead.

   WARN  Metadata found in doc-comment for method Tests\Unit\Security\AIAnomalyDetectorTest::it_identifies_velocity_anomaly(). Metadata in doc-comments is deprecated and will no longer be supported in PHPUnit 12. Update your test code to use attributes instead.

   WARN  Metadata found in doc-comment for method Tests\Unit\Security\AIAnomalyDetectorTest::it_identifies_financial_anomaly(). Metadata in doc-comments is deprecated and will no longer be supported in PHPUnit 12. Update your test code to use attributes instead.

   WARN  Metadata found in doc-comment for method Tests\Unit\Security\AIAnomalyDetectorTest::it_automatically_blocks_high_risk_actions(). Metadata in doc-comments is deprecated and will no longer be supported in PHPUnit 12. Update your test code to use attributes instead.

   WARN  Metadata found in doc-comment for method Tests\Unit\Services\SmokeTest::test_framework_can_initialize(). Metadata in doc-comments is deprecated and will no longer be supported in PHPUnit 12. Update your test code to use attributes instead.

   WARN  Metadata found in doc-comment for method Tests\Unit\Services\SmokeTest::test_app_is_available(). Metadata in doc-comments is deprecated and will no longer be supported in PHPUnit 12. Update your test code to use attributes instead.

   WARN  Metadata found in doc-comment for method Tests\Unit\Services\SmokeTest::test_config_is_loaded(). Metadata in doc-comments is deprecated and will no longer be supported in PHPUnit 12. Update your test code to use attributes instead.

   WARN  Metadata found in doc-comment for method Tests\Unit\Services\SmokeTest::test_database_connection_exists(). Metadata in doc-comments is deprecated and will no longer be supported in PHPUnit 12. Update your test code to use attributes instead.

   WARN  Metadata found in doc-comment for method Tests\Unit\Services\SmokeTest::test_correlation_id_generated(). Metadata in doc-comments is deprecated and will no longer be supported in PHPUnit 12. Update your test code to use attributes instead.

   WARN  Metadata found in doc-comment for method Tests\Unit\Services\SmokeTest::test_faker_is_available(). Metadata in doc-comments is deprecated and will no longer be supported in PHPUnit 12. Update your test code to use attributes instead.

   WARN  Metadata found in doc-comment for method Tests\Unit\Services\Wallet\WalletServiceTest::test_wallet_service_can_create_wallet(). Metadata in doc-comments is deprecated and will no longer be supported in PHPUnit 12. Update your test code to use attributes instead.

   WARN  Metadata found in doc-comment for method Tests\Unit\Services\Wallet\WalletServiceTest::test_wallet_credit_operation(). Metadata in doc-comments is deprecated and will no longer be supported in PHPUnit 12. Update your test code to use attributes instead.

   WARN  Metadata found in doc-comment for method Tests\Unit\Services\Wallet\WalletServiceTest::test_wallet_debit_operation(). Metadata in doc-comments is deprecated and will no longer be supported in PHPUnit 12. Update your test code to use attributes instead.

   WARN  Metadata found in doc-comment for method Tests\Unit\Services\Wallet\WalletServiceTest::test_wallet_hold_operation(). Metadata in doc-comments is deprecated and will no longer be supported in PHPUnit 12. Update your test code to use attributes instead.

   WARN  Metadata found in doc-comment for method Tests\Unit\Services\Wallet\WalletServiceTest::test_wallet_release_operation(). Metadata in doc-comments is deprecated and will no longer be supported in PHPUnit 12. Update your test code to use attributes instead.

   FAIL  Tests\E2E\FraudDetectionE2ETest
  тип detect rapid payment attempts
  тип detect amount spike
  тип detect location anomaly
  тип detect card testing pattern
  тип detect refund fraud
  тип detect shared device fraud
  тип detect bonus fraud
  тип fraud score decreases with time
  тип blocked fraud user cannot retry

   FAIL  Tests\E2E\PaymentE2ETest
  тип get wallet balance
  тип deposit to wallet
  тип withdraw from wallet
  тип withdraw insufficient balance
  тип unauthorized wallet access
  тип multiple transactions sequence
  тип wallet transactions logged
  тип payment initialization

   FAIL  Tests\E2E\PaymentGatewayE2ETest
  тип complete payment flow init to captured
  тип payment hold and capture
  тип payment refund flow
  тип concurrent payments no race condition
  тип payment with insufficient balance after hold
  тип payment status transitions
  тип payment with correlation id audit trail
  тип multiple wallets isolated

   FAIL  Tests\E2E\RateLimitingE2ETest
  тип payment rate limit per minute
  тип wallet deposit rate limit
  тип promo code rate limit
  тип search rate limit heavy
  тип rate limit reset after window
  тип different users have independent limits
  тип api health check no rate limit
  тип authenticated endpoint stricter limit than public

   FAIL  Tests\E2E\RbacE2ETest
  тип owner can view crm
  тип manager can view crm
  тип employee cannot view crm
  тип only owner can manage payouts
  тип owner can manage team
  тип manager cannot manage team
  тип user role persistence
  тип unauthorized user cannot access

   FAIL  Tests\Feature\AuthenticationTest
  тип user can login with valid credentials                                1.48s  
  тип user cannot login with invalid password                              1.77s  
  тип user can logout                                                      2.59s  

   FAIL  Tests\Feature\Authorization\ConcertPolicyTest
  тип admin can view any concert
  тип manager can view concert in their tenant
  тип viewer cannot update concert
  тип manager can create concert
  тип viewer cannot delete concert
  тип inactive user cannot perform actions
  тип user cannot update concert from different tenant

   FAIL  Tests\Feature\AutoParts\AutoPartTest
  тип can create auto part                                                 1.48s  
  тип oem part                                                             1.64s  
  тип aftermarket part                                                     1.75s  
  тип part category                                                        1.67s  
  тип stock available                                                      1.89s  
  тип part status active                                                   1.78s  

   FAIL  Tests\Feature\Auto\RideBookingTest
  тип passenger can request ride                                           2.00s  
  тип ride pricing includes surge multiplier                               1.77s  
  тип driver can accept ride                                               1.61s  
  тип passenger cannot book with insufficient balance                      1.75s  

   FAIL  Tests\Feature\Beauty\AppointmentBookingTest
  тип client can book appointment                                          1.70s  
  тип appointment has correct duration                                     3.88s  
  тип master receives appointment reminder                                 1.79s  
  тип consumables are deducted on completion                               1.63s  
  тип client can cancel appointment with 24h notice                        1.62s  

   FAIL  Tests\Feature\Beauty\BookingTest
  тип customer can create booking
  тип booking cannot be created for inactive service
  тип booking cannot be created for past date
  тип booking status transitions
  тип booking can be cancelled
  тип completed booking cannot be cancelled
  тип upcoming scope returns future bookings

   FAIL  Tests\Feature\Beauty\PaymentTest
  тип payment can be initiated for booking
  тип payment cannot be initiated for completed booking
  тип payment is confirmed and wallet is credited
  тип payment can be failed
  тип confirmed payment can be refunded

   FAIL  Tests\Feature\Confectionery\ConfectioneryTest
  тип can create product                                                   1.77s  
  тип luxury product                                                       1.49s  
  тип budget product                                                       1.51s  
  тип product category                                                     2.12s  
  тип shelf life                                                           1.67s  
  тип product status                                                       3.99s  

   FAIL  Tests\Feature\ConstructionMaterials\ConstructionMaterialTest
  тип can create material
  тип can order material
  тип cannot order more than stock
  тип material low stock flag
  тип material high stock flag
  тип order delivery date update

   FAIL  Tests\Feature\Controllers\ConcertControllerTest
  тип user can list concerts
  тип user can create concert
  тип user can view concert
  тип user can update concert
  тип user can delete concert
  тип unauthorized user cannot access
  тип user cannot access concert from different tenant
  тип manager can delete concert
  тип viewer cannot delete concert

PHP Fatal error:  During class fetch: Uncaught ParseError: syntax error, unexpected token "trait", expecting "abstract" or "final" or "readonly" or "class" in C:\opt\kotvrf\CatVRF\app\Traits\TenantScoped.php:7
Stack trace:
#0 C:\opt\kotvrf\CatVRF\vendor\composer\ClassLoader.php(427): Composer\Autoload\{closure}()
#1 C:\opt\kotvrf\CatVRF\app\Domains\Cosmetics\Models\CosmeticOrder.php(9): Composer\Autoload\ClassLoader->loadClass()
#2 C:\opt\kotvrf\CatVRF\vendor\composer\ClassLoader.php(576): include('...')
#3 C:\opt\kotvrf\CatVRF\vendor\composer\ClassLoader.php(427): Composer\Autoload\{closure}()
#4 C:\opt\kotvrf\CatVRF\vendor\laravel\framework\src\Illuminate\Database\Eloquent\Factories\Factory.php(928): Composer\Autoload\ClassLoader->loadClass()
#5 C:\opt\kotvrf\CatVRF\vendor\laravel\framework\src\Illuminate\Database\Eloquent\Factories\Factory.php(513): Illuminate\Database\Eloquent\Factories\Factory->newModel()
#6 C:\opt\kotvrf\CatVRF\vendor\laravel\framework\src\Illuminate\Database\Eloquent\Concerns\GuardsAttributes.php(157): Illuminate\Database\Eloquent\Factories\Factory->Illuminate\Database\Eloquent\Factories\{closure}()
#7 C:\opt\kotvrf\CatVRF\vendor\laravel\framework\src\Illuminate\Database\Eloquent\Factories\Factory.php(512): Illuminate\Database\Eloquent\Model::unguarded()
#8 C:\opt\kotvrf\CatVRF\vendor\laravel\framework\src\Illuminate\Database\Eloquent\Factories\Factory.php(429): Illuminate\Database\Eloquent\Factories\Factory->makeInstance()
#9 C:\opt\kotvrf\CatVRF\vendor\laravel\framework\src\Illuminate\Database\Eloquent\Factories\Factory.php(318): Illuminate\Database\Eloquent\Factories\Factory->make()
#10 C:\opt\kotvrf\CatVRF\vendor\laravel\framework\src\Illuminate\Database\Eloquent\Factories\Factory.php(315): Illuminate\Database\Eloquent\Factories\Factory->create()
#11 C:\opt\kotvrf\CatVRF\tests\Feature\Cosmetics\CosmeticTest.php(61): Illuminate\Database\Eloquent\Factories\Factory->create()
#12 C:\opt\kotvrf\CatVRF\vendor\phpunit\phpunit\src\Framework\TestCase.php(1667): Tests\Feature\Cosmetics\CosmeticTest->test_order_status_transitions()
#13 C:\opt\kotvrf\CatVRF\vendor\phpunit\phpunit\src\Framework\TestCase.php(519): PHPUnit\Framework\TestCase->runTest()
#14 C:\opt\kotvrf\CatVRF\vendor\phpunit\phpunit\src\Framework\TestRunner\TestRunner.php(87): PHPUnit\Framework\TestCase->runBare()
#15 C:\opt\kotvrf\CatVRF\vendor\phpunit\phpunit\src\Framework\TestCase.php(365): PHPUnit\Framework\TestRunner->run()
#16 C:\opt\kotvrf\CatVRF\vendor\phpunit\phpunit\src\Framework\TestSuite.php(369): PHPUnit\Framework\TestCase->run()
#17 C:\opt\kotvrf\CatVRF\vendor\phpunit\phpunit\src\Framework\TestSuite.php(369): PHPUnit\Framework\TestSuite->run()
#18 C:\opt\kotvrf\CatVRF\vendor\phpunit\phpunit\src\TextUI\TestRunner.php(64): PHPUnit\Framework\TestSuite->run()
#19 C:\opt\kotvrf\CatVRF\vendor\phpunit\phpunit\src\TextUI\Application.php(211): PHPUnit\TextUI\TestRunner->run()
#20 C:\opt\kotvrf\CatVRF\vendor\phpunit\phpunit\phpunit(104): PHPUnit\TextUI\Application->run()
#21 {main} in C:\opt\kotvrf\CatVRF\app\Domains\Cosmetics\Models\CosmeticOrder.php on line 9
In CosmeticOrder.php line 9:
                                                                               
  During class fetch: Uncaught ParseError: syntax error, unexpected token "tr  
  ait", expecting "abstract" or "final" or "readonly" or "class" in C:\opt\ko  
  tvrf\CatVRF\app\Traits\TenantScoped.php:7                                    
  Stack trace:                                                                 
  #0 C:\opt\kotvrf\CatVRF\vendor\composer\ClassLoader.php(427): Composer\Auto  
  load\{closure}()                                                             
  #1 C:\opt\kotvrf\CatVRF\app\Domains\Cosmetics\Models\CosmeticOrder.php(9):   
  Composer\Autoload\ClassLoader->loadClass()                                   
  #2 C:\opt\kotvrf\CatVRF\vendor\composer\ClassLoader.php(576): include('...'  
  )                                                                            
  #3 C:\opt\kotvrf\CatVRF\vendor\composer\ClassLoader.php(427): Composer\Auto  
  load\{closure}()                                                             
  #4 C:\opt\kotvrf\CatVRF\vendor\laravel\framework\src\Illuminate\Database\El  
  oquent\Factories\Factory.php(928): Composer\Autoload\ClassLoader->loadClass  
  ()                                                                           
  #5 C:\opt\kotvrf\CatVRF\vendor\laravel\framework\src\Illuminate\Database\El  
  oquent\Factories\Factory.php(513): Illuminate\Database\Eloquent\Factories\F  
  actory->newModel()                                                           
  #6 C:\opt\kotvrf\CatVRF\vendor\laravel\framework\src\Illuminate\Database\El  
  oquent\Concerns\GuardsAttributes.php(157): Illuminate\Database\Eloquent\Fac  
  tories\Factory->Illuminate\Database\Eloquent\Factories\{closure}()           
  #7 C:\opt\kotvrf\CatVRF\vendor\laravel\framework\src\Illuminate\Database\El  
  oquent\Factories\Factory.php(512): Illuminate\Database\Eloquent\Model::ungu  
  arded()                                                                      
  #8 C:\opt\kotvrf\CatVRF\vendor\laravel\framework\src\Illuminate\Database\El  
  oquent\Factories\Factory.php(429): Illuminate\Database\Eloquent\Factories\F  
  actory->makeInstance()                                                       
  #9 C:\opt\kotvrf\CatVRF\vendor\laravel\framework\src\Illuminate\Database\El  
  oquent\Factories\Factory.php(318): Illuminate\Database\Eloquent\Factories\F  
  actory->make()                                                               
  #10 C:\opt\kotvrf\CatVRF\vendor\laravel\framework\src\Illuminate\Database\E  
  loquent\Factories\Factory.php(315): Illuminate\Database\Eloquent\Factories\  
  Factory->create()                                                            
  #11 C:\opt\kotvrf\CatVRF\tests\Feature\Cosmetics\CosmeticTest.php(61): Illu  
  minate\Database\Eloquent\Factories\Factory->create()                         
  #12 C:\opt\kotvrf\CatVRF\vendor\phpunit\phpunit\src\Framework\TestCase.php(  
  1667): Tests\Feature\Cosmetics\CosmeticTest->test_order_status_transitions(  
  )                                                                            
  #13 C:\opt\kotvrf\CatVRF\vendor\phpunit\phpunit\src\Framework\TestCase.php(  
  519): PHPUnit\Framework\TestCase->runTest()                                  
  #14 C:\opt\kotvrf\CatVRF\vendor\phpunit\phpunit\src\Framework\TestRunner\Te  
  stRunner.php(87): PHPUnit\Framework\TestCase->runBare()                      
  #15 C:\opt\kotvrf\CatVRF\vendor\phpunit\phpunit\src\Framework\TestCase.php(  
  365): PHPUnit\Framework\TestRunner->run()                                    
  #16 C:\opt\kotvrf\CatVRF\vendor\phpunit\phpunit\src\Framework\TestSuite.php  
  (369): PHPUnit\Framework\TestCase->run()                                     
  #17 C:\opt\kotvrf\CatVRF\vendor\phpunit\phpunit\src\Framework\TestSuite.php  
  (369): PHPUnit\Framework\TestSuite->run()                                    
  #18 C:\opt\kotvrf\CatVRF\vendor\phpunit\phpunit\src\TextUI\TestRunner.php(6  
  4): PHPUnit\Framework\TestSuite->run()                                       
  #19 C:\opt\kotvrf\CatVRF\vendor\phpunit\phpunit\src\TextUI\Application.php(  
  211): PHPUnit\TextUI\TestRunner->run()                                       
  #20 C:\opt\kotvrf\CatVRF\vendor\phpunit\phpunit\phpunit(104): PHPUnit\TextU  
  I\Application->run()                                                         
  #21 {main}                                                                   
                                                                               


In CosmeticOrder.php line 9:
                                                                               
  During class fetch: Uncaught ParseError: syntax error, unexpected token "tr  
  ait", expecting "abstract" or "final" or "readonly" or "class" in C:\opt\ko  
  tvrf\CatVRF\app\Traits\TenantScoped.php:7                                    
  Stack trace:                                                                 
  #0 C:\opt\kotvrf\CatVRF\vendor\composer\ClassLoader.php(427): Composer\Auto  
  load\{closure}()                                                             
  #1 C:\opt\kotvrf\CatVRF\app\Domains\Cosmetics\Models\CosmeticOrder.php(9):   
  Composer\Autoload\ClassLoader->loadClass()                                   
  #2 C:\opt\kotvrf\CatVRF\vendor\composer\ClassLoader.php(576): include('...'  
  )                                                                            
  #3 C:\opt\kotvrf\CatVRF\vendor\composer\ClassLoader.php(427): Composer\Auto  
  load\{closure}()                                                             
  #4 C:\opt\kotvrf\CatVRF\vendor\laravel\framework\src\Illuminate\Database\El  
  oquent\Factories\Factory.php(928): Composer\Autoload\ClassLoader->loadClass  
  ()                                                                           
  #5 C:\opt\kotvrf\CatVRF\vendor\laravel\framework\src\Illuminate\Database\El  
  oquent\Factories\Factory.php(513): Illuminate\Database\Eloquent\Factories\F  
  actory->newModel()                                                           
  #6 C:\opt\kotvrf\CatVRF\vendor\laravel\framework\src\Illuminate\Database\El  
  oquent\Concerns\GuardsAttributes.php(157): Illuminate\Database\Eloquent\Fac  
  tories\Factory->Illuminate\Database\Eloquent\Factories\{closure}()           
  #7 C:\opt\kotvrf\CatVRF\vendor\laravel\framework\src\Illuminate\Database\El  
  oquent\Factories\Factory.php(512): Illuminate\Database\Eloquent\Model::ungu  
  arded()                                                                      
  #8 C:\opt\kotvrf\CatVRF\vendor\laravel\framework\src\Illuminate\Database\El  
  oquent\Factories\Factory.php(429): Illuminate\Database\Eloquent\Factories\F  
  actory->makeInstance()                                                       
  #9 C:\opt\kotvrf\CatVRF\vendor\laravel\framework\src\Illuminate\Database\El  
  oquent\Factories\Factory.php(318): Illuminate\Database\Eloquent\Factories\F  
  actory->make()                                                               
  #10 C:\opt\kotvrf\CatVRF\vendor\laravel\framework\src\Illuminate\Database\E  
  loquent\Factories\Factory.php(315): Illuminate\Database\Eloquent\Factories\  
  Factory->create()                                                            
  #11 C:\opt\kotvrf\CatVRF\tests\Feature\Cosmetics\CosmeticTest.php(61): Illu  
  minate\Database\Eloquent\Factories\Factory->create()                         
  #12 C:\opt\kotvrf\CatVRF\vendor\phpunit\phpunit\src\Framework\TestCase.php(  
  1667): Tests\Feature\Cosmetics\CosmeticTest->test_order_status_transitions(  
  )                                                                            
  #13 C:\opt\kotvrf\CatVRF\vendor\phpunit\phpunit\src\Framework\TestCase.php(  
  519): PHPUnit\Framework\TestCase->runTest()                                  
  #14 C:\opt\kotvrf\CatVRF\vendor\phpunit\phpunit\src\Framework\TestRunner\Te  
  stRunner.php(87): PHPUnit\Framework\TestCase->runBare()                      
  #15 C:\opt\kotvrf\CatVRF\vendor\phpunit\phpunit\src\Framework\TestCase.php(  
  365): PHPUnit\Framework\TestRunner->run()                                    
  #16 C:\opt\kotvrf\CatVRF\vendor\phpunit\phpunit\src\Framework\TestSuite.php  
  (369): PHPUnit\Framework\TestCase->run()                                     
  #17 C:\opt\kotvrf\CatVRF\vendor\phpunit\phpunit\src\Framework\TestSuite.php  
  (369): PHPUnit\Framework\TestSuite->run()                                    
  #18 C:\opt\kotvrf\CatVRF\vendor\phpunit\phpunit\src\TextUI\TestRunner.php(6  
  4): PHPUnit\Framework\TestSuite->run()                                       
  #19 C:\opt\kotvrf\CatVRF\vendor\phpunit\phpunit\src\TextUI\Application.php(  
  211): PHPUnit\TextUI\TestRunner->run()                                       
  #20 C:\opt\kotvrf\CatVRF\vendor\phpunit\phpunit\phpunit(104): PHPUnit\TextU  
  I\Application->run()                                                         
  #21 {main}                                                                   
                                                                               


In CosmeticOrder.php line 9:
                                                                               
  During class fetch: Uncaught ParseError: syntax error, unexpected token "tr  
  ait", expecting "abstract" or "final" or "readonly" or "class" in C:\opt\ko  
  tvrf\CatVRF\app\Traits\TenantScoped.php:7                                    
  Stack trace:                                                                 
  #0 C:\opt\kotvrf\CatVRF\vendor\composer\ClassLoader.php(427): Composer\Auto  
  load\{closure}()                                                             
  #1 C:\opt\kotvrf\CatVRF\app\Domains\Cosmetics\Models\CosmeticOrder.php(9):   
  Composer\Autoload\ClassLoader->loadClass()                                   
  #2 C:\opt\kotvrf\CatVRF\vendor\composer\ClassLoader.php(576): include('...'  
  )                                                                            
  #3 C:\opt\kotvrf\CatVRF\vendor\composer\ClassLoader.php(427): Composer\Auto  
  load\{closure}()                                                             
  #4 C:\opt\kotvrf\CatVRF\vendor\laravel\framework\src\Illuminate\Database\El  
  oquent\Factories\Factory.php(928): Composer\Autoload\ClassLoader->loadClass  
  ()                                                                           
  #5 C:\opt\kotvrf\CatVRF\vendor\laravel\framework\src\Illuminate\Database\El  
  oquent\Factories\Factory.php(513): Illuminate\Database\Eloquent\Factories\F  
  actory->newModel()                                                           
  #6 C:\opt\kotvrf\CatVRF\vendor\laravel\framework\src\Illuminate\Database\El  
  oquent\Concerns\GuardsAttributes.php(157): Illuminate\Database\Eloquent\Fac  
  tories\Factory->Illuminate\Database\Eloquent\Factories\{closure}()           
  #7 C:\opt\kotvrf\CatVRF\vendor\laravel\framework\src\Illuminate\Database\El  
  oquent\Factories\Factory.php(512): Illuminate\Database\Eloquent\Model::ungu  
  arded()                                                                      
  #8 C:\opt\kotvrf\CatVRF\vendor\laravel\framework\src\Illuminate\Database\El  
  oquent\Factories\Factory.php(429): Illuminate\Database\Eloquent\Factories\F  
  actory->makeInstance()                                                       
  #9 C:\opt\kotvrf\CatVRF\vendor\laravel\framework\src\Illuminate\Database\El  
  oquent\Factories\Factory.php(318): Illuminate\Database\Eloquent\Factories\F  
  actory->make()                                                               
  #10 C:\opt\kotvrf\CatVRF\vendor\laravel\framework\src\Illuminate\Database\E  
  loquent\Factories\Factory.php(315): Illuminate\Database\Eloquent\Factories\  
  Factory->create()                                                            
  #11 C:\opt\kotvrf\CatVRF\tests\Feature\Cosmetics\CosmeticTest.php(61): Illu  
  minate\Database\Eloquent\Factories\Factory->create()                         
  #12 C:\opt\kotvrf\CatVRF\vendor\phpunit\phpunit\src\Framework\TestCase.php(  
  1667): Tests\Feature\Cosmetics\CosmeticTest->test_order_status_transitions(  
  )                                                                            
  #13 C:\opt\kotvrf\CatVRF\vendor\phpunit\phpunit\src\Framework\TestCase.php(  
  519): PHPUnit\Framework\TestCase->runTest()                                  
  #14 C:\opt\kotvrf\CatVRF\vendor\phpunit\phpunit\src\Framework\TestRunner\Te  
  stRunner.php(87): PHPUnit\Framework\TestCase->runBare()                      
  #15 C:\opt\kotvrf\CatVRF\vendor\phpunit\phpunit\src\Framework\TestCase.php(  
  365): PHPUnit\Framework\TestRunner->run()                                    
  #16 C:\opt\kotvrf\CatVRF\vendor\phpunit\phpunit\src\Framework\TestSuite.php  
  (369): PHPUnit\Framework\TestCase->run()                                     
  #17 C:\opt\kotvrf\CatVRF\vendor\phpunit\phpunit\src\Framework\TestSuite.php  
  (369): PHPUnit\Framework\TestSuite->run()                                    
  #18 C:\opt\kotvrf\CatVRF\vendor\phpunit\phpunit\src\TextUI\TestRunner.php(6  
  4): PHPUnit\Framework\TestSuite->run()                                       
  #19 C:\opt\kotvrf\CatVRF\vendor\phpunit\phpunit\src\TextUI\Application.php(  
  211): PHPUnit\TextUI\TestRunner->run()                                       
  #20 C:\opt\kotvrf\CatVRF\vendor\phpunit\phpunit\phpunit(104): PHPUnit\TextU  
  I\Application->run()                                                         
  #21 {main}                                                                   
                                                                               


In CosmeticOrder.php line 9:
                                                                               
  During class fetch: Uncaught ParseError: syntax error, unexpected token "tr  
  ait", expecting "abstract" or "final" or "readonly" or "class" in C:\opt\ko  
  tvrf\CatVRF\app\Traits\TenantScoped.php:7                                    
  Stack trace:                                                                 
  #0 C:\opt\kotvrf\CatVRF\vendor\composer\ClassLoader.php(427): Composer\Auto  
  load\{closure}()                                                             
  #1 C:\opt\kotvrf\CatVRF\app\Domains\Cosmetics\Models\CosmeticOrder.php(9):   
  Composer\Autoload\ClassLoader->loadClass()                                   
  #2 C:\opt\kotvrf\CatVRF\vendor\composer\ClassLoader.php(576): include('...'  
  )                                                                            
  #3 C:\opt\kotvrf\CatVRF\vendor\composer\ClassLoader.php(427): Composer\Auto  
  load\{closure}()                                                             
  #4 C:\opt\kotvrf\CatVRF\vendor\laravel\framework\src\Illuminate\Database\El  
  oquent\Factories\Factory.php(928): Composer\Autoload\ClassLoader->loadClass  
  ()                                                                           
  #5 C:\opt\kotvrf\CatVRF\vendor\laravel\framework\src\Illuminate\Database\El  
  oquent\Factories\Factory.php(513): Illuminate\Database\Eloquent\Factories\F  
  actory->newModel()                                                           
  #6 C:\opt\kotvrf\CatVRF\vendor\laravel\framework\src\Illuminate\Database\El  
  oquent\Concerns\GuardsAttributes.php(157): Illuminate\Database\Eloquent\Fac  
  tories\Factory->Illuminate\Database\Eloquent\Factories\{closure}()           
  #7 C:\opt\kotvrf\CatVRF\vendor\laravel\framework\src\Illuminate\Database\El  
  oquent\Factories\Factory.php(512): Illuminate\Database\Eloquent\Model::ungu  
  arded()                                                                      
  #8 C:\opt\kotvrf\CatVRF\vendor\laravel\framework\src\Illuminate\Database\El  
  oquent\Factories\Factory.php(429): Illuminate\Database\Eloquent\Factories\F  
  actory->makeInstance()                                                       
  #9 C:\opt\kotvrf\CatVRF\vendor\laravel\framework\src\Illuminate\Database\El  
  oquent\Factories\Factory.php(318): Illuminate\Database\Eloquent\Factories\F  
  actory->make()                                                               
  #10 C:\opt\kotvrf\CatVRF\vendor\laravel\framework\src\Illuminate\Database\E  
  loquent\Factories\Factory.php(315): Illuminate\Database\Eloquent\Factories\  
  Factory->create()                                                            
  #11 C:\opt\kotvrf\CatVRF\tests\Feature\Cosmetics\CosmeticTest.php(61): Illu  
  minate\Database\Eloquent\Factories\Factory->create()                         
  #12 C:\opt\kotvrf\CatVRF\vendor\phpunit\phpunit\src\Framework\TestCase.php(  
  1667): Tests\Feature\Cosmetics\CosmeticTest->test_order_status_transitions(  
  )                                                                            
  #13 C:\opt\kotvrf\CatVRF\vendor\phpunit\phpunit\src\Framework\TestCase.php(  
  519): PHPUnit\Framework\TestCase->runTest()                                  
  #14 C:\opt\kotvrf\CatVRF\vendor\phpunit\phpunit\src\Framework\TestRunner\Te  
  stRunner.php(87): PHPUnit\Framework\TestCase->runBare()                      
  #15 C:\opt\kotvrf\CatVRF\vendor\phpunit\phpunit\src\Framework\TestCase.php(  
  365): PHPUnit\Framework\TestRunner->run()                                    
  #16 C:\opt\kotvrf\CatVRF\vendor\phpunit\phpunit\src\Framework\TestSuite.php  
  (369): PHPUnit\Framework\TestCase->run()                                     
  #17 C:\opt\kotvrf\CatVRF\vendor\phpunit\phpunit\src\Framework\TestSuite.php  
  (369): PHPUnit\Framework\TestSuite->run()                                    
  #18 C:\opt\kotvrf\CatVRF\vendor\phpunit\phpunit\src\TextUI\TestRunner.php(6  
  4): PHPUnit\Framework\TestSuite->run()                                       
  #19 C:\opt\kotvrf\CatVRF\vendor\phpunit\phpunit\src\TextUI\Application.php(  
  211): PHPUnit\TextUI\TestRunner->run()                                       
  #20 C:\opt\kotvrf\CatVRF\vendor\phpunit\phpunit\phpunit(104): PHPUnit\TextU  
  I\Application->run()                                                         
  #21 {main}                                                                   
                                                                               


In CosmeticOrder.php line 9:
                                                                               
  During class fetch: Uncaught ParseError: syntax error, unexpected token "tr  
  ait", expecting "abstract" or "final" or "readonly" or "class" in C:\opt\ko  
  tvrf\CatVRF\app\Traits\TenantScoped.php:7                                    
  Stack trace:                                                                 
  #0 C:\opt\kotvrf\CatVRF\vendor\composer\ClassLoader.php(427): Composer\Auto  
  load\{closure}()                                                             
  #1 C:\opt\kotvrf\CatVRF\app\Domains\Cosmetics\Models\CosmeticOrder.php(9):   
  Composer\Autoload\ClassLoader->loadClass()                                   
  #2 C:\opt\kotvrf\CatVRF\vendor\composer\ClassLoader.php(576): include('...'  
  )                                                                            
  #3 C:\opt\kotvrf\CatVRF\vendor\composer\ClassLoader.php(427): Composer\Auto  
  load\{closure}()                                                             
  #4 C:\opt\kotvrf\CatVRF\vendor\laravel\framework\src\Illuminate\Database\El  
  oquent\Factories\Factory.php(928): Composer\Autoload\ClassLoader->loadClass  
  ()                                                                           
  #5 C:\opt\kotvrf\CatVRF\vendor\laravel\framework\src\Illuminate\Database\El  
  oquent\Factories\Factory.php(513): Illuminate\Database\Eloquent\Factories\F  
  actory->newModel()                                                           
  #6 C:\opt\kotvrf\CatVRF\vendor\laravel\framework\src\Illuminate\Database\El  
  oquent\Concerns\GuardsAttributes.php(157): Illuminate\Database\Eloquent\Fac  
  tories\Factory->Illuminate\Database\Eloquent\Factories\{closure}()           
  #7 C:\opt\kotvrf\CatVRF\vendor\laravel\framework\src\Illuminate\Database\El  
  oquent\Factories\Factory.php(512): Illuminate\Database\Eloquent\Model::ungu  
  arded()                                                                      
  #8 C:\opt\kotvrf\CatVRF\vendor\laravel\framework\src\Illuminate\Database\El  
  oquent\Factories\Factory.php(429): Illuminate\Database\Eloquent\Factories\F  
  actory->makeInstance()                                                       
  #9 C:\opt\kotvrf\CatVRF\vendor\laravel\framework\src\Illuminate\Database\El  
  oquent\Factories\Factory.php(318): Illuminate\Database\Eloquent\Factories\F  
  actory->make()                                                               
  #10 C:\opt\kotvrf\CatVRF\vendor\laravel\framework\src\Illuminate\Database\E  
  loquent\Factories\Factory.php(315): Illuminate\Database\Eloquent\Factories\  
  Factory->create()                                                            
  #11 C:\opt\kotvrf\CatVRF\tests\Feature\Cosmetics\CosmeticTest.php(61): Illu  
  minate\Database\Eloquent\Factories\Factory->create()                         
  #12 C:\opt\kotvrf\CatVRF\vendor\phpunit\phpunit\src\Framework\TestCase.php(  
  1667): Tests\Feature\Cosmetics\CosmeticTest->test_order_status_transitions(  
  )                                                                            
  #13 C:\opt\kotvrf\CatVRF\vendor\phpunit\phpunit\src\Framework\TestCase.php(  
  519): PHPUnit\Framework\TestCase->runTest()                                  
  #14 C:\opt\kotvrf\CatVRF\vendor\phpunit\phpunit\src\Framework\TestRunner\Te  
  stRunner.php(87): PHPUnit\Framework\TestCase->runBare()                      
  #15 C:\opt\kotvrf\CatVRF\vendor\phpunit\phpunit\src\Framework\TestCase.php(  
  365): PHPUnit\Framework\TestRunner->run()                                    
  #16 C:\opt\kotvrf\CatVRF\vendor\phpunit\phpunit\src\Framework\TestSuite.php  
  (369): PHPUnit\Framework\TestCase->run()                                     
  #17 C:\opt\kotvrf\CatVRF\vendor\phpunit\phpunit\src\Framework\TestSuite.php  
  (369): PHPUnit\Framework\TestSuite->run()                                    
  #18 C:\opt\kotvrf\CatVRF\vendor\phpunit\phpunit\src\TextUI\TestRunner.php(6  
  4): PHPUnit\Framework\TestSuite->run()                                       
  #19 C:\opt\kotvrf\CatVRF\vendor\phpunit\phpunit\src\TextUI\Application.php(  
  211): PHPUnit\TextUI\TestRunner->run()                                       
  #20 C:\opt\kotvrf\CatVRF\vendor\phpunit\phpunit\phpunit(104): PHPUnit\TextU  
  I\Application->run()                                                         
  #21 {main}                                                                   
                                                                               


In CosmeticOrder.php line 9:
                                                                               
  During class fetch: Uncaught ParseError: syntax error, unexpected token "tr  
  ait", expecting "abstract" or "final" or "readonly" or "class" in C:\opt\ko  
  tvrf\CatVRF\app\Traits\TenantScoped.php:7                                    
  Stack trace:                                                                 
  #0 C:\opt\kotvrf\CatVRF\vendor\composer\ClassLoader.php(427): Composer\Auto  
  load\{closure}()                                                             
  #1 C:\opt\kotvrf\CatVRF\app\Domains\Cosmetics\Models\CosmeticOrder.php(9):   
  Composer\Autoload\ClassLoader->loadClass()                                   
  #2 C:\opt\kotvrf\CatVRF\vendor\composer\ClassLoader.php(576): include('...'  
  )                                                                            
  #3 C:\opt\kotvrf\CatVRF\vendor\composer\ClassLoader.php(427): Composer\Auto  
  load\{closure}()                                                             
  #4 C:\opt\kotvrf\CatVRF\vendor\laravel\framework\src\Illuminate\Database\El  
  oquent\Factories\Factory.php(928): Composer\Autoload\ClassLoader->loadClass  
  ()                                                                           
  #5 C:\opt\kotvrf\CatVRF\vendor\laravel\framework\src\Illuminate\Database\El  
  oquent\Factories\Factory.php(513): Illuminate\Database\Eloquent\Factories\F  
  actory->newModel()                                                           
  #6 C:\opt\kotvrf\CatVRF\vendor\laravel\framework\src\Illuminate\Database\El  
  oquent\Concerns\GuardsAttributes.php(157): Illuminate\Database\Eloquent\Fac  
  tories\Factory->Illuminate\Database\Eloquent\Factories\{closure}()           
  #7 C:\opt\kotvrf\CatVRF\vendor\laravel\framework\src\Illuminate\Database\El  
  oquent\Factories\Factory.php(512): Illuminate\Database\Eloquent\Model::ungu  
  arded()                                                                      
  #8 C:\opt\kotvrf\CatVRF\vendor\laravel\framework\src\Illuminate\Database\El  
  oquent\Factories\Factory.php(429): Illuminate\Database\Eloquent\Factories\F  
  actory->makeInstance()                                                       
  #9 C:\opt\kotvrf\CatVRF\vendor\laravel\framework\src\Illuminate\Database\El  
  oquent\Factories\Factory.php(318): Illuminate\Database\Eloquent\Factories\F  
  actory->make()                                                               
  #10 C:\opt\kotvrf\CatVRF\vendor\laravel\framework\src\Illuminate\Database\E  
  loquent\Factories\Factory.php(315): Illuminate\Database\Eloquent\Factories\  
  Factory->create()                                                            
  #11 C:\opt\kotvrf\CatVRF\tests\Feature\Cosmetics\CosmeticTest.php(61): Illu  
  minate\Database\Eloquent\Factories\Factory->create()                         
  #12 C:\opt\kotvrf\CatVRF\vendor\phpunit\phpunit\src\Framework\TestCase.php(  
  1667): Tests\Feature\Cosmetics\CosmeticTest->test_order_status_transitions(  
  )                                                                            
  #13 C:\opt\kotvrf\CatVRF\vendor\phpunit\phpunit\src\Framework\TestCase.php(  
  519): PHPUnit\Framework\TestCase->runTest()                                  
  #14 C:\opt\kotvrf\CatVRF\vendor\phpunit\phpunit\src\Framework\TestRunner\Te  
  stRunner.php(87): PHPUnit\Framework\TestCase->runBare()                      
  #15 C:\opt\kotvrf\CatVRF\vendor\phpunit\phpunit\src\Framework\TestCase.php(  
  365): PHPUnit\Framework\TestRunner->run()                                    
  #16 C:\opt\kotvrf\CatVRF\vendor\phpunit\phpunit\src\Framework\TestSuite.php  
  (369): PHPUnit\Framework\TestCase->run()                                     
  #17 C:\opt\kotvrf\CatVRF\vendor\phpunit\phpunit\src\Framework\TestSuite.php  
  (369): PHPUnit\Framework\TestSuite->run()                                    
  #18 C:\opt\kotvrf\CatVRF\vendor\phpunit\phpunit\src\TextUI\TestRunner.php(6  
  4): PHPUnit\Framework\TestSuite->run()                                       
  #19 C:\opt\kotvrf\CatVRF\vendor\phpunit\phpunit\src\TextUI\Application.php(  
  211): PHPUnit\TextUI\TestRunner->run()                                       
  #20 C:\opt\kotvrf\CatVRF\vendor\phpunit\phpunit\phpunit(104): PHPUnit\TextU  
  I\Application->run()                                                         
  #21 {main}                                                                   
                                                                               


In CosmeticOrder.php line 9:
                                                                               
  During class fetch: Uncaught ParseError: syntax error, unexpected token "tr  
  ait", expecting "abstract" or "final" or "readonly" or "class" in C:\opt\ko  
  tvrf\CatVRF\app\Traits\TenantScoped.php:7                                    
  Stack trace:                                                                 
  #0 C:\opt\kotvrf\CatVRF\vendor\composer\ClassLoader.php(427): Composer\Auto  
  load\{closure}()                                                             
  #1 C:\opt\kotvrf\CatVRF\app\Domains\Cosmetics\Models\CosmeticOrder.php(9):   
  Composer\Autoload\ClassLoader->loadClass()                                   
  #2 C:\opt\kotvrf\CatVRF\vendor\composer\ClassLoader.php(576): include('...'  
  )                                                                            
  #3 C:\opt\kotvrf\CatVRF\vendor\composer\ClassLoader.php(427): Composer\Auto  
  load\{closure}()                                                             
  #4 C:\opt\kotvrf\CatVRF\vendor\laravel\framework\src\Illuminate\Database\El  
  oquent\Factories\Factory.php(928): Composer\Autoload\ClassLoader->loadClass  
  ()                                                                           
  #5 C:\opt\kotvrf\CatVRF\vendor\laravel\framework\src\Illuminate\Database\El  
  oquent\Factories\Factory.php(513): Illuminate\Database\Eloquent\Factories\F  
  actory->newModel()                                                           
  #6 C:\opt\kotvrf\CatVRF\vendor\laravel\framework\src\Illuminate\Database\El  
  oquent\Concerns\GuardsAttributes.php(157): Illuminate\Database\Eloquent\Fac  
  tories\Factory->Illuminate\Database\Eloquent\Factories\{closure}()           
  #7 C:\opt\kotvrf\CatVRF\vendor\laravel\framework\src\Illuminate\Database\El  
  oquent\Factories\Factory.php(512): Illuminate\Database\Eloquent\Model::ungu  
  arded()                                                                      
  #8 C:\opt\kotvrf\CatVRF\vendor\laravel\framework\src\Illuminate\Database\El  
  oquent\Factories\Factory.php(429): Illuminate\Database\Eloquent\Factories\F  
  actory->makeInstance()                                                       
  #9 C:\opt\kotvrf\CatVRF\vendor\laravel\framework\src\Illuminate\Database\El  
  oquent\Factories\Factory.php(318): Illuminate\Database\Eloquent\Factories\F  
  actory->make()                                                               
  #10 C:\opt\kotvrf\CatVRF\vendor\laravel\framework\src\Illuminate\Database\E  
  loquent\Factories\Factory.php(315): Illuminate\Database\Eloquent\Factories\  
  Factory->create()                                                            
  #11 C:\opt\kotvrf\CatVRF\tests\Feature\Cosmetics\CosmeticTest.php(61): Illu  
  minate\Database\Eloquent\Factories\Factory->create()                         
  #12 C:\opt\kotvrf\CatVRF\vendor\phpunit\phpunit\src\Framework\TestCase.php(  
  1667): Tests\Feature\Cosmetics\CosmeticTest->test_order_status_transitions(  
  )                                                                            
  #13 C:\opt\kotvrf\CatVRF\vendor\phpunit\phpunit\src\Framework\TestCase.php(  
  519): PHPUnit\Framework\TestCase->runTest()                                  
  #14 C:\opt\kotvrf\CatVRF\vendor\phpunit\phpunit\src\Framework\TestRunner\Te  
  stRunner.php(87): PHPUnit\Framework\TestCase->runBare()                      
  #15 C:\opt\kotvrf\CatVRF\vendor\phpunit\phpunit\src\Framework\TestCase.php(  
  365): PHPUnit\Framework\TestRunner->run()                                    
  #16 C:\opt\kotvrf\CatVRF\vendor\phpunit\phpunit\src\Framework\TestSuite.php  
  (369): PHPUnit\Framework\TestCase->run()                                     
  #17 C:\opt\kotvrf\CatVRF\vendor\phpunit\phpunit\src\Framework\TestSuite.php  
  (369): PHPUnit\Framework\TestSuite->run()                                    
  #18 C:\opt\kotvrf\CatVRF\vendor\phpunit\phpunit\src\TextUI\TestRunner.php(6  
  4): PHPUnit\Framework\TestSuite->run()                                       
  #19 C:\opt\kotvrf\CatVRF\vendor\phpunit\phpunit\src\TextUI\Application.php(  
  211): PHPUnit\TextUI\TestRunner->run()                                       
  #20 C:\opt\kotvrf\CatVRF\vendor\phpunit\phpunit\phpunit(104): PHPUnit\TextU  
  I\Application->run()                                                         
  #21 {main}                                                                   
                                                                               


In CosmeticOrder.php line 9:
                                                                               
  During class fetch: Uncaught ParseError: syntax error, unexpected token "tr  
  ait", expecting "abstract" or "final" or "readonly" or "class" in C:\opt\ko  
  tvrf\CatVRF\app\Traits\TenantScoped.php:7                                    
  Stack trace:                                                                 
  #0 C:\opt\kotvrf\CatVRF\vendor\composer\ClassLoader.php(427): Composer\Auto  
  load\{closure}()                                                             
  #1 C:\opt\kotvrf\CatVRF\app\Domains\Cosmetics\Models\CosmeticOrder.php(9):   
  Composer\Autoload\ClassLoader->loadClass()                                   
  #2 C:\opt\kotvrf\CatVRF\vendor\composer\ClassLoader.php(576): include('...'  
  )                                                                            
  #3 C:\opt\kotvrf\CatVRF\vendor\composer\ClassLoader.php(427): Composer\Auto  
  load\{closure}()                                                             
  #4 C:\opt\kotvrf\CatVRF\vendor\laravel\framework\src\Illuminate\Database\El  
  oquent\Factories\Factory.php(928): Composer\Autoload\ClassLoader->loadClass  
  ()                                                                           
  #5 C:\opt\kotvrf\CatVRF\vendor\laravel\framework\src\Illuminate\Database\El  
  oquent\Factories\Factory.php(513): Illuminate\Database\Eloquent\Factories\F  
  actory->newModel()                                                           
  #6 C:\opt\kotvrf\CatVRF\vendor\laravel\framework\src\Illuminate\Database\El  
  oquent\Concerns\GuardsAttributes.php(157): Illuminate\Database\Eloquent\Fac  
  tories\Factory->Illuminate\Database\Eloquent\Factories\{closure}()           
  #7 C:\opt\kotvrf\CatVRF\vendor\laravel\framework\src\Illuminate\Database\El  
  oquent\Factories\Factory.php(512): Illuminate\Database\Eloquent\Model::ungu  
  arded()                                                                      
  #8 C:\opt\kotvrf\CatVRF\vendor\laravel\framework\src\Illuminate\Database\El  
  oquent\Factories\Factory.php(429): Illuminate\Database\Eloquent\Factories\F  
  actory->makeInstance()                                                       
  #9 C:\opt\kotvrf\CatVRF\vendor\laravel\framework\src\Illuminate\Database\El  
  oquent\Factories\Factory.php(318): Illuminate\Database\Eloquent\Factories\F  
  actory->make()                                                               
  #10 C:\opt\kotvrf\CatVRF\vendor\laravel\framework\src\Illuminate\Database\E  
  loquent\Factories\Factory.php(315): Illuminate\Database\Eloquent\Factories\  
  Factory->create()                                                            
  #11 C:\opt\kotvrf\CatVRF\tests\Feature\Cosmetics\CosmeticTest.php(61): Illu  
  minate\Database\Eloquent\Factories\Factory->create()                         
  #12 C:\opt\kotvrf\CatVRF\vendor\phpunit\phpunit\src\Framework\TestCase.php(  
  1667): Tests\Feature\Cosmetics\CosmeticTest->test_order_status_transitions(  
  )                                                                            
  #13 C:\opt\kotvrf\CatVRF\vendor\phpunit\phpunit\src\Framework\TestCase.php(  
  519): PHPUnit\Framework\TestCase->runTest()                                  
  #14 C:\opt\kotvrf\CatVRF\vendor\phpunit\phpunit\src\Framework\TestRunner\Te  
  stRunner.php(87): PHPUnit\Framework\TestCase->runBare()                      
  #15 C:\opt\kotvrf\CatVRF\vendor\phpunit\phpunit\src\Framework\TestCase.php(  
  365): PHPUnit\Framework\TestRunner->run()                                    
  #16 C:\opt\kotvrf\CatVRF\vendor\phpunit\phpunit\src\Framework\TestSuite.php  
  (369): PHPUnit\Framework\TestCase->run()                                     
  #17 C:\opt\kotvrf\CatVRF\vendor\phpunit\phpunit\src\Framework\TestSuite.php  
  (369): PHPUnit\Framework\TestSuite->run()                                    
  #18 C:\opt\kotvrf\CatVRF\vendor\phpunit\phpunit\src\TextUI\TestRunner.php(6  
  4): PHPUnit\Framework\TestSuite->run()                                       
  #19 C:\opt\kotvrf\CatVRF\vendor\phpunit\phpunit\src\TextUI\Application.php(  
  211): PHPUnit\TextUI\TestRunner->run()                                       
  #20 C:\opt\kotvrf\CatVRF\vendor\phpunit\phpunit\phpunit(104): PHPUnit\TextU  
  I\Application->run()                                                         
  #21 {main}                                                                   
                                                                               


In CosmeticOrder.php line 9:
                                                                               
  During class fetch: Uncaught ParseError: syntax error, unexpected token "tr  
  ait", expecting "abstract" or "final" or "readonly" or "class" in C:\opt\ko  
  tvrf\CatVRF\app\Traits\TenantScoped.php:7                                    
  Stack trace:                                                                 
  #0 C:\opt\kotvrf\CatVRF\vendor\composer\ClassLoader.php(427): Composer\Auto  
  load\{closure}()                                                             
  #1 C:\opt\kotvrf\CatVRF\app\Domains\Cosmetics\Models\CosmeticOrder.php(9):   
  Composer\Autoload\ClassLoader->loadClass()                                   
  #2 C:\opt\kotvrf\CatVRF\vendor\composer\ClassLoader.php(576): include('...'  
  )                                                                            
  #3 C:\opt\kotvrf\CatVRF\vendor\composer\ClassLoader.php(427): Composer\Auto  
  load\{closure}()                                                             
  #4 C:\opt\kotvrf\CatVRF\vendor\laravel\framework\src\Illuminate\Database\El  
  oquent\Factories\Factory.php(928): Composer\Autoload\ClassLoader->loadClass  
  ()                                                                           
  #5 C:\opt\kotvrf\CatVRF\vendor\laravel\framework\src\Illuminate\Database\El  
  oquent\Factories\Factory.php(513): Illuminate\Database\Eloquent\Factories\F  
  actory->newModel()                                                           
  #6 C:\opt\kotvrf\CatVRF\vendor\laravel\framework\src\Illuminate\Database\El  
  oquent\Concerns\GuardsAttributes.php(157): Illuminate\Database\Eloquent\Fac  
  tories\Factory->Illuminate\Database\Eloquent\Factories\{closure}()           
  #7 C:\opt\kotvrf\CatVRF\vendor\laravel\framework\src\Illuminate\Database\El  
  oquent\Factories\Factory.php(512): Illuminate\Database\Eloquent\Model::ungu  
  arded()                                                                      
  #8 C:\opt\kotvrf\CatVRF\vendor\laravel\framework\src\Illuminate\Database\El  
  oquent\Factories\Factory.php(429): Illuminate\Database\Eloquent\Factories\F  
  actory->makeInstance()                                                       
  #9 C:\opt\kotvrf\CatVRF\vendor\laravel\framework\src\Illuminate\Database\El  
  oquent\Factories\Factory.php(318): Illuminate\Database\Eloquent\Factories\F  
  actory->make()                                                               
  #10 C:\opt\kotvrf\CatVRF\vendor\laravel\framework\src\Illuminate\Database\E  
  loquent\Factories\Factory.php(315): Illuminate\Database\Eloquent\Factories\  
  Factory->create()                                                            
  #11 C:\opt\kotvrf\CatVRF\tests\Feature\Cosmetics\CosmeticTest.php(61): Illu  
  minate\Database\Eloquent\Factories\Factory->create()                         
  #12 C:\opt\kotvrf\CatVRF\vendor\phpunit\phpunit\src\Framework\TestCase.php(  
  1667): Tests\Feature\Cosmetics\CosmeticTest->test_order_status_transitions(  
  )                                                                            
  #13 C:\opt\kotvrf\CatVRF\vendor\phpunit\phpunit\src\Framework\TestCase.php(  
  519): PHPUnit\Framework\TestCase->runTest()                                  
  #14 C:\opt\kotvrf\CatVRF\vendor\phpunit\phpunit\src\Framework\TestRunner\Te  
  stRunner.php(87): PHPUnit\Framework\TestCase->runBare()                      
  #15 C:\opt\kotvrf\CatVRF\vendor\phpunit\phpunit\src\Framework\TestCase.php(  
  365): PHPUnit\Framework\TestRunner->run()                                    
  #16 C:\opt\kotvrf\CatVRF\vendor\phpunit\phpunit\src\Framework\TestSuite.php  
  (369): PHPUnit\Framework\TestCase->run()                                     
  #17 C:\opt\kotvrf\CatVRF\vendor\phpunit\phpunit\src\Framework\TestSuite.php  
  (369): PHPUnit\Framework\TestSuite->run()                                    
  #18 C:\opt\kotvrf\CatVRF\vendor\phpunit\phpunit\src\TextUI\TestRunner.php(6  
  4): PHPUnit\Framework\TestSuite->run()                                       
  #19 C:\opt\kotvrf\CatVRF\vendor\phpunit\phpunit\src\TextUI\Application.php(  
  211): PHPUnit\TextUI\TestRunner->run()                                       
  #20 C:\opt\kotvrf\CatVRF\vendor\phpunit\phpunit\phpunit(104): PHPUnit\TextU  
  I\Application->run()                                                         
  #21 {main}                                                                   
                                                                               


In CosmeticOrder.php line 9:
                                                                               
  During class fetch: Uncaught ParseError: syntax error, unexpected token "tr  
  ait", expecting "abstract" or "final" or "readonly" or "class" in C:\opt\ko  
  tvrf\CatVRF\app\Traits\TenantScoped.php:7                                    
  Stack trace:                                                                 
  #0 C:\opt\kotvrf\CatVRF\vendor\composer\ClassLoader.php(427): Composer\Auto  
  load\{closure}()                                                             
  #1 C:\opt\kotvrf\CatVRF\app\Domains\Cosmetics\Models\CosmeticOrder.php(9):   
  Composer\Autoload\ClassLoader->loadClass()                                   
  #2 C:\opt\kotvrf\CatVRF\vendor\composer\ClassLoader.php(576): include('...'  
  )                                                                            
  #3 C:\opt\kotvrf\CatVRF\vendor\composer\ClassLoader.php(427): Composer\Auto  
  load\{closure}()                                                             
  #4 C:\opt\kotvrf\CatVRF\vendor\laravel\framework\src\Illuminate\Database\El  
  oquent\Factories\Factory.php(928): Composer\Autoload\ClassLoader->loadClass  
  ()                                                                           
  #5 C:\opt\kotvrf\CatVRF\vendor\laravel\framework\src\Illuminate\Database\El  
  oquent\Factories\Factory.php(513): Illuminate\Database\Eloquent\Factories\F  
  actory->newModel()                                                           
  #6 C:\opt\kotvrf\CatVRF\vendor\laravel\framework\src\Illuminate\Database\El  
  oquent\Concerns\GuardsAttributes.php(157): Illuminate\Database\Eloquent\Fac  
  tories\Factory->Illuminate\Database\Eloquent\Factories\{closure}()           
  #7 C:\opt\kotvrf\CatVRF\vendor\laravel\framework\src\Illuminate\Database\El  
  oquent\Factories\Factory.php(512): Illuminate\Database\Eloquent\Model::ungu  
  arded()                                                                      
  #8 C:\opt\kotvrf\CatVRF\vendor\laravel\framework\src\Illuminate\Database\El  
  oquent\Factories\Factory.php(429): Illuminate\Database\Eloquent\Factories\F  
  actory->makeInstance()                                                       
  #9 C:\opt\kotvrf\CatVRF\vendor\laravel\framework\src\Illuminate\Database\El  
  oquent\Factories\Factory.php(318): Illuminate\Database\Eloquent\Factories\F  
  actory->make()                                                               
  #10 C:\opt\kotvrf\CatVRF\vendor\laravel\framework\src\Illuminate\Database\E  
  loquent\Factories\Factory.php(315): Illuminate\Database\Eloquent\Factories\  
  Factory->create()                                                            
  #11 C:\opt\kotvrf\CatVRF\tests\Feature\Cosmetics\CosmeticTest.php(61): Illu  
  minate\Database\Eloquent\Factories\Factory->create()                         
  #12 C:\opt\kotvrf\CatVRF\vendor\phpunit\phpunit\src\Framework\TestCase.php(  
  1667): Tests\Feature\Cosmetics\CosmeticTest->test_order_status_transitions(  
  )                                                                            
  #13 C:\opt\kotvrf\CatVRF\vendor\phpunit\phpunit\src\Framework\TestCase.php(  
  519): PHPUnit\Framework\TestCase->runTest()                                  
  #14 C:\opt\kotvrf\CatVRF\vendor\phpunit\phpunit\src\Framework\TestRunner\Te  
  stRunner.php(87): PHPUnit\Framework\TestCase->runBare()                      
  #15 C:\opt\kotvrf\CatVRF\vendor\phpunit\phpunit\src\Framework\TestCase.php(  
  365): PHPUnit\Framework\TestRunner->run()                                    
  #16 C:\opt\kotvrf\CatVRF\vendor\phpunit\phpunit\src\Framework\TestSuite.php  
  (369): PHPUnit\Framework\TestCase->run()                                     
  #17 C:\opt\kotvrf\CatVRF\vendor\phpunit\phpunit\src\Framework\TestSuite.php  
  (369): PHPUnit\Framework\TestSuite->run()                                    
  #18 C:\opt\kotvrf\CatVRF\vendor\phpunit\phpunit\src\TextUI\TestRunner.php(6  
  4): PHPUnit\Framework\TestSuite->run()                                       
  #19 C:\opt\kotvrf\CatVRF\vendor\phpunit\phpunit\src\TextUI\Application.php(  
  211): PHPUnit\TextUI\TestRunner->run()                                       
  #20 C:\opt\kotvrf\CatVRF\vendor\phpunit\phpunit\phpunit(104): PHPUnit\TextU  
  I\Application->run()                                                         
  #21 {main}                                                                   
                                                                               


In CosmeticOrder.php line 9:
                                                                               
  During class fetch: Uncaught ParseError: syntax error, unexpected token "tr  
  ait", expecting "abstract" or "final" or "readonly" or "class" in C:\opt\ko  
  tvrf\CatVRF\app\Traits\TenantScoped.php:7                                    
  Stack trace:                                                                 
  #0 C:\opt\kotvrf\CatVRF\vendor\composer\ClassLoader.php(427): Composer\Auto  
  load\{closure}()                                                             
  #1 C:\opt\kotvrf\CatVRF\app\Domains\Cosmetics\Models\CosmeticOrder.php(9):   
  Composer\Autoload\ClassLoader->loadClass()                                   
  #2 C:\opt\kotvrf\CatVRF\vendor\composer\ClassLoader.php(576): include('...'  
  )                                                                            
  #3 C:\opt\kotvrf\CatVRF\vendor\composer\ClassLoader.php(427): Composer\Auto  
  load\{closure}()                                                             
  #4 C:\opt\kotvrf\CatVRF\vendor\laravel\framework\src\Illuminate\Database\El  
  oquent\Factories\Factory.php(928): Composer\Autoload\ClassLoader->loadClass  
  ()                                                                           
  #5 C:\opt\kotvrf\CatVRF\vendor\laravel\framework\src\Illuminate\Database\El  
  oquent\Factories\Factory.php(513): Illuminate\Database\Eloquent\Factories\F  
  actory->newModel()                                                           
  #6 C:\opt\kotvrf\CatVRF\vendor\laravel\framework\src\Illuminate\Database\El  
  oquent\Concerns\GuardsAttributes.php(157): Illuminate\Database\Eloquent\Fac  
  tories\Factory->Illuminate\Database\Eloquent\Factories\{closure}()           
  #7 C:\opt\kotvrf\CatVRF\vendor\laravel\framework\src\Illuminate\Database\El  
  oquent\Factories\Factory.php(512): Illuminate\Database\Eloquent\Model::ungu  
  arded()                                                                      
  #8 C:\opt\kotvrf\CatVRF\vendor\laravel\framework\src\Illuminate\Database\El  
  oquent\Factories\Factory.php(429): Illuminate\Database\Eloquent\Factories\F  
  actory->makeInstance()                                                       
  #9 C:\opt\kotvrf\CatVRF\vendor\laravel\framework\src\Illuminate\Database\El  
  oquent\Factories\Factory.php(318): Illuminate\Database\Eloquent\Factories\F  
  actory->make()                                                               
  #10 C:\opt\kotvrf\CatVRF\vendor\laravel\framework\src\Illuminate\Database\E  
  loquent\Factories\Factory.php(315): Illuminate\Database\Eloquent\Factories\  
  Factory->create()                                                            
  #11 C:\opt\kotvrf\CatVRF\tests\Feature\Cosmetics\CosmeticTest.php(61): Illu  
  minate\Database\Eloquent\Factories\Factory->create()                         
  #12 C:\opt\kotvrf\CatVRF\vendor\phpunit\phpunit\src\Framework\TestCase.php(  
  1667): Tests\Feature\Cosmetics\CosmeticTest->test_order_status_transitions(  
  )                                                                            
  #13 C:\opt\kotvrf\CatVRF\vendor\phpunit\phpunit\src\Framework\TestCase.php(  
  519): PHPUnit\Framework\TestCase->runTest()                                  
  #14 C:\opt\kotvrf\CatVRF\vendor\phpunit\phpunit\src\Framework\TestRunner\Te  
  stRunner.php(87): PHPUnit\Framework\TestCase->runBare()                      
  #15 C:\opt\kotvrf\CatVRF\vendor\phpunit\phpunit\src\Framework\TestCase.php(  
  365): PHPUnit\Framework\TestRunner->run()                                    
  #16 C:\opt\kotvrf\CatVRF\vendor\phpunit\phpunit\src\Framework\TestSuite.php  
  (369): PHPUnit\Framework\TestCase->run()                                     
  #17 C:\opt\kotvrf\CatVRF\vendor\phpunit\phpunit\src\Framework\TestSuite.php  
  (369): PHPUnit\Framework\TestSuite->run()                                    
  #18 C:\opt\kotvrf\CatVRF\vendor\phpunit\phpunit\src\TextUI\TestRunner.php(6  
  4): PHPUnit\Framework\TestSuite->run()                                       
  #19 C:\opt\kotvrf\CatVRF\vendor\phpunit\phpunit\src\TextUI\Application.php(  
  211): PHPUnit\TextUI\TestRunner->run()                                       
  #20 C:\opt\kotvrf\CatVRF\vendor\phpunit\phpunit\phpunit(104): PHPUnit\TextU  
  I\Application->run()                                                         
  #21 {main}                                                                   
                                                                               


In CosmeticOrder.php line 9:
                                                                               
  During class fetch: Uncaught ParseError: syntax error, unexpected token "tr  
  ait", expecting "abstract" or "final" or "readonly" or "class" in C:\opt\ko  
  tvrf\CatVRF\app\Traits\TenantScoped.php:7                                    
  Stack trace:                                                                 
  #0 C:\opt\kotvrf\CatVRF\vendor\composer\ClassLoader.php(427): Composer\Auto  
  load\{closure}()                                                             
  #1 C:\opt\kotvrf\CatVRF\app\Domains\Cosmetics\Models\CosmeticOrder.php(9):   
  Composer\Autoload\ClassLoader->loadClass()                                   
  #2 C:\opt\kotvrf\CatVRF\vendor\composer\ClassLoader.php(576): include('...'  
  )                                                                            
  #3 C:\opt\kotvrf\CatVRF\vendor\composer\ClassLoader.php(427): Composer\Auto  
  load\{closure}()                                                             
  #4 C:\opt\kotvrf\CatVRF\vendor\laravel\framework\src\Illuminate\Database\El  
  oquent\Factories\Factory.php(928): Composer\Autoload\ClassLoader->loadClass  
  ()                                                                           
  #5 C:\opt\kotvrf\CatVRF\vendor\laravel\framework\src\Illuminate\Database\El  
  oquent\Factories\Factory.php(513): Illuminate\Database\Eloquent\Factories\F  
  actory->newModel()                                                           
  #6 C:\opt\kotvrf\CatVRF\vendor\laravel\framework\src\Illuminate\Database\El  
  oquent\Concerns\GuardsAttributes.php(157): Illuminate\Database\Eloquent\Fac  
  tories\Factory->Illuminate\Database\Eloquent\Factories\{closure}()           
  #7 C:\opt\kotvrf\CatVRF\vendor\laravel\framework\src\Illuminate\Database\El  
  oquent\Factories\Factory.php(512): Illuminate\Database\Eloquent\Model::ungu  
  arded()                                                                      
  #8 C:\opt\kotvrf\CatVRF\vendor\laravel\framework\src\Illuminate\Database\El  
  oquent\Factories\Factory.php(429): Illuminate\Database\Eloquent\Factories\F  
  actory->makeInstance()                                                       
  #9 C:\opt\kotvrf\CatVRF\vendor\laravel\framework\src\Illuminate\Database\El  
  oquent\Factories\Factory.php(318): Illuminate\Database\Eloquent\Factories\F  
  actory->make()                                                               
  #10 C:\opt\kotvrf\CatVRF\vendor\laravel\framework\src\Illuminate\Database\E  
  loquent\Factories\Factory.php(315): Illuminate\Database\Eloquent\Factories\  
  Factory->create()                                                            
  #11 C:\opt\kotvrf\CatVRF\tests\Feature\Cosmetics\CosmeticTest.php(61): Illu  
  minate\Database\Eloquent\Factories\Factory->create()                         
  #12 C:\opt\kotvrf\CatVRF\vendor\phpunit\phpunit\src\Framework\TestCase.php(  
  1667): Tests\Feature\Cosmetics\CosmeticTest->test_order_status_transitions(  
  )                                                                            
  #13 C:\opt\kotvrf\CatVRF\vendor\phpunit\phpunit\src\Framework\TestCase.php(  
  519): PHPUnit\Framework\TestCase->runTest()                                  
  #14 C:\opt\kotvrf\CatVRF\vendor\phpunit\phpunit\src\Framework\TestRunner\Te  
  stRunner.php(87): PHPUnit\Framework\TestCase->runBare()                      
  #15 C:\opt\kotvrf\CatVRF\vendor\phpunit\phpunit\src\Framework\TestCase.php(  
  365): PHPUnit\Framework\TestRunner->run()                                    
  #16 C:\opt\kotvrf\CatVRF\vendor\phpunit\phpunit\src\Framework\TestSuite.php  
  (369): PHPUnit\Framework\TestCase->run()                                     
  #17 C:\opt\kotvrf\CatVRF\vendor\phpunit\phpunit\src\Framework\TestSuite.php  
  (369): PHPUnit\Framework\TestSuite->run()                                    
  #18 C:\opt\kotvrf\CatVRF\vendor\phpunit\phpunit\src\TextUI\TestRunner.php(6  
  4): PHPUnit\Framework\TestSuite->run()                                       
  #19 C:\opt\kotvrf\CatVRF\vendor\phpunit\phpunit\src\TextUI\Application.php(  
  211): PHPUnit\TextUI\TestRunner->run()                                       
  #20 C:\opt\kotvrf\CatVRF\vendor\phpunit\phpunit\phpunit(104): PHPUnit\TextU  
  I\Application->run()                                                         
  #21 {main}                                                                   
                                                                               


In CosmeticOrder.php line 9:
                                                                               
  During class fetch: Uncaught ParseError: syntax error, unexpected token "tr  
  ait", expecting "abstract" or "final" or "readonly" or "class" in C:\opt\ko  
  tvrf\CatVRF\app\Traits\TenantScoped.php:7                                    
  Stack trace:                                                                 
  #0 C:\opt\kotvrf\CatVRF\vendor\composer\ClassLoader.php(427): Composer\Auto  
  load\{closure}()                                                             
  #1 C:\opt\kotvrf\CatVRF\app\Domains\Cosmetics\Models\CosmeticOrder.php(9):   
  Composer\Autoload\ClassLoader->loadClass()                                   
  #2 C:\opt\kotvrf\CatVRF\vendor\composer\ClassLoader.php(576): include('...'  
  )                                                                            
  #3 C:\opt\kotvrf\CatVRF\vendor\composer\ClassLoader.php(427): Composer\Auto  
  load\{closure}()                                                             
  #4 C:\opt\kotvrf\CatVRF\vendor\laravel\framework\src\Illuminate\Database\El  
  oquent\Factories\Factory.php(928): Composer\Autoload\ClassLoader->loadClass  
  ()                                                                           
  #5 C:\opt\kotvrf\CatVRF\vendor\laravel\framework\src\Illuminate\Database\El  
  oquent\Factories\Factory.php(513): Illuminate\Database\Eloquent\Factories\F  
  actory->newModel()                                                           
  #6 C:\opt\kotvrf\CatVRF\vendor\laravel\framework\src\Illuminate\Database\El  
  oquent\Concerns\GuardsAttributes.php(157): Illuminate\Database\Eloquent\Fac  
  tories\Factory->Illuminate\Database\Eloquent\Factories\{closure}()           
  #7 C:\opt\kotvrf\CatVRF\vendor\laravel\framework\src\Illuminate\Database\El  
  oquent\Factories\Factory.php(512): Illuminate\Database\Eloquent\Model::ungu  
  arded()                                                                      
  #8 C:\opt\kotvrf\CatVRF\vendor\laravel\framework\src\Illuminate\Database\El  
  oquent\Factories\Factory.php(429): Illuminate\Database\Eloquent\Factories\F  
  actory->makeInstance()                                                       
  #9 C:\opt\kotvrf\CatVRF\vendor\laravel\framework\src\Illuminate\Database\El  
  oquent\Factories\Factory.php(318): Illuminate\Database\Eloquent\Factories\F  
  actory->make()                                                               
  #10 C:\opt\kotvrf\CatVRF\vendor\laravel\framework\src\Illuminate\Database\E  
  loquent\Factories\Factory.php(315): Illuminate\Database\Eloquent\Factories\  
  Factory->create()                                                            
  #11 C:\opt\kotvrf\CatVRF\tests\Feature\Cosmetics\CosmeticTest.php(61): Illu  
  minate\Database\Eloquent\Factories\Factory->create()                         
  #12 C:\opt\kotvrf\CatVRF\vendor\phpunit\phpunit\src\Framework\TestCase.php(  
  1667): Tests\Feature\Cosmetics\CosmeticTest->test_order_status_transitions(  
  )                                                                            
  #13 C:\opt\kotvrf\CatVRF\vendor\phpunit\phpunit\src\Framework\TestCase.php(  
  519): PHPUnit\Framework\TestCase->runTest()                                  
  #14 C:\opt\kotvrf\CatVRF\vendor\phpunit\phpunit\src\Framework\TestRunner\Te  
  stRunner.php(87): PHPUnit\Framework\TestCase->runBare()                      
  #15 C:\opt\kotvrf\CatVRF\vendor\phpunit\phpunit\src\Framework\TestCase.php(  
  365): PHPUnit\Framework\TestRunner->run()                                    
  #16 C:\opt\kotvrf\CatVRF\vendor\phpunit\phpunit\src\Framework\TestSuite.php  
  (369): PHPUnit\Framework\TestCase->run()                                     
  #17 C:\opt\kotvrf\CatVRF\vendor\phpunit\phpunit\src\Framework\TestSuite.php  
  (369): PHPUnit\Framework\TestSuite->run()                                    
  #18 C:\opt\kotvrf\CatVRF\vendor\phpunit\phpunit\src\TextUI\TestRunner.php(6  
  4): PHPUnit\Framework\TestSuite->run()                                       
  #19 C:\opt\kotvrf\CatVRF\vendor\phpunit\phpunit\src\TextUI\Application.php(  
  211): PHPUnit\TextUI\TestRunner->run()                                       
  #20 C:\opt\kotvrf\CatVRF\vendor\phpunit\phpunit\phpunit(104): PHPUnit\TextU  
  I\Application->run()                                                         
  #21 {main}                                                                   
                                                                               


In CosmeticOrder.php line 9:
                                                                               
  During class fetch: Uncaught ParseError: syntax error, unexpected token "tr  
  ait", expecting "abstract" or "final" or "readonly" or "class" in C:\opt\ko  
  tvrf\CatVRF\app\Traits\TenantScoped.php:7                                    
  Stack trace:                                                                 
  #0 C:\opt\kotvrf\CatVRF\vendor\composer\ClassLoader.php(427): Composer\Auto  
  load\{closure}()                                                             
  #1 C:\opt\kotvrf\CatVRF\app\Domains\Cosmetics\Models\CosmeticOrder.php(9):   
  Composer\Autoload\ClassLoader->loadClass()                                   
  #2 C:\opt\kotvrf\CatVRF\vendor\composer\ClassLoader.php(576): include('...'  
  )                                                                            
  #3 C:\opt\kotvrf\CatVRF\vendor\composer\ClassLoader.php(427): Composer\Auto  
  load\{closure}()                                                             
  #4 C:\opt\kotvrf\CatVRF\vendor\laravel\framework\src\Illuminate\Database\El  
  oquent\Factories\Factory.php(928): Composer\Autoload\ClassLoader->loadClass  
  ()                                                                           
  #5 C:\opt\kotvrf\CatVRF\vendor\laravel\framework\src\Illuminate\Database\El  
  oquent\Factories\Factory.php(513): Illuminate\Database\Eloquent\Factories\F  
  actory->newModel()                                                           
  #6 C:\opt\kotvrf\CatVRF\vendor\laravel\framework\src\Illuminate\Database\El  
  oquent\Concerns\GuardsAttributes.php(157): Illuminate\Database\Eloquent\Fac  
  tories\Factory->Illuminate\Database\Eloquent\Factories\{closure}()           
  #7 C:\opt\kotvrf\CatVRF\vendor\laravel\framework\src\Illuminate\Database\El  
  oquent\Factories\Factory.php(512): Illuminate\Database\Eloquent\Model::ungu  
  arded()                                                                      
  #8 C:\opt\kotvrf\CatVRF\vendor\laravel\framework\src\Illuminate\Database\El  
  oquent\Factories\Factory.php(429): Illuminate\Database\Eloquent\Factories\F  
  actory->makeInstance()                                                       
  #9 C:\opt\kotvrf\CatVRF\vendor\laravel\framework\src\Illuminate\Database\El  
  oquent\Factories\Factory.php(318): Illuminate\Database\Eloquent\Factories\F  
  actory->make()                                                               
  #10 C:\opt\kotvrf\CatVRF\vendor\laravel\framework\src\Illuminate\Database\E  
  loquent\Factories\Factory.php(315): Illuminate\Database\Eloquent\Factories\  
  Factory->create()                                                            
  #11 C:\opt\kotvrf\CatVRF\tests\Feature\Cosmetics\CosmeticTest.php(61): Illu  
  minate\Database\Eloquent\Factories\Factory->create()                         
  #12 C:\opt\kotvrf\CatVRF\vendor\phpunit\phpunit\src\Framework\TestCase.php(  
  1667): Tests\Feature\Cosmetics\CosmeticTest->test_order_status_transitions(  
  )                                                                            
  #13 C:\opt\kotvrf\CatVRF\vendor\phpunit\phpunit\src\Framework\TestCase.php(  
  519): PHPUnit\Framework\TestCase->runTest()                                  
  #14 C:\opt\kotvrf\CatVRF\vendor\phpunit\phpunit\src\Framework\TestRunner\Te  
  stRunner.php(87): PHPUnit\Framework\TestCase->runBare()                      
  #15 C:\opt\kotvrf\CatVRF\vendor\phpunit\phpunit\src\Framework\TestCase.php(  
  365): PHPUnit\Framework\TestRunner->run()                                    
  #16 C:\opt\kotvrf\CatVRF\vendor\phpunit\phpunit\src\Framework\TestSuite.php  
  (369): PHPUnit\Framework\TestCase->run()                                     
  #17 C:\opt\kotvrf\CatVRF\vendor\phpunit\phpunit\src\Framework\TestSuite.php  
  (369): PHPUnit\Framework\TestSuite->run()                                    
  #18 C:\opt\kotvrf\CatVRF\vendor\phpunit\phpunit\src\TextUI\TestRunner.php(6  
  4): PHPUnit\Framework\TestSuite->run()                                       
  #19 C:\opt\kotvrf\CatVRF\vendor\phpunit\phpunit\src\TextUI\Application.php(  
  211): PHPUnit\TextUI\TestRunner->run()                                       
  #20 C:\opt\kotvrf\CatVRF\vendor\phpunit\phpunit\phpunit(104): PHPUnit\TextU  
  I\Application->run()                                                         
  #21 {main}                                                                   
                                                                               


In CosmeticOrder.php line 9:
                                                                               
  During class fetch: Uncaught ParseError: syntax error, unexpected token "tr  
  ait", expecting "abstract" or "final" or "readonly" or "class" in C:\opt\ko  
  tvrf\CatVRF\app\Traits\TenantScoped.php:7                                    
  Stack trace:                                                                 
  #0 C:\opt\kotvrf\CatVRF\vendor\composer\ClassLoader.php(427): Composer\Auto  
  load\{closure}()                                                             
  #1 C:\opt\kotvrf\CatVRF\app\Domains\Cosmetics\Models\CosmeticOrder.php(9):   
  Composer\Autoload\ClassLoader->loadClass()                                   
  #2 C:\opt\kotvrf\CatVRF\vendor\composer\ClassLoader.php(576): include('...'  
  )                                                                            
  #3 C:\opt\kotvrf\CatVRF\vendor\composer\ClassLoader.php(427): Composer\Auto  
  load\{closure}()                                                             
  #4 C:\opt\kotvrf\CatVRF\vendor\laravel\framework\src\Illuminate\Database\El  
  oquent\Factories\Factory.php(928): Composer\Autoload\ClassLoader->loadClass  
  ()                                                                           
  #5 C:\opt\kotvrf\CatVRF\vendor\laravel\framework\src\Illuminate\Database\El  
  oquent\Factories\Factory.php(513): Illuminate\Database\Eloquent\Factories\F  
  actory->newModel()                                                           
  #6 C:\opt\kotvrf\CatVRF\vendor\laravel\framework\src\Illuminate\Database\El  
  oquent\Concerns\GuardsAttributes.php(157): Illuminate\Database\Eloquent\Fac  
  tories\Factory->Illuminate\Database\Eloquent\Factories\{closure}()           
  #7 C:\opt\kotvrf\CatVRF\vendor\laravel\framework\src\Illuminate\Database\El  
  oquent\Factories\Factory.php(512): Illuminate\Database\Eloquent\Model::ungu  
  arded()                                                                      
  #8 C:\opt\kotvrf\CatVRF\vendor\laravel\framework\src\Illuminate\Database\El  
  oquent\Factories\Factory.php(429): Illuminate\Database\Eloquent\Factories\F  
  actory->makeInstance()                                                       
  #9 C:\opt\kotvrf\CatVRF\vendor\laravel\framework\src\Illuminate\Database\El  
  oquent\Factories\Factory.php(318): Illuminate\Database\Eloquent\Factories\F  
  actory->make()                                                               
  #10 C:\opt\kotvrf\CatVRF\vendor\laravel\framework\src\Illuminate\Database\E  
  loquent\Factories\Factory.php(315): Illuminate\Database\Eloquent\Factories\  
  Factory->create()                                                            
  #11 C:\opt\kotvrf\CatVRF\tests\Feature\Cosmetics\CosmeticTest.php(61): Illu  
  minate\Database\Eloquent\Factories\Factory->create()                         
  #12 C:\opt\kotvrf\CatVRF\vendor\phpunit\phpunit\src\Framework\TestCase.php(  
  1667): Tests\Feature\Cosmetics\CosmeticTest->test_order_status_transitions(  
  )                                                                            
  #13 C:\opt\kotvrf\CatVRF\vendor\phpunit\phpunit\src\Framework\TestCase.php(  
  519): PHPUnit\Framework\TestCase->runTest()                                  
  #14 C:\opt\kotvrf\CatVRF\vendor\phpunit\phpunit\src\Framework\TestRunner\Te  
  stRunner.php(87): PHPUnit\Framework\TestCase->runBare()                      
  #15 C:\opt\kotvrf\CatVRF\vendor\phpunit\phpunit\src\Framework\TestCase.php(  
  365): PHPUnit\Framework\TestRunner->run()                                    
  #16 C:\opt\kotvrf\CatVRF\vendor\phpunit\phpunit\src\Framework\TestSuite.php  
  (369): PHPUnit\Framework\TestCase->run()                                     
  #17 C:\opt\kotvrf\CatVRF\vendor\phpunit\phpunit\src\Framework\TestSuite.php  
  (369): PHPUnit\Framework\TestSuite->run()                                    
  #18 C:\opt\kotvrf\CatVRF\vendor\phpunit\phpunit\src\TextUI\TestRunner.php(6  
  4): PHPUnit\Framework\TestSuite->run()                                       
  #19 C:\opt\kotvrf\CatVRF\vendor\phpunit\phpunit\src\TextUI\Application.php(  
  211): PHPUnit\TextUI\TestRunner->run()                                       
  #20 C:\opt\kotvrf\CatVRF\vendor\phpunit\phpunit\phpunit(104): PHPUnit\TextU  
  I\Application->run()                                                         
  #21 {main}                                                                   
                                                                               


In CosmeticOrder.php line 9:
                                                                               
  During class fetch: Uncaught ParseError: syntax error, unexpected token "tr  
  ait", expecting "abstract" or "final" or "readonly" or "class" in C:\opt\ko  
  tvrf\CatVRF\app\Traits\TenantScoped.php:7                                    
  Stack trace:                                                                 
  #0 C:\opt\kotvrf\CatVRF\vendor\composer\ClassLoader.php(427): Composer\Auto  
  load\{closure}()                                                             
  #1 C:\opt\kotvrf\CatVRF\app\Domains\Cosmetics\Models\CosmeticOrder.php(9):   
  Composer\Autoload\ClassLoader->loadClass()                                   
  #2 C:\opt\kotvrf\CatVRF\vendor\composer\ClassLoader.php(576): include('...'  
  )                                                                            
  #3 C:\opt\kotvrf\CatVRF\vendor\composer\ClassLoader.php(427): Composer\Auto  
  load\{closure}()                                                             
  #4 C:\opt\kotvrf\CatVRF\vendor\laravel\framework\src\Illuminate\Database\El  
  oquent\Factories\Factory.php(928): Composer\Autoload\ClassLoader->loadClass  
  ()                                                                           
  #5 C:\opt\kotvrf\CatVRF\vendor\laravel\framework\src\Illuminate\Database\El  
  oquent\Factories\Factory.php(513): Illuminate\Database\Eloquent\Factories\F  
  actory->newModel()                                                           
  #6 C:\opt\kotvrf\CatVRF\vendor\laravel\framework\src\Illuminate\Database\El  
  oquent\Concerns\GuardsAttributes.php(157): Illuminate\Database\Eloquent\Fac  
  tories\Factory->Illuminate\Database\Eloquent\Factories\{closure}()           
  #7 C:\opt\kotvrf\CatVRF\vendor\laravel\framework\src\Illuminate\Database\El  
  oquent\Factories\Factory.php(512): Illuminate\Database\Eloquent\Model::ungu  
  arded()                                                                      
  #8 C:\opt\kotvrf\CatVRF\vendor\laravel\framework\src\Illuminate\Database\El  
  oquent\Factories\Factory.php(429): Illuminate\Database\Eloquent\Factories\F  
  actory->makeInstance()                                                       
  #9 C:\opt\kotvrf\CatVRF\vendor\laravel\framework\src\Illuminate\Database\El  
  oquent\Factories\Factory.php(318): Illuminate\Database\Eloquent\Factories\F  
  actory->make()                                                               
  #10 C:\opt\kotvrf\CatVRF\vendor\laravel\framework\src\Illuminate\Database\E  
  loquent\Factories\Factory.php(315): Illuminate\Database\Eloquent\Factories\  
  Factory->create()                                                            
  #11 C:\opt\kotvrf\CatVRF\tests\Feature\Cosmetics\CosmeticTest.php(61): Illu  
  minate\Database\Eloquent\Factories\Factory->create()                         
  #12 C:\opt\kotvrf\CatVRF\vendor\phpunit\phpunit\src\Framework\TestCase.php(  
  1667): Tests\Feature\Cosmetics\CosmeticTest->test_order_status_transitions(  
  )                                                                            
  #13 C:\opt\kotvrf\CatVRF\vendor\phpunit\phpunit\src\Framework\TestCase.php(  
  519): PHPUnit\Framework\TestCase->runTest()                                  
  #14 C:\opt\kotvrf\CatVRF\vendor\phpunit\phpunit\src\Framework\TestRunner\Te  
  stRunner.php(87): PHPUnit\Framework\TestCase->runBare()                      
  #15 C:\opt\kotvrf\CatVRF\vendor\phpunit\phpunit\src\Framework\TestCase.php(  
  365): PHPUnit\Framework\TestRunner->run()                                    
  #16 C:\opt\kotvrf\CatVRF\vendor\phpunit\phpunit\src\Framework\TestSuite.php  
  (369): PHPUnit\Framework\TestCase->run()                                     
  #17 C:\opt\kotvrf\CatVRF\vendor\phpunit\phpunit\src\Framework\TestSuite.php  
  (369): PHPUnit\Framework\TestSuite->run()                                    
  #18 C:\opt\kotvrf\CatVRF\vendor\phpunit\phpunit\src\TextUI\TestRunner.php(6  
  4): PHPUnit\Framework\TestSuite->run()                                       
  #19 C:\opt\kotvrf\CatVRF\vendor\phpunit\phpunit\src\TextUI\Application.php(  
  211): PHPUnit\TextUI\TestRunner->run()                                       
  #20 C:\opt\kotvrf\CatVRF\vendor\phpunit\phpunit\phpunit(104): PHPUnit\TextU  
  I\Application->run()                                                         
  #21 {main}                                                                   
                                                                               


In CosmeticOrder.php line 9:
                                                                               
  During class fetch: Uncaught ParseError: syntax error, unexpected token "tr  
  ait", expecting "abstract" or "final" or "readonly" or "class" in C:\opt\ko  
  tvrf\CatVRF\app\Traits\TenantScoped.php:7                                    
  Stack trace:                                                                 
  #0 C:\opt\kotvrf\CatVRF\vendor\composer\ClassLoader.php(427): Composer\Auto  
  load\{closure}()                                                             
  #1 C:\opt\kotvrf\CatVRF\app\Domains\Cosmetics\Models\CosmeticOrder.php(9):   
  Composer\Autoload\ClassLoader->loadClass()                                   
  #2 C:\opt\kotvrf\CatVRF\vendor\composer\ClassLoader.php(576): include('...'  
  )                                                                            
  #3 C:\opt\kotvrf\CatVRF\vendor\composer\ClassLoader.php(427): Composer\Auto  
  load\{closure}()                                                             
  #4 C:\opt\kotvrf\CatVRF\vendor\laravel\framework\src\Illuminate\Database\El  
  oquent\Factories\Factory.php(928): Composer\Autoload\ClassLoader->loadClass  
  ()                                                                           
  #5 C:\opt\kotvrf\CatVRF\vendor\laravel\framework\src\Illuminate\Database\El  
  oquent\Factories\Factory.php(513): Illuminate\Database\Eloquent\Factories\F  
  actory->newModel()                                                           
  #6 C:\opt\kotvrf\CatVRF\vendor\laravel\framework\src\Illuminate\Database\El  
  oquent\Concerns\GuardsAttributes.php(157): Illuminate\Database\Eloquent\Fac  
  tories\Factory->Illuminate\Database\Eloquent\Factories\{closure}()           
  #7 C:\opt\kotvrf\CatVRF\vendor\laravel\framework\src\Illuminate\Database\El  
  oquent\Factories\Factory.php(512): Illuminate\Database\Eloquent\Model::ungu  
  arded()                                                                      
  #8 C:\opt\kotvrf\CatVRF\vendor\laravel\framework\src\Illuminate\Database\El  
  oquent\Factories\Factory.php(429): Illuminate\Database\Eloquent\Factories\F  
  actory->makeInstance()                                                       
  #9 C:\opt\kotvrf\CatVRF\vendor\laravel\framework\src\Illuminate\Database\El  
  oquent\Factories\Factory.php(318): Illuminate\Database\Eloquent\Factories\F  
  actory->make()                                                               
  #10 C:\opt\kotvrf\CatVRF\vendor\laravel\framework\src\Illuminate\Database\E  
  loquent\Factories\Factory.php(315): Illuminate\Database\Eloquent\Factories\  
  Factory->create()                                                            
  #11 C:\opt\kotvrf\CatVRF\tests\Feature\Cosmetics\CosmeticTest.php(61): Illu  
  minate\Database\Eloquent\Factories\Factory->create()                         
  #12 C:\opt\kotvrf\CatVRF\vendor\phpunit\phpunit\src\Framework\TestCase.php(  
  1667): Tests\Feature\Cosmetics\CosmeticTest->test_order_status_transitions(  
  )                                                                            
  #13 C:\opt\kotvrf\CatVRF\vendor\phpunit\phpunit\src\Framework\TestCase.php(  
  519): PHPUnit\Framework\TestCase->runTest()                                  
  #14 C:\opt\kotvrf\CatVRF\vendor\phpunit\phpunit\src\Framework\TestRunner\Te  
  stRunner.php(87): PHPUnit\Framework\TestCase->runBare()                      
  #15 C:\opt\kotvrf\CatVRF\vendor\phpunit\phpunit\src\Framework\TestCase.php(  
  365): PHPUnit\Framework\TestRunner->run()                                    
  #16 C:\opt\kotvrf\CatVRF\vendor\phpunit\phpunit\src\Framework\TestSuite.php  
  (369): PHPUnit\Framework\TestCase->run()                                     
  #17 C:\opt\kotvrf\CatVRF\vendor\phpunit\phpunit\src\Framework\TestSuite.php  
  (369): PHPUnit\Framework\TestSuite->run()                                    
  #18 C:\opt\kotvrf\CatVRF\vendor\phpunit\phpunit\src\TextUI\TestRunner.php(6  
  4): PHPUnit\Framework\TestSuite->run()                                       
  #19 C:\opt\kotvrf\CatVRF\vendor\phpunit\phpunit\src\TextUI\Application.php(  
  211): PHPUnit\TextUI\TestRunner->run()                                       
  #20 C:\opt\kotvrf\CatVRF\vendor\phpunit\phpunit\phpunit(104): PHPUnit\TextU  
  I\Application->run()                                                         
  #21 {main}                                                                   
                                                                               


In CosmeticOrder.php line 9:
                                                                               
  During class fetch: Uncaught ParseError: syntax error, unexpected token "tr  
  ait", expecting "abstract" or "final" or "readonly" or "class" in C:\opt\ko  
  tvrf\CatVRF\app\Traits\TenantScoped.php:7                                    
  Stack trace:                                                                 
  #0 C:\opt\kotvrf\CatVRF\vendor\composer\ClassLoader.php(427): Composer\Auto  
  load\{closure}()                                                             
  #1 C:\opt\kotvrf\CatVRF\app\Domains\Cosmetics\Models\CosmeticOrder.php(9):   
  Composer\Autoload\ClassLoader->loadClass()                                   
  #2 C:\opt\kotvrf\CatVRF\vendor\composer\ClassLoader.php(576): include('...'  
  )                                                                            
  #3 C:\opt\kotvrf\CatVRF\vendor\composer\ClassLoader.php(427): Composer\Auto  
  load\{closure}()                                                             
  #4 C:\opt\kotvrf\CatVRF\vendor\laravel\framework\src\Illuminate\Database\El  
  oquent\Factories\Factory.php(928): Composer\Autoload\ClassLoader->loadClass  
  ()                                                                           
  #5 C:\opt\kotvrf\CatVRF\vendor\laravel\framework\src\Illuminate\Database\El  
  oquent\Factories\Factory.php(513): Illuminate\Database\Eloquent\Factories\F  
  actory->newModel()                                                           
  #6 C:\opt\kotvrf\CatVRF\vendor\laravel\framework\src\Illuminate\Database\El  
  oquent\Concerns\GuardsAttributes.php(157): Illuminate\Database\Eloquent\Fac  
  tories\Factory->Illuminate\Database\Eloquent\Factories\{closure}()           
  #7 C:\opt\kotvrf\CatVRF\vendor\laravel\framework\src\Illuminate\Database\El  
  oquent\Factories\Factory.php(512): Illuminate\Database\Eloquent\Model::ungu  
  arded()                                                                      
  #8 C:\opt\kotvrf\CatVRF\vendor\laravel\framework\src\Illuminate\Database\El  
  oquent\Factories\Factory.php(429): Illuminate\Database\Eloquent\Factories\F  
  actory->makeInstance()                                                       
  #9 C:\opt\kotvrf\CatVRF\vendor\laravel\framework\src\Illuminate\Database\El  
  oquent\Factories\Factory.php(318): Illuminate\Database\Eloquent\Factories\F  
  actory->make()                                                               
  #10 C:\opt\kotvrf\CatVRF\vendor\laravel\framework\src\Illuminate\Database\E  
  loquent\Factories\Factory.php(315): Illuminate\Database\Eloquent\Factories\  
  Factory->create()                                                            
  #11 C:\opt\kotvrf\CatVRF\tests\Feature\Cosmetics\CosmeticTest.php(61): Illu  
  minate\Database\Eloquent\Factories\Factory->create()                         
  #12 C:\opt\kotvrf\CatVRF\vendor\phpunit\phpunit\src\Framework\TestCase.php(  
  1667): Tests\Feature\Cosmetics\CosmeticTest->test_order_status_transitions(  
  )                                                                            
  #13 C:\opt\kotvrf\CatVRF\vendor\phpunit\phpunit\src\Framework\TestCase.php(  
  519): PHPUnit\Framework\TestCase->runTest()                                  
  #14 C:\opt\kotvrf\CatVRF\vendor\phpunit\phpunit\src\Framework\TestRunner\Te  
  stRunner.php(87): PHPUnit\Framework\TestCase->runBare()                      
  #15 C:\opt\kotvrf\CatVRF\vendor\phpunit\phpunit\src\Framework\TestCase.php(  
  365): PHPUnit\Framework\TestRunner->run()                                    
  #16 C:\opt\kotvrf\CatVRF\vendor\phpunit\phpunit\src\Framework\TestSuite.php  
  (369): PHPUnit\Framework\TestCase->run()                                     
  #17 C:\opt\kotvrf\CatVRF\vendor\phpunit\phpunit\src\Framework\TestSuite.php  
  (369): PHPUnit\Framework\TestSuite->run()                                    
  #18 C:\opt\kotvrf\CatVRF\vendor\phpunit\phpunit\src\TextUI\TestRunner.php(6  
  4): PHPUnit\Framework\TestSuite->run()                                       
  #19 C:\opt\kotvrf\CatVRF\vendor\phpunit\phpunit\src\TextUI\Application.php(  
  211): PHPUnit\TextUI\TestRunner->run()                                       
  #20 C:\opt\kotvrf\CatVRF\vendor\phpunit\phpunit\phpunit(104): PHPUnit\TextU  
  I\Application->run()                                                         
  #21 {main}                                                                   
                                                                               


In CosmeticOrder.php line 9:
                                                                               
  During class fetch: Uncaught ParseError: syntax error, unexpected token "tr  
  ait", expecting "abstract" or "final" or "readonly" or "class" in C:\opt\ko  
  tvrf\CatVRF\app\Traits\TenantScoped.php:7                                    
  Stack trace:                                                                 
  #0 C:\opt\kotvrf\CatVRF\vendor\composer\ClassLoader.php(427): Composer\Auto  
  load\{closure}()                                                             
  #1 C:\opt\kotvrf\CatVRF\app\Domains\Cosmetics\Models\CosmeticOrder.php(9):   
  Composer\Autoload\ClassLoader->loadClass()                                   
  #2 C:\opt\kotvrf\CatVRF\vendor\composer\ClassLoader.php(576): include('...'  
  )                                                                            
  #3 C:\opt\kotvrf\CatVRF\vendor\composer\ClassLoader.php(427): Composer\Auto  
  load\{closure}()                                                             
  #4 C:\opt\kotvrf\CatVRF\vendor\laravel\framework\src\Illuminate\Database\El  
  oquent\Factories\Factory.php(928): Composer\Autoload\ClassLoader->loadClass  
  ()                                                                           
  #5 C:\opt\kotvrf\CatVRF\vendor\laravel\framework\src\Illuminate\Database\El  
  oquent\Factories\Factory.php(513): Illuminate\Database\Eloquent\Factories\F  
  actory->newModel()                                                           
  #6 C:\opt\kotvrf\CatVRF\vendor\laravel\framework\src\Illuminate\Database\El  
  oquent\Concerns\GuardsAttributes.php(157): Illuminate\Database\Eloquent\Fac  
  tories\Factory->Illuminate\Database\Eloquent\Factories\{closure}()           
  #7 C:\opt\kotvrf\CatVRF\vendor\laravel\framework\src\Illuminate\Database\El  
  oquent\Factories\Factory.php(512): Illuminate\Database\Eloquent\Model::ungu  
  arded()                                                                      
  #8 C:\opt\kotvrf\CatVRF\vendor\laravel\framework\src\Illuminate\Database\El  
  oquent\Factories\Factory.php(429): Illuminate\Database\Eloquent\Factories\F  
  actory->makeInstance()                                                       
  #9 C:\opt\kotvrf\CatVRF\vendor\laravel\framework\src\Illuminate\Database\El  
  oquent\Factories\Factory.php(318): Illuminate\Database\Eloquent\Factories\F  
  actory->make()                                                               
  #10 C:\opt\kotvrf\CatVRF\vendor\laravel\framework\src\Illuminate\Database\E  
  loquent\Factories\Factory.php(315): Illuminate\Database\Eloquent\Factories\  
  Factory->create()                                                            
  #11 C:\opt\kotvrf\CatVRF\tests\Feature\Cosmetics\CosmeticTest.php(61): Illu  
  minate\Database\Eloquent\Factories\Factory->create()                         
  #12 C:\opt\kotvrf\CatVRF\vendor\phpunit\phpunit\src\Framework\TestCase.php(  
  1667): Tests\Feature\Cosmetics\CosmeticTest->test_order_status_transitions(  
  )                                                                            
  #13 C:\opt\kotvrf\CatVRF\vendor\phpunit\phpunit\src\Framework\TestCase.php(  
  519): PHPUnit\Framework\TestCase->runTest()                                  
  #14 C:\opt\kotvrf\CatVRF\vendor\phpunit\phpunit\src\Framework\TestRunner\Te  
  stRunner.php(87): PHPUnit\Framework\TestCase->runBare()                      
  #15 C:\opt\kotvrf\CatVRF\vendor\phpunit\phpunit\src\Framework\TestCase.php(  
  365): PHPUnit\Framework\TestRunner->run()                                    
  #16 C:\opt\kotvrf\CatVRF\vendor\phpunit\phpunit\src\Framework\TestSuite.php  
  (369): PHPUnit\Framework\TestCase->run()                                     
  #17 C:\opt\kotvrf\CatVRF\vendor\phpunit\phpunit\src\Framework\TestSuite.php  
  (369): PHPUnit\Framework\TestSuite->run()                                    
  #18 C:\opt\kotvrf\CatVRF\vendor\phpunit\phpunit\src\TextUI\TestRunner.php(6  
  4): PHPUnit\Framework\TestSuite->run()                                       
  #19 C:\opt\kotvrf\CatVRF\vendor\phpunit\phpunit\src\TextUI\Application.php(  
  211): PHPUnit\TextUI\TestRunner->run()                                       
  #20 C:\opt\kotvrf\CatVRF\vendor\phpunit\phpunit\phpunit(104): PHPUnit\TextU  
  I\Application->run()                                                         
  #21 {main}                                                                   
                                                                               


In CosmeticOrder.php line 9:
                                                                               
  During class fetch: Uncaught ParseError: syntax error, unexpected token "tr  
  ait", expecting "abstract" or "final" or "readonly" or "class" in C:\opt\ko  
  tvrf\CatVRF\app\Traits\TenantScoped.php:7                                    
  Stack trace:                                                                 
  #0 C:\opt\kotvrf\CatVRF\vendor\composer\ClassLoader.php(427): Composer\Auto  
  load\{closure}()                                                             
  #1 C:\opt\kotvrf\CatVRF\app\Domains\Cosmetics\Models\CosmeticOrder.php(9):   
  Composer\Autoload\ClassLoader->loadClass()                                   
  #2 C:\opt\kotvrf\CatVRF\vendor\composer\ClassLoader.php(576): include('...'  
  )                                                                            
  #3 C:\opt\kotvrf\CatVRF\vendor\composer\ClassLoader.php(427): Composer\Auto  
  load\{closure}()                                                             
  #4 C:\opt\kotvrf\CatVRF\vendor\laravel\framework\src\Illuminate\Database\El  
  oquent\Factories\Factory.php(928): Composer\Autoload\ClassLoader->loadClass  
  ()                                                                           
  #5 C:\opt\kotvrf\CatVRF\vendor\laravel\framework\src\Illuminate\Database\El  
  oquent\Factories\Factory.php(513): Illuminate\Database\Eloquent\Factories\F  
  actory->newModel()                                                           
  #6 C:\opt\kotvrf\CatVRF\vendor\laravel\framework\src\Illuminate\Database\El  
  oquent\Concerns\GuardsAttributes.php(157): Illuminate\Database\Eloquent\Fac  
  tories\Factory->Illuminate\Database\Eloquent\Factories\{closure}()           
  #7 C:\opt\kotvrf\CatVRF\vendor\laravel\framework\src\Illuminate\Database\El  
  oquent\Factories\Factory.php(512): Illuminate\Database\Eloquent\Model::ungu  
  arded()                                                                      
  #8 C:\opt\kotvrf\CatVRF\vendor\laravel\framework\src\Illuminate\Database\El  
  oquent\Factories\Factory.php(429): Illuminate\Database\Eloquent\Factories\F  
  actory->makeInstance()                                                       
  #9 C:\opt\kotvrf\CatVRF\vendor\laravel\framework\src\Illuminate\Database\El  
  oquent\Factories\Factory.php(318): Illuminate\Database\Eloquent\Factories\F  
  actory->make()                                                               
  #10 C:\opt\kotvrf\CatVRF\vendor\laravel\framework\src\Illuminate\Database\E  
  loquent\Factories\Factory.php(315): Illuminate\Database\Eloquent\Factories\  
  Factory->create()                                                            
  #11 C:\opt\kotvrf\CatVRF\tests\Feature\Cosmetics\CosmeticTest.php(61): Illu  
  minate\Database\Eloquent\Factories\Factory->create()                         
  #12 C:\opt\kotvrf\CatVRF\vendor\phpunit\phpunit\src\Framework\TestCase.php(  
  1667): Tests\Feature\Cosmetics\CosmeticTest->test_order_status_transitions(  
  )                                                                            
  #13 C:\opt\kotvrf\CatVRF\vendor\phpunit\phpunit\src\Framework\TestCase.php(  
  519): PHPUnit\Framework\TestCase->runTest()                                  
  #14 C:\opt\kotvrf\CatVRF\vendor\phpunit\phpunit\src\Framework\TestRunner\Te  
  stRunner.php(87): PHPUnit\Framework\TestCase->runBare()                      
  #15 C:\opt\kotvrf\CatVRF\vendor\phpunit\phpunit\src\Framework\TestCase.php(  
  365): PHPUnit\Framework\TestRunner->run()                                    
  #16 C:\opt\kotvrf\CatVRF\vendor\phpunit\phpunit\src\Framework\TestSuite.php  
  (369): PHPUnit\Framework\TestCase->run()                                     
  #17 C:\opt\kotvrf\CatVRF\vendor\phpunit\phpunit\src\Framework\TestSuite.php  
  (369): PHPUnit\Framework\TestSuite->run()                                    
  #18 C:\opt\kotvrf\CatVRF\vendor\phpunit\phpunit\src\TextUI\TestRunner.php(6  
  4): PHPUnit\Framework\TestSuite->run()                                       
  #19 C:\opt\kotvrf\CatVRF\vendor\phpunit\phpunit\src\TextUI\Application.php(  
  211): PHPUnit\TextUI\TestRunner->run()                                       
  #20 C:\opt\kotvrf\CatVRF\vendor\phpunit\phpunit\phpunit(104): PHPUnit\TextU  
  I\Application->run()                                                         
  #21 {main}                                                                   
                                                                               


In CosmeticOrder.php line 9:
                                                                               
  During class fetch: Uncaught ParseError: syntax error, unexpected token "tr  
  ait", expecting "abstract" or "final" or "readonly" or "class" in C:\opt\ko  
  tvrf\CatVRF\app\Traits\TenantScoped.php:7                                    
  Stack trace:                                                                 
  #0 C:\opt\kotvrf\CatVRF\vendor\composer\ClassLoader.php(427): Composer\Auto  
  load\{closure}()                                                             
  #1 C:\opt\kotvrf\CatVRF\app\Domains\Cosmetics\Models\CosmeticOrder.php(9):   
  Composer\Autoload\ClassLoader->loadClass()                                   
  #2 C:\opt\kotvrf\CatVRF\vendor\composer\ClassLoader.php(576): include('...'  
  )                                                                            
  #3 C:\opt\kotvrf\CatVRF\vendor\composer\ClassLoader.php(427): Composer\Auto  
  load\{closure}()                                                             
  #4 C:\opt\kotvrf\CatVRF\vendor\laravel\framework\src\Illuminate\Database\El  
  oquent\Factories\Factory.php(928): Composer\Autoload\ClassLoader->loadClass  
  ()                                                                           
  #5 C:\opt\kotvrf\CatVRF\vendor\laravel\framework\src\Illuminate\Database\El  
  oquent\Factories\Factory.php(513): Illuminate\Database\Eloquent\Factories\F  
  actory->newModel()                                                           
  #6 C:\opt\kotvrf\CatVRF\vendor\laravel\framework\src\Illuminate\Database\El  
  oquent\Concerns\GuardsAttributes.php(157): Illuminate\Database\Eloquent\Fac  
  tories\Factory->Illuminate\Database\Eloquent\Factories\{closure}()           
  #7 C:\opt\kotvrf\CatVRF\vendor\laravel\framework\src\Illuminate\Database\El  
  oquent\Factories\Factory.php(512): Illuminate\Database\Eloquent\Model::ungu  
  arded()                                                                      
  #8 C:\opt\kotvrf\CatVRF\vendor\laravel\framework\src\Illuminate\Database\El  
  oquent\Factories\Factory.php(429): Illuminate\Database\Eloquent\Factories\F  
  actory->makeInstance()                                                       
  #9 C:\opt\kotvrf\CatVRF\vendor\laravel\framework\src\Illuminate\Database\El  
  oquent\Factories\Factory.php(318): Illuminate\Database\Eloquent\Factories\F  
  actory->make()                                                               
  #10 C:\opt\kotvrf\CatVRF\vendor\laravel\framework\src\Illuminate\Database\E  
  loquent\Factories\Factory.php(315): Illuminate\Database\Eloquent\Factories\  
  Factory->create()                                                            
  #11 C:\opt\kotvrf\CatVRF\tests\Feature\Cosmetics\CosmeticTest.php(61): Illu  
  minate\Database\Eloquent\Factories\Factory->create()                         
  #12 C:\opt\kotvrf\CatVRF\vendor\phpunit\phpunit\src\Framework\TestCase.php(  
  1667): Tests\Feature\Cosmetics\CosmeticTest->test_order_status_transitions(  
  )                                                                            
  #13 C:\opt\kotvrf\CatVRF\vendor\phpunit\phpunit\src\Framework\TestCase.php(  
  519): PHPUnit\Framework\TestCase->runTest()                                  
  #14 C:\opt\kotvrf\CatVRF\vendor\phpunit\phpunit\src\Framework\TestRunner\Te  
  stRunner.php(87): PHPUnit\Framework\TestCase->runBare()                      
  #15 C:\opt\kotvrf\CatVRF\vendor\phpunit\phpunit\src\Framework\TestCase.php(  
  365): PHPUnit\Framework\TestRunner->run()                                    
  #16 C:\opt\kotvrf\CatVRF\vendor\phpunit\phpunit\src\Framework\TestSuite.php  
  (369): PHPUnit\Framework\TestCase->run()                                     
  #17 C:\opt\kotvrf\CatVRF\vendor\phpunit\phpunit\src\Framework\TestSuite.php  
  (369): PHPUnit\Framework\TestSuite->run()                                    
  #18 C:\opt\kotvrf\CatVRF\vendor\phpunit\phpunit\src\TextUI\TestRunner.php(6  
  4): PHPUnit\Framework\TestSuite->run()                                       
  #19 C:\opt\kotvrf\CatVRF\vendor\phpunit\phpunit\src\TextUI\Application.php(  
  211): PHPUnit\TextUI\TestRunner->run()                                       
  #20 C:\opt\kotvrf\CatVRF\vendor\phpunit\phpunit\phpunit(104): PHPUnit\TextU  
  I\Application->run()                                                         
  #21 {main}                                                                   
                                                                               


In CosmeticOrder.php line 9:
                                                                               
  During class fetch: Uncaught ParseError: syntax error, unexpected token "tr  
  ait", expecting "abstract" or "final" or "readonly" or "class" in C:\opt\ko  
  tvrf\CatVRF\app\Traits\TenantScoped.php:7                                    
  Stack trace:                                                                 
  #0 C:\opt\kotvrf\CatVRF\vendor\composer\ClassLoader.php(427): Composer\Auto  
  load\{closure}()                                                             
  #1 C:\opt\kotvrf\CatVRF\app\Domains\Cosmetics\Models\CosmeticOrder.php(9):   
  Composer\Autoload\ClassLoader->loadClass()                                   
  #2 C:\opt\kotvrf\CatVRF\vendor\composer\ClassLoader.php(576): include('...'  
  )                                                                            
  #3 C:\opt\kotvrf\CatVRF\vendor\composer\ClassLoader.php(427): Composer\Auto  
  load\{closure}()                                                             
  #4 C:\opt\kotvrf\CatVRF\vendor\laravel\framework\src\Illuminate\Database\El  
  oquent\Factories\Factory.php(928): Composer\Autoload\ClassLoader->loadClass  
  ()                                                                           
  #5 C:\opt\kotvrf\CatVRF\vendor\laravel\framework\src\Illuminate\Database\El  
  oquent\Factories\Factory.php(513): Illuminate\Database\Eloquent\Factories\F  
  actory->newModel()                                                           
  #6 C:\opt\kotvrf\CatVRF\vendor\laravel\framework\src\Illuminate\Database\El  
  oquent\Concerns\GuardsAttributes.php(157): Illuminate\Database\Eloquent\Fac  
  tories\Factory->Illuminate\Database\Eloquent\Factories\{closure}()           
  #7 C:\opt\kotvrf\CatVRF\vendor\laravel\framework\src\Illuminate\Database\El  
  oquent\Factories\Factory.php(512): Illuminate\Database\Eloquent\Model::ungu  
  arded()                                                                      
  #8 C:\opt\kotvrf\CatVRF\vendor\laravel\framework\src\Illuminate\Database\El  
  oquent\Factories\Factory.php(429): Illuminate\Database\Eloquent\Factories\F  
  actory->makeInstance()                                                       
  #9 C:\opt\kotvrf\CatVRF\vendor\laravel\framework\src\Illuminate\Database\El  
  oquent\Factories\Factory.php(318): Illuminate\Database\Eloquent\Factories\F  
  actory->make()                                                               
  #10 C:\opt\kotvrf\CatVRF\vendor\laravel\framework\src\Illuminate\Database\E  
  loquent\Factories\Factory.php(315): Illuminate\Database\Eloquent\Factories\  
  Factory->create()                                                            
  #11 C:\opt\kotvrf\CatVRF\tests\Feature\Cosmetics\CosmeticTest.php(61): Illu  
  minate\Database\Eloquent\Factories\Factory->create()                         
  #12 C:\opt\kotvrf\CatVRF\vendor\phpunit\phpunit\src\Framework\TestCase.php(  
  1667): Tests\Feature\Cosmetics\CosmeticTest->test_order_status_transitions(  
  )                                                                            
  #13 C:\opt\kotvrf\CatVRF\vendor\phpunit\phpunit\src\Framework\TestCase.php(  
  519): PHPUnit\Framework\TestCase->runTest()                                  
  #14 C:\opt\kotvrf\CatVRF\vendor\phpunit\phpunit\src\Framework\TestRunner\Te  
  stRunner.php(87): PHPUnit\Framework\TestCase->runBare()                      
  #15 C:\opt\kotvrf\CatVRF\vendor\phpunit\phpunit\src\Framework\TestCase.php(  
  365): PHPUnit\Framework\TestRunner->run()                                    
  #16 C:\opt\kotvrf\CatVRF\vendor\phpunit\phpunit\src\Framework\TestSuite.php  
  (369): PHPUnit\Framework\TestCase->run()                                     
  #17 C:\opt\kotvrf\CatVRF\vendor\phpunit\phpunit\src\Framework\TestSuite.php  
  (369): PHPUnit\Framework\TestSuite->run()                                    
  #18 C:\opt\kotvrf\CatVRF\vendor\phpunit\phpunit\src\TextUI\TestRunner.php(6  
  4): PHPUnit\Framework\TestSuite->run()                                       
  #19 C:\opt\kotvrf\CatVRF\vendor\phpunit\phpunit\src\TextUI\Application.php(  
  211): PHPUnit\TextUI\TestRunner->run()                                       
  #20 C:\opt\kotvrf\CatVRF\vendor\phpunit\phpunit\phpunit(104): PHPUnit\TextU  
  I\Application->run()                                                         
  #21 {main}                                                                   
                                                                               


In CosmeticOrder.php line 9:
                                                                               
  During class fetch: Uncaught ParseError: syntax error, unexpected token "tr  
  ait", expecting "abstract" or "final" or "readonly" or "class" in C:\opt\ko  
  tvrf\CatVRF\app\Traits\TenantScoped.php:7                                    
  Stack trace:                                                                 
  #0 C:\opt\kotvrf\CatVRF\vendor\composer\ClassLoader.php(427): Composer\Auto  
  load\{closure}()                                                             
  #1 C:\opt\kotvrf\CatVRF\app\Domains\Cosmetics\Models\CosmeticOrder.php(9):   
  Composer\Autoload\ClassLoader->loadClass()                                   
  #2 C:\opt\kotvrf\CatVRF\vendor\composer\ClassLoader.php(576): include('...'  
  )                                                                            
  #3 C:\opt\kotvrf\CatVRF\vendor\composer\ClassLoader.php(427): Composer\Auto  
  load\{closure}()                                                             
  #4 C:\opt\kotvrf\CatVRF\vendor\laravel\framework\src\Illuminate\Database\El  
  oquent\Factories\Factory.php(928): Composer\Autoload\ClassLoader->loadClass  
  ()                                                                           
  #5 C:\opt\kotvrf\CatVRF\vendor\laravel\framework\src\Illuminate\Database\El  
  oquent\Factories\Factory.php(513): Illuminate\Database\Eloquent\Factories\F  
  actory->newModel()                                                           
  #6 C:\opt\kotvrf\CatVRF\vendor\laravel\framework\src\Illuminate\Database\El  
  oquent\Concerns\GuardsAttributes.php(157): Illuminate\Database\Eloquent\Fac  
  tories\Factory->Illuminate\Database\Eloquent\Factories\{closure}()           
  #7 C:\opt\kotvrf\CatVRF\vendor\laravel\framework\src\Illuminate\Database\El  
  oquent\Factories\Factory.php(512): Illuminate\Database\Eloquent\Model::ungu  
  arded()                                                                      
  #8 C:\opt\kotvrf\CatVRF\vendor\laravel\framework\src\Illuminate\Database\El  
  oquent\Factories\Factory.php(429): Illuminate\Database\Eloquent\Factories\F  
  actory->makeInstance()                                                       
  #9 C:\opt\kotvrf\CatVRF\vendor\laravel\framework\src\Illuminate\Database\El  
  oquent\Factories\Factory.php(318): Illuminate\Database\Eloquent\Factories\F  
  actory->make()                                                               
  #10 C:\opt\kotvrf\CatVRF\vendor\laravel\framework\src\Illuminate\Database\E  
  loquent\Factories\Factory.php(315): Illuminate\Database\Eloquent\Factories\  
  Factory->create()                                                            
  #11 C:\opt\kotvrf\CatVRF\tests\Feature\Cosmetics\CosmeticTest.php(61): Illu  
  minate\Database\Eloquent\Factories\Factory->create()                         
  #12 C:\opt\kotvrf\CatVRF\vendor\phpunit\phpunit\src\Framework\TestCase.php(  
  1667): Tests\Feature\Cosmetics\CosmeticTest->test_order_status_transitions(  
  )                                                                            
  #13 C:\opt\kotvrf\CatVRF\vendor\phpunit\phpunit\src\Framework\TestCase.php(  
  519): PHPUnit\Framework\TestCase->runTest()                                  
  #14 C:\opt\kotvrf\CatVRF\vendor\phpunit\phpunit\src\Framework\TestRunner\Te  
  stRunner.php(87): PHPUnit\Framework\TestCase->runBare()                      
  #15 C:\opt\kotvrf\CatVRF\vendor\phpunit\phpunit\src\Framework\TestCase.php(  
  365): PHPUnit\Framework\TestRunner->run()                                    
  #16 C:\opt\kotvrf\CatVRF\vendor\phpunit\phpunit\src\Framework\TestSuite.php  
  (369): PHPUnit\Framework\TestCase->run()                                     
  #17 C:\opt\kotvrf\CatVRF\vendor\phpunit\phpunit\src\Framework\TestSuite.php  
  (369): PHPUnit\Framework\TestSuite->run()                                    
  #18 C:\opt\kotvrf\CatVRF\vendor\phpunit\phpunit\src\TextUI\TestRunner.php(6  
  4): PHPUnit\Framework\TestSuite->run()                                       
  #19 C:\opt\kotvrf\CatVRF\vendor\phpunit\phpunit\src\TextUI\Application.php(  
  211): PHPUnit\TextUI\TestRunner->run()                                       
  #20 C:\opt\kotvrf\CatVRF\vendor\phpunit\phpunit\phpunit(104): PHPUnit\TextU  
  I\Application->run()                                                         
  #21 {main}                                                                   
                                                                               


In CosmeticOrder.php line 9:
                                                                               
  During class fetch: Uncaught ParseError: syntax error, unexpected token "tr  
  ait", expecting "abstract" or "final" or "readonly" or "class" in C:\opt\ko  
  tvrf\CatVRF\app\Traits\TenantScoped.php:7                                    
  Stack trace:                                                                 
  #0 C:\opt\kotvrf\CatVRF\vendor\composer\ClassLoader.php(427): Composer\Auto  
  load\{closure}()                                                             
  #1 C:\opt\kotvrf\CatVRF\app\Domains\Cosmetics\Models\CosmeticOrder.php(9):   
  Composer\Autoload\ClassLoader->loadClass()                                   
  #2 C:\opt\kotvrf\CatVRF\vendor\composer\ClassLoader.php(576): include('...'  
  )                                                                            
  #3 C:\opt\kotvrf\CatVRF\vendor\composer\ClassLoader.php(427): Composer\Auto  
  load\{closure}()                                                             
  #4 C:\opt\kotvrf\CatVRF\vendor\laravel\framework\src\Illuminate\Database\El  
  oquent\Factories\Factory.php(928): Composer\Autoload\ClassLoader->loadClass  
  ()                                                                           
  #5 C:\opt\kotvrf\CatVRF\vendor\laravel\framework\src\Illuminate\Database\El  
  oquent\Factories\Factory.php(513): Illuminate\Database\Eloquent\Factories\F  
  actory->newModel()                                                           
  #6 C:\opt\kotvrf\CatVRF\vendor\laravel\framework\src\Illuminate\Database\El  
  oquent\Concerns\GuardsAttributes.php(157): Illuminate\Database\Eloquent\Fac  
  tories\Factory->Illuminate\Database\Eloquent\Factories\{closure}()           
  #7 C:\opt\kotvrf\CatVRF\vendor\laravel\framework\src\Illuminate\Database\El  
  oquent\Factories\Factory.php(512): Illuminate\Database\Eloquent\Model::ungu  
  arded()                                                                      
  #8 C:\opt\kotvrf\CatVRF\vendor\laravel\framework\src\Illuminate\Database\El  
  oquent\Factories\Factory.php(429): Illuminate\Database\Eloquent\Factories\F  
  actory->makeInstance()                                                       
  #9 C:\opt\kotvrf\CatVRF\vendor\laravel\framework\src\Illuminate\Database\El  
  oquent\Factories\Factory.php(318): Illuminate\Database\Eloquent\Factories\F  
  actory->make()                                                               
  #10 C:\opt\kotvrf\CatVRF\vendor\laravel\framework\src\Illuminate\Database\E  
  loquent\Factories\Factory.php(315): Illuminate\Database\Eloquent\Factories\  
  Factory->create()                                                            
  #11 C:\opt\kotvrf\CatVRF\tests\Feature\Cosmetics\CosmeticTest.php(61): Illu  
  minate\Database\Eloquent\Factories\Factory->create()                         
  #12 C:\opt\kotvrf\CatVRF\vendor\phpunit\phpunit\src\Framework\TestCase.php(  
  1667): Tests\Feature\Cosmetics\CosmeticTest->test_order_status_transitions(  
  )                                                                            
  #13 C:\opt\kotvrf\CatVRF\vendor\phpunit\phpunit\src\Framework\TestCase.php(  
  519): PHPUnit\Framework\TestCase->runTest()                                  
  #14 C:\opt\kotvrf\CatVRF\vendor\phpunit\phpunit\src\Framework\TestRunner\Te  
  stRunner.php(87): PHPUnit\Framework\TestCase->runBare()                      
  #15 C:\opt\kotvrf\CatVRF\vendor\phpunit\phpunit\src\Framework\TestCase.php(  
  365): PHPUnit\Framework\TestRunner->run()                                    
  #16 C:\opt\kotvrf\CatVRF\vendor\phpunit\phpunit\src\Framework\TestSuite.php  
  (369): PHPUnit\Framework\TestCase->run()                                     
  #17 C:\opt\kotvrf\CatVRF\vendor\phpunit\phpunit\src\Framework\TestSuite.php  
  (369): PHPUnit\Framework\TestSuite->run()                                    
  #18 C:\opt\kotvrf\CatVRF\vendor\phpunit\phpunit\src\TextUI\TestRunner.php(6  
  4): PHPUnit\Framework\TestSuite->run()                                       
  #19 C:\opt\kotvrf\CatVRF\vendor\phpunit\phpunit\src\TextUI\Application.php(  
  211): PHPUnit\TextUI\TestRunner->run()                                       
  #20 C:\opt\kotvrf\CatVRF\vendor\phpunit\phpunit\phpunit(104): PHPUnit\TextU  
  I\Application->run()                                                         
  #21 {main}                                                                   
                                                                               


In CosmeticOrder.php line 9:
                                                                               
  During class fetch: Uncaught ParseError: syntax error, unexpected token "tr  
  ait", expecting "abstract" or "final" or "readonly" or "class" in C:\opt\ko  
  tvrf\CatVRF\app\Traits\TenantScoped.php:7                                    
  Stack trace:                                                                 
  #0 C:\opt\kotvrf\CatVRF\vendor\composer\ClassLoader.php(427): Composer\Auto  
  load\{closure}()                                                             
  #1 C:\opt\kotvrf\CatVRF\app\Domains\Cosmetics\Models\CosmeticOrder.php(9):   
  Composer\Autoload\ClassLoader->loadClass()                                   
  #2 C:\opt\kotvrf\CatVRF\vendor\composer\ClassLoader.php(576): include('...'  
  )                                                                            
  #3 C:\opt\kotvrf\CatVRF\vendor\composer\ClassLoader.php(427): Composer\Auto  
  load\{closure}()                                                             
  #4 C:\opt\kotvrf\CatVRF\vendor\laravel\framework\src\Illuminate\Database\El  
  oquent\Factories\Factory.php(928): Composer\Autoload\ClassLoader->loadClass  
  ()                                                                           
  #5 C:\opt\kotvrf\CatVRF\vendor\laravel\framework\src\Illuminate\Database\El  
  oquent\Factories\Factory.php(513): Illuminate\Database\Eloquent\Factories\F  
  actory->newModel()                                                           
  #6 C:\opt\kotvrf\CatVRF\vendor\laravel\framework\src\Illuminate\Database\El  
  oquent\Concerns\GuardsAttributes.php(157): Illuminate\Database\Eloquent\Fac  
  tories\Factory->Illuminate\Database\Eloquent\Factories\{closure}()           
  #7 C:\opt\kotvrf\CatVRF\vendor\laravel\framework\src\Illuminate\Database\El  
  oquent\Factories\Factory.php(512): Illuminate\Database\Eloquent\Model::ungu  
  arded()                                                                      
  #8 C:\opt\kotvrf\CatVRF\vendor\laravel\framework\src\Illuminate\Database\El  
  oquent\Factories\Factory.php(429): Illuminate\Database\Eloquent\Factories\F  
  actory->makeInstance()                                                       
  #9 C:\opt\kotvrf\CatVRF\vendor\laravel\framework\src\Illuminate\Database\El  
  oquent\Factories\Factory.php(318): Illuminate\Database\Eloquent\Factories\F  
  actory->make()                                                               
  #10 C:\opt\kotvrf\CatVRF\vendor\laravel\framework\src\Illuminate\Database\E  
  loquent\Factories\Factory.php(315): Illuminate\Database\Eloquent\Factories\  
  Factory->create()                                                            
  #11 C:\opt\kotvrf\CatVRF\tests\Feature\Cosmetics\CosmeticTest.php(61): Illu  
  minate\Database\Eloquent\Factories\Factory->create()                         
  #12 C:\opt\kotvrf\CatVRF\vendor\phpunit\phpunit\src\Framework\TestCase.php(  
  1667): Tests\Feature\Cosmetics\CosmeticTest->test_order_status_transitions(  
  )                                                                            
  #13 C:\opt\kotvrf\CatVRF\vendor\phpunit\phpunit\src\Framework\TestCase.php(  
  519): PHPUnit\Framework\TestCase->runTest()                                  
  #14 C:\opt\kotvrf\CatVRF\vendor\phpunit\phpunit\src\Framework\TestRunner\Te  
  stRunner.php(87): PHPUnit\Framework\TestCase->runBare()                      
  #15 C:\opt\kotvrf\CatVRF\vendor\phpunit\phpunit\src\Framework\TestCase.php(  
  365): PHPUnit\Framework\TestRunner->run()                                    
  #16 C:\opt\kotvrf\CatVRF\vendor\phpunit\phpunit\src\Framework\TestSuite.php  
  (369): PHPUnit\Framework\TestCase->run()                                     
  #17 C:\opt\kotvrf\CatVRF\vendor\phpunit\phpunit\src\Framework\TestSuite.php  
  (369): PHPUnit\Framework\TestSuite->run()                                    
  #18 C:\opt\kotvrf\CatVRF\vendor\phpunit\phpunit\src\TextUI\TestRunner.php(6  
  4): PHPUnit\Framework\TestSuite->run()                                       
  #19 C:\opt\kotvrf\CatVRF\vendor\phpunit\phpunit\src\TextUI\Application.php(  
  211): PHPUnit\TextUI\TestRunner->run()                                       
  #20 C:\opt\kotvrf\CatVRF\vendor\phpunit\phpunit\phpunit(104): PHPUnit\TextU  
  I\Application->run()                                                         
  #21 {main}                                                                   
                                                                               


In CosmeticOrder.php line 9:
                                                                               
  During class fetch: Uncaught ParseError: syntax error, unexpected token "tr  
  ait", expecting "abstract" or "final" or "readonly" or "class" in C:\opt\ko  
  tvrf\CatVRF\app\Traits\TenantScoped.php:7                                    
  Stack trace:                                                                 
  #0 C:\opt\kotvrf\CatVRF\vendor\composer\ClassLoader.php(427): Composer\Auto  
  load\{closure}()                                                             
  #1 C:\opt\kotvrf\CatVRF\app\Domains\Cosmetics\Models\CosmeticOrder.php(9):   
  Composer\Autoload\ClassLoader->loadClass()                                   
  #2 C:\opt\kotvrf\CatVRF\vendor\composer\ClassLoader.php(576): include('...'  
  )                                                                            
  #3 C:\opt\kotvrf\CatVRF\vendor\composer\ClassLoader.php(427): Composer\Auto  
  load\{closure}()                                                             
  #4 C:\opt\kotvrf\CatVRF\vendor\laravel\framework\src\Illuminate\Database\El  
  oquent\Factories\Factory.php(928): Composer\Autoload\ClassLoader->loadClass  
  ()                                                                           
  #5 C:\opt\kotvrf\CatVRF\vendor\laravel\framework\src\Illuminate\Database\El  
  oquent\Factories\Factory.php(513): Illuminate\Database\Eloquent\Factories\F  
  actory->newModel()                                                           
  #6 C:\opt\kotvrf\CatVRF\vendor\laravel\framework\src\Illuminate\Database\El  
  oquent\Concerns\GuardsAttributes.php(157): Illuminate\Database\Eloquent\Fac  
  tories\Factory->Illuminate\Database\Eloquent\Factories\{closure}()           
  #7 C:\opt\kotvrf\CatVRF\vendor\laravel\framework\src\Illuminate\Database\El  
  oquent\Factories\Factory.php(512): Illuminate\Database\Eloquent\Model::ungu  
  arded()                                                                      
  #8 C:\opt\kotvrf\CatVRF\vendor\laravel\framework\src\Illuminate\Database\El  
  oquent\Factories\Factory.php(429): Illuminate\Database\Eloquent\Factories\F  
  actory->makeInstance()                                                       
  #9 C:\opt\kotvrf\CatVRF\vendor\laravel\framework\src\Illuminate\Database\El  
  oquent\Factories\Factory.php(318): Illuminate\Database\Eloquent\Factories\F  
  actory->make()                                                               
  #10 C:\opt\kotvrf\CatVRF\vendor\laravel\framework\src\Illuminate\Database\E  
  loquent\Factories\Factory.php(315): Illuminate\Database\Eloquent\Factories\  
  Factory->create()                                                            
  #11 C:\opt\kotvrf\CatVRF\tests\Feature\Cosmetics\CosmeticTest.php(61): Illu  
  minate\Database\Eloquent\Factories\Factory->create()                         
  #12 C:\opt\kotvrf\CatVRF\vendor\phpunit\phpunit\src\Framework\TestCase.php(  
  1667): Tests\Feature\Cosmetics\CosmeticTest->test_order_status_transitions(  
  )                                                                            
  #13 C:\opt\kotvrf\CatVRF\vendor\phpunit\phpunit\src\Framework\TestCase.php(  
  519): PHPUnit\Framework\TestCase->runTest()                                  
  #14 C:\opt\kotvrf\CatVRF\vendor\phpunit\phpunit\src\Framework\TestRunner\Te  
  stRunner.php(87): PHPUnit\Framework\TestCase->runBare()                      
  #15 C:\opt\kotvrf\CatVRF\vendor\phpunit\phpunit\src\Framework\TestCase.php(  
  365): PHPUnit\Framework\TestRunner->run()                                    
  #16 C:\opt\kotvrf\CatVRF\vendor\phpunit\phpunit\src\Framework\TestSuite.php  
  (369): PHPUnit\Framework\TestCase->run()                                     
  #17 C:\opt\kotvrf\CatVRF\vendor\phpunit\phpunit\src\Framework\TestSuite.php  
  (369): PHPUnit\Framework\TestSuite->run()                                    
  #18 C:\opt\kotvrf\CatVRF\vendor\phpunit\phpunit\src\TextUI\TestRunner.php(6  
  4): PHPUnit\Framework\TestSuite->run()                                       
  #19 C:\opt\kotvrf\CatVRF\vendor\phpunit\phpunit\src\TextUI\Application.php(  
  211): PHPUnit\TextUI\TestRunner->run()                                       
  #20 C:\opt\kotvrf\CatVRF\vendor\phpunit\phpunit\phpunit(104): PHPUnit\TextU  
  I\Application->run()                                                         
  #21 {main}                                                                   
                                                                               


In CosmeticOrder.php line 9:
                                                                               
  During class fetch: Uncaught ParseError: syntax error, unexpected token "tr  
  ait", expecting "abstract" or "final" or "readonly" or "class" in C:\opt\ko  
  tvrf\CatVRF\app\Traits\TenantScoped.php:7                                    
  Stack trace:                                                                 
  #0 C:\opt\kotvrf\CatVRF\vendor\composer\ClassLoader.php(427): Composer\Auto  
  load\{closure}()                                                             
  #1 C:\opt\kotvrf\CatVRF\app\Domains\Cosmetics\Models\CosmeticOrder.php(9):   
  Composer\Autoload\ClassLoader->loadClass()                                   
  #2 C:\opt\kotvrf\CatVRF\vendor\composer\ClassLoader.php(576): include('...'  
  )                                                                            
  #3 C:\opt\kotvrf\CatVRF\vendor\composer\ClassLoader.php(427): Composer\Auto  
  load\{closure}()                                                             
  #4 C:\opt\kotvrf\CatVRF\vendor\laravel\framework\src\Illuminate\Database\El  
  oquent\Factories\Factory.php(928): Composer\Autoload\ClassLoader->loadClass  
  ()                                                                           
  #5 C:\opt\kotvrf\CatVRF\vendor\laravel\framework\src\Illuminate\Database\El  
  oquent\Factories\Factory.php(513): Illuminate\Database\Eloquent\Factories\F  
  actory->newModel()                                                           
  #6 C:\opt\kotvrf\CatVRF\vendor\laravel\framework\src\Illuminate\Database\El  
  oquent\Concerns\GuardsAttributes.php(157): Illuminate\Database\Eloquent\Fac  
  tories\Factory->Illuminate\Database\Eloquent\Factories\{closure}()           
  #7 C:\opt\kotvrf\CatVRF\vendor\laravel\framework\src\Illuminate\Database\El  
  oquent\Factories\Factory.php(512): Illuminate\Database\Eloquent\Model::ungu  
  arded()                                                                      
  #8 C:\opt\kotvrf\CatVRF\vendor\laravel\framework\src\Illuminate\Database\El  
  oquent\Factories\Factory.php(429): Illuminate\Database\Eloquent\Factories\F  
  actory->makeInstance()                                                       
  #9 C:\opt\kotvrf\CatVRF\vendor\laravel\framework\src\Illuminate\Database\El  
  oquent\Factories\Factory.php(318): Illuminate\Database\Eloquent\Factories\F  
  actory->make()                                                               
  #10 C:\opt\kotvrf\CatVRF\vendor\laravel\framework\src\Illuminate\Database\E  
  loquent\Factories\Factory.php(315): Illuminate\Database\Eloquent\Factories\  
  Factory->create()                                                            
  #11 C:\opt\kotvrf\CatVRF\tests\Feature\Cosmetics\CosmeticTest.php(61): Illu  
  minate\Database\Eloquent\Factories\Factory->create()                         
  #12 C:\opt\kotvrf\CatVRF\vendor\phpunit\phpunit\src\Framework\TestCase.php(  
  1667): Tests\Feature\Cosmetics\CosmeticTest->test_order_status_transitions(  
  )                                                                            
  #13 C:\opt\kotvrf\CatVRF\vendor\phpunit\phpunit\src\Framework\TestCase.php(  
  519): PHPUnit\Framework\TestCase->runTest()                                  
  #14 C:\opt\kotvrf\CatVRF\vendor\phpunit\phpunit\src\Framework\TestRunner\Te  
  stRunner.php(87): PHPUnit\Framework\TestCase->runBare()                      
  #15 C:\opt\kotvrf\CatVRF\vendor\phpunit\phpunit\src\Framework\TestCase.php(  
  365): PHPUnit\Framework\TestRunner->run()                                    
  #16 C:\opt\kotvrf\CatVRF\vendor\phpunit\phpunit\src\Framework\TestSuite.php  
  (369): PHPUnit\Framework\TestCase->run()                                     
  #17 C:\opt\kotvrf\CatVRF\vendor\phpunit\phpunit\src\Framework\TestSuite.php  
  (369): PHPUnit\Framework\TestSuite->run()                                    
  #18 C:\opt\kotvrf\CatVRF\vendor\phpunit\phpunit\src\TextUI\TestRunner.php(6  
  4): PHPUnit\Framework\TestSuite->run()                                       
  #19 C:\opt\kotvrf\CatVRF\vendor\phpunit\phpunit\src\TextUI\Application.php(  
  211): PHPUnit\TextUI\TestRunner->run()                                       
  #20 C:\opt\kotvrf\CatVRF\vendor\phpunit\phpunit\phpunit(104): PHPUnit\TextU  
  I\Application->run()                                                         
  #21 {main}                                                                   
                                                                               


In CosmeticOrder.php line 9:
                                                                               
  During class fetch: Uncaught ParseError: syntax error, unexpected token "tr  
  ait", expecting "abstract" or "final" or "readonly" or "class" in C:\opt\ko  
  tvrf\CatVRF\app\Traits\TenantScoped.php:7                                    
  Stack trace:                                                                 
  #0 C:\opt\kotvrf\CatVRF\vendor\composer\ClassLoader.php(427): Composer\Auto  
  load\{closure}()                                                             
  #1 C:\opt\kotvrf\CatVRF\app\Domains\Cosmetics\Models\CosmeticOrder.php(9):   
  Composer\Autoload\ClassLoader->loadClass()                                   
  #2 C:\opt\kotvrf\CatVRF\vendor\composer\ClassLoader.php(576): include('...'  
  )                                                                            
  #3 C:\opt\kotvrf\CatVRF\vendor\composer\ClassLoader.php(427): Composer\Auto  
  load\{closure}()                                                             
  #4 C:\opt\kotvrf\CatVRF\vendor\laravel\framework\src\Illuminate\Database\El  
  oquent\Factories\Factory.php(928): Composer\Autoload\ClassLoader->loadClass  
  ()                                                                           
  #5 C:\opt\kotvrf\CatVRF\vendor\laravel\framework\src\Illuminate\Database\El  
  oquent\Factories\Factory.php(513): Illuminate\Database\Eloquent\Factories\F  
  actory->newModel()                                                           
  #6 C:\opt\kotvrf\CatVRF\vendor\laravel\framework\src\Illuminate\Database\El  
  oquent\Concerns\GuardsAttributes.php(157): Illuminate\Database\Eloquent\Fac  
  tories\Factory->Illuminate\Database\Eloquent\Factories\{closure}()           
  #7 C:\opt\kotvrf\CatVRF\vendor\laravel\framework\src\Illuminate\Database\El  
  oquent\Factories\Factory.php(512): Illuminate\Database\Eloquent\Model::ungu  
  arded()                                                                      
  #8 C:\opt\kotvrf\CatVRF\vendor\laravel\framework\src\Illuminate\Database\El  
  oquent\Factories\Factory.php(429): Illuminate\Database\Eloquent\Factories\F  
  actory->makeInstance()                                                       
  #9 C:\opt\kotvrf\CatVRF\vendor\laravel\framework\src\Illuminate\Database\El  
  oquent\Factories\Factory.php(318): Illuminate\Database\Eloquent\Factories\F  
  actory->make()                                                               
  #10 C:\opt\kotvrf\CatVRF\vendor\laravel\framework\src\Illuminate\Database\E  
  loquent\Factories\Factory.php(315): Illuminate\Database\Eloquent\Factories\  
  Factory->create()                                                            
  #11 C:\opt\kotvrf\CatVRF\tests\Feature\Cosmetics\CosmeticTest.php(61): Illu  
  minate\Database\Eloquent\Factories\Factory->create()                         
  #12 C:\opt\kotvrf\CatVRF\vendor\phpunit\phpunit\src\Framework\TestCase.php(  
  1667): Tests\Feature\Cosmetics\CosmeticTest->test_order_status_transitions(  
  )                                                                            
  #13 C:\opt\kotvrf\CatVRF\vendor\phpunit\phpunit\src\Framework\TestCase.php(  
  519): PHPUnit\Framework\TestCase->runTest()                                  
  #14 C:\opt\kotvrf\CatVRF\vendor\phpunit\phpunit\src\Framework\TestRunner\Te  
  stRunner.php(87): PHPUnit\Framework\TestCase->runBare()                      
  #15 C:\opt\kotvrf\CatVRF\vendor\phpunit\phpunit\src\Framework\TestCase.php(  
  365): PHPUnit\Framework\TestRunner->run()                                    
  #16 C:\opt\kotvrf\CatVRF\vendor\phpunit\phpunit\src\Framework\TestSuite.php  
  (369): PHPUnit\Framework\TestCase->run()                                     
  #17 C:\opt\kotvrf\CatVRF\vendor\phpunit\phpunit\src\Framework\TestSuite.php  
  (369): PHPUnit\Framework\TestSuite->run()                                    
  #18 C:\opt\kotvrf\CatVRF\vendor\phpunit\phpunit\src\TextUI\TestRunner.php(6  
  4): PHPUnit\Framework\TestSuite->run()                                       
  #19 C:\opt\kotvrf\CatVRF\vendor\phpunit\phpunit\src\TextUI\Application.php(  
  211): PHPUnit\TextUI\TestRunner->run()                                       
  #20 C:\opt\kotvrf\CatVRF\vendor\phpunit\phpunit\phpunit(104): PHPUnit\TextU  
  I\Application->run()                                                         
  #21 {main}                                                                   
                                                                               


In CosmeticOrder.php line 9:
                                                                               
  During class fetch: Uncaught ParseError: syntax error, unexpected token "tr  
  ait", expecting "abstract" or "final" or "readonly" or "class" in C:\opt\ko  
  tvrf\CatVRF\app\Traits\TenantScoped.php:7                                    
  Stack trace:                                                                 
  #0 C:\opt\kotvrf\CatVRF\vendor\composer\ClassLoader.php(427): Composer\Auto  
  load\{closure}()                                                             
  #1 C:\opt\kotvrf\CatVRF\app\Domains\Cosmetics\Models\CosmeticOrder.php(9):   
  Composer\Autoload\ClassLoader->loadClass()                                   
  #2 C:\opt\kotvrf\CatVRF\vendor\composer\ClassLoader.php(576): include('...'  
  )                                                                            
  #3 C:\opt\kotvrf\CatVRF\vendor\composer\ClassLoader.php(427): Composer\Auto  
  load\{closure}()                                                             
  #4 C:\opt\kotvrf\CatVRF\vendor\laravel\framework\src\Illuminate\Database\El  
  oquent\Factories\Factory.php(928): Composer\Autoload\ClassLoader->loadClass  
  ()                                                                           
  #5 C:\opt\kotvrf\CatVRF\vendor\laravel\framework\src\Illuminate\Database\El  
  oquent\Factories\Factory.php(513): Illuminate\Database\Eloquent\Factories\F  
  actory->newModel()                                                           
  #6 C:\opt\kotvrf\CatVRF\vendor\laravel\framework\src\Illuminate\Database\El  
  oquent\Concerns\GuardsAttributes.php(157): Illuminate\Database\Eloquent\Fac  
  tories\Factory->Illuminate\Database\Eloquent\Factories\{closure}()           
  #7 C:\opt\kotvrf\CatVRF\vendor\laravel\framework\src\Illuminate\Database\El  
  oquent\Factories\Factory.php(512): Illuminate\Database\Eloquent\Model::ungu  
  arded()                                                                      
  #8 C:\opt\kotvrf\CatVRF\vendor\laravel\framework\src\Illuminate\Database\El  
  oquent\Factories\Factory.php(429): Illuminate\Database\Eloquent\Factories\F  
  actory->makeInstance()                                                       
  #9 C:\opt\kotvrf\CatVRF\vendor\laravel\framework\src\Illuminate\Database\El  
  oquent\Factories\Factory.php(318): Illuminate\Database\Eloquent\Factories\F  
  actory->make()                                                               
  #10 C:\opt\kotvrf\CatVRF\vendor\laravel\framework\src\Illuminate\Database\E  
  loquent\Factories\Factory.php(315): Illuminate\Database\Eloquent\Factories\  
  Factory->create()                                                            
  #11 C:\opt\kotvrf\CatVRF\tests\Feature\Cosmetics\CosmeticTest.php(61): Illu  
  minate\Database\Eloquent\Factories\Factory->create()                         
  #12 C:\opt\kotvrf\CatVRF\vendor\phpunit\phpunit\src\Framework\TestCase.php(  
  1667): Tests\Feature\Cosmetics\CosmeticTest->test_order_status_transitions(  
  )                                                                            
  #13 C:\opt\kotvrf\CatVRF\vendor\phpunit\phpunit\src\Framework\TestCase.php(  
  519): PHPUnit\Framework\TestCase->runTest()                                  
  #14 C:\opt\kotvrf\CatVRF\vendor\phpunit\phpunit\src\Framework\TestRunner\Te  
  stRunner.php(87): PHPUnit\Framework\TestCase->runBare()                      
  #15 C:\opt\kotvrf\CatVRF\vendor\phpunit\phpunit\src\Framework\TestCase.php(  
  365): PHPUnit\Framework\TestRunner->run()                                    
  #16 C:\opt\kotvrf\CatVRF\vendor\phpunit\phpunit\src\Framework\TestSuite.php  
  (369): PHPUnit\Framework\TestCase->run()                                     
  #17 C:\opt\kotvrf\CatVRF\vendor\phpunit\phpunit\src\Framework\TestSuite.php  
  (369): PHPUnit\Framework\TestSuite->run()                                    
  #18 C:\opt\kotvrf\CatVRF\vendor\phpunit\phpunit\src\TextUI\TestRunner.php(6  
  4): PHPUnit\Framework\TestSuite->run()                                       
  #19 C:\opt\kotvrf\CatVRF\vendor\phpunit\phpunit\src\TextUI\Application.php(  
  211): PHPUnit\TextUI\TestRunner->run()                                       
  #20 C:\opt\kotvrf\CatVRF\vendor\phpunit\phpunit\phpunit(104): PHPUnit\TextU  
  I\Application->run()                                                         
  #21 {main}                                                                   
                                                                               


In CosmeticOrder.php line 9:
                                                                               
  During class fetch: Uncaught ParseError: syntax error, unexpected token "tr  
  ait", expecting "abstract" or "final" or "readonly" or "class" in C:\opt\ko  
  tvrf\CatVRF\app\Traits\TenantScoped.php:7                                    
  Stack trace:                                                                 
  #0 C:\opt\kotvrf\CatVRF\vendor\composer\ClassLoader.php(427): Composer\Auto  
  load\{closure}()                                                             
  #1 C:\opt\kotvrf\CatVRF\app\Domains\Cosmetics\Models\CosmeticOrder.php(9):   
  Composer\Autoload\ClassLoader->loadClass()                                   
  #2 C:\opt\kotvrf\CatVRF\vendor\composer\ClassLoader.php(576): include('...'  
  )                                                                            
  #3 C:\opt\kotvrf\CatVRF\vendor\composer\ClassLoader.php(427): Composer\Auto  
  load\{closure}()                                                             
  #4 C:\opt\kotvrf\CatVRF\vendor\laravel\framework\src\Illuminate\Database\El  
  oquent\Factories\Factory.php(928): Composer\Autoload\ClassLoader->loadClass  
  ()                                                                           
  #5 C:\opt\kotvrf\CatVRF\vendor\laravel\framework\src\Illuminate\Database\El  
  oquent\Factories\Factory.php(513): Illuminate\Database\Eloquent\Factories\F  
  actory->newModel()                                                           
  #6 C:\opt\kotvrf\CatVRF\vendor\laravel\framework\src\Illuminate\Database\El  
  oquent\Concerns\GuardsAttributes.php(157): Illuminate\Database\Eloquent\Fac  
  tories\Factory->Illuminate\Database\Eloquent\Factories\{closure}()           
  #7 C:\opt\kotvrf\CatVRF\vendor\laravel\framework\src\Illuminate\Database\El  
  oquent\Factories\Factory.php(512): Illuminate\Database\Eloquent\Model::ungu  
  arded()                                                                      
  #8 C:\opt\kotvrf\CatVRF\vendor\laravel\framework\src\Illuminate\Database\El  
  oquent\Factories\Factory.php(429): Illuminate\Database\Eloquent\Factories\F  
  actory->makeInstance()                                                       
  #9 C:\opt\kotvrf\CatVRF\vendor\laravel\framework\src\Illuminate\Database\El  
  oquent\Factories\Factory.php(318): Illuminate\Database\Eloquent\Factories\F  
  actory->make()                                                               
  #10 C:\opt\kotvrf\CatVRF\vendor\laravel\framework\src\Illuminate\Database\E  
  loquent\Factories\Factory.php(315): Illuminate\Database\Eloquent\Factories\  
  Factory->create()                                                            
  #11 C:\opt\kotvrf\CatVRF\tests\Feature\Cosmetics\CosmeticTest.php(61): Illu  
  minate\Database\Eloquent\Factories\Factory->create()                         
  #12 C:\opt\kotvrf\CatVRF\vendor\phpunit\phpunit\src\Framework\TestCase.php(  
  1667): Tests\Feature\Cosmetics\CosmeticTest->test_order_status_transitions(  
  )                                                                            
  #13 C:\opt\kotvrf\CatVRF\vendor\phpunit\phpunit\src\Framework\TestCase.php(  
  519): PHPUnit\Framework\TestCase->runTest()                                  
  #14 C:\opt\kotvrf\CatVRF\vendor\phpunit\phpunit\src\Framework\TestRunner\Te  
  stRunner.php(87): PHPUnit\Framework\TestCase->runBare()                      
  #15 C:\opt\kotvrf\CatVRF\vendor\phpunit\phpunit\src\Framework\TestCase.php(  
  365): PHPUnit\Framework\TestRunner->run()                                    
  #16 C:\opt\kotvrf\CatVRF\vendor\phpunit\phpunit\src\Framework\TestSuite.php  
  (369): PHPUnit\Framework\TestCase->run()                                     
  #17 C:\opt\kotvrf\CatVRF\vendor\phpunit\phpunit\src\Framework\TestSuite.php  
  (369): PHPUnit\Framework\TestSuite->run()                                    
  #18 C:\opt\kotvrf\CatVRF\vendor\phpunit\phpunit\src\TextUI\TestRunner.php(6  
  4): PHPUnit\Framework\TestSuite->run()                                       
  #19 C:\opt\kotvrf\CatVRF\vendor\phpunit\phpunit\src\TextUI\Application.php(  
  211): PHPUnit\TextUI\TestRunner->run()                                       
  #20 C:\opt\kotvrf\CatVRF\vendor\phpunit\phpunit\phpunit(104): PHPUnit\TextU  
  I\Application->run()                                                         
  #21 {main}                                                                   
                                                                               


In CosmeticOrder.php line 9:
                                                                               
  During class fetch: Uncaught ParseError: syntax error, unexpected token "tr  
  ait", expecting "abstract" or "final" or "readonly" or "class" in C:\opt\ko  
  tvrf\CatVRF\app\Traits\TenantScoped.php:7                                    
  Stack trace:                                                                 
  #0 C:\opt\kotvrf\CatVRF\vendor\composer\ClassLoader.php(427): Composer\Auto  
  load\{closure}()                                                             
  #1 C:\opt\kotvrf\CatVRF\app\Domains\Cosmetics\Models\CosmeticOrder.php(9):   
  Composer\Autoload\ClassLoader->loadClass()                                   
  #2 C:\opt\kotvrf\CatVRF\vendor\composer\ClassLoader.php(576): include('...'  
  )                                                                            
  #3 C:\opt\kotvrf\CatVRF\vendor\composer\ClassLoader.php(427): Composer\Auto  
  load\{closure}()                                                             
  #4 C:\opt\kotvrf\CatVRF\vendor\laravel\framework\src\Illuminate\Database\El  
  oquent\Factories\Factory.php(928): Composer\Autoload\ClassLoader->loadClass  
  ()                                                                           
  #5 C:\opt\kotvrf\CatVRF\vendor\laravel\framework\src\Illuminate\Database\El  
  oquent\Factories\Factory.php(513): Illuminate\Database\Eloquent\Factories\F  
  actory->newModel()                                                           
  #6 C:\opt\kotvrf\CatVRF\vendor\laravel\framework\src\Illuminate\Database\El  
  oquent\Concerns\GuardsAttributes.php(157): Illuminate\Database\Eloquent\Fac  
  tories\Factory->Illuminate\Database\Eloquent\Factories\{closure}()           
  #7 C:\opt\kotvrf\CatVRF\vendor\laravel\framework\src\Illuminate\Database\El  
  oquent\Factories\Factory.php(512): Illuminate\Database\Eloquent\Model::ungu  
  arded()                                                                      
  #8 C:\opt\kotvrf\CatVRF\vendor\laravel\framework\src\Illuminate\Database\El  
  oquent\Factories\Factory.php(429): Illuminate\Database\Eloquent\Factories\F  
  actory->makeInstance()                                                       
  #9 C:\opt\kotvrf\CatVRF\vendor\laravel\framework\src\Illuminate\Database\El  
  oquent\Factories\Factory.php(318): Illuminate\Database\Eloquent\Factories\F  
  actory->make()                                                               
  #10 C:\opt\kotvrf\CatVRF\vendor\laravel\framework\src\Illuminate\Database\E  
  loquent\Factories\Factory.php(315): Illuminate\Database\Eloquent\Factories\  
  Factory->create()                                                            
  #11 C:\opt\kotvrf\CatVRF\tests\Feature\Cosmetics\CosmeticTest.php(61): Illu  
  minate\Database\Eloquent\Factories\Factory->create()                         
  #12 C:\opt\kotvrf\CatVRF\vendor\phpunit\phpunit\src\Framework\TestCase.php(  
  1667): Tests\Feature\Cosmetics\CosmeticTest->test_order_status_transitions(  
  )                                                                            
  #13 C:\opt\kotvrf\CatVRF\vendor\phpunit\phpunit\src\Framework\TestCase.php(  
  519): PHPUnit\Framework\TestCase->runTest()                                  
  #14 C:\opt\kotvrf\CatVRF\vendor\phpunit\phpunit\src\Framework\TestRunner\Te  
  stRunner.php(87): PHPUnit\Framework\TestCase->runBare()                      
  #15 C:\opt\kotvrf\CatVRF\vendor\phpunit\phpunit\src\Framework\TestCase.php(  
  365): PHPUnit\Framework\TestRunner->run()                                    
  #16 C:\opt\kotvrf\CatVRF\vendor\phpunit\phpunit\src\Framework\TestSuite.php  
  (369): PHPUnit\Framework\TestCase->run()                                     
  #17 C:\opt\kotvrf\CatVRF\vendor\phpunit\phpunit\src\Framework\TestSuite.php  
  (369): PHPUnit\Framework\TestSuite->run()                                    
  #18 C:\opt\kotvrf\CatVRF\vendor\phpunit\phpunit\src\TextUI\TestRunner.php(6  
  4): PHPUnit\Framework\TestSuite->run()                                       
  #19 C:\opt\kotvrf\CatVRF\vendor\phpunit\phpunit\src\TextUI\Application.php(  
  211): PHPUnit\TextUI\TestRunner->run()                                       
  #20 C:\opt\kotvrf\CatVRF\vendor\phpunit\phpunit\phpunit(104): PHPUnit\TextU  
  I\Application->run()                                                         
  #21 {main}                                                                   
                                                                               


In CosmeticOrder.php line 9:
                                                                               
  During class fetch: Uncaught ParseError: syntax error, unexpected token "tr  
  ait", expecting "abstract" or "final" or "readonly" or "class" in C:\opt\ko  
  tvrf\CatVRF\app\Traits\TenantScoped.php:7                                    
  Stack trace:                                                                 
  #0 C:\opt\kotvrf\CatVRF\vendor\composer\ClassLoader.php(427): Composer\Auto  
  load\{closure}()                                                             
  #1 C:\opt\kotvrf\CatVRF\app\Domains\Cosmetics\Models\CosmeticOrder.php(9):   
  Composer\Autoload\ClassLoader->loadClass()                                   
  #2 C:\opt\kotvrf\CatVRF\vendor\composer\ClassLoader.php(576): include('...'  
  )                                                                            
  #3 C:\opt\kotvrf\CatVRF\vendor\composer\ClassLoader.php(427): Composer\Auto  
  load\{closure}()                                                             
  #4 C:\opt\kotvrf\CatVRF\vendor\laravel\framework\src\Illuminate\Database\El  
  oquent\Factories\Factory.php(928): Composer\Autoload\ClassLoader->loadClass  
  ()                                                                           
  #5 C:\opt\kotvrf\CatVRF\vendor\laravel\framework\src\Illuminate\Database\El  
  oquent\Factories\Factory.php(513): Illuminate\Database\Eloquent\Factories\F  
  actory->newModel()                                                           
  #6 C:\opt\kotvrf\CatVRF\vendor\laravel\framework\src\Illuminate\Database\El  
  oquent\Concerns\GuardsAttributes.php(157): Illuminate\Database\Eloquent\Fac  
  tories\Factory->Illuminate\Database\Eloquent\Factories\{closure}()           
  #7 C:\opt\kotvrf\CatVRF\vendor\laravel\framework\src\Illuminate\Database\El  
  oquent\Factories\Factory.php(512): Illuminate\Database\Eloquent\Model::ungu  
  arded()                                                                      
  #8 C:\opt\kotvrf\CatVRF\vendor\laravel\framework\src\Illuminate\Database\El  
  oquent\Factories\Factory.php(429): Illuminate\Database\Eloquent\Factories\F  
  actory->makeInstance()                                                       
  #9 C:\opt\kotvrf\CatVRF\vendor\laravel\framework\src\Illuminate\Database\El  
  oquent\Factories\Factory.php(318): Illuminate\Database\Eloquent\Factories\F  
  actory->make()                                                               
  #10 C:\opt\kotvrf\CatVRF\vendor\laravel\framework\src\Illuminate\Database\E  
  loquent\Factories\Factory.php(315): Illuminate\Database\Eloquent\Factories\  
  Factory->create()                                                            
  #11 C:\opt\kotvrf\CatVRF\tests\Feature\Cosmetics\CosmeticTest.php(61): Illu  
  minate\Database\Eloquent\Factories\Factory->create()                         
  #12 C:\opt\kotvrf\CatVRF\vendor\phpunit\phpunit\src\Framework\TestCase.php(  
  1667): Tests\Feature\Cosmetics\CosmeticTest->test_order_status_transitions(  
  )                                                                            
  #13 C:\opt\kotvrf\CatVRF\vendor\phpunit\phpunit\src\Framework\TestCase.php(  
  519): PHPUnit\Framework\TestCase->runTest()                                  
  #14 C:\opt\kotvrf\CatVRF\vendor\phpunit\phpunit\src\Framework\TestRunner\Te  
  stRunner.php(87): PHPUnit\Framework\TestCase->runBare()                      
  #15 C:\opt\kotvrf\CatVRF\vendor\phpunit\phpunit\src\Framework\TestCase.php(  
  365): PHPUnit\Framework\TestRunner->run()                                    
  #16 C:\opt\kotvrf\CatVRF\vendor\phpunit\phpunit\src\Framework\TestSuite.php  
  (369): PHPUnit\Framework\TestCase->run()                                     
  #17 C:\opt\kotvrf\CatVRF\vendor\phpunit\phpunit\src\Framework\TestSuite.php  
  (369): PHPUnit\Framework\TestSuite->run()                                    
  #18 C:\opt\kotvrf\CatVRF\vendor\phpunit\phpunit\src\TextUI\TestRunner.php(6  
  4): PHPUnit\Framework\TestSuite->run()                                       
  #19 C:\opt\kotvrf\CatVRF\vendor\phpunit\phpunit\src\TextUI\Application.php(  
  211): PHPUnit\TextUI\TestRunner->run()                                       
  #20 C:\opt\kotvrf\CatVRF\vendor\phpunit\phpunit\phpunit(104): PHPUnit\TextU  
  I\Application->run()                                                         
  #21 {main}                                                                   
                                                                               


In CosmeticOrder.php line 9:
                                                                               
  During class fetch: Uncaught ParseError: syntax error, unexpected token "tr  
  ait", expecting "abstract" or "final" or "readonly" or "class" in C:\opt\ko  
  tvrf\CatVRF\app\Traits\TenantScoped.php:7                                    
  Stack trace:                                                                 
  #0 C:\opt\kotvrf\CatVRF\vendor\composer\ClassLoader.php(427): Composer\Auto  
  load\{closure}()                                                             
  #1 C:\opt\kotvrf\CatVRF\app\Domains\Cosmetics\Models\CosmeticOrder.php(9):   
  Composer\Autoload\ClassLoader->loadClass()                                   
  #2 C:\opt\kotvrf\CatVRF\vendor\composer\ClassLoader.php(576): include('...'  
  )                                                                            
  #3 C:\opt\kotvrf\CatVRF\vendor\composer\ClassLoader.php(427): Composer\Auto  
  load\{closure}()                                                             
  #4 C:\opt\kotvrf\CatVRF\vendor\laravel\framework\src\Illuminate\Database\El  
  oquent\Factories\Factory.php(928): Composer\Autoload\ClassLoader->loadClass  
  ()                                                                           
  #5 C:\opt\kotvrf\CatVRF\vendor\laravel\framework\src\Illuminate\Database\El  
  oquent\Factories\Factory.php(513): Illuminate\Database\Eloquent\Factories\F  
  actory->newModel()                                                           
  #6 C:\opt\kotvrf\CatVRF\vendor\laravel\framework\src\Illuminate\Database\El  
  oquent\Concerns\GuardsAttributes.php(157): Illuminate\Database\Eloquent\Fac  
  tories\Factory->Illuminate\Database\Eloquent\Factories\{closure}()           
  #7 C:\opt\kotvrf\CatVRF\vendor\laravel\framework\src\Illuminate\Database\El  
  oquent\Factories\Factory.php(512): Illuminate\Database\Eloquent\Model::ungu  
  arded()                                                                      
  #8 C:\opt\kotvrf\CatVRF\vendor\laravel\framework\src\Illuminate\Database\El  
  oquent\Factories\Factory.php(429): Illuminate\Database\Eloquent\Factories\F  
  actory->makeInstance()                                                       
  #9 C:\opt\kotvrf\CatVRF\vendor\laravel\framework\src\Illuminate\Database\El  
  oquent\Factories\Factory.php(318): Illuminate\Database\Eloquent\Factories\F  
  actory->make()                                                               
  #10 C:\opt\kotvrf\CatVRF\vendor\laravel\framework\src\Illuminate\Database\E  
  loquent\Factories\Factory.php(315): Illuminate\Database\Eloquent\Factories\  
  Factory->create()                                                            
  #11 C:\opt\kotvrf\CatVRF\tests\Feature\Cosmetics\CosmeticTest.php(61): Illu  
  minate\Database\Eloquent\Factories\Factory->create()                         
  #12 C:\opt\kotvrf\CatVRF\vendor\phpunit\phpunit\src\Framework\TestCase.php(  
  1667): Tests\Feature\Cosmetics\CosmeticTest->test_order_status_transitions(  
  )                                                                            
  #13 C:\opt\kotvrf\CatVRF\vendor\phpunit\phpunit\src\Framework\TestCase.php(  
  519): PHPUnit\Framework\TestCase->runTest()                                  
  #14 C:\opt\kotvrf\CatVRF\vendor\phpunit\phpunit\src\Framework\TestRunner\Te  
  stRunner.php(87): PHPUnit\Framework\TestCase->runBare()                      
  #15 C:\opt\kotvrf\CatVRF\vendor\phpunit\phpunit\src\Framework\TestCase.php(  
  365): PHPUnit\Framework\TestRunner->run()                                    
  #16 C:\opt\kotvrf\CatVRF\vendor\phpunit\phpunit\src\Framework\TestSuite.php  
  (369): PHPUnit\Framework\TestCase->run()                                     
  #17 C:\opt\kotvrf\CatVRF\vendor\phpunit\phpunit\src\Framework\TestSuite.php  
  (369): PHPUnit\Framework\TestSuite->run()                                    
  #18 C:\opt\kotvrf\CatVRF\vendor\phpunit\phpunit\src\TextUI\TestRunner.php(6  
  4): PHPUnit\Framework\TestSuite->run()                                       
  #19 C:\opt\kotvrf\CatVRF\vendor\phpunit\phpunit\src\TextUI\Application.php(  
  211): PHPUnit\TextUI\TestRunner->run()                                       
  #20 C:\opt\kotvrf\CatVRF\vendor\phpunit\phpunit\phpunit(104): PHPUnit\TextU  
  I\Application->run()                                                         
  #21 {main}                                                                   
                                                                               


In CosmeticOrder.php line 9:
                                                                               
  During class fetch: Uncaught ParseError: syntax error, unexpected token "tr  
  ait", expecting "abstract" or "final" or "readonly" or "class" in C:\opt\ko  
  tvrf\CatVRF\app\Traits\TenantScoped.php:7                                    
  Stack trace:                                                                 
  #0 C:\opt\kotvrf\CatVRF\vendor\composer\ClassLoader.php(427): Composer\Auto  
  load\{closure}()                                                             
  #1 C:\opt\kotvrf\CatVRF\app\Domains\Cosmetics\Models\CosmeticOrder.php(9):   
  Composer\Autoload\ClassLoader->loadClass()                                   
  #2 C:\opt\kotvrf\CatVRF\vendor\composer\ClassLoader.php(576): include('...'  
  )                                                                            
  #3 C:\opt\kotvrf\CatVRF\vendor\composer\ClassLoader.php(427): Composer\Auto  
  load\{closure}()                                                             
  #4 C:\opt\kotvrf\CatVRF\vendor\laravel\framework\src\Illuminate\Database\El  
  oquent\Factories\Factory.php(928): Composer\Autoload\ClassLoader->loadClass  
  ()                                                                           
  #5 C:\opt\kotvrf\CatVRF\vendor\laravel\framework\src\Illuminate\Database\El  
  oquent\Factories\Factory.php(513): Illuminate\Database\Eloquent\Factories\F  
  actory->newModel()                                                           
  #6 C:\opt\kotvrf\CatVRF\vendor\laravel\framework\src\Illuminate\Database\El  
  oquent\Concerns\GuardsAttributes.php(157): Illuminate\Database\Eloquent\Fac  
  tories\Factory->Illuminate\Database\Eloquent\Factories\{closure}()           
  #7 C:\opt\kotvrf\CatVRF\vendor\laravel\framework\src\Illuminate\Database\El  
  oquent\Factories\Factory.php(512): Illuminate\Database\Eloquent\Model::ungu  
  arded()                                                                      
  #8 C:\opt\kotvrf\CatVRF\vendor\laravel\framework\src\Illuminate\Database\El  
  oquent\Factories\Factory.php(429): Illuminate\Database\Eloquent\Factories\F  
  actory->makeInstance()                                                       
  #9 C:\opt\kotvrf\CatVRF\vendor\laravel\framework\src\Illuminate\Database\El  
  oquent\Factories\Factory.php(318): Illuminate\Database\Eloquent\Factories\F  
  actory->make()                                                               
  #10 C:\opt\kotvrf\CatVRF\vendor\laravel\framework\src\Illuminate\Database\E  
  loquent\Factories\Factory.php(315): Illuminate\Database\Eloquent\Factories\  
  Factory->create()                                                            
  #11 C:\opt\kotvrf\CatVRF\tests\Feature\Cosmetics\CosmeticTest.php(61): Illu  
  minate\Database\Eloquent\Factories\Factory->create()                         
  #12 C:\opt\kotvrf\CatVRF\vendor\phpunit\phpunit\src\Framework\TestCase.php(  
  1667): Tests\Feature\Cosmetics\CosmeticTest->test_order_status_transitions(  
  )                                                                            
  #13 C:\opt\kotvrf\CatVRF\vendor\phpunit\phpunit\src\Framework\TestCase.php(  
  519): PHPUnit\Framework\TestCase->runTest()                                  
  #14 C:\opt\kotvrf\CatVRF\vendor\phpunit\phpunit\src\Framework\TestRunner\Te  
  stRunner.php(87): PHPUnit\Framework\TestCase->runBare()                      
  #15 C:\opt\kotvrf\CatVRF\vendor\phpunit\phpunit\src\Framework\TestCase.php(  
  365): PHPUnit\Framework\TestRunner->run()                                    
  #16 C:\opt\kotvrf\CatVRF\vendor\phpunit\phpunit\src\Framework\TestSuite.php  
  (369): PHPUnit\Framework\TestCase->run()                                     
  #17 C:\opt\kotvrf\CatVRF\vendor\phpunit\phpunit\src\Framework\TestSuite.php  
  (369): PHPUnit\Framework\TestSuite->run()                                    
  #18 C:\opt\kotvrf\CatVRF\vendor\phpunit\phpunit\src\TextUI\TestRunner.php(6  
  4): PHPUnit\Framework\TestSuite->run()                                       
  #19 C:\opt\kotvrf\CatVRF\vendor\phpunit\phpunit\src\TextUI\Application.php(  
  211): PHPUnit\TextUI\TestRunner->run()                                       
  #20 C:\opt\kotvrf\CatVRF\vendor\phpunit\phpunit\phpunit(104): PHPUnit\TextU  
  I\Application->run()                                                         
  #21 {main}                                                                   
                                                                               


In CosmeticOrder.php line 9:
                                                                               
  During class fetch: Uncaught ParseError: syntax error, unexpected token "tr  
  ait", expecting "abstract" or "final" or "readonly" or "class" in C:\opt\ko  
  tvrf\CatVRF\app\Traits\TenantScoped.php:7                                    
  Stack trace:                                                                 
  #0 C:\opt\kotvrf\CatVRF\vendor\composer\ClassLoader.php(427): Composer\Auto  
  load\{closure}()                                                             
  #1 C:\opt\kotvrf\CatVRF\app\Domains\Cosmetics\Models\CosmeticOrder.php(9):   
  Composer\Autoload\ClassLoader->loadClass()                                   
  #2 C:\opt\kotvrf\CatVRF\vendor\composer\ClassLoader.php(576): include('...'  
  )                                                                            
  #3 C:\opt\kotvrf\CatVRF\vendor\composer\ClassLoader.php(427): Composer\Auto  
  load\{closure}()                                                             
  #4 C:\opt\kotvrf\CatVRF\vendor\laravel\framework\src\Illuminate\Database\El  
  oquent\Factories\Factory.php(928): Composer\Autoload\ClassLoader->loadClass  
  ()                                                                           
  #5 C:\opt\kotvrf\CatVRF\vendor\laravel\framework\src\Illuminate\Database\El  
  oquent\Factories\Factory.php(513): Illuminate\Database\Eloquent\Factories\F  
  actory->newModel()                                                           
  #6 C:\opt\kotvrf\CatVRF\vendor\laravel\framework\src\Illuminate\Database\El  
  oquent\Concerns\GuardsAttributes.php(157): Illuminate\Database\Eloquent\Fac  
  tories\Factory->Illuminate\Database\Eloquent\Factories\{closure}()           
  #7 C:\opt\kotvrf\CatVRF\vendor\laravel\framework\src\Illuminate\Database\El  
  oquent\Factories\Factory.php(512): Illuminate\Database\Eloquent\Model::ungu  
  arded()                                                                      
  #8 C:\opt\kotvrf\CatVRF\vendor\laravel\framework\src\Illuminate\Database\El  
  oquent\Factories\Factory.php(429): Illuminate\Database\Eloquent\Factories\F  
  actory->makeInstance()                                                       
  #9 C:\opt\kotvrf\CatVRF\vendor\laravel\framework\src\Illuminate\Database\El  
  oquent\Factories\Factory.php(318): Illuminate\Database\Eloquent\Factories\F  
  actory->make()                                                               
  #10 C:\opt\kotvrf\CatVRF\vendor\laravel\framework\src\Illuminate\Database\E  
  loquent\Factories\Factory.php(315): Illuminate\Database\Eloquent\Factories\  
  Factory->create()                                                            
  #11 C:\opt\kotvrf\CatVRF\tests\Feature\Cosmetics\CosmeticTest.php(61): Illu  
  minate\Database\Eloquent\Factories\Factory->create()                         
  #12 C:\opt\kotvrf\CatVRF\vendor\phpunit\phpunit\src\Framework\TestCase.php(  
  1667): Tests\Feature\Cosmetics\CosmeticTest->test_order_status_transitions(  
  )                                                                            
  #13 C:\opt\kotvrf\CatVRF\vendor\phpunit\phpunit\src\Framework\TestCase.php(  
  519): PHPUnit\Framework\TestCase->runTest()                                  
  #14 C:\opt\kotvrf\CatVRF\vendor\phpunit\phpunit\src\Framework\TestRunner\Te  
  stRunner.php(87): PHPUnit\Framework\TestCase->runBare()                      
  #15 C:\opt\kotvrf\CatVRF\vendor\phpunit\phpunit\src\Framework\TestCase.php(  
  365): PHPUnit\Framework\TestRunner->run()                                    
  #16 C:\opt\kotvrf\CatVRF\vendor\phpunit\phpunit\src\Framework\TestSuite.php  
  (369): PHPUnit\Framework\TestCase->run()                                     
  #17 C:\opt\kotvrf\CatVRF\vendor\phpunit\phpunit\src\Framework\TestSuite.php  
  (369): PHPUnit\Framework\TestSuite->run()                                    
  #18 C:\opt\kotvrf\CatVRF\vendor\phpunit\phpunit\src\TextUI\TestRunner.php(6  
  4): PHPUnit\Framework\TestSuite->run()                                       
  #19 C:\opt\kotvrf\CatVRF\vendor\phpunit\phpunit\src\TextUI\Application.php(  
  211): PHPUnit\TextUI\TestRunner->run()                                       
  #20 C:\opt\kotvrf\CatVRF\vendor\phpunit\phpunit\phpunit(104): PHPUnit\TextU  
  I\Application->run()                                                         
  #21 {main}                                                                   
                                                                               


In CosmeticOrder.php line 9:
                                                                               
  During class fetch: Uncaught ParseError: syntax error, unexpected token "tr  
  ait", expecting "abstract" or "final" or "readonly" or "class" in C:\opt\ko  
  tvrf\CatVRF\app\Traits\TenantScoped.php:7                                    
  Stack trace:                                                                 
  #0 C:\opt\kotvrf\CatVRF\vendor\composer\ClassLoader.php(427): Composer\Auto  
  load\{closure}()                                                             
  #1 C:\opt\kotvrf\CatVRF\app\Domains\Cosmetics\Models\CosmeticOrder.php(9):   
  Composer\Autoload\ClassLoader->loadClass()                                   
  #2 C:\opt\kotvrf\CatVRF\vendor\composer\ClassLoader.php(576): include('...'  
  )                                                                            
  #3 C:\opt\kotvrf\CatVRF\vendor\composer\ClassLoader.php(427): Composer\Auto  
  load\{closure}()                                                             
  #4 C:\opt\kotvrf\CatVRF\vendor\laravel\framework\src\Illuminate\Database\El  
  oquent\Factories\Factory.php(928): Composer\Autoload\ClassLoader->loadClass  
  ()                                                                           
  #5 C:\opt\kotvrf\CatVRF\vendor\laravel\framework\src\Illuminate\Database\El  
  oquent\Factories\Factory.php(513): Illuminate\Database\Eloquent\Factories\F  
  actory->newModel()                                                           
  #6 C:\opt\kotvrf\CatVRF\vendor\laravel\framework\src\Illuminate\Database\El  
  oquent\Concerns\GuardsAttributes.php(157): Illuminate\Database\Eloquent\Fac  
  tories\Factory->Illuminate\Database\Eloquent\Factories\{closure}()           
  #7 C:\opt\kotvrf\CatVRF\vendor\laravel\framework\src\Illuminate\Database\El  
  oquent\Factories\Factory.php(512): Illuminate\Database\Eloquent\Model::ungu  
  arded()                                                                      
  #8 C:\opt\kotvrf\CatVRF\vendor\laravel\framework\src\Illuminate\Database\El  
  oquent\Factories\Factory.php(429): Illuminate\Database\Eloquent\Factories\F  
  actory->makeInstance()                                                       
  #9 C:\opt\kotvrf\CatVRF\vendor\laravel\framework\src\Illuminate\Database\El  
  oquent\Factories\Factory.php(318): Illuminate\Database\Eloquent\Factories\F  
  actory->make()                                                               
  #10 C:\opt\kotvrf\CatVRF\vendor\laravel\framework\src\Illuminate\Database\E  
  loquent\Factories\Factory.php(315): Illuminate\Database\Eloquent\Factories\  
  Factory->create()                                                            
  #11 C:\opt\kotvrf\CatVRF\tests\Feature\Cosmetics\CosmeticTest.php(61): Illu  
  minate\Database\Eloquent\Factories\Factory->create()                         
  #12 C:\opt\kotvrf\CatVRF\vendor\phpunit\phpunit\src\Framework\TestCase.php(  
  1667): Tests\Feature\Cosmetics\CosmeticTest->test_order_status_transitions(  
  )                                                                            
  #13 C:\opt\kotvrf\CatVRF\vendor\phpunit\phpunit\src\Framework\TestCase.php(  
  519): PHPUnit\Framework\TestCase->runTest()                                  
  #14 C:\opt\kotvrf\CatVRF\vendor\phpunit\phpunit\src\Framework\TestRunner\Te  
  stRunner.php(87): PHPUnit\Framework\TestCase->runBare()                      
  #15 C:\opt\kotvrf\CatVRF\vendor\phpunit\phpunit\src\Framework\TestCase.php(  
  365): PHPUnit\Framework\TestRunner->run()                                    
  #16 C:\opt\kotvrf\CatVRF\vendor\phpunit\phpunit\src\Framework\TestSuite.php  
  (369): PHPUnit\Framework\TestCase->run()                                     
  #17 C:\opt\kotvrf\CatVRF\vendor\phpunit\phpunit\src\Framework\TestSuite.php  
  (369): PHPUnit\Framework\TestSuite->run()                                    
  #18 C:\opt\kotvrf\CatVRF\vendor\phpunit\phpunit\src\TextUI\TestRunner.php(6  
  4): PHPUnit\Framework\TestSuite->run()                                       
  #19 C:\opt\kotvrf\CatVRF\vendor\phpunit\phpunit\src\TextUI\Application.php(  
  211): PHPUnit\TextUI\TestRunner->run()                                       
  #20 C:\opt\kotvrf\CatVRF\vendor\phpunit\phpunit\phpunit(104): PHPUnit\TextU  
  I\Application->run()                                                         
  #21 {main}                                                                   
                                                                               


In CosmeticOrder.php line 9:
                                                                               
  During class fetch: Uncaught ParseError: syntax error, unexpected token "tr  
  ait", expecting "abstract" or "final" or "readonly" or "class" in C:\opt\ko  
  tvrf\CatVRF\app\Traits\TenantScoped.php:7                                    
  Stack trace:                                                                 
  #0 C:\opt\kotvrf\CatVRF\vendor\composer\ClassLoader.php(427): Composer\Auto  
  load\{closure}()                                                             
  #1 C:\opt\kotvrf\CatVRF\app\Domains\Cosmetics\Models\CosmeticOrder.php(9):   
  Composer\Autoload\ClassLoader->loadClass()                                   
  #2 C:\opt\kotvrf\CatVRF\vendor\composer\ClassLoader.php(576): include('...'  
  )                                                                            
  #3 C:\opt\kotvrf\CatVRF\vendor\composer\ClassLoader.php(427): Composer\Auto  
  load\{closure}()                                                             
  #4 C:\opt\kotvrf\CatVRF\vendor\laravel\framework\src\Illuminate\Database\El  
  oquent\Factories\Factory.php(928): Composer\Autoload\ClassLoader->loadClass  
  ()                                                                           
  #5 C:\opt\kotvrf\CatVRF\vendor\laravel\framework\src\Illuminate\Database\El  
  oquent\Factories\Factory.php(513): Illuminate\Database\Eloquent\Factories\F  
  actory->newModel()                                                           
  #6 C:\opt\kotvrf\CatVRF\vendor\laravel\framework\src\Illuminate\Database\El  
  oquent\Concerns\GuardsAttributes.php(157): Illuminate\Database\Eloquent\Fac  
  tories\Factory->Illuminate\Database\Eloquent\Factories\{closure}()           
  #7 C:\opt\kotvrf\CatVRF\vendor\laravel\framework\src\Illuminate\Database\El  
  oquent\Factories\Factory.php(512): Illuminate\Database\Eloquent\Model::ungu  
  arded()                                                                      
  #8 C:\opt\kotvrf\CatVRF\vendor\laravel\framework\src\Illuminate\Database\El  
  oquent\Factories\Factory.php(429): Illuminate\Database\Eloquent\Factories\F  
  actory->makeInstance()                                                       
  #9 C:\opt\kotvrf\CatVRF\vendor\laravel\framework\src\Illuminate\Database\El  
  oquent\Factories\Factory.php(318): Illuminate\Database\Eloquent\Factories\F  
  actory->make()                                                               
  #10 C:\opt\kotvrf\CatVRF\vendor\laravel\framework\src\Illuminate\Database\E  
  loquent\Factories\Factory.php(315): Illuminate\Database\Eloquent\Factories\  
  Factory->create()                                                            
  #11 C:\opt\kotvrf\CatVRF\tests\Feature\Cosmetics\CosmeticTest.php(61): Illu  
  minate\Database\Eloquent\Factories\Factory->create()                         
  #12 C:\opt\kotvrf\CatVRF\vendor\phpunit\phpunit\src\Framework\TestCase.php(  
  1667): Tests\Feature\Cosmetics\CosmeticTest->test_order_status_transitions(  
  )                                                                            
  #13 C:\opt\kotvrf\CatVRF\vendor\phpunit\phpunit\src\Framework\TestCase.php(  
  519): PHPUnit\Framework\TestCase->runTest()                                  
  #14 C:\opt\kotvrf\CatVRF\vendor\phpunit\phpunit\src\Framework\TestRunner\Te  
  stRunner.php(87): PHPUnit\Framework\TestCase->runBare()                      
  #15 C:\opt\kotvrf\CatVRF\vendor\phpunit\phpunit\src\Framework\TestCase.php(  
  365): PHPUnit\Framework\TestRunner->run()                                    
  #16 C:\opt\kotvrf\CatVRF\vendor\phpunit\phpunit\src\Framework\TestSuite.php  
  (369): PHPUnit\Framework\TestCase->run()                                     
  #17 C:\opt\kotvrf\CatVRF\vendor\phpunit\phpunit\src\Framework\TestSuite.php  
  (369): PHPUnit\Framework\TestSuite->run()                                    
  #18 C:\opt\kotvrf\CatVRF\vendor\phpunit\phpunit\src\TextUI\TestRunner.php(6  
  4): PHPUnit\Framework\TestSuite->run()                                       
  #19 C:\opt\kotvrf\CatVRF\vendor\phpunit\phpunit\src\TextUI\Application.php(  
  211): PHPUnit\TextUI\TestRunner->run()                                       
  #20 C:\opt\kotvrf\CatVRF\vendor\phpunit\phpunit\phpunit(104): PHPUnit\TextU  
  I\Application->run()                                                         
  #21 {main}                                                                   
                                                                               


In CosmeticOrder.php line 9:
                                                                               
  During class fetch: Uncaught ParseError: syntax error, unexpected token "tr  
  ait", expecting "abstract" or "final" or "readonly" or "class" in C:\opt\ko  
  tvrf\CatVRF\app\Traits\TenantScoped.php:7                                    
  Stack trace:                                                                 
  #0 C:\opt\kotvrf\CatVRF\vendor\composer\ClassLoader.php(427): Composer\Auto  
  load\{closure}()                                                             
  #1 C:\opt\kotvrf\CatVRF\app\Domains\Cosmetics\Models\CosmeticOrder.php(9):   
  Composer\Autoload\ClassLoader->loadClass()                                   
  #2 C:\opt\kotvrf\CatVRF\vendor\composer\ClassLoader.php(576): include('...'  
  )                                                                            
  #3 C:\opt\kotvrf\CatVRF\vendor\composer\ClassLoader.php(427): Composer\Auto  
  load\{closure}()                                                             
  #4 C:\opt\kotvrf\CatVRF\vendor\laravel\framework\src\Illuminate\Database\El  
  oquent\Factories\Factory.php(928): Composer\Autoload\ClassLoader->loadClass  
  ()                                                                           
  #5 C:\opt\kotvrf\CatVRF\vendor\laravel\framework\src\Illuminate\Database\El  
  oquent\Factories\Factory.php(513): Illuminate\Database\Eloquent\Factories\F  
  actory->newModel()                                                           
  #6 C:\opt\kotvrf\CatVRF\vendor\laravel\framework\src\Illuminate\Database\El  
  oquent\Concerns\GuardsAttributes.php(157): Illuminate\Database\Eloquent\Fac  
  tories\Factory->Illuminate\Database\Eloquent\Factories\{closure}()           
  #7 C:\opt\kotvrf\CatVRF\vendor\laravel\framework\src\Illuminate\Database\El  
  oquent\Factories\Factory.php(512): Illuminate\Database\Eloquent\Model::ungu  
  arded()                                                                      
  #8 C:\opt\kotvrf\CatVRF\vendor\laravel\framework\src\Illuminate\Database\El  
  oquent\Factories\Factory.php(429): Illuminate\Database\Eloquent\Factories\F  
  actory->makeInstance()                                                       
  #9 C:\opt\kotvrf\CatVRF\vendor\laravel\framework\src\Illuminate\Database\El  
  oquent\Factories\Factory.php(318): Illuminate\Database\Eloquent\Factories\F  
  actory->make()                                                               
  #10 C:\opt\kotvrf\CatVRF\vendor\laravel\framework\src\Illuminate\Database\E  
  loquent\Factories\Factory.php(315): Illuminate\Database\Eloquent\Factories\  
  Factory->create()                                                            
  #11 C:\opt\kotvrf\CatVRF\tests\Feature\Cosmetics\CosmeticTest.php(61): Illu  
  minate\Database\Eloquent\Factories\Factory->create()                         
  #12 C:\opt\kotvrf\CatVRF\vendor\phpunit\phpunit\src\Framework\TestCase.php(  
  1667): Tests\Feature\Cosmetics\CosmeticTest->test_order_status_transitions(  
  )                                                                            
  #13 C:\opt\kotvrf\CatVRF\vendor\phpunit\phpunit\src\Framework\TestCase.php(  
  519): PHPUnit\Framework\TestCase->runTest()                                  
  #14 C:\opt\kotvrf\CatVRF\vendor\phpunit\phpunit\src\Framework\TestRunner\Te  
  stRunner.php(87): PHPUnit\Framework\TestCase->runBare()                      
  #15 C:\opt\kotvrf\CatVRF\vendor\phpunit\phpunit\src\Framework\TestCase.php(  
  365): PHPUnit\Framework\TestRunner->run()                                    
  #16 C:\opt\kotvrf\CatVRF\vendor\phpunit\phpunit\src\Framework\TestSuite.php  
  (369): PHPUnit\Framework\TestCase->run()                                     
  #17 C:\opt\kotvrf\CatVRF\vendor\phpunit\phpunit\src\Framework\TestSuite.php  
  (369): PHPUnit\Framework\TestSuite->run()                                    
  #18 C:\opt\kotvrf\CatVRF\vendor\phpunit\phpunit\src\TextUI\TestRunner.php(6  
  4): PHPUnit\Framework\TestSuite->run()                                       
  #19 C:\opt\kotvrf\CatVRF\vendor\phpunit\phpunit\src\TextUI\Application.php(  
  211): PHPUnit\TextUI\TestRunner->run()                                       
  #20 C:\opt\kotvrf\CatVRF\vendor\phpunit\phpunit\phpunit(104): PHPUnit\TextU  
  I\Application->run()                                                         
  #21 {main}                                                                   
                                                                               


In CosmeticOrder.php line 9:
                                                                               
  During class fetch: Uncaught ParseError: syntax error, unexpected token "tr  
  ait", expecting "abstract" or "final" or "readonly" or "class" in C:\opt\ko  
  tvrf\CatVRF\app\Traits\TenantScoped.php:7                                    
  Stack trace:                                                                 
  #0 C:\opt\kotvrf\CatVRF\vendor\composer\ClassLoader.php(427): Composer\Auto  
  load\{closure}()                                                             
  #1 C:\opt\kotvrf\CatVRF\app\Domains\Cosmetics\Models\CosmeticOrder.php(9):   
  Composer\Autoload\ClassLoader->loadClass()                                   
  #2 C:\opt\kotvrf\CatVRF\vendor\composer\ClassLoader.php(576): include('...'  
  )                                                                            
  #3 C:\opt\kotvrf\CatVRF\vendor\composer\ClassLoader.php(427): Composer\Auto  
  load\{closure}()                                                             
  #4 C:\opt\kotvrf\CatVRF\vendor\laravel\framework\src\Illuminate\Database\El  
  oquent\Factories\Factory.php(928): Composer\Autoload\ClassLoader->loadClass  
  ()                                                                           
  #5 C:\opt\kotvrf\CatVRF\vendor\laravel\framework\src\Illuminate\Database\El  
  oquent\Factories\Factory.php(513): Illuminate\Database\Eloquent\Factories\F  
  actory->newModel()                                                           
  #6 C:\opt\kotvrf\CatVRF\vendor\laravel\framework\src\Illuminate\Database\El  
  oquent\Concerns\GuardsAttributes.php(157): Illuminate\Database\Eloquent\Fac  
  tories\Factory->Illuminate\Database\Eloquent\Factories\{closure}()           
  #7 C:\opt\kotvrf\CatVRF\vendor\laravel\framework\src\Illuminate\Database\El  
  oquent\Factories\Factory.php(512): Illuminate\Database\Eloquent\Model::ungu  
  arded()                                                                      
  #8 C:\opt\kotvrf\CatVRF\vendor\laravel\framework\src\Illuminate\Database\El  
  oquent\Factories\Factory.php(429): Illuminate\Database\Eloquent\Factories\F  
  actory->makeInstance()                                                       
  #9 C:\opt\kotvrf\CatVRF\vendor\laravel\framework\src\Illuminate\Database\El  
  oquent\Factories\Factory.php(318): Illuminate\Database\Eloquent\Factories\F  
  actory->make()                                                               
  #10 C:\opt\kotvrf\CatVRF\vendor\laravel\framework\src\Illuminate\Database\E  
  loquent\Factories\Factory.php(315): Illuminate\Database\Eloquent\Factories\  
  Factory->create()                                                            
  #11 C:\opt\kotvrf\CatVRF\tests\Feature\Cosmetics\CosmeticTest.php(61): Illu  
  minate\Database\Eloquent\Factories\Factory->create()                         
  #12 C:\opt\kotvrf\CatVRF\vendor\phpunit\phpunit\src\Framework\TestCase.php(  
  1667): Tests\Feature\Cosmetics\CosmeticTest->test_order_status_transitions(  
  )                                                                            
  #13 C:\opt\kotvrf\CatVRF\vendor\phpunit\phpunit\src\Framework\TestCase.php(  
  519): PHPUnit\Framework\TestCase->runTest()                                  
  #14 C:\opt\kotvrf\CatVRF\vendor\phpunit\phpunit\src\Framework\TestRunner\Te  
  stRunner.php(87): PHPUnit\Framework\TestCase->runBare()                      
  #15 C:\opt\kotvrf\CatVRF\vendor\phpunit\phpunit\src\Framework\TestCase.php(  
  365): PHPUnit\Framework\TestRunner->run()                                    
  #16 C:\opt\kotvrf\CatVRF\vendor\phpunit\phpunit\src\Framework\TestSuite.php  
  (369): PHPUnit\Framework\TestCase->run()                                     
  #17 C:\opt\kotvrf\CatVRF\vendor\phpunit\phpunit\src\Framework\TestSuite.php  
  (369): PHPUnit\Framework\TestSuite->run()                                    
  #18 C:\opt\kotvrf\CatVRF\vendor\phpunit\phpunit\src\TextUI\TestRunner.php(6  
  4): PHPUnit\Framework\TestSuite->run()                                       
  #19 C:\opt\kotvrf\CatVRF\vendor\phpunit\phpunit\src\TextUI\Application.php(  
  211): PHPUnit\TextUI\TestRunner->run()                                       
  #20 C:\opt\kotvrf\CatVRF\vendor\phpunit\phpunit\phpunit(104): PHPUnit\TextU  
  I\Application->run()                                                         
  #21 {main}                                                                   
                                                                               


In CosmeticOrder.php line 9:
                                                                               
  During class fetch: Uncaught ParseError: syntax error, unexpected token "tr  
  ait", expecting "abstract" or "final" or "readonly" or "class" in C:\opt\ko  
  tvrf\CatVRF\app\Traits\TenantScoped.php:7                                    
  Stack trace:                                                                 
  #0 C:\opt\kotvrf\CatVRF\vendor\composer\ClassLoader.php(427): Composer\Auto  
  load\{closure}()                                                             
  #1 C:\opt\kotvrf\CatVRF\app\Domains\Cosmetics\Models\CosmeticOrder.php(9):   
  Composer\Autoload\ClassLoader->loadClass()                                   
  #2 C:\opt\kotvrf\CatVRF\vendor\composer\ClassLoader.php(576): include('...'  
  )                                                                            
  #3 C:\opt\kotvrf\CatVRF\vendor\composer\ClassLoader.php(427): Composer\Auto  
  load\{closure}()                                                             
  #4 C:\opt\kotvrf\CatVRF\vendor\laravel\framework\src\Illuminate\Database\El  
  oquent\Factories\Factory.php(928): Composer\Autoload\ClassLoader->loadClass  
  ()                                                                           
  #5 C:\opt\kotvrf\CatVRF\vendor\laravel\framework\src\Illuminate\Database\El  
  oquent\Factories\Factory.php(513): Illuminate\Database\Eloquent\Factories\F  
  actory->newModel()                                                           
  #6 C:\opt\kotvrf\CatVRF\vendor\laravel\framework\src\Illuminate\Database\El  
  oquent\Concerns\GuardsAttributes.php(157): Illuminate\Database\Eloquent\Fac  
  tories\Factory->Illuminate\Database\Eloquent\Factories\{closure}()           
  #7 C:\opt\kotvrf\CatVRF\vendor\laravel\framework\src\Illuminate\Database\El  
  oquent\Factories\Factory.php(512): Illuminate\Database\Eloquent\Model::ungu  
  arded()                                                                      
  #8 C:\opt\kotvrf\CatVRF\vendor\laravel\framework\src\Illuminate\Database\El  
  oquent\Factories\Factory.php(429): Illuminate\Database\Eloquent\Factories\F  
  actory->makeInstance()                                                       
  #9 C:\opt\kotvrf\CatVRF\vendor\laravel\framework\src\Illuminate\Database\El  
  oquent\Factories\Factory.php(318): Illuminate\Database\Eloquent\Factories\F  
  actory->make()                                                               
  #10 C:\opt\kotvrf\CatVRF\vendor\laravel\framework\src\Illuminate\Database\E  
  loquent\Factories\Factory.php(315): Illuminate\Database\Eloquent\Factories\  
  Factory->create()                                                            
  #11 C:\opt\kotvrf\CatVRF\tests\Feature\Cosmetics\CosmeticTest.php(61): Illu  
  minate\Database\Eloquent\Factories\Factory->create()                         
  #12 C:\opt\kotvrf\CatVRF\vendor\phpunit\phpunit\src\Framework\TestCase.php(  
  1667): Tests\Feature\Cosmetics\CosmeticTest->test_order_status_transitions(  
  )                                                                            
  #13 C:\opt\kotvrf\CatVRF\vendor\phpunit\phpunit\src\Framework\TestCase.php(  
  519): PHPUnit\Framework\TestCase->runTest()                                  
  #14 C:\opt\kotvrf\CatVRF\vendor\phpunit\phpunit\src\Framework\TestRunner\Te  
  stRunner.php(87): PHPUnit\Framework\TestCase->runBare()                      
  #15 C:\opt\kotvrf\CatVRF\vendor\phpunit\phpunit\src\Framework\TestCase.php(  
  365): PHPUnit\Framework\TestRunner->run()                                    
  #16 C:\opt\kotvrf\CatVRF\vendor\phpunit\phpunit\src\Framework\TestSuite.php  
  (369): PHPUnit\Framework\TestCase->run()                                     
  #17 C:\opt\kotvrf\CatVRF\vendor\phpunit\phpunit\src\Framework\TestSuite.php  
  (369): PHPUnit\Framework\TestSuite->run()                                    
  #18 C:\opt\kotvrf\CatVRF\vendor\phpunit\phpunit\src\TextUI\TestRunner.php(6  
  4): PHPUnit\Framework\TestSuite->run()                                       
  #19 C:\opt\kotvrf\CatVRF\vendor\phpunit\phpunit\src\TextUI\Application.php(  
  211): PHPUnit\TextUI\TestRunner->run()                                       
  #20 C:\opt\kotvrf\CatVRF\vendor\phpunit\phpunit\phpunit(104): PHPUnit\TextU  
  I\Application->run()                                                         
  #21 {main}                                                                   
                                                                               


In CosmeticOrder.php line 9:
                                                                               
  During class fetch: Uncaught ParseError: syntax error, unexpected token "tr  
  ait", expecting "abstract" or "final" or "readonly" or "class" in C:\opt\ko  
  tvrf\CatVRF\app\Traits\TenantScoped.php:7                                    
  Stack trace:                                                                 
  #0 C:\opt\kotvrf\CatVRF\vendor\composer\ClassLoader.php(427): Composer\Auto  
  load\{closure}()                                                             
  #1 C:\opt\kotvrf\CatVRF\app\Domains\Cosmetics\Models\CosmeticOrder.php(9):   
  Composer\Autoload\ClassLoader->loadClass()                                   
  #2 C:\opt\kotvrf\CatVRF\vendor\composer\ClassLoader.php(576): include('...'  
  )                                                                            
  #3 C:\opt\kotvrf\CatVRF\vendor\composer\ClassLoader.php(427): Composer\Auto  
  load\{closure}()                                                             
  #4 C:\opt\kotvrf\CatVRF\vendor\laravel\framework\src\Illuminate\Database\El  
  oquent\Factories\Factory.php(928): Composer\Autoload\ClassLoader->loadClass  
  ()                                                                           
  #5 C:\opt\kotvrf\CatVRF\vendor\laravel\framework\src\Illuminate\Database\El  
  oquent\Factories\Factory.php(513): Illuminate\Database\Eloquent\Factories\F  
  actory->newModel()                                                           
  #6 C:\opt\kotvrf\CatVRF\vendor\laravel\framework\src\Illuminate\Database\El  
  oquent\Concerns\GuardsAttributes.php(157): Illuminate\Database\Eloquent\Fac  
  tories\Factory->Illuminate\Database\Eloquent\Factories\{closure}()           
  #7 C:\opt\kotvrf\CatVRF\vendor\laravel\framework\src\Illuminate\Database\El  
  oquent\Factories\Factory.php(512): Illuminate\Database\Eloquent\Model::ungu  
  arded()                                                                      
  #8 C:\opt\kotvrf\CatVRF\vendor\laravel\framework\src\Illuminate\Database\El  
  oquent\Factories\Factory.php(429): Illuminate\Database\Eloquent\Factories\F  
  actory->makeInstance()                                                       
  #9 C:\opt\kotvrf\CatVRF\vendor\laravel\framework\src\Illuminate\Database\El  
  oquent\Factories\Factory.php(318): Illuminate\Database\Eloquent\Factories\F  
  actory->make()                                                               
  #10 C:\opt\kotvrf\CatVRF\vendor\laravel\framework\src\Illuminate\Database\E  
  loquent\Factories\Factory.php(315): Illuminate\Database\Eloquent\Factories\  
  Factory->create()                                                            
  #11 C:\opt\kotvrf\CatVRF\tests\Feature\Cosmetics\CosmeticTest.php(61): Illu  
  minate\Database\Eloquent\Factories\Factory->create()                         
  #12 C:\opt\kotvrf\CatVRF\vendor\phpunit\phpunit\src\Framework\TestCase.php(  
  1667): Tests\Feature\Cosmetics\CosmeticTest->test_order_status_transitions(  
  )                                                                            
  #13 C:\opt\kotvrf\CatVRF\vendor\phpunit\phpunit\src\Framework\TestCase.php(  
  519): PHPUnit\Framework\TestCase->runTest()                                  
  #14 C:\opt\kotvrf\CatVRF\vendor\phpunit\phpunit\src\Framework\TestRunner\Te  
  stRunner.php(87): PHPUnit\Framework\TestCase->runBare()                      
  #15 C:\opt\kotvrf\CatVRF\vendor\phpunit\phpunit\src\Framework\TestCase.php(  
  365): PHPUnit\Framework\TestRunner->run()                                    
  #16 C:\opt\kotvrf\CatVRF\vendor\phpunit\phpunit\src\Framework\TestSuite.php  
  (369): PHPUnit\Framework\TestCase->run()                                     
  #17 C:\opt\kotvrf\CatVRF\vendor\phpunit\phpunit\src\Framework\TestSuite.php  
  (369): PHPUnit\Framework\TestSuite->run()                                    
  #18 C:\opt\kotvrf\CatVRF\vendor\phpunit\phpunit\src\TextUI\TestRunner.php(6  
  4): PHPUnit\Framework\TestSuite->run()                                       
  #19 C:\opt\kotvrf\CatVRF\vendor\phpunit\phpunit\src\TextUI\Application.php(  
  211): PHPUnit\TextUI\TestRunner->run()                                       
  #20 C:\opt\kotvrf\CatVRF\vendor\phpunit\phpunit\phpunit(104): PHPUnit\TextU  
  I\Application->run()                                                         
  #21 {main}                                                                   
                                                                               


In CosmeticOrder.php line 9:
                                                                               
  During class fetch: Uncaught ParseError: syntax error, unexpected token "tr  
  ait", expecting "abstract" or "final" or "readonly" or "class" in C:\opt\ko  
  tvrf\CatVRF\app\Traits\TenantScoped.php:7                                    
  Stack trace:                                                                 
  #0 C:\opt\kotvrf\CatVRF\vendor\composer\ClassLoader.php(427): Composer\Auto  
  load\{closure}()                                                             
  #1 C:\opt\kotvrf\CatVRF\app\Domains\Cosmetics\Models\CosmeticOrder.php(9):   
  Composer\Autoload\ClassLoader->loadClass()                                   
  #2 C:\opt\kotvrf\CatVRF\vendor\composer\ClassLoader.php(576): include('...'  
  )                                                                            
  #3 C:\opt\kotvrf\CatVRF\vendor\composer\ClassLoader.php(427): Composer\Auto  
  load\{closure}()                                                             
  #4 C:\opt\kotvrf\CatVRF\vendor\laravel\framework\src\Illuminate\Database\El  
  oquent\Factories\Factory.php(928): Composer\Autoload\ClassLoader->loadClass  
  ()                                                                           
  #5 C:\opt\kotvrf\CatVRF\vendor\laravel\framework\src\Illuminate\Database\El  
  oquent\Factories\Factory.php(513): Illuminate\Database\Eloquent\Factories\F  
  actory->newModel()                                                           
  #6 C:\opt\kotvrf\CatVRF\vendor\laravel\framework\src\Illuminate\Database\El  
  oquent\Concerns\GuardsAttributes.php(157): Illuminate\Database\Eloquent\Fac  
  tories\Factory->Illuminate\Database\Eloquent\Factories\{closure}()           
  #7 C:\opt\kotvrf\CatVRF\vendor\laravel\framework\src\Illuminate\Database\El  
  oquent\Factories\Factory.php(512): Illuminate\Database\Eloquent\Model::ungu  
  arded()                                                                      
  #8 C:\opt\kotvrf\CatVRF\vendor\laravel\framework\src\Illuminate\Database\El  
  oquent\Factories\Factory.php(429): Illuminate\Database\Eloquent\Factories\F  
  actory->makeInstance()                                                       
  #9 C:\opt\kotvrf\CatVRF\vendor\laravel\framework\src\Illuminate\Database\El  
  oquent\Factories\Factory.php(318): Illuminate\Database\Eloquent\Factories\F  
  actory->make()                                                               
  #10 C:\opt\kotvrf\CatVRF\vendor\laravel\framework\src\Illuminate\Database\E  
  loquent\Factories\Factory.php(315): Illuminate\Database\Eloquent\Factories\  
  Factory->create()                                                            
  #11 C:\opt\kotvrf\CatVRF\tests\Feature\Cosmetics\CosmeticTest.php(61): Illu  
  minate\Database\Eloquent\Factories\Factory->create()                         
  #12 C:\opt\kotvrf\CatVRF\vendor\phpunit\phpunit\src\Framework\TestCase.php(  
  1667): Tests\Feature\Cosmetics\CosmeticTest->test_order_status_transitions(  
  )                                                                            
  #13 C:\opt\kotvrf\CatVRF\vendor\phpunit\phpunit\src\Framework\TestCase.php(  
  519): PHPUnit\Framework\TestCase->runTest()                                  
  #14 C:\opt\kotvrf\CatVRF\vendor\phpunit\phpunit\src\Framework\TestRunner\Te  
  stRunner.php(87): PHPUnit\Framework\TestCase->runBare()                      
  #15 C:\opt\kotvrf\CatVRF\vendor\phpunit\phpunit\src\Framework\TestCase.php(  
  365): PHPUnit\Framework\TestRunner->run()                                    
  #16 C:\opt\kotvrf\CatVRF\vendor\phpunit\phpunit\src\Framework\TestSuite.php  
  (369): PHPUnit\Framework\TestCase->run()                                     
  #17 C:\opt\kotvrf\CatVRF\vendor\phpunit\phpunit\src\Framework\TestSuite.php  
  (369): PHPUnit\Framework\TestSuite->run()                                    
  #18 C:\opt\kotvrf\CatVRF\vendor\phpunit\phpunit\src\TextUI\TestRunner.php(6  
  4): PHPUnit\Framework\TestSuite->run()                                       
  #19 C:\opt\kotvrf\CatVRF\vendor\phpunit\phpunit\src\TextUI\Application.php(  
  211): PHPUnit\TextUI\TestRunner->run()                                       
  #20 C:\opt\kotvrf\CatVRF\vendor\phpunit\phpunit\phpunit(104): PHPUnit\TextU  
  I\Application->run()                                                         
  #21 {main}                                                                   
                                                                               


In CosmeticOrder.php line 9:
                                                                               
  During class fetch: Uncaught ParseError: syntax error, unexpected token "tr  
  ait", expecting "abstract" or "final" or "readonly" or "class" in C:\opt\ko  
  tvrf\CatVRF\app\Traits\TenantScoped.php:7                                    
  Stack trace:                                                                 
  #0 C:\opt\kotvrf\CatVRF\vendor\composer\ClassLoader.php(427): Composer\Auto  
  load\{closure}()                                                             
  #1 C:\opt\kotvrf\CatVRF\app\Domains\Cosmetics\Models\CosmeticOrder.php(9):   
  Composer\Autoload\ClassLoader->loadClass()                                   
  #2 C:\opt\kotvrf\CatVRF\vendor\composer\ClassLoader.php(576): include('...'  
  )                                                                            
  #3 C:\opt\kotvrf\CatVRF\vendor\composer\ClassLoader.php(427): Composer\Auto  
  load\{closure}()                                                             
  #4 C:\opt\kotvrf\CatVRF\vendor\laravel\framework\src\Illuminate\Database\El  
  oquent\Factories\Factory.php(928): Composer\Autoload\ClassLoader->loadClass  
  ()                                                                           
  #5 C:\opt\kotvrf\CatVRF\vendor\laravel\framework\src\Illuminate\Database\El  
  oquent\Factories\Factory.php(513): Illuminate\Database\Eloquent\Factories\F  
  actory->newModel()                                                           
  #6 C:\opt\kotvrf\CatVRF\vendor\laravel\framework\src\Illuminate\Database\El  
  oquent\Concerns\GuardsAttributes.php(157): Illuminate\Database\Eloquent\Fac  
  tories\Factory->Illuminate\Database\Eloquent\Factories\{closure}()           
  #7 C:\opt\kotvrf\CatVRF\vendor\laravel\framework\src\Illuminate\Database\El  
  oquent\Factories\Factory.php(512): Illuminate\Database\Eloquent\Model::ungu  
  arded()                                                                      
  #8 C:\opt\kotvrf\CatVRF\vendor\laravel\framework\src\Illuminate\Database\El  
  oquent\Factories\Factory.php(429): Illuminate\Database\Eloquent\Factories\F  
  actory->makeInstance()                                                       
  #9 C:\opt\kotvrf\CatVRF\vendor\laravel\framework\src\Illuminate\Database\El  
  oquent\Factories\Factory.php(318): Illuminate\Database\Eloquent\Factories\F  
  actory->make()                                                               
  #10 C:\opt\kotvrf\CatVRF\vendor\laravel\framework\src\Illuminate\Database\E  
  loquent\Factories\Factory.php(315): Illuminate\Database\Eloquent\Factories\  
  Factory->create()                                                            
  #11 C:\opt\kotvrf\CatVRF\tests\Feature\Cosmetics\CosmeticTest.php(61): Illu  
  minate\Database\Eloquent\Factories\Factory->create()                         
  #12 C:\opt\kotvrf\CatVRF\vendor\phpunit\phpunit\src\Framework\TestCase.php(  
  1667): Tests\Feature\Cosmetics\CosmeticTest->test_order_status_transitions(  
  )                                                                            
  #13 C:\opt\kotvrf\CatVRF\vendor\phpunit\phpunit\src\Framework\TestCase.php(  
  519): PHPUnit\Framework\TestCase->runTest()                                  
  #14 C:\opt\kotvrf\CatVRF\vendor\phpunit\phpunit\src\Framework\TestRunner\Te  
  stRunner.php(87): PHPUnit\Framework\TestCase->runBare()                      
  #15 C:\opt\kotvrf\CatVRF\vendor\phpunit\phpunit\src\Framework\TestCase.php(  
  365): PHPUnit\Framework\TestRunner->run()                                    
  #16 C:\opt\kotvrf\CatVRF\vendor\phpunit\phpunit\src\Framework\TestSuite.php  
  (369): PHPUnit\Framework\TestCase->run()                                     
  #17 C:\opt\kotvrf\CatVRF\vendor\phpunit\phpunit\src\Framework\TestSuite.php  
  (369): PHPUnit\Framework\TestSuite->run()                                    
  #18 C:\opt\kotvrf\CatVRF\vendor\phpunit\phpunit\src\TextUI\TestRunner.php(6  
  4): PHPUnit\Framework\TestSuite->run()                                       
  #19 C:\opt\kotvrf\CatVRF\vendor\phpunit\phpunit\src\TextUI\Application.php(  
  211): PHPUnit\TextUI\TestRunner->run()                                       
  #20 C:\opt\kotvrf\CatVRF\vendor\phpunit\phpunit\phpunit(104): PHPUnit\TextU  
  I\Application->run()                                                         
  #21 {main}                                                                   
                                                                               


In CosmeticOrder.php line 9:
                                                                               
  During class fetch: Uncaught ParseError: syntax error, unexpected token "tr  
  ait", expecting "abstract" or "final" or "readonly" or "class" in C:\opt\ko  
  tvrf\CatVRF\app\Traits\TenantScoped.php:7                                    
  Stack trace:                                                                 
  #0 C:\opt\kotvrf\CatVRF\vendor\composer\ClassLoader.php(427): Composer\Auto  
  load\{closure}()                                                             
  #1 C:\opt\kotvrf\CatVRF\app\Domains\Cosmetics\Models\CosmeticOrder.php(9):   
  Composer\Autoload\ClassLoader->loadClass()                                   
  #2 C:\opt\kotvrf\CatVRF\vendor\composer\ClassLoader.php(576): include('...'  
  )                                                                            
  #3 C:\opt\kotvrf\CatVRF\vendor\composer\ClassLoader.php(427): Composer\Auto  
  load\{closure}()                                                             
  #4 C:\opt\kotvrf\CatVRF\vendor\laravel\framework\src\Illuminate\Database\El  
  oquent\Factories\Factory.php(928): Composer\Autoload\ClassLoader->loadClass  
  ()                                                                           
  #5 C:\opt\kotvrf\CatVRF\vendor\laravel\framework\src\Illuminate\Database\El  
  oquent\Factories\Factory.php(513): Illuminate\Database\Eloquent\Factories\F  
  actory->newModel()                                                           
  #6 C:\opt\kotvrf\CatVRF\vendor\laravel\framework\src\Illuminate\Database\El  
  oquent\Concerns\GuardsAttributes.php(157): Illuminate\Database\Eloquent\Fac  
  tories\Factory->Illuminate\Database\Eloquent\Factories\{closure}()           
  #7 C:\opt\kotvrf\CatVRF\vendor\laravel\framework\src\Illuminate\Database\El  
  oquent\Factories\Factory.php(512): Illuminate\Database\Eloquent\Model::ungu  
  arded()                                                                      
  #8 C:\opt\kotvrf\CatVRF\vendor\laravel\framework\src\Illuminate\Database\El  
  oquent\Factories\Factory.php(429): Illuminate\Database\Eloquent\Factories\F  
  actory->makeInstance()                                                       
  #9 C:\opt\kotvrf\CatVRF\vendor\laravel\framework\src\Illuminate\Database\El  
  oquent\Factories\Factory.php(318): Illuminate\Database\Eloquent\Factories\F  
  actory->make()                                                               
  #10 C:\opt\kotvrf\CatVRF\vendor\laravel\framework\src\Illuminate\Database\E  
  loquent\Factories\Factory.php(315): Illuminate\Database\Eloquent\Factories\  
  Factory->create()                                                            
  #11 C:\opt\kotvrf\CatVRF\tests\Feature\Cosmetics\CosmeticTest.php(61): Illu  
  minate\Database\Eloquent\Factories\Factory->create()                         
  #12 C:\opt\kotvrf\CatVRF\vendor\phpunit\phpunit\src\Framework\TestCase.php(  
  1667): Tests\Feature\Cosmetics\CosmeticTest->test_order_status_transitions(  
  )                                                                            
  #13 C:\opt\kotvrf\CatVRF\vendor\phpunit\phpunit\src\Framework\TestCase.php(  
  519): PHPUnit\Framework\TestCase->runTest()                                  
  #14 C:\opt\kotvrf\CatVRF\vendor\phpunit\phpunit\src\Framework\TestRunner\Te  
  stRunner.php(87): PHPUnit\Framework\TestCase->runBare()                      
  #15 C:\opt\kotvrf\CatVRF\vendor\phpunit\phpunit\src\Framework\TestCase.php(  
  365): PHPUnit\Framework\TestRunner->run()                                    
  #16 C:\opt\kotvrf\CatVRF\vendor\phpunit\phpunit\src\Framework\TestSuite.php  
  (369): PHPUnit\Framework\TestCase->run()                                     
  #17 C:\opt\kotvrf\CatVRF\vendor\phpunit\phpunit\src\Framework\TestSuite.php  
  (369): PHPUnit\Framework\TestSuite->run()                                    
  #18 C:\opt\kotvrf\CatVRF\vendor\phpunit\phpunit\src\TextUI\TestRunner.php(6  
  4): PHPUnit\Framework\TestSuite->run()                                       
  #19 C:\opt\kotvrf\CatVRF\vendor\phpunit\phpunit\src\TextUI\Application.php(  
  211): PHPUnit\TextUI\TestRunner->run()                                       
  #20 C:\opt\kotvrf\CatVRF\vendor\phpunit\phpunit\phpunit(104): PHPUnit\TextU  
  I\Application->run()                                                         
  #21 {main}                                                                   
                                                                               


In CosmeticOrder.php line 9:
                                                                               
  During class fetch: Uncaught ParseError: syntax error, unexpected token "tr  
  ait", expecting "abstract" or "final" or "readonly" or "class" in C:\opt\ko  
  tvrf\CatVRF\app\Traits\TenantScoped.php:7                                    
  Stack trace:                                                                 
  #0 C:\opt\kotvrf\CatVRF\vendor\composer\ClassLoader.php(427): Composer\Auto  
  load\{closure}()                                                             
  #1 C:\opt\kotvrf\CatVRF\app\Domains\Cosmetics\Models\CosmeticOrder.php(9):   
  Composer\Autoload\ClassLoader->loadClass()                                   
  #2 C:\opt\kotvrf\CatVRF\vendor\composer\ClassLoader.php(576): include('...'  
  )                                                                            
  #3 C:\opt\kotvrf\CatVRF\vendor\composer\ClassLoader.php(427): Composer\Auto  
  load\{closure}()                                                             
  #4 C:\opt\kotvrf\CatVRF\vendor\laravel\framework\src\Illuminate\Database\El  
  oquent\Factories\Factory.php(928): Composer\Autoload\ClassLoader->loadClass  
  ()                                                                           
  #5 C:\opt\kotvrf\CatVRF\vendor\laravel\framework\src\Illuminate\Database\El  
  oquent\Factories\Factory.php(513): Illuminate\Database\Eloquent\Factories\F  
  actory->newModel()                                                           
  #6 C:\opt\kotvrf\CatVRF\vendor\laravel\framework\src\Illuminate\Database\El  
  oquent\Concerns\GuardsAttributes.php(157): Illuminate\Database\Eloquent\Fac  
  tories\Factory->Illuminate\Database\Eloquent\Factories\{closure}()           
  #7 C:\opt\kotvrf\CatVRF\vendor\laravel\framework\src\Illuminate\Database\El  
  oquent\Factories\Factory.php(512): Illuminate\Database\Eloquent\Model::ungu  
  arded()                                                                      
  #8 C:\opt\kotvrf\CatVRF\vendor\laravel\framework\src\Illuminate\Database\El  
  oquent\Factories\Factory.php(429): Illuminate\Database\Eloquent\Factories\F  
  actory->makeInstance()                                                       
  #9 C:\opt\kotvrf\CatVRF\vendor\laravel\framework\src\Illuminate\Database\El  
  oquent\Factories\Factory.php(318): Illuminate\Database\Eloquent\Factories\F  
  actory->make()                                                               
  #10 C:\opt\kotvrf\CatVRF\vendor\laravel\framework\src\Illuminate\Database\E  
  loquent\Factories\Factory.php(315): Illuminate\Database\Eloquent\Factories\  
  Factory->create()                                                            
  #11 C:\opt\kotvrf\CatVRF\tests\Feature\Cosmetics\CosmeticTest.php(61): Illu  
  minate\Database\Eloquent\Factories\Factory->create()                         
  #12 C:\opt\kotvrf\CatVRF\vendor\phpunit\phpunit\src\Framework\TestCase.php(  
  1667): Tests\Feature\Cosmetics\CosmeticTest->test_order_status_transitions(  
  )                                                                            
  #13 C:\opt\kotvrf\CatVRF\vendor\phpunit\phpunit\src\Framework\TestCase.php(  
  519): PHPUnit\Framework\TestCase->runTest()                                  
  #14 C:\opt\kotvrf\CatVRF\vendor\phpunit\phpunit\src\Framework\TestRunner\Te  
  stRunner.php(87): PHPUnit\Framework\TestCase->runBare()                      
  #15 C:\opt\kotvrf\CatVRF\vendor\phpunit\phpunit\src\Framework\TestCase.php(  
  365): PHPUnit\Framework\TestRunner->run()                                    
  #16 C:\opt\kotvrf\CatVRF\vendor\phpunit\phpunit\src\Framework\TestSuite.php  
  (369): PHPUnit\Framework\TestCase->run()                                     
  #17 C:\opt\kotvrf\CatVRF\vendor\phpunit\phpunit\src\Framework\TestSuite.php  
  (369): PHPUnit\Framework\TestSuite->run()                                    
  #18 C:\opt\kotvrf\CatVRF\vendor\phpunit\phpunit\src\TextUI\TestRunner.php(6  
  4): PHPUnit\Framework\TestSuite->run()                                       
  #19 C:\opt\kotvrf\CatVRF\vendor\phpunit\phpunit\src\TextUI\Application.php(  
  211): PHPUnit\TextUI\TestRunner->run()                                       
  #20 C:\opt\kotvrf\CatVRF\vendor\phpunit\phpunit\phpunit(104): PHPUnit\TextU  
  I\Application->run()                                                         
  #21 {main}                                                                   
                                                                               


In CosmeticOrder.php line 9:
                                                                               
  During class fetch: Uncaught ParseError: syntax error, unexpected token "tr  
  ait", expecting "abstract" or "final" or "readonly" or "class" in C:\opt\ko  
  tvrf\CatVRF\app\Traits\TenantScoped.php:7                                    
  Stack trace:                                                                 
  #0 C:\opt\kotvrf\CatVRF\vendor\composer\ClassLoader.php(427): Composer\Auto  
  load\{closure}()                                                             
  #1 C:\opt\kotvrf\CatVRF\app\Domains\Cosmetics\Models\CosmeticOrder.php(9):   
  Composer\Autoload\ClassLoader->loadClass()                                   
  #2 C:\opt\kotvrf\CatVRF\vendor\composer\ClassLoader.php(576): include('...'  
  )                                                                            
  #3 C:\opt\kotvrf\CatVRF\vendor\composer\ClassLoader.php(427): Composer\Auto  
  load\{closure}()                                                             
  #4 C:\opt\kotvrf\CatVRF\vendor\laravel\framework\src\Illuminate\Database\El  
  oquent\Factories\Factory.php(928): Composer\Autoload\ClassLoader->loadClass  
  ()                                                                           
  #5 C:\opt\kotvrf\CatVRF\vendor\laravel\framework\src\Illuminate\Database\El  
  oquent\Factories\Factory.php(513): Illuminate\Database\Eloquent\Factories\F  
  actory->newModel()                                                           
  #6 C:\opt\kotvrf\CatVRF\vendor\laravel\framework\src\Illuminate\Database\El  
  oquent\Concerns\GuardsAttributes.php(157): Illuminate\Database\Eloquent\Fac  
  tories\Factory->Illuminate\Database\Eloquent\Factories\{closure}()           
  #7 C:\opt\kotvrf\CatVRF\vendor\laravel\framework\src\Illuminate\Database\El  
  oquent\Factories\Factory.php(512): Illuminate\Database\Eloquent\Model::ungu  
  arded()                                                                      
  #8 C:\opt\kotvrf\CatVRF\vendor\laravel\framework\src\Illuminate\Database\El  
  oquent\Factories\Factory.php(429): Illuminate\Database\Eloquent\Factories\F  
  actory->makeInstance()                                                       
  #9 C:\opt\kotvrf\CatVRF\vendor\laravel\framework\src\Illuminate\Database\El  
  oquent\Factories\Factory.php(318): Illuminate\Database\Eloquent\Factories\F  
  actory->make()                                                               
  #10 C:\opt\kotvrf\CatVRF\vendor\laravel\framework\src\Illuminate\Database\E  
  loquent\Factories\Factory.php(315): Illuminate\Database\Eloquent\Factories\  
  Factory->create()                                                            
  #11 C:\opt\kotvrf\CatVRF\tests\Feature\Cosmetics\CosmeticTest.php(61): Illu  
  minate\Database\Eloquent\Factories\Factory->create()                         
  #12 C:\opt\kotvrf\CatVRF\vendor\phpunit\phpunit\src\Framework\TestCase.php(  
  1667): Tests\Feature\Cosmetics\CosmeticTest->test_order_status_transitions(  
  )                                                                            
  #13 C:\opt\kotvrf\CatVRF\vendor\phpunit\phpunit\src\Framework\TestCase.php(  
  519): PHPUnit\Framework\TestCase->runTest()                                  
  #14 C:\opt\kotvrf\CatVRF\vendor\phpunit\phpunit\src\Framework\TestRunner\Te  
  stRunner.php(87): PHPUnit\Framework\TestCase->runBare()                      
  #15 C:\opt\kotvrf\CatVRF\vendor\phpunit\phpunit\src\Framework\TestCase.php(  
  365): PHPUnit\Framework\TestRunner->run()                                    
  #16 C:\opt\kotvrf\CatVRF\vendor\phpunit\phpunit\src\Framework\TestSuite.php  
  (369): PHPUnit\Framework\TestCase->run()                                     
  #17 C:\opt\kotvrf\CatVRF\vendor\phpunit\phpunit\src\Framework\TestSuite.php  
  (369): PHPUnit\Framework\TestSuite->run()                                    
  #18 C:\opt\kotvrf\CatVRF\vendor\phpunit\phpunit\src\TextUI\TestRunner.php(6  
  4): PHPUnit\Framework\TestSuite->run()                                       
  #19 C:\opt\kotvrf\CatVRF\vendor\phpunit\phpunit\src\TextUI\Application.php(  
  211): PHPUnit\TextUI\TestRunner->run()                                       
  #20 C:\opt\kotvrf\CatVRF\vendor\phpunit\phpunit\phpunit(104): PHPUnit\TextU  
  I\Application->run()                                                         
  #21 {main}                                                                   
                                                                               


In CosmeticOrder.php line 9:
                                                                               
  During class fetch: Uncaught ParseError: syntax error, unexpected token "tr  
  ait", expecting "abstract" or "final" or "readonly" or "class" in C:\opt\ko  
  tvrf\CatVRF\app\Traits\TenantScoped.php:7                                    
  Stack trace:                                                                 
  #0 C:\opt\kotvrf\CatVRF\vendor\composer\ClassLoader.php(427): Composer\Auto  
  load\{closure}()                                                             
  #1 C:\opt\kotvrf\CatVRF\app\Domains\Cosmetics\Models\CosmeticOrder.php(9):   
  Composer\Autoload\ClassLoader->loadClass()                                   
  #2 C:\opt\kotvrf\CatVRF\vendor\composer\ClassLoader.php(576): include('...'  
  )                                                                            
  #3 C:\opt\kotvrf\CatVRF\vendor\composer\ClassLoader.php(427): Composer\Auto  
  load\{closure}()                                                             
  #4 C:\opt\kotvrf\CatVRF\vendor\laravel\framework\src\Illuminate\Database\El  
  oquent\Factories\Factory.php(928): Composer\Autoload\ClassLoader->loadClass  
  ()                                                                           
  #5 C:\opt\kotvrf\CatVRF\vendor\laravel\framework\src\Illuminate\Database\El  
  oquent\Factories\Factory.php(513): Illuminate\Database\Eloquent\Factories\F  
  actory->newModel()                                                           
  #6 C:\opt\kotvrf\CatVRF\vendor\laravel\framework\src\Illuminate\Database\El  
  oquent\Concerns\GuardsAttributes.php(157): Illuminate\Database\Eloquent\Fac  
  tories\Factory->Illuminate\Database\Eloquent\Factories\{closure}()           
  #7 C:\opt\kotvrf\CatVRF\vendor\laravel\framework\src\Illuminate\Database\El  
  oquent\Factories\Factory.php(512): Illuminate\Database\Eloquent\Model::ungu  
  arded()                                                                      
  #8 C:\opt\kotvrf\CatVRF\vendor\laravel\framework\src\Illuminate\Database\El  
  oquent\Factories\Factory.php(429): Illuminate\Database\Eloquent\Factories\F  
  actory->makeInstance()                                                       
  #9 C:\opt\kotvrf\CatVRF\vendor\laravel\framework\src\Illuminate\Database\El  
  oquent\Factories\Factory.php(318): Illuminate\Database\Eloquent\Factories\F  
  actory->make()                                                               
  #10 C:\opt\kotvrf\CatVRF\vendor\laravel\framework\src\Illuminate\Database\E  
  loquent\Factories\Factory.php(315): Illuminate\Database\Eloquent\Factories\  
  Factory->create()                                                            
  #11 C:\opt\kotvrf\CatVRF\tests\Feature\Cosmetics\CosmeticTest.php(61): Illu  
  minate\Database\Eloquent\Factories\Factory->create()                         
  #12 C:\opt\kotvrf\CatVRF\vendor\phpunit\phpunit\src\Framework\TestCase.php(  
  1667): Tests\Feature\Cosmetics\CosmeticTest->test_order_status_transitions(  
  )                                                                            
  #13 C:\opt\kotvrf\CatVRF\vendor\phpunit\phpunit\src\Framework\TestCase.php(  
  519): PHPUnit\Framework\TestCase->runTest()                                  
  #14 C:\opt\kotvrf\CatVRF\vendor\phpunit\phpunit\src\Framework\TestRunner\Te  
  stRunner.php(87): PHPUnit\Framework\TestCase->runBare()                      
  #15 C:\opt\kotvrf\CatVRF\vendor\phpunit\phpunit\src\Framework\TestCase.php(  
  365): PHPUnit\Framework\TestRunner->run()                                    
  #16 C:\opt\kotvrf\CatVRF\vendor\phpunit\phpunit\src\Framework\TestSuite.php  
  (369): PHPUnit\Framework\TestCase->run()                                     
  #17 C:\opt\kotvrf\CatVRF\vendor\phpunit\phpunit\src\Framework\TestSuite.php  
  (369): PHPUnit\Framework\TestSuite->run()                                    
  #18 C:\opt\kotvrf\CatVRF\vendor\phpunit\phpunit\src\TextUI\TestRunner.php(6  
  4): PHPUnit\Framework\TestSuite->run()                                       
  #19 C:\opt\kotvrf\CatVRF\vendor\phpunit\phpunit\src\TextUI\Application.php(  
  211): PHPUnit\TextUI\TestRunner->run()                                       
  #20 C:\opt\kotvrf\CatVRF\vendor\phpunit\phpunit\phpunit(104): PHPUnit\TextU  
  I\Application->run()                                                         
  #21 {main}                                                                   
                                                                               


In CosmeticOrder.php line 9:
                                                                               
  During class fetch: Uncaught ParseError: syntax error, unexpected token "tr  
  ait", expecting "abstract" or "final" or "readonly" or "class" in C:\opt\ko  
  tvrf\CatVRF\app\Traits\TenantScoped.php:7                                    
  Stack trace:                                                                 
  #0 C:\opt\kotvrf\CatVRF\vendor\composer\ClassLoader.php(427): Composer\Auto  
  load\{closure}()                                                             
  #1 C:\opt\kotvrf\CatVRF\app\Domains\Cosmetics\Models\CosmeticOrder.php(9):   
  Composer\Autoload\ClassLoader->loadClass()                                   
  #2 C:\opt\kotvrf\CatVRF\vendor\composer\ClassLoader.php(576): include('...'  
  )                                                                            
  #3 C:\opt\kotvrf\CatVRF\vendor\composer\ClassLoader.php(427): Composer\Auto  
  load\{closure}()                                                             
  #4 C:\opt\kotvrf\CatVRF\vendor\laravel\framework\src\Illuminate\Database\El  
  oquent\Factories\Factory.php(928): Composer\Autoload\ClassLoader->loadClass  
  ()                                                                           
  #5 C:\opt\kotvrf\CatVRF\vendor\laravel\framework\src\Illuminate\Database\El  
  oquent\Factories\Factory.php(513): Illuminate\Database\Eloquent\Factories\F  
  actory->newModel()                                                           
  #6 C:\opt\kotvrf\CatVRF\vendor\laravel\framework\src\Illuminate\Database\El  
  oquent\Concerns\GuardsAttributes.php(157): Illuminate\Database\Eloquent\Fac  
  tories\Factory->Illuminate\Database\Eloquent\Factories\{closure}()           
  #7 C:\opt\kotvrf\CatVRF\vendor\laravel\framework\src\Illuminate\Database\El  
  oquent\Factories\Factory.php(512): Illuminate\Database\Eloquent\Model::ungu  
  arded()                                                                      
  #8 C:\opt\kotvrf\CatVRF\vendor\laravel\framework\src\Illuminate\Database\El  
  oquent\Factories\Factory.php(429): Illuminate\Database\Eloquent\Factories\F  
  actory->makeInstance()                                                       
  #9 C:\opt\kotvrf\CatVRF\vendor\laravel\framework\src\Illuminate\Database\El  
  oquent\Factories\Factory.php(318): Illuminate\Database\Eloquent\Factories\F  
  actory->make()                                                               
  #10 C:\opt\kotvrf\CatVRF\vendor\laravel\framework\src\Illuminate\Database\E  
  loquent\Factories\Factory.php(315): Illuminate\Database\Eloquent\Factories\  
  Factory->create()                                                            
  #11 C:\opt\kotvrf\CatVRF\tests\Feature\Cosmetics\CosmeticTest.php(61): Illu  
  minate\Database\Eloquent\Factories\Factory->create()                         
  #12 C:\opt\kotvrf\CatVRF\vendor\phpunit\phpunit\src\Framework\TestCase.php(  
  1667): Tests\Feature\Cosmetics\CosmeticTest->test_order_status_transitions(  
  )                                                                            
  #13 C:\opt\kotvrf\CatVRF\vendor\phpunit\phpunit\src\Framework\TestCase.php(  
  519): PHPUnit\Framework\TestCase->runTest()                                  
  #14 C:\opt\kotvrf\CatVRF\vendor\phpunit\phpunit\src\Framework\TestRunner\Te  
  stRunner.php(87): PHPUnit\Framework\TestCase->runBare()                      
  #15 C:\opt\kotvrf\CatVRF\vendor\phpunit\phpunit\src\Framework\TestCase.php(  
  365): PHPUnit\Framework\TestRunner->run()                                    
  #16 C:\opt\kotvrf\CatVRF\vendor\phpunit\phpunit\src\Framework\TestSuite.php  
  (369): PHPUnit\Framework\TestCase->run()                                     
  #17 C:\opt\kotvrf\CatVRF\vendor\phpunit\phpunit\src\Framework\TestSuite.php  
  (369): PHPUnit\Framework\TestSuite->run()                                    
  #18 C:\opt\kotvrf\CatVRF\vendor\phpunit\phpunit\src\TextUI\TestRunner.php(6  
  4): PHPUnit\Framework\TestSuite->run()                                       
  #19 C:\opt\kotvrf\CatVRF\vendor\phpunit\phpunit\src\TextUI\Application.php(  
  211): PHPUnit\TextUI\TestRunner->run()                                       
  #20 C:\opt\kotvrf\CatVRF\vendor\phpunit\phpunit\phpunit(104): PHPUnit\TextU  
  I\Application->run()                                                         
  #21 {main}                                                                   
                                                                               


In CosmeticOrder.php line 9:
                                                                               
  During class fetch: Uncaught ParseError: syntax error, unexpected token "tr  
  ait", expecting "abstract" or "final" or "readonly" or "class" in C:\opt\ko  
  tvrf\CatVRF\app\Traits\TenantScoped.php:7                                    
  Stack trace:                                                                 
  #0 C:\opt\kotvrf\CatVRF\vendor\composer\ClassLoader.php(427): Composer\Auto  
  load\{closure}()                                                             
  #1 C:\opt\kotvrf\CatVRF\app\Domains\Cosmetics\Models\CosmeticOrder.php(9):   
  Composer\Autoload\ClassLoader->loadClass()                                   
  #2 C:\opt\kotvrf\CatVRF\vendor\composer\ClassLoader.php(576): include('...'  
  )                                                                            
  #3 C:\opt\kotvrf\CatVRF\vendor\composer\ClassLoader.php(427): Composer\Auto  
  load\{closure}()                                                             
  #4 C:\opt\kotvrf\CatVRF\vendor\laravel\framework\src\Illuminate\Database\El  
  oquent\Factories\Factory.php(928): Composer\Autoload\ClassLoader->loadClass  
  ()                                                                           
  #5 C:\opt\kotvrf\CatVRF\vendor\laravel\framework\src\Illuminate\Database\El  
  oquent\Factories\Factory.php(513): Illuminate\Database\Eloquent\Factories\F  
  actory->newModel()                                                           
  #6 C:\opt\kotvrf\CatVRF\vendor\laravel\framework\src\Illuminate\Database\El  
  oquent\Concerns\GuardsAttributes.php(157): Illuminate\Database\Eloquent\Fac  
  tories\Factory->Illuminate\Database\Eloquent\Factories\{closure}()           
  #7 C:\opt\kotvrf\CatVRF\vendor\laravel\framework\src\Illuminate\Database\El  
  oquent\Factories\Factory.php(512): Illuminate\Database\Eloquent\Model::ungu  
  arded()                                                                      
  #8 C:\opt\kotvrf\CatVRF\vendor\laravel\framework\src\Illuminate\Database\El  
  oquent\Factories\Factory.php(429): Illuminate\Database\Eloquent\Factories\F  
  actory->makeInstance()                                                       
  #9 C:\opt\kotvrf\CatVRF\vendor\laravel\framework\src\Illuminate\Database\El  
  oquent\Factories\Factory.php(318): Illuminate\Database\Eloquent\Factories\F  
  actory->make()                                                               
  #10 C:\opt\kotvrf\CatVRF\vendor\laravel\framework\src\Illuminate\Database\E  
  loquent\Factories\Factory.php(315): Illuminate\Database\Eloquent\Factories\  
  Factory->create()                                                            
  #11 C:\opt\kotvrf\CatVRF\tests\Feature\Cosmetics\CosmeticTest.php(61): Illu  
  minate\Database\Eloquent\Factories\Factory->create()                         
  #12 C:\opt\kotvrf\CatVRF\vendor\phpunit\phpunit\src\Framework\TestCase.php(  
  1667): Tests\Feature\Cosmetics\CosmeticTest->test_order_status_transitions(  
  )                                                                            
  #13 C:\opt\kotvrf\CatVRF\vendor\phpunit\phpunit\src\Framework\TestCase.php(  
  519): PHPUnit\Framework\TestCase->runTest()                                  
  #14 C:\opt\kotvrf\CatVRF\vendor\phpunit\phpunit\src\Framework\TestRunner\Te  
  stRunner.php(87): PHPUnit\Framework\TestCase->runBare()                      
  #15 C:\opt\kotvrf\CatVRF\vendor\phpunit\phpunit\src\Framework\TestCase.php(  
  365): PHPUnit\Framework\TestRunner->run()                                    
  #16 C:\opt\kotvrf\CatVRF\vendor\phpunit\phpunit\src\Framework\TestSuite.php  
  (369): PHPUnit\Framework\TestCase->run()                                     
  #17 C:\opt\kotvrf\CatVRF\vendor\phpunit\phpunit\src\Framework\TestSuite.php  
  (369): PHPUnit\Framework\TestSuite->run()                                    
  #18 C:\opt\kotvrf\CatVRF\vendor\phpunit\phpunit\src\TextUI\TestRunner.php(6  
  4): PHPUnit\Framework\TestSuite->run()                                       
  #19 C:\opt\kotvrf\CatVRF\vendor\phpunit\phpunit\src\TextUI\Application.php(  
  211): PHPUnit\TextUI\TestRunner->run()                                       
  #20 C:\opt\kotvrf\CatVRF\vendor\phpunit\phpunit\phpunit(104): PHPUnit\TextU  
  I\Application->run()                                                         
  #21 {main}                                                                   
                                                                               


In CosmeticOrder.php line 9:
                                                                               
  During class fetch: Uncaught ParseError: syntax error, unexpected token "tr  
  ait", expecting "abstract" or "final" or "readonly" or "class" in C:\opt\ko  
  tvrf\CatVRF\app\Traits\TenantScoped.php:7                                    
  Stack trace:                                                                 
  #0 C:\opt\kotvrf\CatVRF\vendor\composer\ClassLoader.php(427): Composer\Auto  
  load\{closure}()                                                             
  #1 C:\opt\kotvrf\CatVRF\app\Domains\Cosmetics\Models\CosmeticOrder.php(9):   
  Composer\Autoload\ClassLoader->loadClass()                                   
  #2 C:\opt\kotvrf\CatVRF\vendor\composer\ClassLoader.php(576): include('...'  
  )                                                                            
  #3 C:\opt\kotvrf\CatVRF\vendor\composer\ClassLoader.php(427): Composer\Auto  
  load\{closure}()                                                             
  #4 C:\opt\kotvrf\CatVRF\vendor\laravel\framework\src\Illuminate\Database\El  
  oquent\Factories\Factory.php(928): Composer\Autoload\ClassLoader->loadClass  
  ()                                                                           
  #5 C:\opt\kotvrf\CatVRF\vendor\laravel\framework\src\Illuminate\Database\El  
  oquent\Factories\Factory.php(513): Illuminate\Database\Eloquent\Factories\F  
  actory->newModel()                                                           
  #6 C:\opt\kotvrf\CatVRF\vendor\laravel\framework\src\Illuminate\Database\El  
  oquent\Concerns\GuardsAttributes.php(157): Illuminate\Database\Eloquent\Fac  
  tories\Factory->Illuminate\Database\Eloquent\Factories\{closure}()           
  #7 C:\opt\kotvrf\CatVRF\vendor\laravel\framework\src\Illuminate\Database\El  
  oquent\Factories\Factory.php(512): Illuminate\Database\Eloquent\Model::ungu  
  arded()                                                                      
  #8 C:\opt\kotvrf\CatVRF\vendor\laravel\framework\src\Illuminate\Database\El  
  oquent\Factories\Factory.php(429): Illuminate\Database\Eloquent\Factories\F  
  actory->makeInstance()                                                       
  #9 C:\opt\kotvrf\CatVRF\vendor\laravel\framework\src\Illuminate\Database\El  
  oquent\Factories\Factory.php(318): Illuminate\Database\Eloquent\Factories\F  
  actory->make()                                                               
  #10 C:\opt\kotvrf\CatVRF\vendor\laravel\framework\src\Illuminate\Database\E  
  loquent\Factories\Factory.php(315): Illuminate\Database\Eloquent\Factories\  
  Factory->create()                                                            
  #11 C:\opt\kotvrf\CatVRF\tests\Feature\Cosmetics\CosmeticTest.php(61): Illu  
  minate\Database\Eloquent\Factories\Factory->create()                         
  #12 C:\opt\kotvrf\CatVRF\vendor\phpunit\phpunit\src\Framework\TestCase.php(  
  1667): Tests\Feature\Cosmetics\CosmeticTest->test_order_status_transitions(  
  )                                                                            
  #13 C:\opt\kotvrf\CatVRF\vendor\phpunit\phpunit\src\Framework\TestCase.php(  
  519): PHPUnit\Framework\TestCase->runTest()                                  
  #14 C:\opt\kotvrf\CatVRF\vendor\phpunit\phpunit\src\Framework\TestRunner\Te  
  stRunner.php(87): PHPUnit\Framework\TestCase->runBare()                      
  #15 C:\opt\kotvrf\CatVRF\vendor\phpunit\phpunit\src\Framework\TestCase.php(  
  365): PHPUnit\Framework\TestRunner->run()                                    
  #16 C:\opt\kotvrf\CatVRF\vendor\phpunit\phpunit\src\Framework\TestSuite.php  
  (369): PHPUnit\Framework\TestCase->run()                                     
  #17 C:\opt\kotvrf\CatVRF\vendor\phpunit\phpunit\src\Framework\TestSuite.php  
  (369): PHPUnit\Framework\TestSuite->run()                                    
  #18 C:\opt\kotvrf\CatVRF\vendor\phpunit\phpunit\src\TextUI\TestRunner.php(6  
  4): PHPUnit\Framework\TestSuite->run()                                       
  #19 C:\opt\kotvrf\CatVRF\vendor\phpunit\phpunit\src\TextUI\Application.php(  
  211): PHPUnit\TextUI\TestRunner->run()                                       
  #20 C:\opt\kotvrf\CatVRF\vendor\phpunit\phpunit\phpunit(104): PHPUnit\TextU  
  I\Application->run()                                                         
  #21 {main}                                                                   
                                                                               


In CosmeticOrder.php line 9:
                                                                               
  During class fetch: Uncaught ParseError: syntax error, unexpected token "tr  
  ait", expecting "abstract" or "final" or "readonly" or "class" in C:\opt\ko  
  tvrf\CatVRF\app\Traits\TenantScoped.php:7                                    
  Stack trace:                                                                 
  #0 C:\opt\kotvrf\CatVRF\vendor\composer\ClassLoader.php(427): Composer\Auto  
  load\{closure}()                                                             
  #1 C:\opt\kotvrf\CatVRF\app\Domains\Cosmetics\Models\CosmeticOrder.php(9):   
  Composer\Autoload\ClassLoader->loadClass()                                   
  #2 C:\opt\kotvrf\CatVRF\vendor\composer\ClassLoader.php(576): include('...'  
  )                                                                            
  #3 C:\opt\kotvrf\CatVRF\vendor\composer\ClassLoader.php(427): Composer\Auto  
  load\{closure}()                                                             
  #4 C:\opt\kotvrf\CatVRF\vendor\laravel\framework\src\Illuminate\Database\El  
  oquent\Factories\Factory.php(928): Composer\Autoload\ClassLoader->loadClass  
  ()                                                                           
  #5 C:\opt\kotvrf\CatVRF\vendor\laravel\framework\src\Illuminate\Database\El  
  oquent\Factories\Factory.php(513): Illuminate\Database\Eloquent\Factories\F  
  actory->newModel()                                                           
  #6 C:\opt\kotvrf\CatVRF\vendor\laravel\framework\src\Illuminate\Database\El  
  oquent\Concerns\GuardsAttributes.php(157): Illuminate\Database\Eloquent\Fac  
  tories\Factory->Illuminate\Database\Eloquent\Factories\{closure}()           
  #7 C:\opt\kotvrf\CatVRF\vendor\laravel\framework\src\Illuminate\Database\El  
  oquent\Factories\Factory.php(512): Illuminate\Database\Eloquent\Model::ungu  
  arded()                                                                      
  #8 C:\opt\kotvrf\CatVRF\vendor\laravel\framework\src\Illuminate\Database\El  
  oquent\Factories\Factory.php(429): Illuminate\Database\Eloquent\Factories\F  
  actory->makeInstance()                                                       
  #9 C:\opt\kotvrf\CatVRF\vendor\laravel\framework\src\Illuminate\Database\El  
  oquent\Factories\Factory.php(318): Illuminate\Database\Eloquent\Factories\F  
  actory->make()                                                               
  #10 C:\opt\kotvrf\CatVRF\vendor\laravel\framework\src\Illuminate\Database\E  
  loquent\Factories\Factory.php(315): Illuminate\Database\Eloquent\Factories\  
  Factory->create()                                                            
  #11 C:\opt\kotvrf\CatVRF\tests\Feature\Cosmetics\CosmeticTest.php(61): Illu  
  minate\Database\Eloquent\Factories\Factory->create()                         
  #12 C:\opt\kotvrf\CatVRF\vendor\phpunit\phpunit\src\Framework\TestCase.php(  
  1667): Tests\Feature\Cosmetics\CosmeticTest->test_order_status_transitions(  
  )                                                                            
  #13 C:\opt\kotvrf\CatVRF\vendor\phpunit\phpunit\src\Framework\TestCase.php(  
  519): PHPUnit\Framework\TestCase->runTest()                                  
  #14 C:\opt\kotvrf\CatVRF\vendor\phpunit\phpunit\src\Framework\TestRunner\Te  
  stRunner.php(87): PHPUnit\Framework\TestCase->runBare()                      
  #15 C:\opt\kotvrf\CatVRF\vendor\phpunit\phpunit\src\Framework\TestCase.php(  
  365): PHPUnit\Framework\TestRunner->run()                                    
  #16 C:\opt\kotvrf\CatVRF\vendor\phpunit\phpunit\src\Framework\TestSuite.php  
  (369): PHPUnit\Framework\TestCase->run()                                     
  #17 C:\opt\kotvrf\CatVRF\vendor\phpunit\phpunit\src\Framework\TestSuite.php  
  (369): PHPUnit\Framework\TestSuite->run()                                    
  #18 C:\opt\kotvrf\CatVRF\vendor\phpunit\phpunit\src\TextUI\TestRunner.php(6  
  4): PHPUnit\Framework\TestSuite->run()                                       
  #19 C:\opt\kotvrf\CatVRF\vendor\phpunit\phpunit\src\TextUI\Application.php(  
  211): PHPUnit\TextUI\TestRunner->run()                                       
  #20 C:\opt\kotvrf\CatVRF\vendor\phpunit\phpunit\phpunit(104): PHPUnit\TextU  
  I\Application->run()                                                         
  #21 {main}                                                                   
                                                                               


In CosmeticOrder.php line 9:
                                                                               
  During class fetch: Uncaught ParseError: syntax error, unexpected token "tr  
  ait", expecting "abstract" or "final" or "readonly" or "class" in C:\opt\ko  
  tvrf\CatVRF\app\Traits\TenantScoped.php:7                                    
  Stack trace:                                                                 
  #0 C:\opt\kotvrf\CatVRF\vendor\composer\ClassLoader.php(427): Composer\Auto  
  load\{closure}()                                                             
  #1 C:\opt\kotvrf\CatVRF\app\Domains\Cosmetics\Models\CosmeticOrder.php(9):   
  Composer\Autoload\ClassLoader->loadClass()                                   
  #2 C:\opt\kotvrf\CatVRF\vendor\composer\ClassLoader.php(576): include('...'  
  )                                                                            
  #3 C:\opt\kotvrf\CatVRF\vendor\composer\ClassLoader.php(427): Composer\Auto  
  load\{closure}()                                                             
  #4 C:\opt\kotvrf\CatVRF\vendor\laravel\framework\src\Illuminate\Database\El  
  oquent\Factories\Factory.php(928): Composer\Autoload\ClassLoader->loadClass  
  ()                                                                           
  #5 C:\opt\kotvrf\CatVRF\vendor\laravel\framework\src\Illuminate\Database\El  
  oquent\Factories\Factory.php(513): Illuminate\Database\Eloquent\Factories\F  
  actory->newModel()                                                           
  #6 C:\opt\kotvrf\CatVRF\vendor\laravel\framework\src\Illuminate\Database\El  
  oquent\Concerns\GuardsAttributes.php(157): Illuminate\Database\Eloquent\Fac  
  tories\Factory->Illuminate\Database\Eloquent\Factories\{closure}()           
  #7 C:\opt\kotvrf\CatVRF\vendor\laravel\framework\src\Illuminate\Database\El  
  oquent\Factories\Factory.php(512): Illuminate\Database\Eloquent\Model::ungu  
  arded()                                                                      
  #8 C:\opt\kotvrf\CatVRF\vendor\laravel\framework\src\Illuminate\Database\El  
  oquent\Factories\Factory.php(429): Illuminate\Database\Eloquent\Factories\F  
  actory->makeInstance()                                                       
  #9 C:\opt\kotvrf\CatVRF\vendor\laravel\framework\src\Illuminate\Database\El  
  oquent\Factories\Factory.php(318): Illuminate\Database\Eloquent\Factories\F  
  actory->make()                                                               
  #10 C:\opt\kotvrf\CatVRF\vendor\laravel\framework\src\Illuminate\Database\E  
  loquent\Factories\Factory.php(315): Illuminate\Database\Eloquent\Factories\  
  Factory->create()                                                            
  #11 C:\opt\kotvrf\CatVRF\tests\Feature\Cosmetics\CosmeticTest.php(61): Illu  
  minate\Database\Eloquent\Factories\Factory->create()                         
  #12 C:\opt\kotvrf\CatVRF\vendor\phpunit\phpunit\src\Framework\TestCase.php(  
  1667): Tests\Feature\Cosmetics\CosmeticTest->test_order_status_transitions(  
  )                                                                            
  #13 C:\opt\kotvrf\CatVRF\vendor\phpunit\phpunit\src\Framework\TestCase.php(  
  519): PHPUnit\Framework\TestCase->runTest()                                  
  #14 C:\opt\kotvrf\CatVRF\vendor\phpunit\phpunit\src\Framework\TestRunner\Te  
  stRunner.php(87): PHPUnit\Framework\TestCase->runBare()                      
  #15 C:\opt\kotvrf\CatVRF\vendor\phpunit\phpunit\src\Framework\TestCase.php(  
  365): PHPUnit\Framework\TestRunner->run()                                    
  #16 C:\opt\kotvrf\CatVRF\vendor\phpunit\phpunit\src\Framework\TestSuite.php  
  (369): PHPUnit\Framework\TestCase->run()                                     
  #17 C:\opt\kotvrf\CatVRF\vendor\phpunit\phpunit\src\Framework\TestSuite.php  
  (369): PHPUnit\Framework\TestSuite->run()                                    
  #18 C:\opt\kotvrf\CatVRF\vendor\phpunit\phpunit\src\TextUI\TestRunner.php(6  
  4): PHPUnit\Framework\TestSuite->run()                                       
  #19 C:\opt\kotvrf\CatVRF\vendor\phpunit\phpunit\src\TextUI\Application.php(  
  211): PHPUnit\TextUI\TestRunner->run()                                       
  #20 C:\opt\kotvrf\CatVRF\vendor\phpunit\phpunit\phpunit(104): PHPUnit\TextU  
  I\Application->run()                                                         
  #21 {main}                                                                   
                                                                               


In CosmeticOrder.php line 9:
                                                                               
  During class fetch: Uncaught ParseError: syntax error, unexpected token "tr  
  ait", expecting "abstract" or "final" or "readonly" or "class" in C:\opt\ko  
  tvrf\CatVRF\app\Traits\TenantScoped.php:7                                    
  Stack trace:                                                                 
  #0 C:\opt\kotvrf\CatVRF\vendor\composer\ClassLoader.php(427): Composer\Auto  
  load\{closure}()                                                             
  #1 C:\opt\kotvrf\CatVRF\app\Domains\Cosmetics\Models\CosmeticOrder.php(9):   
  Composer\Autoload\ClassLoader->loadClass()                                   
  #2 C:\opt\kotvrf\CatVRF\vendor\composer\ClassLoader.php(576): include('...'  
  )                                                                            
  #3 C:\opt\kotvrf\CatVRF\vendor\composer\ClassLoader.php(427): Composer\Auto  
  load\{closure}()                                                             
  #4 C:\opt\kotvrf\CatVRF\vendor\laravel\framework\src\Illuminate\Database\El  
  oquent\Factories\Factory.php(928): Composer\Autoload\ClassLoader->loadClass  
  ()                                                                           
  #5 C:\opt\kotvrf\CatVRF\vendor\laravel\framework\src\Illuminate\Database\El  
  oquent\Factories\Factory.php(513): Illuminate\Database\Eloquent\Factories\F  
  actory->newModel()                                                           
  #6 C:\opt\kotvrf\CatVRF\vendor\laravel\framework\src\Illuminate\Database\El  
  oquent\Concerns\GuardsAttributes.php(157): Illuminate\Database\Eloquent\Fac  
  tories\Factory->Illuminate\Database\Eloquent\Factories\{closure}()           
  #7 C:\opt\kotvrf\CatVRF\vendor\laravel\framework\src\Illuminate\Database\El  
  oquent\Factories\Factory.php(512): Illuminate\Database\Eloquent\Model::ungu  
  arded()                                                                      
  #8 C:\opt\kotvrf\CatVRF\vendor\laravel\framework\src\Illuminate\Database\El  
  oquent\Factories\Factory.php(429): Illuminate\Database\Eloquent\Factories\F  
  actory->makeInstance()                                                       
  #9 C:\opt\kotvrf\CatVRF\vendor\laravel\framework\src\Illuminate\Database\El  
  oquent\Factories\Factory.php(318): Illuminate\Database\Eloquent\Factories\F  
  actory->make()                                                               
  #10 C:\opt\kotvrf\CatVRF\vendor\laravel\framework\src\Illuminate\Database\E  
  loquent\Factories\Factory.php(315): Illuminate\Database\Eloquent\Factories\  
  Factory->create()                                                            
  #11 C:\opt\kotvrf\CatVRF\tests\Feature\Cosmetics\CosmeticTest.php(61): Illu  
  minate\Database\Eloquent\Factories\Factory->create()                         
  #12 C:\opt\kotvrf\CatVRF\vendor\phpunit\phpunit\src\Framework\TestCase.php(  
  1667): Tests\Feature\Cosmetics\CosmeticTest->test_order_status_transitions(  
  )                                                                            
  #13 C:\opt\kotvrf\CatVRF\vendor\phpunit\phpunit\src\Framework\TestCase.php(  
  519): PHPUnit\Framework\TestCase->runTest()                                  
  #14 C:\opt\kotvrf\CatVRF\vendor\phpunit\phpunit\src\Framework\TestRunner\Te  
  stRunner.php(87): PHPUnit\Framework\TestCase->runBare()                      
  #15 C:\opt\kotvrf\CatVRF\vendor\phpunit\phpunit\src\Framework\TestCase.php(  
  365): PHPUnit\Framework\TestRunner->run()                                    
  #16 C:\opt\kotvrf\CatVRF\vendor\phpunit\phpunit\src\Framework\TestSuite.php  
  (369): PHPUnit\Framework\TestCase->run()                                     
  #17 C:\opt\kotvrf\CatVRF\vendor\phpunit\phpunit\src\Framework\TestSuite.php  
  (369): PHPUnit\Framework\TestSuite->run()                                    
  #18 C:\opt\kotvrf\CatVRF\vendor\phpunit\phpunit\src\TextUI\TestRunner.php(6  
  4): PHPUnit\Framework\TestSuite->run()                                       
  #19 C:\opt\kotvrf\CatVRF\vendor\phpunit\phpunit\src\TextUI\Application.php(  
  211): PHPUnit\TextUI\TestRunner->run()                                       
  #20 C:\opt\kotvrf\CatVRF\vendor\phpunit\phpunit\phpunit(104): PHPUnit\TextU  
  I\Application->run()                                                         
  #21 {main}                                                                   
                                                                               


In CosmeticOrder.php line 9:
                                                                               
  During class fetch: Uncaught ParseError: syntax error, unexpected token "tr  
  ait", expecting "abstract" or "final" or "readonly" or "class" in C:\opt\ko  
  tvrf\CatVRF\app\Traits\TenantScoped.php:7                                    
  Stack trace:                                                                 
  #0 C:\opt\kotvrf\CatVRF\vendor\composer\ClassLoader.php(427): Composer\Auto  
  load\{closure}()                                                             
  #1 C:\opt\kotvrf\CatVRF\app\Domains\Cosmetics\Models\CosmeticOrder.php(9):   
  Composer\Autoload\ClassLoader->loadClass()                                   
  #2 C:\opt\kotvrf\CatVRF\vendor\composer\ClassLoader.php(576): include('...'  
  )                                                                            
  #3 C:\opt\kotvrf\CatVRF\vendor\composer\ClassLoader.php(427): Composer\Auto  
  load\{closure}()                                                             
  #4 C:\opt\kotvrf\CatVRF\vendor\laravel\framework\src\Illuminate\Database\El  
  oquent\Factories\Factory.php(928): Composer\Autoload\ClassLoader->loadClass  
  ()                                                                           
  #5 C:\opt\kotvrf\CatVRF\vendor\laravel\framework\src\Illuminate\Database\El  
  oquent\Factories\Factory.php(513): Illuminate\Database\Eloquent\Factories\F  
  actory->newModel()                                                           
  #6 C:\opt\kotvrf\CatVRF\vendor\laravel\framework\src\Illuminate\Database\El  
  oquent\Concerns\GuardsAttributes.php(157): Illuminate\Database\Eloquent\Fac  
  tories\Factory->Illuminate\Database\Eloquent\Factories\{closure}()           
  #7 C:\opt\kotvrf\CatVRF\vendor\laravel\framework\src\Illuminate\Database\El  
  oquent\Factories\Factory.php(512): Illuminate\Database\Eloquent\Model::ungu  
  arded()                                                                      
  #8 C:\opt\kotvrf\CatVRF\vendor\laravel\framework\src\Illuminate\Database\El  
  oquent\Factories\Factory.php(429): Illuminate\Database\Eloquent\Factories\F  
  actory->makeInstance()                                                       
  #9 C:\opt\kotvrf\CatVRF\vendor\laravel\framework\src\Illuminate\Database\El  
  oquent\Factories\Factory.php(318): Illuminate\Database\Eloquent\Factories\F  
  actory->make()                                                               
  #10 C:\opt\kotvrf\CatVRF\vendor\laravel\framework\src\Illuminate\Database\E  
  loquent\Factories\Factory.php(315): Illuminate\Database\Eloquent\Factories\  
  Factory->create()                                                            
  #11 C:\opt\kotvrf\CatVRF\tests\Feature\Cosmetics\CosmeticTest.php(61): Illu  
  minate\Database\Eloquent\Factories\Factory->create()                         
  #12 C:\opt\kotvrf\CatVRF\vendor\phpunit\phpunit\src\Framework\TestCase.php(  
  1667): Tests\Feature\Cosmetics\CosmeticTest->test_order_status_transitions(  
  )                                                                            
  #13 C:\opt\kotvrf\CatVRF\vendor\phpunit\phpunit\src\Framework\TestCase.php(  
  519): PHPUnit\Framework\TestCase->runTest()                                  
  #14 C:\opt\kotvrf\CatVRF\vendor\phpunit\phpunit\src\Framework\TestRunner\Te  
  stRunner.php(87): PHPUnit\Framework\TestCase->runBare()                      
  #15 C:\opt\kotvrf\CatVRF\vendor\phpunit\phpunit\src\Framework\TestCase.php(  
  365): PHPUnit\Framework\TestRunner->run()                                    
  #16 C:\opt\kotvrf\CatVRF\vendor\phpunit\phpunit\src\Framework\TestSuite.php  
  (369): PHPUnit\Framework\TestCase->run()                                     
  #17 C:\opt\kotvrf\CatVRF\vendor\phpunit\phpunit\src\Framework\TestSuite.php  
  (369): PHPUnit\Framework\TestSuite->run()                                    
  #18 C:\opt\kotvrf\CatVRF\vendor\phpunit\phpunit\src\TextUI\TestRunner.php(6  
  4): PHPUnit\Framework\TestSuite->run()                                       
  #19 C:\opt\kotvrf\CatVRF\vendor\phpunit\phpunit\src\TextUI\Application.php(  
  211): PHPUnit\TextUI\TestRunner->run()                                       
  #20 C:\opt\kotvrf\CatVRF\vendor\phpunit\phpunit\phpunit(104): PHPUnit\TextU  
  I\Application->run()                                                         
  #21 {main}                                                                   
                                                                               


In CosmeticOrder.php line 9:
                                                                               
  During class fetch: Uncaught ParseError: syntax error, unexpected token "tr  
  ait", expecting "abstract" or "final" or "readonly" or "class" in C:\opt\ko  
  tvrf\CatVRF\app\Traits\TenantScoped.php:7                                    
  Stack trace:                                                                 
  #0 C:\opt\kotvrf\CatVRF\vendor\composer\ClassLoader.php(427): Composer\Auto  
  load\{closure}()                                                             
  #1 C:\opt\kotvrf\CatVRF\app\Domains\Cosmetics\Models\CosmeticOrder.php(9):   
  Composer\Autoload\ClassLoader->loadClass()                                   
  #2 C:\opt\kotvrf\CatVRF\vendor\composer\ClassLoader.php(576): include('...'  
  )                                                                            
  #3 C:\opt\kotvrf\CatVRF\vendor\composer\ClassLoader.php(427): Composer\Auto  
  load\{closure}()                                                             
  #4 C:\opt\kotvrf\CatVRF\vendor\laravel\framework\src\Illuminate\Database\El  
  oquent\Factories\Factory.php(928): Composer\Autoload\ClassLoader->loadClass  
  ()                                                                           
  #5 C:\opt\kotvrf\CatVRF\vendor\laravel\framework\src\Illuminate\Database\El  
  oquent\Factories\Factory.php(513): Illuminate\Database\Eloquent\Factories\F  
  actory->newModel()                                                           
  #6 C:\opt\kotvrf\CatVRF\vendor\laravel\framework\src\Illuminate\Database\El  
  oquent\Concerns\GuardsAttributes.php(157): Illuminate\Database\Eloquent\Fac  
  tories\Factory->Illuminate\Database\Eloquent\Factories\{closure}()           
  #7 C:\opt\kotvrf\CatVRF\vendor\laravel\framework\src\Illuminate\Database\El  
  oquent\Factories\Factory.php(512): Illuminate\Database\Eloquent\Model::ungu  
  arded()                                                                      
  #8 C:\opt\kotvrf\CatVRF\vendor\laravel\framework\src\Illuminate\Database\El  
  oquent\Factories\Factory.php(429): Illuminate\Database\Eloquent\Factories\F  
  actory->makeInstance()                                                       
  #9 C:\opt\kotvrf\CatVRF\vendor\laravel\framework\src\Illuminate\Database\El  
  oquent\Factories\Factory.php(318): Illuminate\Database\Eloquent\Factories\F  
  actory->make()                                                               
  #10 C:\opt\kotvrf\CatVRF\vendor\laravel\framework\src\Illuminate\Database\E  
  loquent\Factories\Factory.php(315): Illuminate\Database\Eloquent\Factories\  
  Factory->create()                                                            
  #11 C:\opt\kotvrf\CatVRF\tests\Feature\Cosmetics\CosmeticTest.php(61): Illu  
  minate\Database\Eloquent\Factories\Factory->create()                         
  #12 C:\opt\kotvrf\CatVRF\vendor\phpunit\phpunit\src\Framework\TestCase.php(  
  1667): Tests\Feature\Cosmetics\CosmeticTest->test_order_status_transitions(  
  )                                                                            
  #13 C:\opt\kotvrf\CatVRF\vendor\phpunit\phpunit\src\Framework\TestCase.php(  
  519): PHPUnit\Framework\TestCase->runTest()                                  
  #14 C:\opt\kotvrf\CatVRF\vendor\phpunit\phpunit\src\Framework\TestRunner\Te  
  stRunner.php(87): PHPUnit\Framework\TestCase->runBare()                      
  #15 C:\opt\kotvrf\CatVRF\vendor\phpunit\phpunit\src\Framework\TestCase.php(  
  365): PHPUnit\Framework\TestRunner->run()                                    
  #16 C:\opt\kotvrf\CatVRF\vendor\phpunit\phpunit\src\Framework\TestSuite.php  
  (369): PHPUnit\Framework\TestCase->run()                                     
  #17 C:\opt\kotvrf\CatVRF\vendor\phpunit\phpunit\src\Framework\TestSuite.php  
  (369): PHPUnit\Framework\TestSuite->run()                                    
  #18 C:\opt\kotvrf\CatVRF\vendor\phpunit\phpunit\src\TextUI\TestRunner.php(6  
  4): PHPUnit\Framework\TestSuite->run()                                       
  #19 C:\opt\kotvrf\CatVRF\vendor\phpunit\phpunit\src\TextUI\Application.php(  
  211): PHPUnit\TextUI\TestRunner->run()                                       
  #20 C:\opt\kotvrf\CatVRF\vendor\phpunit\phpunit\phpunit(104): PHPUnit\TextU  
  I\Application->run()                                                         
  #21 {main}                                                                   
                                                                               


In CosmeticOrder.php line 9:
                                                                               
  During class fetch: Uncaught ParseError: syntax error, unexpected token "tr  
  ait", expecting "abstract" or "final" or "readonly" or "class" in C:\opt\ko  
  tvrf\CatVRF\app\Traits\TenantScoped.php:7                                    
  Stack trace:                                                                 
  #0 C:\opt\kotvrf\CatVRF\vendor\composer\ClassLoader.php(427): Composer\Auto  
  load\{closure}()                                                             
  #1 C:\opt\kotvrf\CatVRF\app\Domains\Cosmetics\Models\CosmeticOrder.php(9):   
  Composer\Autoload\ClassLoader->loadClass()                                   
  #2 C:\opt\kotvrf\CatVRF\vendor\composer\ClassLoader.php(576): include('...'  
  )                                                                            
  #3 C:\opt\kotvrf\CatVRF\vendor\composer\ClassLoader.php(427): Composer\Auto  
  load\{closure}()                                                             
  #4 C:\opt\kotvrf\CatVRF\vendor\laravel\framework\src\Illuminate\Database\El  
  oquent\Factories\Factory.php(928): Composer\Autoload\ClassLoader->loadClass  
  ()                                                                           
  #5 C:\opt\kotvrf\CatVRF\vendor\laravel\framework\src\Illuminate\Database\El  
  oquent\Factories\Factory.php(513): Illuminate\Database\Eloquent\Factories\F  
  actory->newModel()                                                           
  #6 C:\opt\kotvrf\CatVRF\vendor\laravel\framework\src\Illuminate\Database\El  
  oquent\Concerns\GuardsAttributes.php(157): Illuminate\Database\Eloquent\Fac  
  tories\Factory->Illuminate\Database\Eloquent\Factories\{closure}()           
  #7 C:\opt\kotvrf\CatVRF\vendor\laravel\framework\src\Illuminate\Database\El  
  oquent\Factories\Factory.php(512): Illuminate\Database\Eloquent\Model::ungu  
  arded()                                                                      
  #8 C:\opt\kotvrf\CatVRF\vendor\laravel\framework\src\Illuminate\Database\El  
  oquent\Factories\Factory.php(429): Illuminate\Database\Eloquent\Factories\F  
  actory->makeInstance()                                                       
  #9 C:\opt\kotvrf\CatVRF\vendor\laravel\framework\src\Illuminate\Database\El  
  oquent\Factories\Factory.php(318): Illuminate\Database\Eloquent\Factories\F  
  actory->make()                                                               
  #10 C:\opt\kotvrf\CatVRF\vendor\laravel\framework\src\Illuminate\Database\E  
  loquent\Factories\Factory.php(315): Illuminate\Database\Eloquent\Factories\  
  Factory->create()                                                            
  #11 C:\opt\kotvrf\CatVRF\tests\Feature\Cosmetics\CosmeticTest.php(61): Illu  
  minate\Database\Eloquent\Factories\Factory->create()                         
  #12 C:\opt\kotvrf\CatVRF\vendor\phpunit\phpunit\src\Framework\TestCase.php(  
  1667): Tests\Feature\Cosmetics\CosmeticTest->test_order_status_transitions(  
  )                                                                            
  #13 C:\opt\kotvrf\CatVRF\vendor\phpunit\phpunit\src\Framework\TestCase.php(  
  519): PHPUnit\Framework\TestCase->runTest()                                  
  #14 C:\opt\kotvrf\CatVRF\vendor\phpunit\phpunit\src\Framework\TestRunner\Te  
  stRunner.php(87): PHPUnit\Framework\TestCase->runBare()                      
  #15 C:\opt\kotvrf\CatVRF\vendor\phpunit\phpunit\src\Framework\TestCase.php(  
  365): PHPUnit\Framework\TestRunner->run()                                    
  #16 C:\opt\kotvrf\CatVRF\vendor\phpunit\phpunit\src\Framework\TestSuite.php  
  (369): PHPUnit\Framework\TestCase->run()                                     
  #17 C:\opt\kotvrf\CatVRF\vendor\phpunit\phpunit\src\Framework\TestSuite.php  
  (369): PHPUnit\Framework\TestSuite->run()                                    
  #18 C:\opt\kotvrf\CatVRF\vendor\phpunit\phpunit\src\TextUI\TestRunner.php(6  
  4): PHPUnit\Framework\TestSuite->run()                                       
  #19 C:\opt\kotvrf\CatVRF\vendor\phpunit\phpunit\src\TextUI\Application.php(  
  211): PHPUnit\TextUI\TestRunner->run()                                       
  #20 C:\opt\kotvrf\CatVRF\vendor\phpunit\phpunit\phpunit(104): PHPUnit\TextU  
  I\Application->run()                                                         
  #21 {main}                                                                   
                                                                               


In CosmeticOrder.php line 9:
                                                                               
  During class fetch: Uncaught ParseError: syntax error, unexpected token "tr  
  ait", expecting "abstract" or "final" or "readonly" or "class" in C:\opt\ko  
  tvrf\CatVRF\app\Traits\TenantScoped.php:7                                    
  Stack trace:                                                                 
  #0 C:\opt\kotvrf\CatVRF\vendor\composer\ClassLoader.php(427): Composer\Auto  
  load\{closure}()                                                             
  #1 C:\opt\kotvrf\CatVRF\app\Domains\Cosmetics\Models\CosmeticOrder.php(9):   
  Composer\Autoload\ClassLoader->loadClass()                                   
  #2 C:\opt\kotvrf\CatVRF\vendor\composer\ClassLoader.php(576): include('...'  
  )                                                                            
  #3 C:\opt\kotvrf\CatVRF\vendor\composer\ClassLoader.php(427): Composer\Auto  
  load\{closure}()                                                             
  #4 C:\opt\kotvrf\CatVRF\vendor\laravel\framework\src\Illuminate\Database\El  
  oquent\Factories\Factory.php(928): Composer\Autoload\ClassLoader->loadClass  
  ()                                                                           
  #5 C:\opt\kotvrf\CatVRF\vendor\laravel\framework\src\Illuminate\Database\El  
  oquent\Factories\Factory.php(513): Illuminate\Database\Eloquent\Factories\F  
  actory->newModel()                                                           
  #6 C:\opt\kotvrf\CatVRF\vendor\laravel\framework\src\Illuminate\Database\El  
  oquent\Concerns\GuardsAttributes.php(157): Illuminate\Database\Eloquent\Fac  
  tories\Factory->Illuminate\Database\Eloquent\Factories\{closure}()           
  #7 C:\opt\kotvrf\CatVRF\vendor\laravel\framework\src\Illuminate\Database\El  
  oquent\Factories\Factory.php(512): Illuminate\Database\Eloquent\Model::ungu  
  arded()                                                                      
  #8 C:\opt\kotvrf\CatVRF\vendor\laravel\framework\src\Illuminate\Database\El  
  oquent\Factories\Factory.php(429): Illuminate\Database\Eloquent\Factories\F  
  actory->makeInstance()                                                       
  #9 C:\opt\kotvrf\CatVRF\vendor\laravel\framework\src\Illuminate\Database\El  
  oquent\Factories\Factory.php(318): Illuminate\Database\Eloquent\Factories\F  
  actory->make()                                                               
  #10 C:\opt\kotvrf\CatVRF\vendor\laravel\framework\src\Illuminate\Database\E  
  loquent\Factories\Factory.php(315): Illuminate\Database\Eloquent\Factories\  
  Factory->create()                                                            
  #11 C:\opt\kotvrf\CatVRF\tests\Feature\Cosmetics\CosmeticTest.php(61): Illu  
  minate\Database\Eloquent\Factories\Factory->create()                         
  #12 C:\opt\kotvrf\CatVRF\vendor\phpunit\phpunit\src\Framework\TestCase.php(  
  1667): Tests\Feature\Cosmetics\CosmeticTest->test_order_status_transitions(  
  )                                                                            
  #13 C:\opt\kotvrf\CatVRF\vendor\phpunit\phpunit\src\Framework\TestCase.php(  
  519): PHPUnit\Framework\TestCase->runTest()                                  
  #14 C:\opt\kotvrf\CatVRF\vendor\phpunit\phpunit\src\Framework\TestRunner\Te  
  stRunner.php(87): PHPUnit\Framework\TestCase->runBare()                      
  #15 C:\opt\kotvrf\CatVRF\vendor\phpunit\phpunit\src\Framework\TestCase.php(  
  365): PHPUnit\Framework\TestRunner->run()                                    
  #16 C:\opt\kotvrf\CatVRF\vendor\phpunit\phpunit\src\Framework\TestSuite.php  
  (369): PHPUnit\Framework\TestCase->run()                                     
  #17 C:\opt\kotvrf\CatVRF\vendor\phpunit\phpunit\src\Framework\TestSuite.php  
  (369): PHPUnit\Framework\TestSuite->run()                                    
  #18 C:\opt\kotvrf\CatVRF\vendor\phpunit\phpunit\src\TextUI\TestRunner.php(6  
  4): PHPUnit\Framework\TestSuite->run()                                       
  #19 C:\opt\kotvrf\CatVRF\vendor\phpunit\phpunit\src\TextUI\Application.php(  
  211): PHPUnit\TextUI\TestRunner->run()                                       
  #20 C:\opt\kotvrf\CatVRF\vendor\phpunit\phpunit\phpunit(104): PHPUnit\TextU  
  I\Application->run()                                                         
  #21 {main}                                                                   
                                                                               


In CosmeticOrder.php line 9:
                                                                               
  During class fetch: Uncaught ParseError: syntax error, unexpected token "tr  
  ait", expecting "abstract" or "final" or "readonly" or "class" in C:\opt\ko  
  tvrf\CatVRF\app\Traits\TenantScoped.php:7                                    
  Stack trace:                                                                 
  #0 C:\opt\kotvrf\CatVRF\vendor\composer\ClassLoader.php(427): Composer\Auto  
  load\{closure}()                                                             
  #1 C:\opt\kotvrf\CatVRF\app\Domains\Cosmetics\Models\CosmeticOrder.php(9):   
  Composer\Autoload\ClassLoader->loadClass()                                   
  #2 C:\opt\kotvrf\CatVRF\vendor\composer\ClassLoader.php(576): include('...'  
  )                                                                            
  #3 C:\opt\kotvrf\CatVRF\vendor\composer\ClassLoader.php(427): Composer\Auto  
  load\{closure}()                                                             
  #4 C:\opt\kotvrf\CatVRF\vendor\laravel\framework\src\Illuminate\Database\El  
  oquent\Factories\Factory.php(928): Composer\Autoload\ClassLoader->loadClass  
  ()                                                                           
  #5 C:\opt\kotvrf\CatVRF\vendor\laravel\framework\src\Illuminate\Database\El  
  oquent\Factories\Factory.php(513): Illuminate\Database\Eloquent\Factories\F  
  actory->newModel()                                                           
  #6 C:\opt\kotvrf\CatVRF\vendor\laravel\framework\src\Illuminate\Database\El  
  oquent\Concerns\GuardsAttributes.php(157): Illuminate\Database\Eloquent\Fac  
  tories\Factory->Illuminate\Database\Eloquent\Factories\{closure}()           
  #7 C:\opt\kotvrf\CatVRF\vendor\laravel\framework\src\Illuminate\Database\El  
  oquent\Factories\Factory.php(512): Illuminate\Database\Eloquent\Model::ungu  
  arded()                                                                      
  #8 C:\opt\kotvrf\CatVRF\vendor\laravel\framework\src\Illuminate\Database\El  
  oquent\Factories\Factory.php(429): Illuminate\Database\Eloquent\Factories\F  
  actory->makeInstance()                                                       
  #9 C:\opt\kotvrf\CatVRF\vendor\laravel\framework\src\Illuminate\Database\El  
  oquent\Factories\Factory.php(318): Illuminate\Database\Eloquent\Factories\F  
  actory->make()                                                               
  #10 C:\opt\kotvrf\CatVRF\vendor\laravel\framework\src\Illuminate\Database\E  
  loquent\Factories\Factory.php(315): Illuminate\Database\Eloquent\Factories\  
  Factory->create()                                                            
  #11 C:\opt\kotvrf\CatVRF\tests\Feature\Cosmetics\CosmeticTest.php(61): Illu  
  minate\Database\Eloquent\Factories\Factory->create()                         
  #12 C:\opt\kotvrf\CatVRF\vendor\phpunit\phpunit\src\Framework\TestCase.php(  
  1667): Tests\Feature\Cosmetics\CosmeticTest->test_order_status_transitions(  
  )                                                                            
  #13 C:\opt\kotvrf\CatVRF\vendor\phpunit\phpunit\src\Framework\TestCase.php(  
  519): PHPUnit\Framework\TestCase->runTest()                                  
  #14 C:\opt\kotvrf\CatVRF\vendor\phpunit\phpunit\src\Framework\TestRunner\Te  
  stRunner.php(87): PHPUnit\Framework\TestCase->runBare()                      
  #15 C:\opt\kotvrf\CatVRF\vendor\phpunit\phpunit\src\Framework\TestCase.php(  
  365): PHPUnit\Framework\TestRunner->run()                                    
  #16 C:\opt\kotvrf\CatVRF\vendor\phpunit\phpunit\src\Framework\TestSuite.php  
  (369): PHPUnit\Framework\TestCase->run()                                     
  #17 C:\opt\kotvrf\CatVRF\vendor\phpunit\phpunit\src\Framework\TestSuite.php  
  (369): PHPUnit\Framework\TestSuite->run()                                    
  #18 C:\opt\kotvrf\CatVRF\vendor\phpunit\phpunit\src\TextUI\TestRunner.php(6  
  4): PHPUnit\Framework\TestSuite->run()                                       
  #19 C:\opt\kotvrf\CatVRF\vendor\phpunit\phpunit\src\TextUI\Application.php(  
  211): PHPUnit\TextUI\TestRunner->run()                                       
  #20 C:\opt\kotvrf\CatVRF\vendor\phpunit\phpunit\phpunit(104): PHPUnit\TextU  
  I\Application->run()                                                         
  #21 {main}                                                                   
                                                                               


In CosmeticOrder.php line 9:
                                                                               
  During class fetch: Uncaught ParseError: syntax error, unexpected token "tr  
  ait", expecting "abstract" or "final" or "readonly" or "class" in C:\opt\ko  
  tvrf\CatVRF\app\Traits\TenantScoped.php:7                                    
  Stack trace:                                                                 
  #0 C:\opt\kotvrf\CatVRF\vendor\composer\ClassLoader.php(427): Composer\Auto  
  load\{closure}()                                                             
  #1 C:\opt\kotvrf\CatVRF\app\Domains\Cosmetics\Models\CosmeticOrder.php(9):   
  Composer\Autoload\ClassLoader->loadClass()                                   
  #2 C:\opt\kotvrf\CatVRF\vendor\composer\ClassLoader.php(576): include('...'  
  )                                                                            
  #3 C:\opt\kotvrf\CatVRF\vendor\composer\ClassLoader.php(427): Composer\Auto  
  load\{closure}()                                                             
  #4 C:\opt\kotvrf\CatVRF\vendor\laravel\framework\src\Illuminate\Database\El  
  oquent\Factories\Factory.php(928): Composer\Autoload\ClassLoader->loadClass  
  ()                                                                           
  #5 C:\opt\kotvrf\CatVRF\vendor\laravel\framework\src\Illuminate\Database\El  
  oquent\Factories\Factory.php(513): Illuminate\Database\Eloquent\Factories\F  
  actory->newModel()                                                           
  #6 C:\opt\kotvrf\CatVRF\vendor\laravel\framework\src\Illuminate\Database\El  
  oquent\Concerns\GuardsAttributes.php(157): Illuminate\Database\Eloquent\Fac  
  tories\Factory->Illuminate\Database\Eloquent\Factories\{closure}()           
  #7 C:\opt\kotvrf\CatVRF\vendor\laravel\framework\src\Illuminate\Database\El  
  oquent\Factories\Factory.php(512): Illuminate\Database\Eloquent\Model::ungu  
  arded()                                                                      
  #8 C:\opt\kotvrf\CatVRF\vendor\laravel\framework\src\Illuminate\Database\El  
  oquent\Factories\Factory.php(429): Illuminate\Database\Eloquent\Factories\F  
  actory->makeInstance()                                                       
  #9 C:\opt\kotvrf\CatVRF\vendor\laravel\framework\src\Illuminate\Database\El  
  oquent\Factories\Factory.php(318): Illuminate\Database\Eloquent\Factories\F  
  actory->make()                                                               
  #10 C:\opt\kotvrf\CatVRF\vendor\laravel\framework\src\Illuminate\Database\E  
  loquent\Factories\Factory.php(315): Illuminate\Database\Eloquent\Factories\  
  Factory->create()                                                            
  #11 C:\opt\kotvrf\CatVRF\tests\Feature\Cosmetics\CosmeticTest.php(61): Illu  
  minate\Database\Eloquent\Factories\Factory->create()                         
  #12 C:\opt\kotvrf\CatVRF\vendor\phpunit\phpunit\src\Framework\TestCase.php(  
  1667): Tests\Feature\Cosmetics\CosmeticTest->test_order_status_transitions(  
  )                                                                            
  #13 C:\opt\kotvrf\CatVRF\vendor\phpunit\phpunit\src\Framework\TestCase.php(  
  519): PHPUnit\Framework\TestCase->runTest()                                  
  #14 C:\opt\kotvrf\CatVRF\vendor\phpunit\phpunit\src\Framework\TestRunner\Te  
  stRunner.php(87): PHPUnit\Framework\TestCase->runBare()                      
  #15 C:\opt\kotvrf\CatVRF\vendor\phpunit\phpunit\src\Framework\TestCase.php(  
  365): PHPUnit\Framework\TestRunner->run()                                    
  #16 C:\opt\kotvrf\CatVRF\vendor\phpunit\phpunit\src\Framework\TestSuite.php  
  (369): PHPUnit\Framework\TestCase->run()                                     
  #17 C:\opt\kotvrf\CatVRF\vendor\phpunit\phpunit\src\Framework\TestSuite.php  
  (369): PHPUnit\Framework\TestSuite->run()                                    
  #18 C:\opt\kotvrf\CatVRF\vendor\phpunit\phpunit\src\TextUI\TestRunner.php(6  
  4): PHPUnit\Framework\TestSuite->run()                                       
  #19 C:\opt\kotvrf\CatVRF\vendor\phpunit\phpunit\src\TextUI\Application.php(  
  211): PHPUnit\TextUI\TestRunner->run()                                       
  #20 C:\opt\kotvrf\CatVRF\vendor\phpunit\phpunit\phpunit(104): PHPUnit\TextU  
  I\Application->run()                                                         
  #21 {main}                                                                   
                                                                               


In CosmeticOrder.php line 9:
                                                                               
  During class fetch: Uncaught ParseError: syntax error, unexpected token "tr  
  ait", expecting "abstract" or "final" or "readonly" or "class" in C:\opt\ko  
  tvrf\CatVRF\app\Traits\TenantScoped.php:7                                    
  Stack trace:                                                                 
  #0 C:\opt\kotvrf\CatVRF\vendor\composer\ClassLoader.php(427): Composer\Auto  
  load\{closure}()                                                             
  #1 C:\opt\kotvrf\CatVRF\app\Domains\Cosmetics\Models\CosmeticOrder.php(9):   
  Composer\Autoload\ClassLoader->loadClass()                                   
  #2 C:\opt\kotvrf\CatVRF\vendor\composer\ClassLoader.php(576): include('...'  
  )                                                                            
  #3 C:\opt\kotvrf\CatVRF\vendor\composer\ClassLoader.php(427): Composer\Auto  
  load\{closure}()                                                             
  #4 C:\opt\kotvrf\CatVRF\vendor\laravel\framework\src\Illuminate\Database\El  
  oquent\Factories\Factory.php(928): Composer\Autoload\ClassLoader->loadClass  
  ()                                                                           
  #5 C:\opt\kotvrf\CatVRF\vendor\laravel\framework\src\Illuminate\Database\El  
  oquent\Factories\Factory.php(513): Illuminate\Database\Eloquent\Factories\F  
  actory->newModel()                                                           
  #6 C:\opt\kotvrf\CatVRF\vendor\laravel\framework\src\Illuminate\Database\El  
  oquent\Concerns\GuardsAttributes.php(157): Illuminate\Database\Eloquent\Fac  
  tories\Factory->Illuminate\Database\Eloquent\Factories\{closure}()           
  #7 C:\opt\kotvrf\CatVRF\vendor\laravel\framework\src\Illuminate\Database\El  
  oquent\Factories\Factory.php(512): Illuminate\Database\Eloquent\Model::ungu  
  arded()                                                                      
  #8 C:\opt\kotvrf\CatVRF\vendor\laravel\framework\src\Illuminate\Database\El  
  oquent\Factories\Factory.php(429): Illuminate\Database\Eloquent\Factories\F  
  actory->makeInstance()                                                       
  #9 C:\opt\kotvrf\CatVRF\vendor\laravel\framework\src\Illuminate\Database\El  
  oquent\Factories\Factory.php(318): Illuminate\Database\Eloquent\Factories\F  
  actory->make()                                                               
  #10 C:\opt\kotvrf\CatVRF\vendor\laravel\framework\src\Illuminate\Database\E  
  loquent\Factories\Factory.php(315): Illuminate\Database\Eloquent\Factories\  
  Factory->create()                                                            
  #11 C:\opt\kotvrf\CatVRF\tests\Feature\Cosmetics\CosmeticTest.php(61): Illu  
  minate\Database\Eloquent\Factories\Factory->create()                         
  #12 C:\opt\kotvrf\CatVRF\vendor\phpunit\phpunit\src\Framework\TestCase.php(  
  1667): Tests\Feature\Cosmetics\CosmeticTest->test_order_status_transitions(  
  )                                                                            
  #13 C:\opt\kotvrf\CatVRF\vendor\phpunit\phpunit\src\Framework\TestCase.php(  
  519): PHPUnit\Framework\TestCase->runTest()                                  
  #14 C:\opt\kotvrf\CatVRF\vendor\phpunit\phpunit\src\Framework\TestRunner\Te  
  stRunner.php(87): PHPUnit\Framework\TestCase->runBare()                      
  #15 C:\opt\kotvrf\CatVRF\vendor\phpunit\phpunit\src\Framework\TestCase.php(  
  365): PHPUnit\Framework\TestRunner->run()                                    
  #16 C:\opt\kotvrf\CatVRF\vendor\phpunit\phpunit\src\Framework\TestSuite.php  
  (369): PHPUnit\Framework\TestCase->run()                                     
  #17 C:\opt\kotvrf\CatVRF\vendor\phpunit\phpunit\src\Framework\TestSuite.php  
  (369): PHPUnit\Framework\TestSuite->run()                                    
  #18 C:\opt\kotvrf\CatVRF\vendor\phpunit\phpunit\src\TextUI\TestRunner.php(6  
  4): PHPUnit\Framework\TestSuite->run()                                       
  #19 C:\opt\kotvrf\CatVRF\vendor\phpunit\phpunit\src\TextUI\Application.php(  
  211): PHPUnit\TextUI\TestRunner->run()                                       
  #20 C:\opt\kotvrf\CatVRF\vendor\phpunit\phpunit\phpunit(104): PHPUnit\TextU  
  I\Application->run()                                                         
  #21 {main}                                                                   
                                                                               


In CosmeticOrder.php line 9:
                                                                               
  During class fetch: Uncaught ParseError: syntax error, unexpected token "tr  
  ait", expecting "abstract" or "final" or "readonly" or "class" in C:\opt\ko  
  tvrf\CatVRF\app\Traits\TenantScoped.php:7                                    
  Stack trace:                                                                 
  #0 C:\opt\kotvrf\CatVRF\vendor\composer\ClassLoader.php(427): Composer\Auto  
  load\{closure}()                                                             
  #1 C:\opt\kotvrf\CatVRF\app\Domains\Cosmetics\Models\CosmeticOrder.php(9):   
  Composer\Autoload\ClassLoader->loadClass()                                   
  #2 C:\opt\kotvrf\CatVRF\vendor\composer\ClassLoader.php(576): include('...'  
  )                                                                            
  #3 C:\opt\kotvrf\CatVRF\vendor\composer\ClassLoader.php(427): Composer\Auto  
  load\{closure}()                                                             
  #4 C:\opt\kotvrf\CatVRF\vendor\laravel\framework\src\Illuminate\Database\El  
  oquent\Factories\Factory.php(928): Composer\Autoload\ClassLoader->loadClass  
  ()                                                                           
  #5 C:\opt\kotvrf\CatVRF\vendor\laravel\framework\src\Illuminate\Database\El  
  oquent\Factories\Factory.php(513): Illuminate\Database\Eloquent\Factories\F  
  actory->newModel()                                                           
  #6 C:\opt\kotvrf\CatVRF\vendor\laravel\framework\src\Illuminate\Database\El  
  oquent\Concerns\GuardsAttributes.php(157): Illuminate\Database\Eloquent\Fac  
  tories\Factory->Illuminate\Database\Eloquent\Factories\{closure}()           
  #7 C:\opt\kotvrf\CatVRF\vendor\laravel\framework\src\Illuminate\Database\El  
  oquent\Factories\Factory.php(512): Illuminate\Database\Eloquent\Model::ungu  
  arded()                                                                      
  #8 C:\opt\kotvrf\CatVRF\vendor\laravel\framework\src\Illuminate\Database\El  
  oquent\Factories\Factory.php(429): Illuminate\Database\Eloquent\Factories\F  
  actory->makeInstance()                                                       
  #9 C:\opt\kotvrf\CatVRF\vendor\laravel\framework\src\Illuminate\Database\El  
  oquent\Factories\Factory.php(318): Illuminate\Database\Eloquent\Factories\F  
  actory->make()                                                               
  #10 C:\opt\kotvrf\CatVRF\vendor\laravel\framework\src\Illuminate\Database\E  
  loquent\Factories\Factory.php(315): Illuminate\Database\Eloquent\Factories\  
  Factory->create()                                                            
  #11 C:\opt\kotvrf\CatVRF\tests\Feature\Cosmetics\CosmeticTest.php(61): Illu  
  minate\Database\Eloquent\Factories\Factory->create()                         
  #12 C:\opt\kotvrf\CatVRF\vendor\phpunit\phpunit\src\Framework\TestCase.php(  
  1667): Tests\Feature\Cosmetics\CosmeticTest->test_order_status_transitions(  
  )                                                                            
  #13 C:\opt\kotvrf\CatVRF\vendor\phpunit\phpunit\src\Framework\TestCase.php(  
  519): PHPUnit\Framework\TestCase->runTest()                                  
  #14 C:\opt\kotvrf\CatVRF\vendor\phpunit\phpunit\src\Framework\TestRunner\Te  
  stRunner.php(87): PHPUnit\Framework\TestCase->runBare()                      
  #15 C:\opt\kotvrf\CatVRF\vendor\phpunit\phpunit\src\Framework\TestCase.php(  
  365): PHPUnit\Framework\TestRunner->run()                                    
  #16 C:\opt\kotvrf\CatVRF\vendor\phpunit\phpunit\src\Framework\TestSuite.php  
  (369): PHPUnit\Framework\TestCase->run()                                     
  #17 C:\opt\kotvrf\CatVRF\vendor\phpunit\phpunit\src\Framework\TestSuite.php  
  (369): PHPUnit\Framework\TestSuite->run()                                    
  #18 C:\opt\kotvrf\CatVRF\vendor\phpunit\phpunit\src\TextUI\TestRunner.php(6  
  4): PHPUnit\Framework\TestSuite->run()                                       
  #19 C:\opt\kotvrf\CatVRF\vendor\phpunit\phpunit\src\TextUI\Application.php(  
  211): PHPUnit\TextUI\TestRunner->run()                                       
  #20 C:\opt\kotvrf\CatVRF\vendor\phpunit\phpunit\phpunit(104): PHPUnit\TextU  
  I\Application->run()                                                         
  #21 {main}                                                                   
                                                                               


In CosmeticOrder.php line 9:
                                                                               
  During class fetch: Uncaught ParseError: syntax error, unexpected token "tr  
  ait", expecting "abstract" or "final" or "readonly" or "class" in C:\opt\ko  
  tvrf\CatVRF\app\Traits\TenantScoped.php:7                                    
  Stack trace:                                                                 
  #0 C:\opt\kotvrf\CatVRF\vendor\composer\ClassLoader.php(427): Composer\Auto  
  load\{closure}()                                                             
  #1 C:\opt\kotvrf\CatVRF\app\Domains\Cosmetics\Models\CosmeticOrder.php(9):   
  Composer\Autoload\ClassLoader->loadClass()                                   
  #2 C:\opt\kotvrf\CatVRF\vendor\composer\ClassLoader.php(576): include('...'  
  )                                                                            
  #3 C:\opt\kotvrf\CatVRF\vendor\composer\ClassLoader.php(427): Composer\Auto  
  load\{closure}()                                                             
  #4 C:\opt\kotvrf\CatVRF\vendor\laravel\framework\src\Illuminate\Database\El  
  oquent\Factories\Factory.php(928): Composer\Autoload\ClassLoader->loadClass  
  ()                                                                           
  #5 C:\opt\kotvrf\CatVRF\vendor\laravel\framework\src\Illuminate\Database\El  
  oquent\Factories\Factory.php(513): Illuminate\Database\Eloquent\Factories\F  
  actory->newModel()                                                           
  #6 C:\opt\kotvrf\CatVRF\vendor\laravel\framework\src\Illuminate\Database\El  
  oquent\Concerns\GuardsAttributes.php(157): Illuminate\Database\Eloquent\Fac  
  tories\Factory->Illuminate\Database\Eloquent\Factories\{closure}()           
  #7 C:\opt\kotvrf\CatVRF\vendor\laravel\framework\src\Illuminate\Database\El  
  oquent\Factories\Factory.php(512): Illuminate\Database\Eloquent\Model::ungu  
  arded()                                                                      
  #8 C:\opt\kotvrf\CatVRF\vendor\laravel\framework\src\Illuminate\Database\El  
  oquent\Factories\Factory.php(429): Illuminate\Database\Eloquent\Factories\F  
  actory->makeInstance()                                                       
  #9 C:\opt\kotvrf\CatVRF\vendor\laravel\framework\src\Illuminate\Database\El  
  oquent\Factories\Factory.php(318): Illuminate\Database\Eloquent\Factories\F  
  actory->make()                                                               
  #10 C:\opt\kotvrf\CatVRF\vendor\laravel\framework\src\Illuminate\Database\E  
  loquent\Factories\Factory.php(315): Illuminate\Database\Eloquent\Factories\  
  Factory->create()                                                            
  #11 C:\opt\kotvrf\CatVRF\tests\Feature\Cosmetics\CosmeticTest.php(61): Illu  
  minate\Database\Eloquent\Factories\Factory->create()                         
  #12 C:\opt\kotvrf\CatVRF\vendor\phpunit\phpunit\src\Framework\TestCase.php(  
  1667): Tests\Feature\Cosmetics\CosmeticTest->test_order_status_transitions(  
  )                                                                            
  #13 C:\opt\kotvrf\CatVRF\vendor\phpunit\phpunit\src\Framework\TestCase.php(  
  519): PHPUnit\Framework\TestCase->runTest()                                  
  #14 C:\opt\kotvrf\CatVRF\vendor\phpunit\phpunit\src\Framework\TestRunner\Te  
  stRunner.php(87): PHPUnit\Framework\TestCase->runBare()                      
  #15 C:\opt\kotvrf\CatVRF\vendor\phpunit\phpunit\src\Framework\TestCase.php(  
  365): PHPUnit\Framework\TestRunner->run()                                    
  #16 C:\opt\kotvrf\CatVRF\vendor\phpunit\phpunit\src\Framework\TestSuite.php  
  (369): PHPUnit\Framework\TestCase->run()                                     
  #17 C:\opt\kotvrf\CatVRF\vendor\phpunit\phpunit\src\Framework\TestSuite.php  
  (369): PHPUnit\Framework\TestSuite->run()                                    
  #18 C:\opt\kotvrf\CatVRF\vendor\phpunit\phpunit\src\TextUI\TestRunner.php(6  
  4): PHPUnit\Framework\TestSuite->run()                                       
  #19 C:\opt\kotvrf\CatVRF\vendor\phpunit\phpunit\src\TextUI\Application.php(  
  211): PHPUnit\TextUI\TestRunner->run()                                       
  #20 C:\opt\kotvrf\CatVRF\vendor\phpunit\phpunit\phpunit(104): PHPUnit\TextU  
  I\Application->run()                                                         
  #21 {main}                                                                   
                                                                               


In CosmeticOrder.php line 9:
                                                                               
  During class fetch: Uncaught ParseError: syntax error, unexpected token "tr  
  ait", expecting "abstract" or "final" or "readonly" or "class" in C:\opt\ko  
  tvrf\CatVRF\app\Traits\TenantScoped.php:7                                    
  Stack trace:                                                                 
  #0 C:\opt\kotvrf\CatVRF\vendor\composer\ClassLoader.php(427): Composer\Auto  
  load\{closure}()                                                             
  #1 C:\opt\kotvrf\CatVRF\app\Domains\Cosmetics\Models\CosmeticOrder.php(9):   
  Composer\Autoload\ClassLoader->loadClass()                                   
  #2 C:\opt\kotvrf\CatVRF\vendor\composer\ClassLoader.php(576): include('...'  
  )                                                                            
  #3 C:\opt\kotvrf\CatVRF\vendor\composer\ClassLoader.php(427): Composer\Auto  
  load\{closure}()                                                             
  #4 C:\opt\kotvrf\CatVRF\vendor\laravel\framework\src\Illuminate\Database\El  
  oquent\Factories\Factory.php(928): Composer\Autoload\ClassLoader->loadClass  
  ()                                                                           
  #5 C:\opt\kotvrf\CatVRF\vendor\laravel\framework\src\Illuminate\Database\El  
  oquent\Factories\Factory.php(513): Illuminate\Database\Eloquent\Factories\F  
  actory->newModel()                                                           
  #6 C:\opt\kotvrf\CatVRF\vendor\laravel\framework\src\Illuminate\Database\El  
  oquent\Concerns\GuardsAttributes.php(157): Illuminate\Database\Eloquent\Fac  
  tories\Factory->Illuminate\Database\Eloquent\Factories\{closure}()           
  #7 C:\opt\kotvrf\CatVRF\vendor\laravel\framework\src\Illuminate\Database\El  
  oquent\Factories\Factory.php(512): Illuminate\Database\Eloquent\Model::ungu  
  arded()                                                                      
  #8 C:\opt\kotvrf\CatVRF\vendor\laravel\framework\src\Illuminate\Database\El  
  oquent\Factories\Factory.php(429): Illuminate\Database\Eloquent\Factories\F  
  actory->makeInstance()                                                       
  #9 C:\opt\kotvrf\CatVRF\vendor\laravel\framework\src\Illuminate\Database\El  
  oquent\Factories\Factory.php(318): Illuminate\Database\Eloquent\Factories\F  
  actory->make()                                                               
  #10 C:\opt\kotvrf\CatVRF\vendor\laravel\framework\src\Illuminate\Database\E  
  loquent\Factories\Factory.php(315): Illuminate\Database\Eloquent\Factories\  
  Factory->create()                                                            
  #11 C:\opt\kotvrf\CatVRF\tests\Feature\Cosmetics\CosmeticTest.php(61): Illu  
  minate\Database\Eloquent\Factories\Factory->create()                         
  #12 C:\opt\kotvrf\CatVRF\vendor\phpunit\phpunit\src\Framework\TestCase.php(  
  1667): Tests\Feature\Cosmetics\CosmeticTest->test_order_status_transitions(  
  )                                                                            
  #13 C:\opt\kotvrf\CatVRF\vendor\phpunit\phpunit\src\Framework\TestCase.php(  
  519): PHPUnit\Framework\TestCase->runTest()                                  
  #14 C:\opt\kotvrf\CatVRF\vendor\phpunit\phpunit\src\Framework\TestRunner\Te  
  stRunner.php(87): PHPUnit\Framework\TestCase->runBare()                      
  #15 C:\opt\kotvrf\CatVRF\vendor\phpunit\phpunit\src\Framework\TestCase.php(  
  365): PHPUnit\Framework\TestRunner->run()                                    
  #16 C:\opt\kotvrf\CatVRF\vendor\phpunit\phpunit\src\Framework\TestSuite.php  
  (369): PHPUnit\Framework\TestCase->run()                                     
  #17 C:\opt\kotvrf\CatVRF\vendor\phpunit\phpunit\src\Framework\TestSuite.php  
  (369): PHPUnit\Framework\TestSuite->run()                                    
  #18 C:\opt\kotvrf\CatVRF\vendor\phpunit\phpunit\src\TextUI\TestRunner.php(6  
  4): PHPUnit\Framework\TestSuite->run()                                       
  #19 C:\opt\kotvrf\CatVRF\vendor\phpunit\phpunit\src\TextUI\Application.php(  
  211): PHPUnit\TextUI\TestRunner->run()                                       
  #20 C:\opt\kotvrf\CatVRF\vendor\phpunit\phpunit\phpunit(104): PHPUnit\TextU  
  I\Application->run()                                                         
  #21 {main}                                                                   
                                                                               


In CosmeticOrder.php line 9:
                                                                               
  During class fetch: Uncaught ParseError: syntax error, unexpected token "tr  
  ait", expecting "abstract" or "final" or "readonly" or "class" in C:\opt\ko  
  tvrf\CatVRF\app\Traits\TenantScoped.php:7                                    
  Stack trace:                                                                 
  #0 C:\opt\kotvrf\CatVRF\vendor\composer\ClassLoader.php(427): Composer\Auto  
  load\{closure}()                                                             
  #1 C:\opt\kotvrf\CatVRF\app\Domains\Cosmetics\Models\CosmeticOrder.php(9):   
  Composer\Autoload\ClassLoader->loadClass()                                   
  #2 C:\opt\kotvrf\CatVRF\vendor\composer\ClassLoader.php(576): include('...'  
  )                                                                            
  #3 C:\opt\kotvrf\CatVRF\vendor\composer\ClassLoader.php(427): Composer\Auto  
  load\{closure}()                                                             
  #4 C:\opt\kotvrf\CatVRF\vendor\laravel\framework\src\Illuminate\Database\El  
  oquent\Factories\Factory.php(928): Composer\Autoload\ClassLoader->loadClass  
  ()                                                                           
  #5 C:\opt\kotvrf\CatVRF\vendor\laravel\framework\src\Illuminate\Database\El  
  oquent\Factories\Factory.php(513): Illuminate\Database\Eloquent\Factories\F  
  actory->newModel()                                                           
  #6 C:\opt\kotvrf\CatVRF\vendor\laravel\framework\src\Illuminate\Database\El  
  oquent\Concerns\GuardsAttributes.php(157): Illuminate\Database\Eloquent\Fac  
  tories\Factory->Illuminate\Database\Eloquent\Factories\{closure}()           
  #7 C:\opt\kotvrf\CatVRF\vendor\laravel\framework\src\Illuminate\Database\El  
  oquent\Factories\Factory.php(512): Illuminate\Database\Eloquent\Model::ungu  
  arded()                                                                      
  #8 C:\opt\kotvrf\CatVRF\vendor\laravel\framework\src\Illuminate\Database\El  
  oquent\Factories\Factory.php(429): Illuminate\Database\Eloquent\Factories\F  
  actory->makeInstance()                                                       
  #9 C:\opt\kotvrf\CatVRF\vendor\laravel\framework\src\Illuminate\Database\El  
  oquent\Factories\Factory.php(318): Illuminate\Database\Eloquent\Factories\F  
  actory->make()                                                               
  #10 C:\opt\kotvrf\CatVRF\vendor\laravel\framework\src\Illuminate\Database\E  
  loquent\Factories\Factory.php(315): Illuminate\Database\Eloquent\Factories\  
  Factory->create()                                                            
  #11 C:\opt\kotvrf\CatVRF\tests\Feature\Cosmetics\CosmeticTest.php(61): Illu  
  minate\Database\Eloquent\Factories\Factory->create()                         
  #12 C:\opt\kotvrf\CatVRF\vendor\phpunit\phpunit\src\Framework\TestCase.php(  
  1667): Tests\Feature\Cosmetics\CosmeticTest->test_order_status_transitions(  
  )                                                                            
  #13 C:\opt\kotvrf\CatVRF\vendor\phpunit\phpunit\src\Framework\TestCase.php(  
  519): PHPUnit\Framework\TestCase->runTest()                                  
  #14 C:\opt\kotvrf\CatVRF\vendor\phpunit\phpunit\src\Framework\TestRunner\Te  
  stRunner.php(87): PHPUnit\Framework\TestCase->runBare()                      
  #15 C:\opt\kotvrf\CatVRF\vendor\phpunit\phpunit\src\Framework\TestCase.php(  
  365): PHPUnit\Framework\TestRunner->run()                                    
  #16 C:\opt\kotvrf\CatVRF\vendor\phpunit\phpunit\src\Framework\TestSuite.php  
  (369): PHPUnit\Framework\TestCase->run()                                     
  #17 C:\opt\kotvrf\CatVRF\vendor\phpunit\phpunit\src\Framework\TestSuite.php  
  (369): PHPUnit\Framework\TestSuite->run()                                    
  #18 C:\opt\kotvrf\CatVRF\vendor\phpunit\phpunit\src\TextUI\TestRunner.php(6  
  4): PHPUnit\Framework\TestSuite->run()                                       
  #19 C:\opt\kotvrf\CatVRF\vendor\phpunit\phpunit\src\TextUI\Application.php(  
  211): PHPUnit\TextUI\TestRunner->run()                                       
  #20 C:\opt\kotvrf\CatVRF\vendor\phpunit\phpunit\phpunit(104): PHPUnit\TextU  
  I\Application->run()                                                         
  #21 {main}                                                                   
                                                                               


In CosmeticOrder.php line 9:
                                                                               
  During class fetch: Uncaught ParseError: syntax error, unexpected token "tr  
  ait", expecting "abstract" or "final" or "readonly" or "class" in C:\opt\ko  
  tvrf\CatVRF\app\Traits\TenantScoped.php:7                                    
  Stack trace:                                                                 
  #0 C:\opt\kotvrf\CatVRF\vendor\composer\ClassLoader.php(427): Composer\Auto  
  load\{closure}()                                                             
  #1 C:\opt\kotvrf\CatVRF\app\Domains\Cosmetics\Models\CosmeticOrder.php(9):   
  Composer\Autoload\ClassLoader->loadClass()                                   
  #2 C:\opt\kotvrf\CatVRF\vendor\composer\ClassLoader.php(576): include('...'  
  )                                                                            
  #3 C:\opt\kotvrf\CatVRF\vendor\composer\ClassLoader.php(427): Composer\Auto  
  load\{closure}()                                                             
  #4 C:\opt\kotvrf\CatVRF\vendor\laravel\framework\src\Illuminate\Database\El  
  oquent\Factories\Factory.php(928): Composer\Autoload\ClassLoader->loadClass  
  ()                                                                           
  #5 C:\opt\kotvrf\CatVRF\vendor\laravel\framework\src\Illuminate\Database\El  
  oquent\Factories\Factory.php(513): Illuminate\Database\Eloquent\Factories\F  
  actory->newModel()                                                           
  #6 C:\opt\kotvrf\CatVRF\vendor\laravel\framework\src\Illuminate\Database\El  
  oquent\Concerns\GuardsAttributes.php(157): Illuminate\Database\Eloquent\Fac  
  tories\Factory->Illuminate\Database\Eloquent\Factories\{closure}()           
  #7 C:\opt\kotvrf\CatVRF\vendor\laravel\framework\src\Illuminate\Database\El  
  oquent\Factories\Factory.php(512): Illuminate\Database\Eloquent\Model::ungu  
  arded()                                                                      
  #8 C:\opt\kotvrf\CatVRF\vendor\laravel\framework\src\Illuminate\Database\El  
  oquent\Factories\Factory.php(429): Illuminate\Database\Eloquent\Factories\F  
  actory->makeInstance()                                                       
  #9 C:\opt\kotvrf\CatVRF\vendor\laravel\framework\src\Illuminate\Database\El  
  oquent\Factories\Factory.php(318): Illuminate\Database\Eloquent\Factories\F  
  actory->make()                                                               
  #10 C:\opt\kotvrf\CatVRF\vendor\laravel\framework\src\Illuminate\Database\E  
  loquent\Factories\Factory.php(315): Illuminate\Database\Eloquent\Factories\  
  Factory->create()                                                            
  #11 C:\opt\kotvrf\CatVRF\tests\Feature\Cosmetics\CosmeticTest.php(61): Illu  
  minate\Database\Eloquent\Factories\Factory->create()                         
  #12 C:\opt\kotvrf\CatVRF\vendor\phpunit\phpunit\src\Framework\TestCase.php(  
  1667): Tests\Feature\Cosmetics\CosmeticTest->test_order_status_transitions(  
  )                                                                            
  #13 C:\opt\kotvrf\CatVRF\vendor\phpunit\phpunit\src\Framework\TestCase.php(  
  519): PHPUnit\Framework\TestCase->runTest()                                  
  #14 C:\opt\kotvrf\CatVRF\vendor\phpunit\phpunit\src\Framework\TestRunner\Te  
  stRunner.php(87): PHPUnit\Framework\TestCase->runBare()                      
  #15 C:\opt\kotvrf\CatVRF\vendor\phpunit\phpunit\src\Framework\TestCase.php(  
  365): PHPUnit\Framework\TestRunner->run()                                    
  #16 C:\opt\kotvrf\CatVRF\vendor\phpunit\phpunit\src\Framework\TestSuite.php  
  (369): PHPUnit\Framework\TestCase->run()                                     
  #17 C:\opt\kotvrf\CatVRF\vendor\phpunit\phpunit\src\Framework\TestSuite.php  
  (369): PHPUnit\Framework\TestSuite->run()                                    
  #18 C:\opt\kotvrf\CatVRF\vendor\phpunit\phpunit\src\TextUI\TestRunner.php(6  
  4): PHPUnit\Framework\TestSuite->run()                                       
  #19 C:\opt\kotvrf\CatVRF\vendor\phpunit\phpunit\src\TextUI\Application.php(  
  211): PHPUnit\TextUI\TestRunner->run()                                       
  #20 C:\opt\kotvrf\CatVRF\vendor\phpunit\phpunit\phpunit(104): PHPUnit\TextU  
  I\Application->run()                                                         
  #21 {main}                                                                   
                                                                               


In CosmeticOrder.php line 9:
                                                                               
  During class fetch: Uncaught ParseError: syntax error, unexpected token "tr  
  ait", expecting "abstract" or "final" or "readonly" or "class" in C:\opt\ko  
  tvrf\CatVRF\app\Traits\TenantScoped.php:7                                    
  Stack trace:                                                                 
  #0 C:\opt\kotvrf\CatVRF\vendor\composer\ClassLoader.php(427): Composer\Auto  
  load\{closure}()                                                             
  #1 C:\opt\kotvrf\CatVRF\app\Domains\Cosmetics\Models\CosmeticOrder.php(9):   
  Composer\Autoload\ClassLoader->loadClass()                                   
  #2 C:\opt\kotvrf\CatVRF\vendor\composer\ClassLoader.php(576): include('...'  
  )                                                                            
  #3 C:\opt\kotvrf\CatVRF\vendor\composer\ClassLoader.php(427): Composer\Auto  
  load\{closure}()                                                             
  #4 C:\opt\kotvrf\CatVRF\vendor\laravel\framework\src\Illuminate\Database\El  
  oquent\Factories\Factory.php(928): Composer\Autoload\ClassLoader->loadClass  
  ()                                                                           
  #5 C:\opt\kotvrf\CatVRF\vendor\laravel\framework\src\Illuminate\Database\El  
  oquent\Factories\Factory.php(513): Illuminate\Database\Eloquent\Factories\F  
  actory->newModel()                                                           
  #6 C:\opt\kotvrf\CatVRF\vendor\laravel\framework\src\Illuminate\Database\El  
  oquent\Concerns\GuardsAttributes.php(157): Illuminate\Database\Eloquent\Fac  
  tories\Factory->Illuminate\Database\Eloquent\Factories\{closure}()           
  #7 C:\opt\kotvrf\CatVRF\vendor\laravel\framework\src\Illuminate\Database\El  
  oquent\Factories\Factory.php(512): Illuminate\Database\Eloquent\Model::ungu  
  arded()                                                                      
  #8 C:\opt\kotvrf\CatVRF\vendor\laravel\framework\src\Illuminate\Database\El  
  oquent\Factories\Factory.php(429): Illuminate\Database\Eloquent\Factories\F  
  actory->makeInstance()                                                       
  #9 C:\opt\kotvrf\CatVRF\vendor\laravel\framework\src\Illuminate\Database\El  
  oquent\Factories\Factory.php(318): Illuminate\Database\Eloquent\Factories\F  
  actory->make()                                                               
  #10 C:\opt\kotvrf\CatVRF\vendor\laravel\framework\src\Illuminate\Database\E  
  loquent\Factories\Factory.php(315): Illuminate\Database\Eloquent\Factories\  
  Factory->create()                                                            
  #11 C:\opt\kotvrf\CatVRF\tests\Feature\Cosmetics\CosmeticTest.php(61): Illu  
  minate\Database\Eloquent\Factories\Factory->create()                         
  #12 C:\opt\kotvrf\CatVRF\vendor\phpunit\phpunit\src\Framework\TestCase.php(  
  1667): Tests\Feature\Cosmetics\CosmeticTest->test_order_status_transitions(  
  )                                                                            
  #13 C:\opt\kotvrf\CatVRF\vendor\phpunit\phpunit\src\Framework\TestCase.php(  
  519): PHPUnit\Framework\TestCase->runTest()                                  
  #14 C:\opt\kotvrf\CatVRF\vendor\phpunit\phpunit\src\Framework\TestRunner\Te  
  stRunner.php(87): PHPUnit\Framework\TestCase->runBare()                      
  #15 C:\opt\kotvrf\CatVRF\vendor\phpunit\phpunit\src\Framework\TestCase.php(  
  365): PHPUnit\Framework\TestRunner->run()                                    
  #16 C:\opt\kotvrf\CatVRF\vendor\phpunit\phpunit\src\Framework\TestSuite.php  
  (369): PHPUnit\Framework\TestCase->run()                                     
  #17 C:\opt\kotvrf\CatVRF\vendor\phpunit\phpunit\src\Framework\TestSuite.php  
  (369): PHPUnit\Framework\TestSuite->run()                                    
  #18 C:\opt\kotvrf\CatVRF\vendor\phpunit\phpunit\src\TextUI\TestRunner.php(6  
  4): PHPUnit\Framework\TestSuite->run()                                       
  #19 C:\opt\kotvrf\CatVRF\vendor\phpunit\phpunit\src\TextUI\Application.php(  
  211): PHPUnit\TextUI\TestRunner->run()                                       
  #20 C:\opt\kotvrf\CatVRF\vendor\phpunit\phpunit\phpunit(104): PHPUnit\TextU  
  I\Application->run()                                                         
  #21 {main}                                                                   
                                                                               


In CosmeticOrder.php line 9:
                                                                               
  During class fetch: Uncaught ParseError: syntax error, unexpected token "tr  
  ait", expecting "abstract" or "final" or "readonly" or "class" in C:\opt\ko  
  tvrf\CatVRF\app\Traits\TenantScoped.php:7                                    
  Stack trace:                                                                 
  #0 C:\opt\kotvrf\CatVRF\vendor\composer\ClassLoader.php(427): Composer\Auto  
  load\{closure}()                                                             
  #1 C:\opt\kotvrf\CatVRF\app\Domains\Cosmetics\Models\CosmeticOrder.php(9):   
  Composer\Autoload\ClassLoader->loadClass()                                   
  #2 C:\opt\kotvrf\CatVRF\vendor\composer\ClassLoader.php(576): include('...'  
  )                                                                            
  #3 C:\opt\kotvrf\CatVRF\vendor\composer\ClassLoader.php(427): Composer\Auto  
  load\{closure}()                                                             
  #4 C:\opt\kotvrf\CatVRF\vendor\laravel\framework\src\Illuminate\Database\El  
  oquent\Factories\Factory.php(928): Composer\Autoload\ClassLoader->loadClass  
  ()                                                                           
  #5 C:\opt\kotvrf\CatVRF\vendor\laravel\framework\src\Illuminate\Database\El  
  oquent\Factories\Factory.php(513): Illuminate\Database\Eloquent\Factories\F  
  actory->newModel()                                                           
  #6 C:\opt\kotvrf\CatVRF\vendor\laravel\framework\src\Illuminate\Database\El  
  oquent\Concerns\GuardsAttributes.php(157): Illuminate\Database\Eloquent\Fac  
  tories\Factory->Illuminate\Database\Eloquent\Factories\{closure}()           
  #7 C:\opt\kotvrf\CatVRF\vendor\laravel\framework\src\Illuminate\Database\El  
  oquent\Factories\Factory.php(512): Illuminate\Database\Eloquent\Model::ungu  
  arded()                                                                      
  #8 C:\opt\kotvrf\CatVRF\vendor\laravel\framework\src\Illuminate\Database\El  
  oquent\Factories\Factory.php(429): Illuminate\Database\Eloquent\Factories\F  
  actory->makeInstance()                                                       
  #9 C:\opt\kotvrf\CatVRF\vendor\laravel\framework\src\Illuminate\Database\El  
  oquent\Factories\Factory.php(318): Illuminate\Database\Eloquent\Factories\F  
  actory->make()                                                               
  #10 C:\opt\kotvrf\CatVRF\vendor\laravel\framework\src\Illuminate\Database\E  
  loquent\Factories\Factory.php(315): Illuminate\Database\Eloquent\Factories\  
  Factory->create()                                                            
  #11 C:\opt\kotvrf\CatVRF\tests\Feature\Cosmetics\CosmeticTest.php(61): Illu  
  minate\Database\Eloquent\Factories\Factory->create()                         
  #12 C:\opt\kotvrf\CatVRF\vendor\phpunit\phpunit\src\Framework\TestCase.php(  
  1667): Tests\Feature\Cosmetics\CosmeticTest->test_order_status_transitions(  
  )                                                                            
  #13 C:\opt\kotvrf\CatVRF\vendor\phpunit\phpunit\src\Framework\TestCase.php(  
  519): PHPUnit\Framework\TestCase->runTest()                                  
  #14 C:\opt\kotvrf\CatVRF\vendor\phpunit\phpunit\src\Framework\TestRunner\Te  
  stRunner.php(87): PHPUnit\Framework\TestCase->runBare()                      
  #15 C:\opt\kotvrf\CatVRF\vendor\phpunit\phpunit\src\Framework\TestCase.php(  
  365): PHPUnit\Framework\TestRunner->run()                                    
  #16 C:\opt\kotvrf\CatVRF\vendor\phpunit\phpunit\src\Framework\TestSuite.php  
  (369): PHPUnit\Framework\TestCase->run()                                     
  #17 C:\opt\kotvrf\CatVRF\vendor\phpunit\phpunit\src\Framework\TestSuite.php  
  (369): PHPUnit\Framework\TestSuite->run()                                    
  #18 C:\opt\kotvrf\CatVRF\vendor\phpunit\phpunit\src\TextUI\TestRunner.php(6  
  4): PHPUnit\Framework\TestSuite->run()                                       
  #19 C:\opt\kotvrf\CatVRF\vendor\phpunit\phpunit\src\TextUI\Application.php(  
  211): PHPUnit\TextUI\TestRunner->run()                                       
  #20 C:\opt\kotvrf\CatVRF\vendor\phpunit\phpunit\phpunit(104): PHPUnit\TextU  
  I\Application->run()                                                         
  #21 {main}                                                                   
                                                                               


In CosmeticOrder.php line 9:
                                                                               
  During class fetch: Uncaught ParseError: syntax error, unexpected token "tr  
  ait", expecting "abstract" or "final" or "readonly" or "class" in C:\opt\ko  
  tvrf\CatVRF\app\Traits\TenantScoped.php:7                                    
  Stack trace:                                                                 
  #0 C:\opt\kotvrf\CatVRF\vendor\composer\ClassLoader.php(427): Composer\Auto  
  load\{closure}()                                                             
  #1 C:\opt\kotvrf\CatVRF\app\Domains\Cosmetics\Models\CosmeticOrder.php(9):   
  Composer\Autoload\ClassLoader->loadClass()                                   
  #2 C:\opt\kotvrf\CatVRF\vendor\composer\ClassLoader.php(576): include('...'  
  )                                                                            
  #3 C:\opt\kotvrf\CatVRF\vendor\composer\ClassLoader.php(427): Composer\Auto  
  load\{closure}()                                                             
  #4 C:\opt\kotvrf\CatVRF\vendor\laravel\framework\src\Illuminate\Database\El  
  oquent\Factories\Factory.php(928): Composer\Autoload\ClassLoader->loadClass  
  ()                                                                           
  #5 C:\opt\kotvrf\CatVRF\vendor\laravel\framework\src\Illuminate\Database\El  
  oquent\Factories\Factory.php(513): Illuminate\Database\Eloquent\Factories\F  
  actory->newModel()                                                           
  #6 C:\opt\kotvrf\CatVRF\vendor\laravel\framework\src\Illuminate\Database\El  
  oquent\Concerns\GuardsAttributes.php(157): Illuminate\Database\Eloquent\Fac  
  tories\Factory->Illuminate\Database\Eloquent\Factories\{closure}()           
  #7 C:\opt\kotvrf\CatVRF\vendor\laravel\framework\src\Illuminate\Database\El  
  oquent\Factories\Factory.php(512): Illuminate\Database\Eloquent\Model::ungu  
  arded()                                                                      
  #8 C:\opt\kotvrf\CatVRF\vendor\laravel\framework\src\Illuminate\Database\El  
  oquent\Factories\Factory.php(429): Illuminate\Database\Eloquent\Factories\F  
  actory->makeInstance()                                                       
  #9 C:\opt\kotvrf\CatVRF\vendor\laravel\framework\src\Illuminate\Database\El  
  oquent\Factories\Factory.php(318): Illuminate\Database\Eloquent\Factories\F  
  actory->make()                                                               
  #10 C:\opt\kotvrf\CatVRF\vendor\laravel\framework\src\Illuminate\Database\E  
  loquent\Factories\Factory.php(315): Illuminate\Database\Eloquent\Factories\  
  Factory->create()                                                            
  #11 C:\opt\kotvrf\CatVRF\tests\Feature\Cosmetics\CosmeticTest.php(61): Illu  
  minate\Database\Eloquent\Factories\Factory->create()                         
  #12 C:\opt\kotvrf\CatVRF\vendor\phpunit\phpunit\src\Framework\TestCase.php(  
  1667): Tests\Feature\Cosmetics\CosmeticTest->test_order_status_transitions(  
  )                                                                            
  #13 C:\opt\kotvrf\CatVRF\vendor\phpunit\phpunit\src\Framework\TestCase.php(  
  519): PHPUnit\Framework\TestCase->runTest()                                  
  #14 C:\opt\kotvrf\CatVRF\vendor\phpunit\phpunit\src\Framework\TestRunner\Te  
  stRunner.php(87): PHPUnit\Framework\TestCase->runBare()                      
  #15 C:\opt\kotvrf\CatVRF\vendor\phpunit\phpunit\src\Framework\TestCase.php(  
  365): PHPUnit\Framework\TestRunner->run()                                    
  #16 C:\opt\kotvrf\CatVRF\vendor\phpunit\phpunit\src\Framework\TestSuite.php  
  (369): PHPUnit\Framework\TestCase->run()                                     
  #17 C:\opt\kotvrf\CatVRF\vendor\phpunit\phpunit\src\Framework\TestSuite.php  
  (369): PHPUnit\Framework\TestSuite->run()                                    
  #18 C:\opt\kotvrf\CatVRF\vendor\phpunit\phpunit\src\TextUI\TestRunner.php(6  
  4): PHPUnit\Framework\TestSuite->run()                                       
  #19 C:\opt\kotvrf\CatVRF\vendor\phpunit\phpunit\src\TextUI\Application.php(  
  211): PHPUnit\TextUI\TestRunner->run()                                       
  #20 C:\opt\kotvrf\CatVRF\vendor\phpunit\phpunit\phpunit(104): PHPUnit\TextU  
  I\Application->run()                                                         
  #21 {main}                                                                   
                                                                               


In CosmeticOrder.php line 9:
                                                                               
  During class fetch: Uncaught ParseError: syntax error, unexpected token "tr  
  ait", expecting "abstract" or "final" or "readonly" or "class" in C:\opt\ko  
  tvrf\CatVRF\app\Traits\TenantScoped.php:7                                    
  Stack trace:                                                                 
  #0 C:\opt\kotvrf\CatVRF\vendor\composer\ClassLoader.php(427): Composer\Auto  
  load\{closure}()                                                             
  #1 C:\opt\kotvrf\CatVRF\app\Domains\Cosmetics\Models\CosmeticOrder.php(9):   
  Composer\Autoload\ClassLoader->loadClass()                                   
  #2 C:\opt\kotvrf\CatVRF\vendor\composer\ClassLoader.php(576): include('...'  
  )                                                                            
  #3 C:\opt\kotvrf\CatVRF\vendor\composer\ClassLoader.php(427): Composer\Auto  
  load\{closure}()                                                             
  #4 C:\opt\kotvrf\CatVRF\vendor\laravel\framework\src\Illuminate\Database\El  
  oquent\Factories\Factory.php(928): Composer\Autoload\ClassLoader->loadClass  
  ()                                                                           
  #5 C:\opt\kotvrf\CatVRF\vendor\laravel\framework\src\Illuminate\Database\El  
  oquent\Factories\Factory.php(513): Illuminate\Database\Eloquent\Factories\F  
  actory->newModel()                                                           
  #6 C:\opt\kotvrf\CatVRF\vendor\laravel\framework\src\Illuminate\Database\El  
  oquent\Concerns\GuardsAttributes.php(157): Illuminate\Database\Eloquent\Fac  
  tories\Factory->Illuminate\Database\Eloquent\Factories\{closure}()           
  #7 C:\opt\kotvrf\CatVRF\vendor\laravel\framework\src\Illuminate\Database\El  
  oquent\Factories\Factory.php(512): Illuminate\Database\Eloquent\Model::ungu  
  arded()                                                                      
  #8 C:\opt\kotvrf\CatVRF\vendor\laravel\framework\src\Illuminate\Database\El  
  oquent\Factories\Factory.php(429): Illuminate\Database\Eloquent\Factories\F  
  actory->makeInstance()                                                       
  #9 C:\opt\kotvrf\CatVRF\vendor\laravel\framework\src\Illuminate\Database\El  
  oquent\Factories\Factory.php(318): Illuminate\Database\Eloquent\Factories\F  
  actory->make()                                                               
  #10 C:\opt\kotvrf\CatVRF\vendor\laravel\framework\src\Illuminate\Database\E  
  loquent\Factories\Factory.php(315): Illuminate\Database\Eloquent\Factories\  
  Factory->create()                                                            
  #11 C:\opt\kotvrf\CatVRF\tests\Feature\Cosmetics\CosmeticTest.php(61): Illu  
  minate\Database\Eloquent\Factories\Factory->create()                         
  #12 C:\opt\kotvrf\CatVRF\vendor\phpunit\phpunit\src\Framework\TestCase.php(  
  1667): Tests\Feature\Cosmetics\CosmeticTest->test_order_status_transitions(  
  )                                                                            
  #13 C:\opt\kotvrf\CatVRF\vendor\phpunit\phpunit\src\Framework\TestCase.php(  
  519): PHPUnit\Framework\TestCase->runTest()                                  
  #14 C:\opt\kotvrf\CatVRF\vendor\phpunit\phpunit\src\Framework\TestRunner\Te  
  stRunner.php(87): PHPUnit\Framework\TestCase->runBare()                      
  #15 C:\opt\kotvrf\CatVRF\vendor\phpunit\phpunit\src\Framework\TestCase.php(  
  365): PHPUnit\Framework\TestRunner->run()                                    
  #16 C:\opt\kotvrf\CatVRF\vendor\phpunit\phpunit\src\Framework\TestSuite.php  
  (369): PHPUnit\Framework\TestCase->run()                                     
  #17 C:\opt\kotvrf\CatVRF\vendor\phpunit\phpunit\src\Framework\TestSuite.php  
  (369): PHPUnit\Framework\TestSuite->run()                                    
  #18 C:\opt\kotvrf\CatVRF\vendor\phpunit\phpunit\src\TextUI\TestRunner.php(6  
  4): PHPUnit\Framework\TestSuite->run()                                       
  #19 C:\opt\kotvrf\CatVRF\vendor\phpunit\phpunit\src\TextUI\Application.php(  
  211): PHPUnit\TextUI\TestRunner->run()                                       
  #20 C:\opt\kotvrf\CatVRF\vendor\phpunit\phpunit\phpunit(104): PHPUnit\TextU  
  I\Application->run()                                                         
  #21 {main}                                                                   
                                                                               


In CosmeticOrder.php line 9:
                                                                               
  During class fetch: Uncaught ParseError: syntax error, unexpected token "tr  
  ait", expecting "abstract" or "final" or "readonly" or "class" in C:\opt\ko  
  tvrf\CatVRF\app\Traits\TenantScoped.php:7                                    
  Stack trace:                                                                 
  #0 C:\opt\kotvrf\CatVRF\vendor\composer\ClassLoader.php(427): Composer\Auto  
  load\{closure}()                                                             
  #1 C:\opt\kotvrf\CatVRF\app\Domains\Cosmetics\Models\CosmeticOrder.php(9):   
  Composer\Autoload\ClassLoader->loadClass()                                   
  #2 C:\opt\kotvrf\CatVRF\vendor\composer\ClassLoader.php(576): include('...'  
  )                                                                            
  #3 C:\opt\kotvrf\CatVRF\vendor\composer\ClassLoader.php(427): Composer\Auto  
  load\{closure}()                                                             
  #4 C:\opt\kotvrf\CatVRF\vendor\laravel\framework\src\Illuminate\Database\El  
  oquent\Factories\Factory.php(928): Composer\Autoload\ClassLoader->loadClass  
  ()                                                                           
  #5 C:\opt\kotvrf\CatVRF\vendor\laravel\framework\src\Illuminate\Database\El  
  oquent\Factories\Factory.php(513): Illuminate\Database\Eloquent\Factories\F  
  actory->newModel()                                                           
  #6 C:\opt\kotvrf\CatVRF\vendor\laravel\framework\src\Illuminate\Database\El  
  oquent\Concerns\GuardsAttributes.php(157): Illuminate\Database\Eloquent\Fac  
  tories\Factory->Illuminate\Database\Eloquent\Factories\{closure}()           
  #7 C:\opt\kotvrf\CatVRF\vendor\laravel\framework\src\Illuminate\Database\El  
  oquent\Factories\Factory.php(512): Illuminate\Database\Eloquent\Model::ungu  
  arded()                                                                      
  #8 C:\opt\kotvrf\CatVRF\vendor\laravel\framework\src\Illuminate\Database\El  
  oquent\Factories\Factory.php(429): Illuminate\Database\Eloquent\Factories\F  
  actory->makeInstance()                                                       
  #9 C:\opt\kotvrf\CatVRF\vendor\laravel\framework\src\Illuminate\Database\El  
  oquent\Factories\Factory.php(318): Illuminate\Database\Eloquent\Factories\F  
  actory->make()                                                               
  #10 C:\opt\kotvrf\CatVRF\vendor\laravel\framework\src\Illuminate\Database\E  
  loquent\Factories\Factory.php(315): Illuminate\Database\Eloquent\Factories\  
  Factory->create()                                                            
  #11 C:\opt\kotvrf\CatVRF\tests\Feature\Cosmetics\CosmeticTest.php(61): Illu  
  minate\Database\Eloquent\Factories\Factory->create()                         
  #12 C:\opt\kotvrf\CatVRF\vendor\phpunit\phpunit\src\Framework\TestCase.php(  
  1667): Tests\Feature\Cosmetics\CosmeticTest->test_order_status_transitions(  
  )                                                                            
  #13 C:\opt\kotvrf\CatVRF\vendor\phpunit\phpunit\src\Framework\TestCase.php(  
  519): PHPUnit\Framework\TestCase->runTest()                                  
  #14 C:\opt\kotvrf\CatVRF\vendor\phpunit\phpunit\src\Framework\TestRunner\Te  
  stRunner.php(87): PHPUnit\Framework\TestCase->runBare()                      
  #15 C:\opt\kotvrf\CatVRF\vendor\phpunit\phpunit\src\Framework\TestCase.php(  
  365): PHPUnit\Framework\TestRunner->run()                                    
  #16 C:\opt\kotvrf\CatVRF\vendor\phpunit\phpunit\src\Framework\TestSuite.php  
  (369): PHPUnit\Framework\TestCase->run()                                     
  #17 C:\opt\kotvrf\CatVRF\vendor\phpunit\phpunit\src\Framework\TestSuite.php  
  (369): PHPUnit\Framework\TestSuite->run()                                    
  #18 C:\opt\kotvrf\CatVRF\vendor\phpunit\phpunit\src\TextUI\TestRunner.php(6  
  4): PHPUnit\Framework\TestSuite->run()                                       
  #19 C:\opt\kotvrf\CatVRF\vendor\phpunit\phpunit\src\TextUI\Application.php(  
  211): PHPUnit\TextUI\TestRunner->run()                                       
  #20 C:\opt\kotvrf\CatVRF\vendor\phpunit\phpunit\phpunit(104): PHPUnit\TextU  
  I\Application->run()                                                         
  #21 {main}                                                                   
                                                                               


In CosmeticOrder.php line 9:
                                                                               
  During class fetch: Uncaught ParseError: syntax error, unexpected token "tr  
  ait", expecting "abstract" or "final" or "readonly" or "class" in C:\opt\ko  
  tvrf\CatVRF\app\Traits\TenantScoped.php:7                                    
  Stack trace:                                                                 
  #0 C:\opt\kotvrf\CatVRF\vendor\composer\ClassLoader.php(427): Composer\Auto  
  load\{closure}()                                                             
  #1 C:\opt\kotvrf\CatVRF\app\Domains\Cosmetics\Models\CosmeticOrder.php(9):   
  Composer\Autoload\ClassLoader->loadClass()                                   
  #2 C:\opt\kotvrf\CatVRF\vendor\composer\ClassLoader.php(576): include('...'  
  )                                                                            
  #3 C:\opt\kotvrf\CatVRF\vendor\composer\ClassLoader.php(427): Composer\Auto  
  load\{closure}()                                                             
  #4 C:\opt\kotvrf\CatVRF\vendor\laravel\framework\src\Illuminate\Database\El  
  oquent\Factories\Factory.php(928): Composer\Autoload\ClassLoader->loadClass  
  ()                                                                           
  #5 C:\opt\kotvrf\CatVRF\vendor\laravel\framework\src\Illuminate\Database\El  
  oquent\Factories\Factory.php(513): Illuminate\Database\Eloquent\Factories\F  
  actory->newModel()                                                           
  #6 C:\opt\kotvrf\CatVRF\vendor\laravel\framework\src\Illuminate\Database\El  
  oquent\Concerns\GuardsAttributes.php(157): Illuminate\Database\Eloquent\Fac  
  tories\Factory->Illuminate\Database\Eloquent\Factories\{closure}()           
  #7 C:\opt\kotvrf\CatVRF\vendor\laravel\framework\src\Illuminate\Database\El  
  oquent\Factories\Factory.php(512): Illuminate\Database\Eloquent\Model::ungu  
  arded()                                                                      
  #8 C:\opt\kotvrf\CatVRF\vendor\laravel\framework\src\Illuminate\Database\El  
  oquent\Factories\Factory.php(429): Illuminate\Database\Eloquent\Factories\F  
  actory->makeInstance()                                                       
  #9 C:\opt\kotvrf\CatVRF\vendor\laravel\framework\src\Illuminate\Database\El  
  oquent\Factories\Factory.php(318): Illuminate\Database\Eloquent\Factories\F  
  actory->make()                                                               
  #10 C:\opt\kotvrf\CatVRF\vendor\laravel\framework\src\Illuminate\Database\E  
  loquent\Factories\Factory.php(315): Illuminate\Database\Eloquent\Factories\  
  Factory->create()                                                            
  #11 C:\opt\kotvrf\CatVRF\tests\Feature\Cosmetics\CosmeticTest.php(61): Illu  
  minate\Database\Eloquent\Factories\Factory->create()                         
  #12 C:\opt\kotvrf\CatVRF\vendor\phpunit\phpunit\src\Framework\TestCase.php(  
  1667): Tests\Feature\Cosmetics\CosmeticTest->test_order_status_transitions(  
  )                                                                            
  #13 C:\opt\kotvrf\CatVRF\vendor\phpunit\phpunit\src\Framework\TestCase.php(  
  519): PHPUnit\Framework\TestCase->runTest()                                  
  #14 C:\opt\kotvrf\CatVRF\vendor\phpunit\phpunit\src\Framework\TestRunner\Te  
  stRunner.php(87): PHPUnit\Framework\TestCase->runBare()                      
  #15 C:\opt\kotvrf\CatVRF\vendor\phpunit\phpunit\src\Framework\TestCase.php(  
  365): PHPUnit\Framework\TestRunner->run()                                    
  #16 C:\opt\kotvrf\CatVRF\vendor\phpunit\phpunit\src\Framework\TestSuite.php  
  (369): PHPUnit\Framework\TestCase->run()                                     
  #17 C:\opt\kotvrf\CatVRF\vendor\phpunit\phpunit\src\Framework\TestSuite.php  
  (369): PHPUnit\Framework\TestSuite->run()                                    
  #18 C:\opt\kotvrf\CatVRF\vendor\phpunit\phpunit\src\TextUI\TestRunner.php(6  
  4): PHPUnit\Framework\TestSuite->run()                                       
  #19 C:\opt\kotvrf\CatVRF\vendor\phpunit\phpunit\src\TextUI\Application.php(  
  211): PHPUnit\TextUI\TestRunner->run()                                       
  #20 C:\opt\kotvrf\CatVRF\vendor\phpunit\phpunit\phpunit(104): PHPUnit\TextU  
  I\Application->run()                                                         
  #21 {main}                                                                   
                                                                               


In CosmeticOrder.php line 9:
                                                                               
  During class fetch: Uncaught ParseError: syntax error, unexpected token "tr  
  ait", expecting "abstract" or "final" or "readonly" or "class" in C:\opt\ko  
  tvrf\CatVRF\app\Traits\TenantScoped.php:7                                    
  Stack trace:                                                                 
  #0 C:\opt\kotvrf\CatVRF\vendor\composer\ClassLoader.php(427): Composer\Auto  
  load\{closure}()                                                             
  #1 C:\opt\kotvrf\CatVRF\app\Domains\Cosmetics\Models\CosmeticOrder.php(9):   
  Composer\Autoload\ClassLoader->loadClass()                                   
  #2 C:\opt\kotvrf\CatVRF\vendor\composer\ClassLoader.php(576): include('...'  
  )                                                                            
  #3 C:\opt\kotvrf\CatVRF\vendor\composer\ClassLoader.php(427): Composer\Auto  
  load\{closure}()                                                             
  #4 C:\opt\kotvrf\CatVRF\vendor\laravel\framework\src\Illuminate\Database\El  
  oquent\Factories\Factory.php(928): Composer\Autoload\ClassLoader->loadClass  
  ()                                                                           
  #5 C:\opt\kotvrf\CatVRF\vendor\laravel\framework\src\Illuminate\Database\El  
  oquent\Factories\Factory.php(513): Illuminate\Database\Eloquent\Factories\F  
  actory->newModel()                                                           
  #6 C:\opt\kotvrf\CatVRF\vendor\laravel\framework\src\Illuminate\Database\El  
  oquent\Concerns\GuardsAttributes.php(157): Illuminate\Database\Eloquent\Fac  
  tories\Factory->Illuminate\Database\Eloquent\Factories\{closure}()           
  #7 C:\opt\kotvrf\CatVRF\vendor\laravel\framework\src\Illuminate\Database\El  
  oquent\Factories\Factory.php(512): Illuminate\Database\Eloquent\Model::ungu  
  arded()                                                                      
  #8 C:\opt\kotvrf\CatVRF\vendor\laravel\framework\src\Illuminate\Database\El  
  oquent\Factories\Factory.php(429): Illuminate\Database\Eloquent\Factories\F  
  actory->makeInstance()                                                       
  #9 C:\opt\kotvrf\CatVRF\vendor\laravel\framework\src\Illuminate\Database\El  
  oquent\Factories\Factory.php(318): Illuminate\Database\Eloquent\Factories\F  
  actory->make()                                                               
  #10 C:\opt\kotvrf\CatVRF\vendor\laravel\framework\src\Illuminate\Database\E  
  loquent\Factories\Factory.php(315): Illuminate\Database\Eloquent\Factories\  
  Factory->create()                                                            
  #11 C:\opt\kotvrf\CatVRF\tests\Feature\Cosmetics\CosmeticTest.php(61): Illu  
  minate\Database\Eloquent\Factories\Factory->create()                         
  #12 C:\opt\kotvrf\CatVRF\vendor\phpunit\phpunit\src\Framework\TestCase.php(  
  1667): Tests\Feature\Cosmetics\CosmeticTest->test_order_status_transitions(  
  )                                                                            
  #13 C:\opt\kotvrf\CatVRF\vendor\phpunit\phpunit\src\Framework\TestCase.php(  
  519): PHPUnit\Framework\TestCase->runTest()                                  
  #14 C:\opt\kotvrf\CatVRF\vendor\phpunit\phpunit\src\Framework\TestRunner\Te  
  stRunner.php(87): PHPUnit\Framework\TestCase->runBare()                      
  #15 C:\opt\kotvrf\CatVRF\vendor\phpunit\phpunit\src\Framework\TestCase.php(  
  365): PHPUnit\Framework\TestRunner->run()                                    
  #16 C:\opt\kotvrf\CatVRF\vendor\phpunit\phpunit\src\Framework\TestSuite.php  
  (369): PHPUnit\Framework\TestCase->run()                                     
  #17 C:\opt\kotvrf\CatVRF\vendor\phpunit\phpunit\src\Framework\TestSuite.php  
  (369): PHPUnit\Framework\TestSuite->run()                                    
  #18 C:\opt\kotvrf\CatVRF\vendor\phpunit\phpunit\src\TextUI\TestRunner.php(6  
  4): PHPUnit\Framework\TestSuite->run()                                       
  #19 C:\opt\kotvrf\CatVRF\vendor\phpunit\phpunit\src\TextUI\Application.php(  
  211): PHPUnit\TextUI\TestRunner->run()                                       
  #20 C:\opt\kotvrf\CatVRF\vendor\phpunit\phpunit\phpunit(104): PHPUnit\TextU  
  I\Application->run()                                                         
  #21 {main}                                                                   
                                                                               


In CosmeticOrder.php line 9:
                                                                               
  During class fetch: Uncaught ParseError: syntax error, unexpected token "tr  
  ait", expecting "abstract" or "final" or "readonly" or "class" in C:\opt\ko  
  tvrf\CatVRF\app\Traits\TenantScoped.php:7                                    
  Stack trace:                                                                 
  #0 C:\opt\kotvrf\CatVRF\vendor\composer\ClassLoader.php(427): Composer\Auto  
  load\{closure}()                                                             
  #1 C:\opt\kotvrf\CatVRF\app\Domains\Cosmetics\Models\CosmeticOrder.php(9):   
  Composer\Autoload\ClassLoader->loadClass()                                   
  #2 C:\opt\kotvrf\CatVRF\vendor\composer\ClassLoader.php(576): include('...'  
  )                                                                            
  #3 C:\opt\kotvrf\CatVRF\vendor\composer\ClassLoader.php(427): Composer\Auto  
  load\{closure}()                                                             
  #4 C:\opt\kotvrf\CatVRF\vendor\laravel\framework\src\Illuminate\Database\El  
  oquent\Factories\Factory.php(928): Composer\Autoload\ClassLoader->loadClass  
  ()                                                                           
  #5 C:\opt\kotvrf\CatVRF\vendor\laravel\framework\src\Illuminate\Database\El  
  oquent\Factories\Factory.php(513): Illuminate\Database\Eloquent\Factories\F  
  actory->newModel()                                                           
  #6 C:\opt\kotvrf\CatVRF\vendor\laravel\framework\src\Illuminate\Database\El  
  oquent\Concerns\GuardsAttributes.php(157): Illuminate\Database\Eloquent\Fac  
  tories\Factory->Illuminate\Database\Eloquent\Factories\{closure}()           
  #7 C:\opt\kotvrf\CatVRF\vendor\laravel\framework\src\Illuminate\Database\El  
  oquent\Factories\Factory.php(512): Illuminate\Database\Eloquent\Model::ungu  
  arded()                                                                      
  #8 C:\opt\kotvrf\CatVRF\vendor\laravel\framework\src\Illuminate\Database\El  
  oquent\Factories\Factory.php(429): Illuminate\Database\Eloquent\Factories\F  
  actory->makeInstance()                                                       
  #9 C:\opt\kotvrf\CatVRF\vendor\laravel\framework\src\Illuminate\Database\El  
  oquent\Factories\Factory.php(318): Illuminate\Database\Eloquent\Factories\F  
  actory->make()                                                               
  #10 C:\opt\kotvrf\CatVRF\vendor\laravel\framework\src\Illuminate\Database\E  
  loquent\Factories\Factory.php(315): Illuminate\Database\Eloquent\Factories\  
  Factory->create()                                                            
  #11 C:\opt\kotvrf\CatVRF\tests\Feature\Cosmetics\CosmeticTest.php(61): Illu  
  minate\Database\Eloquent\Factories\Factory->create()                         
  #12 C:\opt\kotvrf\CatVRF\vendor\phpunit\phpunit\src\Framework\TestCase.php(  
  1667): Tests\Feature\Cosmetics\CosmeticTest->test_order_status_transitions(  
  )                                                                            
  #13 C:\opt\kotvrf\CatVRF\vendor\phpunit\phpunit\src\Framework\TestCase.php(  
  519): PHPUnit\Framework\TestCase->runTest()                                  
  #14 C:\opt\kotvrf\CatVRF\vendor\phpunit\phpunit\src\Framework\TestRunner\Te  
  stRunner.php(87): PHPUnit\Framework\TestCase->runBare()                      
  #15 C:\opt\kotvrf\CatVRF\vendor\phpunit\phpunit\src\Framework\TestCase.php(  
  365): PHPUnit\Framework\TestRunner->run()                                    
  #16 C:\opt\kotvrf\CatVRF\vendor\phpunit\phpunit\src\Framework\TestSuite.php  
  (369): PHPUnit\Framework\TestCase->run()                                     
  #17 C:\opt\kotvrf\CatVRF\vendor\phpunit\phpunit\src\Framework\TestSuite.php  
  (369): PHPUnit\Framework\TestSuite->run()                                    
  #18 C:\opt\kotvrf\CatVRF\vendor\phpunit\phpunit\src\TextUI\TestRunner.php(6  
  4): PHPUnit\Framework\TestSuite->run()                                       
  #19 C:\opt\kotvrf\CatVRF\vendor\phpunit\phpunit\src\TextUI\Application.php(  
  211): PHPUnit\TextUI\TestRunner->run()                                       
  #20 C:\opt\kotvrf\CatVRF\vendor\phpunit\phpunit\phpunit(104): PHPUnit\TextU  
  I\Application->run()                                                         
  #21 {main}                                                                   
                                                                               


In CosmeticOrder.php line 9:
                                                                               
  During class fetch: Uncaught ParseError: syntax error, unexpected token "tr  
  ait", expecting "abstract" or "final" or "readonly" or "class" in C:\opt\ko  
  tvrf\CatVRF\app\Traits\TenantScoped.php:7                                    
  Stack trace:                                                                 
  #0 C:\opt\kotvrf\CatVRF\vendor\composer\ClassLoader.php(427): Composer\Auto  
  load\{closure}()                                                             
  #1 C:\opt\kotvrf\CatVRF\app\Domains\Cosmetics\Models\CosmeticOrder.php(9):   
  Composer\Autoload\ClassLoader->loadClass()                                   
  #2 C:\opt\kotvrf\CatVRF\vendor\composer\ClassLoader.php(576): include('...'  
  )                                                                            
  #3 C:\opt\kotvrf\CatVRF\vendor\composer\ClassLoader.php(427): Composer\Auto  
  load\{closure}()                                                             
  #4 C:\opt\kotvrf\CatVRF\vendor\laravel\framework\src\Illuminate\Database\El  
  oquent\Factories\Factory.php(928): Composer\Autoload\ClassLoader->loadClass  
  ()                                                                           
  #5 C:\opt\kotvrf\CatVRF\vendor\laravel\framework\src\Illuminate\Database\El  
  oquent\Factories\Factory.php(513): Illuminate\Database\Eloquent\Factories\F  
  actory->newModel()                                                           
  #6 C:\opt\kotvrf\CatVRF\vendor\laravel\framework\src\Illuminate\Database\El  
  oquent\Concerns\GuardsAttributes.php(157): Illuminate\Database\Eloquent\Fac  
  tories\Factory->Illuminate\Database\Eloquent\Factories\{closure}()           
  #7 C:\opt\kotvrf\CatVRF\vendor\laravel\framework\src\Illuminate\Database\El  
  oquent\Factories\Factory.php(512): Illuminate\Database\Eloquent\Model::ungu  
  arded()                                                                      
  #8 C:\opt\kotvrf\CatVRF\vendor\laravel\framework\src\Illuminate\Database\El  
  oquent\Factories\Factory.php(429): Illuminate\Database\Eloquent\Factories\F  
  actory->makeInstance()                                                       
  #9 C:\opt\kotvrf\CatVRF\vendor\laravel\framework\src\Illuminate\Database\El  
  oquent\Factories\Factory.php(318): Illuminate\Database\Eloquent\Factories\F  
  actory->make()                                                               
  #10 C:\opt\kotvrf\CatVRF\vendor\laravel\framework\src\Illuminate\Database\E  
  loquent\Factories\Factory.php(315): Illuminate\Database\Eloquent\Factories\  
  Factory->create()                                                            
  #11 C:\opt\kotvrf\CatVRF\tests\Feature\Cosmetics\CosmeticTest.php(61): Illu  
  minate\Database\Eloquent\Factories\Factory->create()                         
  #12 C:\opt\kotvrf\CatVRF\vendor\phpunit\phpunit\src\Framework\TestCase.php(  
  1667): Tests\Feature\Cosmetics\CosmeticTest->test_order_status_transitions(  
  )                                                                            
  #13 C:\opt\kotvrf\CatVRF\vendor\phpunit\phpunit\src\Framework\TestCase.php(  
  519): PHPUnit\Framework\TestCase->runTest()                                  
  #14 C:\opt\kotvrf\CatVRF\vendor\phpunit\phpunit\src\Framework\TestRunner\Te  
  stRunner.php(87): PHPUnit\Framework\TestCase->runBare()                      
  #15 C:\opt\kotvrf\CatVRF\vendor\phpunit\phpunit\src\Framework\TestCase.php(  
  365): PHPUnit\Framework\TestRunner->run()                                    
  #16 C:\opt\kotvrf\CatVRF\vendor\phpunit\phpunit\src\Framework\TestSuite.php  
  (369): PHPUnit\Framework\TestCase->run()                                     
  #17 C:\opt\kotvrf\CatVRF\vendor\phpunit\phpunit\src\Framework\TestSuite.php  
  (369): PHPUnit\Framework\TestSuite->run()                                    
  #18 C:\opt\kotvrf\CatVRF\vendor\phpunit\phpunit\src\TextUI\TestRunner.php(6  
  4): PHPUnit\Framework\TestSuite->run()                                       
  #19 C:\opt\kotvrf\CatVRF\vendor\phpunit\phpunit\src\TextUI\Application.php(  
  211): PHPUnit\TextUI\TestRunner->run()                                       
  #20 C:\opt\kotvrf\CatVRF\vendor\phpunit\phpunit\phpunit(104): PHPUnit\TextU  
  I\Application->run()                                                         
  #21 {main}                                                                   
                                                                               


In CosmeticOrder.php line 9:
                                                                               
  During class fetch: Uncaught ParseError: syntax error, unexpected token "tr  
  ait", expecting "abstract" or "final" or "readonly" or "class" in C:\opt\ko  
  tvrf\CatVRF\app\Traits\TenantScoped.php:7                                    
  Stack trace:                                                                 
  #0 C:\opt\kotvrf\CatVRF\vendor\composer\ClassLoader.php(427): Composer\Auto  
  load\{closure}()                                                             
  #1 C:\opt\kotvrf\CatVRF\app\Domains\Cosmetics\Models\CosmeticOrder.php(9):   
  Composer\Autoload\ClassLoader->loadClass()                                   
  #2 C:\opt\kotvrf\CatVRF\vendor\composer\ClassLoader.php(576): include('...'  
  )                                                                            
  #3 C:\opt\kotvrf\CatVRF\vendor\composer\ClassLoader.php(427): Composer\Auto  
  load\{closure}()                                                             
  #4 C:\opt\kotvrf\CatVRF\vendor\laravel\framework\src\Illuminate\Database\El  
  oquent\Factories\Factory.php(928): Composer\Autoload\ClassLoader->loadClass  
  ()                                                                           
  #5 C:\opt\kotvrf\CatVRF\vendor\laravel\framework\src\Illuminate\Database\El  
  oquent\Factories\Factory.php(513): Illuminate\Database\Eloquent\Factories\F  
  actory->newModel()                                                           
  #6 C:\opt\kotvrf\CatVRF\vendor\laravel\framework\src\Illuminate\Database\El  
  oquent\Concerns\GuardsAttributes.php(157): Illuminate\Database\Eloquent\Fac  
  tories\Factory->Illuminate\Database\Eloquent\Factories\{closure}()           
  #7 C:\opt\kotvrf\CatVRF\vendor\laravel\framework\src\Illuminate\Database\El  
  oquent\Factories\Factory.php(512): Illuminate\Database\Eloquent\Model::ungu  
  arded()                                                                      
  #8 C:\opt\kotvrf\CatVRF\vendor\laravel\framework\src\Illuminate\Database\El  
  oquent\Factories\Factory.php(429): Illuminate\Database\Eloquent\Factories\F  
  actory->makeInstance()                                                       
  #9 C:\opt\kotvrf\CatVRF\vendor\laravel\framework\src\Illuminate\Database\El  
  oquent\Factories\Factory.php(318): Illuminate\Database\Eloquent\Factories\F  
  actory->make()                                                               
  #10 C:\opt\kotvrf\CatVRF\vendor\laravel\framework\src\Illuminate\Database\E  
  loquent\Factories\Factory.php(315): Illuminate\Database\Eloquent\Factories\  
  Factory->create()                                                            
  #11 C:\opt\kotvrf\CatVRF\tests\Feature\Cosmetics\CosmeticTest.php(61): Illu  
  minate\Database\Eloquent\Factories\Factory->create()                         
  #12 C:\opt\kotvrf\CatVRF\vendor\phpunit\phpunit\src\Framework\TestCase.php(  
  1667): Tests\Feature\Cosmetics\CosmeticTest->test_order_status_transitions(  
  )                                                                            
  #13 C:\opt\kotvrf\CatVRF\vendor\phpunit\phpunit\src\Framework\TestCase.php(  
  519): PHPUnit\Framework\TestCase->runTest()                                  
  #14 C:\opt\kotvrf\CatVRF\vendor\phpunit\phpunit\src\Framework\TestRunner\Te  
  stRunner.php(87): PHPUnit\Framework\TestCase->runBare()                      
  #15 C:\opt\kotvrf\CatVRF\vendor\phpunit\phpunit\src\Framework\TestCase.php(  
  365): PHPUnit\Framework\TestRunner->run()                                    
  #16 C:\opt\kotvrf\CatVRF\vendor\phpunit\phpunit\src\Framework\TestSuite.php  
  (369): PHPUnit\Framework\TestCase->run()                                     
  #17 C:\opt\kotvrf\CatVRF\vendor\phpunit\phpunit\src\Framework\TestSuite.php  
  (369): PHPUnit\Framework\TestSuite->run()                                    
  #18 C:\opt\kotvrf\CatVRF\vendor\phpunit\phpunit\src\TextUI\TestRunner.php(6  
  4): PHPUnit\Framework\TestSuite->run()                                       
  #19 C:\opt\kotvrf\CatVRF\vendor\phpunit\phpunit\src\TextUI\Application.php(  
  211): PHPUnit\TextUI\TestRunner->run()                                       
  #20 C:\opt\kotvrf\CatVRF\vendor\phpunit\phpunit\phpunit(104): PHPUnit\TextU  
  I\Application->run()                                                         
  #21 {main}                                                                   
                                                                               


In CosmeticOrder.php line 9:
                                                                               
  During class fetch: Uncaught ParseError: syntax error, unexpected token "tr  
  ait", expecting "abstract" or "final" or "readonly" or "class" in C:\opt\ko  
  tvrf\CatVRF\app\Traits\TenantScoped.php:7                                    
  Stack trace:                                                                 
  #0 C:\opt\kotvrf\CatVRF\vendor\composer\ClassLoader.php(427): Composer\Auto  
  load\{closure}()                                                             
  #1 C:\opt\kotvrf\CatVRF\app\Domains\Cosmetics\Models\CosmeticOrder.php(9):   
  Composer\Autoload\ClassLoader->loadClass()                                   
  #2 C:\opt\kotvrf\CatVRF\vendor\composer\ClassLoader.php(576): include('...'  
  )                                                                            
  #3 C:\opt\kotvrf\CatVRF\vendor\composer\ClassLoader.php(427): Composer\Auto  
  load\{closure}()                                                             
  #4 C:\opt\kotvrf\CatVRF\vendor\laravel\framework\src\Illuminate\Database\El  
  oquent\Factories\Factory.php(928): Composer\Autoload\ClassLoader->loadClass  
  ()                                                                           
  #5 C:\opt\kotvrf\CatVRF\vendor\laravel\framework\src\Illuminate\Database\El  
  oquent\Factories\Factory.php(513): Illuminate\Database\Eloquent\Factories\F  
  actory->newModel()                                                           
  #6 C:\opt\kotvrf\CatVRF\vendor\laravel\framework\src\Illuminate\Database\El  
  oquent\Concerns\GuardsAttributes.php(157): Illuminate\Database\Eloquent\Fac  
  tories\Factory->Illuminate\Database\Eloquent\Factories\{closure}()           
  #7 C:\opt\kotvrf\CatVRF\vendor\laravel\framework\src\Illuminate\Database\El  
  oquent\Factories\Factory.php(512): Illuminate\Database\Eloquent\Model::ungu  
  arded()                                                                      
  #8 C:\opt\kotvrf\CatVRF\vendor\laravel\framework\src\Illuminate\Database\El  
  oquent\Factories\Factory.php(429): Illuminate\Database\Eloquent\Factories\F  
  actory->makeInstance()                                                       
  #9 C:\opt\kotvrf\CatVRF\vendor\laravel\framework\src\Illuminate\Database\El  
  oquent\Factories\Factory.php(318): Illuminate\Database\Eloquent\Factories\F  
  actory->make()                                                               
  #10 C:\opt\kotvrf\CatVRF\vendor\laravel\framework\src\Illuminate\Database\E  
  loquent\Factories\Factory.php(315): Illuminate\Database\Eloquent\Factories\  
  Factory->create()                                                            
  #11 C:\opt\kotvrf\CatVRF\tests\Feature\Cosmetics\CosmeticTest.php(61): Illu  
  minate\Database\Eloquent\Factories\Factory->create()                         
  #12 C:\opt\kotvrf\CatVRF\vendor\phpunit\phpunit\src\Framework\TestCase.php(  
  1667): Tests\Feature\Cosmetics\CosmeticTest->test_order_status_transitions(  
  )                                                                            
  #13 C:\opt\kotvrf\CatVRF\vendor\phpunit\phpunit\src\Framework\TestCase.php(  
  519): PHPUnit\Framework\TestCase->runTest()                                  
  #14 C:\opt\kotvrf\CatVRF\vendor\phpunit\phpunit\src\Framework\TestRunner\Te  
  stRunner.php(87): PHPUnit\Framework\TestCase->runBare()                      
  #15 C:\opt\kotvrf\CatVRF\vendor\phpunit\phpunit\src\Framework\TestCase.php(  
  365): PHPUnit\Framework\TestRunner->run()                                    
  #16 C:\opt\kotvrf\CatVRF\vendor\phpunit\phpunit\src\Framework\TestSuite.php  
  (369): PHPUnit\Framework\TestCase->run()                                     
  #17 C:\opt\kotvrf\CatVRF\vendor\phpunit\phpunit\src\Framework\TestSuite.php  
  (369): PHPUnit\Framework\TestSuite->run()                                    
  #18 C:\opt\kotvrf\CatVRF\vendor\phpunit\phpunit\src\TextUI\TestRunner.php(6  
  4): PHPUnit\Framework\TestSuite->run()                                       
  #19 C:\opt\kotvrf\CatVRF\vendor\phpunit\phpunit\src\TextUI\Application.php(  
  211): PHPUnit\TextUI\TestRunner->run()                                       
  #20 C:\opt\kotvrf\CatVRF\vendor\phpunit\phpunit\phpunit(104): PHPUnit\TextU  
  I\Application->run()                                                         
  #21 {main}                                                                   
                                                                               


In CosmeticOrder.php line 9:
                                                                               
  During class fetch: Uncaught ParseError: syntax error, unexpected token "tr  
  ait", expecting "abstract" or "final" or "readonly" or "class" in C:\opt\ko  
  tvrf\CatVRF\app\Traits\TenantScoped.php:7                                    
  Stack trace:                                                                 
  #0 C:\opt\kotvrf\CatVRF\vendor\composer\ClassLoader.php(427): Composer\Auto  
  load\{closure}()                                                             
  #1 C:\opt\kotvrf\CatVRF\app\Domains\Cosmetics\Models\CosmeticOrder.php(9):   
  Composer\Autoload\ClassLoader->loadClass()                                   
  #2 C:\opt\kotvrf\CatVRF\vendor\composer\ClassLoader.php(576): include('...'  
  )                                                                            
  #3 C:\opt\kotvrf\CatVRF\vendor\composer\ClassLoader.php(427): Composer\Auto  
  load\{closure}()                                                             
  #4 C:\opt\kotvrf\CatVRF\vendor\laravel\framework\src\Illuminate\Database\El  
  oquent\Factories\Factory.php(928): Composer\Autoload\ClassLoader->loadClass  
  ()                                                                           
  #5 C:\opt\kotvrf\CatVRF\vendor\laravel\framework\src\Illuminate\Database\El  
  oquent\Factories\Factory.php(513): Illuminate\Database\Eloquent\Factories\F  
  actory->newModel()                                                           
  #6 C:\opt\kotvrf\CatVRF\vendor\laravel\framework\src\Illuminate\Database\El  
  oquent\Concerns\GuardsAttributes.php(157): Illuminate\Database\Eloquent\Fac  
  tories\Factory->Illuminate\Database\Eloquent\Factories\{closure}()           
  #7 C:\opt\kotvrf\CatVRF\vendor\laravel\framework\src\Illuminate\Database\El  
  oquent\Factories\Factory.php(512): Illuminate\Database\Eloquent\Model::ungu  
  arded()                                                                      
  #8 C:\opt\kotvrf\CatVRF\vendor\laravel\framework\src\Illuminate\Database\El  
  oquent\Factories\Factory.php(429): Illuminate\Database\Eloquent\Factories\F  
  actory->makeInstance()                                                       
  #9 C:\opt\kotvrf\CatVRF\vendor\laravel\framework\src\Illuminate\Database\El  
  oquent\Factories\Factory.php(318): Illuminate\Database\Eloquent\Factories\F  
  actory->make()                                                               
  #10 C:\opt\kotvrf\CatVRF\vendor\laravel\framework\src\Illuminate\Database\E  
  loquent\Factories\Factory.php(315): Illuminate\Database\Eloquent\Factories\  
  Factory->create()                                                            
  #11 C:\opt\kotvrf\CatVRF\tests\Feature\Cosmetics\CosmeticTest.php(61): Illu  
  minate\Database\Eloquent\Factories\Factory->create()                         
  #12 C:\opt\kotvrf\CatVRF\vendor\phpunit\phpunit\src\Framework\TestCase.php(  
  1667): Tests\Feature\Cosmetics\CosmeticTest->test_order_status_transitions(  
  )                                                                            
  #13 C:\opt\kotvrf\CatVRF\vendor\phpunit\phpunit\src\Framework\TestCase.php(  
  519): PHPUnit\Framework\TestCase->runTest()                                  
  #14 C:\opt\kotvrf\CatVRF\vendor\phpunit\phpunit\src\Framework\TestRunner\Te  
  stRunner.php(87): PHPUnit\Framework\TestCase->runBare()                      
  #15 C:\opt\kotvrf\CatVRF\vendor\phpunit\phpunit\src\Framework\TestCase.php(  
  365): PHPUnit\Framework\TestRunner->run()                                    
  #16 C:\opt\kotvrf\CatVRF\vendor\phpunit\phpunit\src\Framework\TestSuite.php  
  (369): PHPUnit\Framework\TestCase->run()                                     
  #17 C:\opt\kotvrf\CatVRF\vendor\phpunit\phpunit\src\Framework\TestSuite.php  
  (369): PHPUnit\Framework\TestSuite->run()                                    
  #18 C:\opt\kotvrf\CatVRF\vendor\phpunit\phpunit\src\TextUI\TestRunner.php(6  
  4): PHPUnit\Framework\TestSuite->run()                                       
  #19 C:\opt\kotvrf\CatVRF\vendor\phpunit\phpunit\src\TextUI\Application.php(  
  211): PHPUnit\TextUI\TestRunner->run()                                       
  #20 C:\opt\kotvrf\CatVRF\vendor\phpunit\phpunit\phpunit(104): PHPUnit\TextU  
  I\Application->run()                                                         
  #21 {main}                                                                   
                                                                               


In CosmeticOrder.php line 9:
                                                                               
  During class fetch: Uncaught ParseError: syntax error, unexpected token "tr  
  ait", expecting "abstract" or "final" or "readonly" or "class" in C:\opt\ko  
  tvrf\CatVRF\app\Traits\TenantScoped.php:7                                    
  Stack trace:                                                                 
  #0 C:\opt\kotvrf\CatVRF\vendor\composer\ClassLoader.php(427): Composer\Auto  
  load\{closure}()                                                             
  #1 C:\opt\kotvrf\CatVRF\app\Domains\Cosmetics\Models\CosmeticOrder.php(9):   
  Composer\Autoload\ClassLoader->loadClass()                                   
  #2 C:\opt\kotvrf\CatVRF\vendor\composer\ClassLoader.php(576): include('...'  
  )                                                                            
  #3 C:\opt\kotvrf\CatVRF\vendor\composer\ClassLoader.php(427): Composer\Auto  
  load\{closure}()                                                             
  #4 C:\opt\kotvrf\CatVRF\vendor\laravel\framework\src\Illuminate\Database\El  
  oquent\Factories\Factory.php(928): Composer\Autoload\ClassLoader->loadClass  
  ()                                                                           
  #5 C:\opt\kotvrf\CatVRF\vendor\laravel\framework\src\Illuminate\Database\El  
  oquent\Factories\Factory.php(513): Illuminate\Database\Eloquent\Factories\F  
  actory->newModel()                                                           
  #6 C:\opt\kotvrf\CatVRF\vendor\laravel\framework\src\Illuminate\Database\El  
  oquent\Concerns\GuardsAttributes.php(157): Illuminate\Database\Eloquent\Fac  
  tories\Factory->Illuminate\Database\Eloquent\Factories\{closure}()           
  #7 C:\opt\kotvrf\CatVRF\vendor\laravel\framework\src\Illuminate\Database\El  
  oquent\Factories\Factory.php(512): Illuminate\Database\Eloquent\Model::ungu  
  arded()                                                                      
  #8 C:\opt\kotvrf\CatVRF\vendor\laravel\framework\src\Illuminate\Database\El  
  oquent\Factories\Factory.php(429): Illuminate\Database\Eloquent\Factories\F  
  actory->makeInstance()                                                       
  #9 C:\opt\kotvrf\CatVRF\vendor\laravel\framework\src\Illuminate\Database\El  
  oquent\Factories\Factory.php(318): Illuminate\Database\Eloquent\Factories\F  
  actory->make()                                                               
  #10 C:\opt\kotvrf\CatVRF\vendor\laravel\framework\src\Illuminate\Database\E  
  loquent\Factories\Factory.php(315): Illuminate\Database\Eloquent\Factories\  
  Factory->create()                                                            
  #11 C:\opt\kotvrf\CatVRF\tests\Feature\Cosmetics\CosmeticTest.php(61): Illu  
  minate\Database\Eloquent\Factories\Factory->create()                         
  #12 C:\opt\kotvrf\CatVRF\vendor\phpunit\phpunit\src\Framework\TestCase.php(  
  1667): Tests\Feature\Cosmetics\CosmeticTest->test_order_status_transitions(  
  )                                                                            
  #13 C:\opt\kotvrf\CatVRF\vendor\phpunit\phpunit\src\Framework\TestCase.php(  
  519): PHPUnit\Framework\TestCase->runTest()                                  
  #14 C:\opt\kotvrf\CatVRF\vendor\phpunit\phpunit\src\Framework\TestRunner\Te  
  stRunner.php(87): PHPUnit\Framework\TestCase->runBare()                      
  #15 C:\opt\kotvrf\CatVRF\vendor\phpunit\phpunit\src\Framework\TestCase.php(  
  365): PHPUnit\Framework\TestRunner->run()                                    
  #16 C:\opt\kotvrf\CatVRF\vendor\phpunit\phpunit\src\Framework\TestSuite.php  
  (369): PHPUnit\Framework\TestCase->run()                                     
  #17 C:\opt\kotvrf\CatVRF\vendor\phpunit\phpunit\src\Framework\TestSuite.php  
  (369): PHPUnit\Framework\TestSuite->run()                                    
  #18 C:\opt\kotvrf\CatVRF\vendor\phpunit\phpunit\src\TextUI\TestRunner.php(6  
  4): PHPUnit\Framework\TestSuite->run()                                       
  #19 C:\opt\kotvrf\CatVRF\vendor\phpunit\phpunit\src\TextUI\Application.php(  
  211): PHPUnit\TextUI\TestRunner->run()                                       
  #20 C:\opt\kotvrf\CatVRF\vendor\phpunit\phpunit\phpunit(104): PHPUnit\TextU  
  I\Application->run()                                                         
  #21 {main}                                                                   
                                                                               


In CosmeticOrder.php line 9:
                                                                               
  During class fetch: Uncaught ParseError: syntax error, unexpected token "tr  
  ait", expecting "abstract" or "final" or "readonly" or "class" in C:\opt\ko  
  tvrf\CatVRF\app\Traits\TenantScoped.php:7                                    
  Stack trace:                                                                 
  #0 C:\opt\kotvrf\CatVRF\vendor\composer\ClassLoader.php(427): Composer\Auto  
  load\{closure}()                                                             
  #1 C:\opt\kotvrf\CatVRF\app\Domains\Cosmetics\Models\CosmeticOrder.php(9):   
  Composer\Autoload\ClassLoader->loadClass()                                   
  #2 C:\opt\kotvrf\CatVRF\vendor\composer\ClassLoader.php(576): include('...'  
  )                                                                            
  #3 C:\opt\kotvrf\CatVRF\vendor\composer\ClassLoader.php(427): Composer\Auto  
  load\{closure}()                                                             
  #4 C:\opt\kotvrf\CatVRF\vendor\laravel\framework\src\Illuminate\Database\El  
  oquent\Factories\Factory.php(928): Composer\Autoload\ClassLoader->loadClass  
  ()                                                                           
  #5 C:\opt\kotvrf\CatVRF\vendor\laravel\framework\src\Illuminate\Database\El  
  oquent\Factories\Factory.php(513): Illuminate\Database\Eloquent\Factories\F  
  actory->newModel()                                                           
  #6 C:\opt\kotvrf\CatVRF\vendor\laravel\framework\src\Illuminate\Database\El  
  oquent\Concerns\GuardsAttributes.php(157): Illuminate\Database\Eloquent\Fac  
  tories\Factory->Illuminate\Database\Eloquent\Factories\{closure}()           
  #7 C:\opt\kotvrf\CatVRF\vendor\laravel\framework\src\Illuminate\Database\El  
  oquent\Factories\Factory.php(512): Illuminate\Database\Eloquent\Model::ungu  
  arded()                                                                      
  #8 C:\opt\kotvrf\CatVRF\vendor\laravel\framework\src\Illuminate\Database\El  
  oquent\Factories\Factory.php(429): Illuminate\Database\Eloquent\Factories\F  
  actory->makeInstance()                                                       
  #9 C:\opt\kotvrf\CatVRF\vendor\laravel\framework\src\Illuminate\Database\El  
  oquent\Factories\Factory.php(318): Illuminate\Database\Eloquent\Factories\F  
  actory->make()                                                               
  #10 C:\opt\kotvrf\CatVRF\vendor\laravel\framework\src\Illuminate\Database\E  
  loquent\Factories\Factory.php(315): Illuminate\Database\Eloquent\Factories\  
  Factory->create()                                                            
  #11 C:\opt\kotvrf\CatVRF\tests\Feature\Cosmetics\CosmeticTest.php(61): Illu  
  minate\Database\Eloquent\Factories\Factory->create()                         
  #12 C:\opt\kotvrf\CatVRF\vendor\phpunit\phpunit\src\Framework\TestCase.php(  
  1667): Tests\Feature\Cosmetics\CosmeticTest->test_order_status_transitions(  
  )                                                                            
  #13 C:\opt\kotvrf\CatVRF\vendor\phpunit\phpunit\src\Framework\TestCase.php(  
  519): PHPUnit\Framework\TestCase->runTest()                                  
  #14 C:\opt\kotvrf\CatVRF\vendor\phpunit\phpunit\src\Framework\TestRunner\Te  
  stRunner.php(87): PHPUnit\Framework\TestCase->runBare()                      
  #15 C:\opt\kotvrf\CatVRF\vendor\phpunit\phpunit\src\Framework\TestCase.php(  
  365): PHPUnit\Framework\TestRunner->run()                                    
  #16 C:\opt\kotvrf\CatVRF\vendor\phpunit\phpunit\src\Framework\TestSuite.php  
  (369): PHPUnit\Framework\TestCase->run()                                     
  #17 C:\opt\kotvrf\CatVRF\vendor\phpunit\phpunit\src\Framework\TestSuite.php  
  (369): PHPUnit\Framework\TestSuite->run()                                    
  #18 C:\opt\kotvrf\CatVRF\vendor\phpunit\phpunit\src\TextUI\TestRunner.php(6  
  4): PHPUnit\Framework\TestSuite->run()                                       
  #19 C:\opt\kotvrf\CatVRF\vendor\phpunit\phpunit\src\TextUI\Application.php(  
  211): PHPUnit\TextUI\TestRunner->run()                                       
  #20 C:\opt\kotvrf\CatVRF\vendor\phpunit\phpunit\phpunit(104): PHPUnit\TextU  
  I\Application->run()                                                         
  #21 {main}                                                                   
                                                                               


In CosmeticOrder.php line 9:
                                                                               
  During class fetch: Uncaught ParseError: syntax error, unexpected token "tr  
  ait", expecting "abstract" or "final" or "readonly" or "class" in C:\opt\ko  
  tvrf\CatVRF\app\Traits\TenantScoped.php:7                                    
  Stack trace:                                                                 
  #0 C:\opt\kotvrf\CatVRF\vendor\composer\ClassLoader.php(427): Composer\Auto  
  load\{closure}()                                                             
  #1 C:\opt\kotvrf\CatVRF\app\Domains\Cosmetics\Models\CosmeticOrder.php(9):   
  Composer\Autoload\ClassLoader->loadClass()                                   
  #2 C:\opt\kotvrf\CatVRF\vendor\composer\ClassLoader.php(576): include('...'  
  )                                                                            
  #3 C:\opt\kotvrf\CatVRF\vendor\composer\ClassLoader.php(427): Composer\Auto  
  load\{closure}()                                                             
  #4 C:\opt\kotvrf\CatVRF\vendor\laravel\framework\src\Illuminate\Database\El  
  oquent\Factories\Factory.php(928): Composer\Autoload\ClassLoader->loadClass  
  ()                                                                           
  #5 C:\opt\kotvrf\CatVRF\vendor\laravel\framework\src\Illuminate\Database\El  
  oquent\Factories\Factory.php(513): Illuminate\Database\Eloquent\Factories\F  
  actory->newModel()                                                           
  #6 C:\opt\kotvrf\CatVRF\vendor\laravel\framework\src\Illuminate\Database\El  
  oquent\Concerns\GuardsAttributes.php(157): Illuminate\Database\Eloquent\Fac  
  tories\Factory->Illuminate\Database\Eloquent\Factories\{closure}()           
  #7 C:\opt\kotvrf\CatVRF\vendor\laravel\framework\src\Illuminate\Database\El  
  oquent\Factories\Factory.php(512): Illuminate\Database\Eloquent\Model::ungu  
  arded()                                                                      
  #8 C:\opt\kotvrf\CatVRF\vendor\laravel\framework\src\Illuminate\Database\El  
  oquent\Factories\Factory.php(429): Illuminate\Database\Eloquent\Factories\F  
  actory->makeInstance()                                                       
  #9 C:\opt\kotvrf\CatVRF\vendor\laravel\framework\src\Illuminate\Database\El  
  oquent\Factories\Factory.php(318): Illuminate\Database\Eloquent\Factories\F  
  actory->make()                                                               
  #10 C:\opt\kotvrf\CatVRF\vendor\laravel\framework\src\Illuminate\Database\E  
  loquent\Factories\Factory.php(315): Illuminate\Database\Eloquent\Factories\  
  Factory->create()                                                            
  #11 C:\opt\kotvrf\CatVRF\tests\Feature\Cosmetics\CosmeticTest.php(61): Illu  
  minate\Database\Eloquent\Factories\Factory->create()                         
  #12 C:\opt\kotvrf\CatVRF\vendor\phpunit\phpunit\src\Framework\TestCase.php(  
  1667): Tests\Feature\Cosmetics\CosmeticTest->test_order_status_transitions(  
  )                                                                            
  #13 C:\opt\kotvrf\CatVRF\vendor\phpunit\phpunit\src\Framework\TestCase.php(  
  519): PHPUnit\Framework\TestCase->runTest()                                  
  #14 C:\opt\kotvrf\CatVRF\vendor\phpunit\phpunit\src\Framework\TestRunner\Te  
  stRunner.php(87): PHPUnit\Framework\TestCase->runBare()                      
  #15 C:\opt\kotvrf\CatVRF\vendor\phpunit\phpunit\src\Framework\TestCase.php(  
  365): PHPUnit\Framework\TestRunner->run()                                    
  #16 C:\opt\kotvrf\CatVRF\vendor\phpunit\phpunit\src\Framework\TestSuite.php  
  (369): PHPUnit\Framework\TestCase->run()                                     
  #17 C:\opt\kotvrf\CatVRF\vendor\phpunit\phpunit\src\Framework\TestSuite.php  
  (369): PHPUnit\Framework\TestSuite->run()                                    
  #18 C:\opt\kotvrf\CatVRF\vendor\phpunit\phpunit\src\TextUI\TestRunner.php(6  
  4): PHPUnit\Framework\TestSuite->run()                                       
  #19 C:\opt\kotvrf\CatVRF\vendor\phpunit\phpunit\src\TextUI\Application.php(  
  211): PHPUnit\TextUI\TestRunner->run()                                       
  #20 C:\opt\kotvrf\CatVRF\vendor\phpunit\phpunit\phpunit(104): PHPUnit\TextU  
  I\Application->run()                                                         
  #21 {main}                                                                   
                                                                               


In CosmeticOrder.php line 9:
                                                                               
  During class fetch: Uncaught ParseError: syntax error, unexpected token "tr  
  ait", expecting "abstract" or "final" or "readonly" or "class" in C:\opt\ko  
  tvrf\CatVRF\app\Traits\TenantScoped.php:7                                    
  Stack trace:                                                                 
  #0 C:\opt\kotvrf\CatVRF\vendor\composer\ClassLoader.php(427): Composer\Auto  
  load\{closure}()                                                             
  #1 C:\opt\kotvrf\CatVRF\app\Domains\Cosmetics\Models\CosmeticOrder.php(9):   
  Composer\Autoload\ClassLoader->loadClass()                                   
  #2 C:\opt\kotvrf\CatVRF\vendor\composer\ClassLoader.php(576): include('...'  
  )                                                                            
  #3 C:\opt\kotvrf\CatVRF\vendor\composer\ClassLoader.php(427): Composer\Auto  
  load\{closure}()                                                             
  #4 C:\opt\kotvrf\CatVRF\vendor\laravel\framework\src\Illuminate\Database\El  
  oquent\Factories\Factory.php(928): Composer\Autoload\ClassLoader->loadClass  
  ()                                                                           
  #5 C:\opt\kotvrf\CatVRF\vendor\laravel\framework\src\Illuminate\Database\El  
  oquent\Factories\Factory.php(513): Illuminate\Database\Eloquent\Factories\F  
  actory->newModel()                                                           
  #6 C:\opt\kotvrf\CatVRF\vendor\laravel\framework\src\Illuminate\Database\El  
  oquent\Concerns\GuardsAttributes.php(157): Illuminate\Database\Eloquent\Fac  
  tories\Factory->Illuminate\Database\Eloquent\Factories\{closure}()           
  #7 C:\opt\kotvrf\CatVRF\vendor\laravel\framework\src\Illuminate\Database\El  
  oquent\Factories\Factory.php(512): Illuminate\Database\Eloquent\Model::ungu  
  arded()                                                                      
  #8 C:\opt\kotvrf\CatVRF\vendor\laravel\framework\src\Illuminate\Database\El  
  oquent\Factories\Factory.php(429): Illuminate\Database\Eloquent\Factories\F  
  actory->makeInstance()                                                       
  #9 C:\opt\kotvrf\CatVRF\vendor\laravel\framework\src\Illuminate\Database\El  
  oquent\Factories\Factory.php(318): Illuminate\Database\Eloquent\Factories\F  
  actory->make()                                                               
  #10 C:\opt\kotvrf\CatVRF\vendor\laravel\framework\src\Illuminate\Database\E  
  loquent\Factories\Factory.php(315): Illuminate\Database\Eloquent\Factories\  
  Factory->create()                                                            
  #11 C:\opt\kotvrf\CatVRF\tests\Feature\Cosmetics\CosmeticTest.php(61): Illu  
  minate\Database\Eloquent\Factories\Factory->create()                         
  #12 C:\opt\kotvrf\CatVRF\vendor\phpunit\phpunit\src\Framework\TestCase.php(  
  1667): Tests\Feature\Cosmetics\CosmeticTest->test_order_status_transitions(  
  )                                                                            
  #13 C:\opt\kotvrf\CatVRF\vendor\phpunit\phpunit\src\Framework\TestCase.php(  
  519): PHPUnit\Framework\TestCase->runTest()                                  
  #14 C:\opt\kotvrf\CatVRF\vendor\phpunit\phpunit\src\Framework\TestRunner\Te  
  stRunner.php(87): PHPUnit\Framework\TestCase->runBare()                      
  #15 C:\opt\kotvrf\CatVRF\vendor\phpunit\phpunit\src\Framework\TestCase.php(  
  365): PHPUnit\Framework\TestRunner->run()                                    
  #16 C:\opt\kotvrf\CatVRF\vendor\phpunit\phpunit\src\Framework\TestSuite.php  
  (369): PHPUnit\Framework\TestCase->run()                                     
  #17 C:\opt\kotvrf\CatVRF\vendor\phpunit\phpunit\src\Framework\TestSuite.php  
  (369): PHPUnit\Framework\TestSuite->run()                                    
  #18 C:\opt\kotvrf\CatVRF\vendor\phpunit\phpunit\src\TextUI\TestRunner.php(6  
  4): PHPUnit\Framework\TestSuite->run()                                       
  #19 C:\opt\kotvrf\CatVRF\vendor\phpunit\phpunit\src\TextUI\Application.php(  
  211): PHPUnit\TextUI\TestRunner->run()                                       
  #20 C:\opt\kotvrf\CatVRF\vendor\phpunit\phpunit\phpunit(104): PHPUnit\TextU  
  I\Application->run()                                                         
  #21 {main}                                                                   
                                                                               


In CosmeticOrder.php line 9:
                                                                               
  During class fetch: Uncaught ParseError: syntax error, unexpected token "tr  
  ait", expecting "abstract" or "final" or "readonly" or "class" in C:\opt\ko  
  tvrf\CatVRF\app\Traits\TenantScoped.php:7                                    
  Stack trace:                                                                 
  #0 C:\opt\kotvrf\CatVRF\vendor\composer\ClassLoader.php(427): Composer\Auto  
  load\{closure}()                                                             
  #1 C:\opt\kotvrf\CatVRF\app\Domains\Cosmetics\Models\CosmeticOrder.php(9):   
  Composer\Autoload\ClassLoader->loadClass()                                   
  #2 C:\opt\kotvrf\CatVRF\vendor\composer\ClassLoader.php(576): include('...'  
  )                                                                            
  #3 C:\opt\kotvrf\CatVRF\vendor\composer\ClassLoader.php(427): Composer\Auto  
  load\{closure}()                                                             
  #4 C:\opt\kotvrf\CatVRF\vendor\laravel\framework\src\Illuminate\Database\El  
  oquent\Factories\Factory.php(928): Composer\Autoload\ClassLoader->loadClass  
  ()                                                                           
  #5 C:\opt\kotvrf\CatVRF\vendor\laravel\framework\src\Illuminate\Database\El  
  oquent\Factories\Factory.php(513): Illuminate\Database\Eloquent\Factories\F  
  actory->newModel()                                                           
  #6 C:\opt\kotvrf\CatVRF\vendor\laravel\framework\src\Illuminate\Database\El  
  oquent\Concerns\GuardsAttributes.php(157): Illuminate\Database\Eloquent\Fac  
  tories\Factory->Illuminate\Database\Eloquent\Factories\{closure}()           
  #7 C:\opt\kotvrf\CatVRF\vendor\laravel\framework\src\Illuminate\Database\El  
  oquent\Factories\Factory.php(512): Illuminate\Database\Eloquent\Model::ungu  
  arded()                                                                      
  #8 C:\opt\kotvrf\CatVRF\vendor\laravel\framework\src\Illuminate\Database\El  
  oquent\Factories\Factory.php(429): Illuminate\Database\Eloquent\Factories\F  
  actory->makeInstance()                                                       
  #9 C:\opt\kotvrf\CatVRF\vendor\laravel\framework\src\Illuminate\Database\El  
  oquent\Factories\Factory.php(318): Illuminate\Database\Eloquent\Factories\F  
  actory->make()                                                               
  #10 C:\opt\kotvrf\CatVRF\vendor\laravel\framework\src\Illuminate\Database\E  
  loquent\Factories\Factory.php(315): Illuminate\Database\Eloquent\Factories\  
  Factory->create()                                                            
  #11 C:\opt\kotvrf\CatVRF\tests\Feature\Cosmetics\CosmeticTest.php(61): Illu  
  minate\Database\Eloquent\Factories\Factory->create()                         
  #12 C:\opt\kotvrf\CatVRF\vendor\phpunit\phpunit\src\Framework\TestCase.php(  
  1667): Tests\Feature\Cosmetics\CosmeticTest->test_order_status_transitions(  
  )                                                                            
  #13 C:\opt\kotvrf\CatVRF\vendor\phpunit\phpunit\src\Framework\TestCase.php(  
  519): PHPUnit\Framework\TestCase->runTest()                                  
  #14 C:\opt\kotvrf\CatVRF\vendor\phpunit\phpunit\src\Framework\TestRunner\Te  
  stRunner.php(87): PHPUnit\Framework\TestCase->runBare()                      
  #15 C:\opt\kotvrf\CatVRF\vendor\phpunit\phpunit\src\Framework\TestCase.php(  
  365): PHPUnit\Framework\TestRunner->run()                                    
  #16 C:\opt\kotvrf\CatVRF\vendor\phpunit\phpunit\src\Framework\TestSuite.php  
  (369): PHPUnit\Framework\TestCase->run()                                     
  #17 C:\opt\kotvrf\CatVRF\vendor\phpunit\phpunit\src\Framework\TestSuite.php  
  (369): PHPUnit\Framework\TestSuite->run()                                    
  #18 C:\opt\kotvrf\CatVRF\vendor\phpunit\phpunit\src\TextUI\TestRunner.php(6  
  4): PHPUnit\Framework\TestSuite->run()                                       
  #19 C:\opt\kotvrf\CatVRF\vendor\phpunit\phpunit\src\TextUI\Application.php(  
  211): PHPUnit\TextUI\TestRunner->run()                                       
  #20 C:\opt\kotvrf\CatVRF\vendor\phpunit\phpunit\phpunit(104): PHPUnit\TextU  
  I\Application->run()                                                         
  #21 {main}                                                                   
                                                                               


In CosmeticOrder.php line 9:
                                                                               
  During class fetch: Uncaught ParseError: syntax error, unexpected token "tr  
  ait", expecting "abstract" or "final" or "readonly" or "class" in C:\opt\ko  
  tvrf\CatVRF\app\Traits\TenantScoped.php:7                                    
  Stack trace:                                                                 
  #0 C:\opt\kotvrf\CatVRF\vendor\composer\ClassLoader.php(427): Composer\Auto  
  load\{closure}()                                                             
  #1 C:\opt\kotvrf\CatVRF\app\Domains\Cosmetics\Models\CosmeticOrder.php(9):   
  Composer\Autoload\ClassLoader->loadClass()                                   
  #2 C:\opt\kotvrf\CatVRF\vendor\composer\ClassLoader.php(576): include('...'  
  )                                                                            
  #3 C:\opt\kotvrf\CatVRF\vendor\composer\ClassLoader.php(427): Composer\Auto  
  load\{closure}()                                                             
  #4 C:\opt\kotvrf\CatVRF\vendor\laravel\framework\src\Illuminate\Database\El  
  oquent\Factories\Factory.php(928): Composer\Autoload\ClassLoader->loadClass  
  ()                                                                           
  #5 C:\opt\kotvrf\CatVRF\vendor\laravel\framework\src\Illuminate\Database\El  
  oquent\Factories\Factory.php(513): Illuminate\Database\Eloquent\Factories\F  
  actory->newModel()                                                           
  #6 C:\opt\kotvrf\CatVRF\vendor\laravel\framework\src\Illuminate\Database\El  
  oquent\Concerns\GuardsAttributes.php(157): Illuminate\Database\Eloquent\Fac  
  tories\Factory->Illuminate\Database\Eloquent\Factories\{closure}()           
  #7 C:\opt\kotvrf\CatVRF\vendor\laravel\framework\src\Illuminate\Database\El  
  oquent\Factories\Factory.php(512): Illuminate\Database\Eloquent\Model::ungu  
  arded()                                                                      
  #8 C:\opt\kotvrf\CatVRF\vendor\laravel\framework\src\Illuminate\Database\El  
  oquent\Factories\Factory.php(429): Illuminate\Database\Eloquent\Factories\F  
  actory->makeInstance()                                                       
  #9 C:\opt\kotvrf\CatVRF\vendor\laravel\framework\src\Illuminate\Database\El  
  oquent\Factories\Factory.php(318): Illuminate\Database\Eloquent\Factories\F  
  actory->make()                                                               
  #10 C:\opt\kotvrf\CatVRF\vendor\laravel\framework\src\Illuminate\Database\E  
  loquent\Factories\Factory.php(315): Illuminate\Database\Eloquent\Factories\  
  Factory->create()                                                            
  #11 C:\opt\kotvrf\CatVRF\tests\Feature\Cosmetics\CosmeticTest.php(61): Illu  
  minate\Database\Eloquent\Factories\Factory->create()                         
  #12 C:\opt\kotvrf\CatVRF\vendor\phpunit\phpunit\src\Framework\TestCase.php(  
  1667): Tests\Feature\Cosmetics\CosmeticTest->test_order_status_transitions(  
  )                                                                            
  #13 C:\opt\kotvrf\CatVRF\vendor\phpunit\phpunit\src\Framework\TestCase.php(  
  519): PHPUnit\Framework\TestCase->runTest()                                  
  #14 C:\opt\kotvrf\CatVRF\vendor\phpunit\phpunit\src\Framework\TestRunner\Te  
  stRunner.php(87): PHPUnit\Framework\TestCase->runBare()                      
  #15 C:\opt\kotvrf\CatVRF\vendor\phpunit\phpunit\src\Framework\TestCase.php(  
  365): PHPUnit\Framework\TestRunner->run()                                    
  #16 C:\opt\kotvrf\CatVRF\vendor\phpunit\phpunit\src\Framework\TestSuite.php  
  (369): PHPUnit\Framework\TestCase->run()                                     
  #17 C:\opt\kotvrf\CatVRF\vendor\phpunit\phpunit\src\Framework\TestSuite.php  
  (369): PHPUnit\Framework\TestSuite->run()                                    
  #18 C:\opt\kotvrf\CatVRF\vendor\phpunit\phpunit\src\TextUI\TestRunner.php(6  
  4): PHPUnit\Framework\TestSuite->run()                                       
  #19 C:\opt\kotvrf\CatVRF\vendor\phpunit\phpunit\src\TextUI\Application.php(  
  211): PHPUnit\TextUI\TestRunner->run()                                       
  #20 C:\opt\kotvrf\CatVRF\vendor\phpunit\phpunit\phpunit(104): PHPUnit\TextU  
  I\Application->run()                                                         
  #21 {main}                                                                   
                                                                               


In CosmeticOrder.php line 9:
                                                                               
  During class fetch: Uncaught ParseError: syntax error, unexpected token "tr  
  ait", expecting "abstract" or "final" or "readonly" or "class" in C:\opt\ko  
  tvrf\CatVRF\app\Traits\TenantScoped.php:7                                    
  Stack trace:                                                                 
  #0 C:\opt\kotvrf\CatVRF\vendor\composer\ClassLoader.php(427): Composer\Auto  
  load\{closure}()                                                             
  #1 C:\opt\kotvrf\CatVRF\app\Domains\Cosmetics\Models\CosmeticOrder.php(9):   
  Composer\Autoload\ClassLoader->loadClass()                                   
  #2 C:\opt\kotvrf\CatVRF\vendor\composer\ClassLoader.php(576): include('...'  
  )                                                                            
  #3 C:\opt\kotvrf\CatVRF\vendor\composer\ClassLoader.php(427): Composer\Auto  
  load\{closure}()                                                             
  #4 C:\opt\kotvrf\CatVRF\vendor\laravel\framework\src\Illuminate\Database\El  
  oquent\Factories\Factory.php(928): Composer\Autoload\ClassLoader->loadClass  
  ()                                                                           
  #5 C:\opt\kotvrf\CatVRF\vendor\laravel\framework\src\Illuminate\Database\El  
  oquent\Factories\Factory.php(513): Illuminate\Database\Eloquent\Factories\F  
  actory->newModel()                                                           
  #6 C:\opt\kotvrf\CatVRF\vendor\laravel\framework\src\Illuminate\Database\El  
  oquent\Concerns\GuardsAttributes.php(157): Illuminate\Database\Eloquent\Fac  
  tories\Factory->Illuminate\Database\Eloquent\Factories\{closure}()           
  #7 C:\opt\kotvrf\CatVRF\vendor\laravel\framework\src\Illuminate\Database\El  
  oquent\Factories\Factory.php(512): Illuminate\Database\Eloquent\Model::ungu  
  arded()                                                                      
  #8 C:\opt\kotvrf\CatVRF\vendor\laravel\framework\src\Illuminate\Database\El  
  oquent\Factories\Factory.php(429): Illuminate\Database\Eloquent\Factories\F  
  actory->makeInstance()                                                       
  #9 C:\opt\kotvrf\CatVRF\vendor\laravel\framework\src\Illuminate\Database\El  
  oquent\Factories\Factory.php(318): Illuminate\Database\Eloquent\Factories\F  
  actory->make()                                                               
  #10 C:\opt\kotvrf\CatVRF\vendor\laravel\framework\src\Illuminate\Database\E  
  loquent\Factories\Factory.php(315): Illuminate\Database\Eloquent\Factories\  
  Factory->create()                                                            
  #11 C:\opt\kotvrf\CatVRF\tests\Feature\Cosmetics\CosmeticTest.php(61): Illu  
  minate\Database\Eloquent\Factories\Factory->create()                         
  #12 C:\opt\kotvrf\CatVRF\vendor\phpunit\phpunit\src\Framework\TestCase.php(  
  1667): Tests\Feature\Cosmetics\CosmeticTest->test_order_status_transitions(  
  )                                                                            
  #13 C:\opt\kotvrf\CatVRF\vendor\phpunit\phpunit\src\Framework\TestCase.php(  
  519): PHPUnit\Framework\TestCase->runTest()                                  
  #14 C:\opt\kotvrf\CatVRF\vendor\phpunit\phpunit\src\Framework\TestRunner\Te  
  stRunner.php(87): PHPUnit\Framework\TestCase->runBare()                      
  #15 C:\opt\kotvrf\CatVRF\vendor\phpunit\phpunit\src\Framework\TestCase.php(  
  365): PHPUnit\Framework\TestRunner->run()                                    
  #16 C:\opt\kotvrf\CatVRF\vendor\phpunit\phpunit\src\Framework\TestSuite.php  
  (369): PHPUnit\Framework\TestCase->run()                                     
  #17 C:\opt\kotvrf\CatVRF\vendor\phpunit\phpunit\src\Framework\TestSuite.php  
  (369): PHPUnit\Framework\TestSuite->run()                                    
  #18 C:\opt\kotvrf\CatVRF\vendor\phpunit\phpunit\src\TextUI\TestRunner.php(6  
  4): PHPUnit\Framework\TestSuite->run()                                       
  #19 C:\opt\kotvrf\CatVRF\vendor\phpunit\phpunit\src\TextUI\Application.php(  
  211): PHPUnit\TextUI\TestRunner->run()                                       
  #20 C:\opt\kotvrf\CatVRF\vendor\phpunit\phpunit\phpunit(104): PHPUnit\TextU  
  I\Application->run()                                                         
  #21 {main}                                                                   
                                                                               


In CosmeticOrder.php line 9:
                                                                               
  During class fetch: Uncaught ParseError: syntax error, unexpected token "tr  
  ait", expecting "abstract" or "final" or "readonly" or "class" in C:\opt\ko  
  tvrf\CatVRF\app\Traits\TenantScoped.php:7                                    
  Stack trace:                                                                 
  #0 C:\opt\kotvrf\CatVRF\vendor\composer\ClassLoader.php(427): Composer\Auto  
  load\{closure}()                                                             
  #1 C:\opt\kotvrf\CatVRF\app\Domains\Cosmetics\Models\CosmeticOrder.php(9):   
  Composer\Autoload\ClassLoader->loadClass()                                   
  #2 C:\opt\kotvrf\CatVRF\vendor\composer\ClassLoader.php(576): include('...'  
  )                                                                            
  #3 C:\opt\kotvrf\CatVRF\vendor\composer\ClassLoader.php(427): Composer\Auto  
  load\{closure}()                                                             
  #4 C:\opt\kotvrf\CatVRF\vendor\laravel\framework\src\Illuminate\Database\El  
  oquent\Factories\Factory.php(928): Composer\Autoload\ClassLoader->loadClass  
  ()                                                                           
  #5 C:\opt\kotvrf\CatVRF\vendor\laravel\framework\src\Illuminate\Database\El  
  oquent\Factories\Factory.php(513): Illuminate\Database\Eloquent\Factories\F  
  actory->newModel()                                                           
  #6 C:\opt\kotvrf\CatVRF\vendor\laravel\framework\src\Illuminate\Database\El  
  oquent\Concerns\GuardsAttributes.php(157): Illuminate\Database\Eloquent\Fac  
  tories\Factory->Illuminate\Database\Eloquent\Factories\{closure}()           
  #7 C:\opt\kotvrf\CatVRF\vendor\laravel\framework\src\Illuminate\Database\El  
  oquent\Factories\Factory.php(512): Illuminate\Database\Eloquent\Model::ungu  
  arded()                                                                      
  #8 C:\opt\kotvrf\CatVRF\vendor\laravel\framework\src\Illuminate\Database\El  
  oquent\Factories\Factory.php(429): Illuminate\Database\Eloquent\Factories\F  
  actory->makeInstance()                                                       
  #9 C:\opt\kotvrf\CatVRF\vendor\laravel\framework\src\Illuminate\Database\El  
  oquent\Factories\Factory.php(318): Illuminate\Database\Eloquent\Factories\F  
  actory->make()                                                               
  #10 C:\opt\kotvrf\CatVRF\vendor\laravel\framework\src\Illuminate\Database\E  
  loquent\Factories\Factory.php(315): Illuminate\Database\Eloquent\Factories\  
  Factory->create()                                                            
  #11 C:\opt\kotvrf\CatVRF\tests\Feature\Cosmetics\CosmeticTest.php(61): Illu  
  minate\Database\Eloquent\Factories\Factory->create()                         
  #12 C:\opt\kotvrf\CatVRF\vendor\phpunit\phpunit\src\Framework\TestCase.php(  
  1667): Tests\Feature\Cosmetics\CosmeticTest->test_order_status_transitions(  
  )                                                                            
  #13 C:\opt\kotvrf\CatVRF\vendor\phpunit\phpunit\src\Framework\TestCase.php(  
  519): PHPUnit\Framework\TestCase->runTest()                                  
  #14 C:\opt\kotvrf\CatVRF\vendor\phpunit\phpunit\src\Framework\TestRunner\Te  
  stRunner.php(87): PHPUnit\Framework\TestCase->runBare()                      
  #15 C:\opt\kotvrf\CatVRF\vendor\phpunit\phpunit\src\Framework\TestCase.php(  
  365): PHPUnit\Framework\TestRunner->run()                                    
  #16 C:\opt\kotvrf\CatVRF\vendor\phpunit\phpunit\src\Framework\TestSuite.php  
  (369): PHPUnit\Framework\TestCase->run()                                     
  #17 C:\opt\kotvrf\CatVRF\vendor\phpunit\phpunit\src\Framework\TestSuite.php  
  (369): PHPUnit\Framework\TestSuite->run()                                    
  #18 C:\opt\kotvrf\CatVRF\vendor\phpunit\phpunit\src\TextUI\TestRunner.php(6  
  4): PHPUnit\Framework\TestSuite->run()                                       
  #19 C:\opt\kotvrf\CatVRF\vendor\phpunit\phpunit\src\TextUI\Application.php(  
  211): PHPUnit\TextUI\TestRunner->run()                                       
  #20 C:\opt\kotvrf\CatVRF\vendor\phpunit\phpunit\phpunit(104): PHPUnit\TextU  
  I\Application->run()                                                         
  #21 {main}                                                                   
                                                                               


In CosmeticOrder.php line 9:
                                                                               
  During class fetch: Uncaught ParseError: syntax error, unexpected token "tr  
  ait", expecting "abstract" or "final" or "readonly" or "class" in C:\opt\ko  
  tvrf\CatVRF\app\Traits\TenantScoped.php:7                                    
  Stack trace:                                                                 
  #0 C:\opt\kotvrf\CatVRF\vendor\composer\ClassLoader.php(427): Composer\Auto  
  load\{closure}()                                                             
  #1 C:\opt\kotvrf\CatVRF\app\Domains\Cosmetics\Models\CosmeticOrder.php(9):   
  Composer\Autoload\ClassLoader->loadClass()                                   
  #2 C:\opt\kotvrf\CatVRF\vendor\composer\ClassLoader.php(576): include('...'  
  )                                                                            
  #3 C:\opt\kotvrf\CatVRF\vendor\composer\ClassLoader.php(427): Composer\Auto  
  load\{closure}()                                                             
  #4 C:\opt\kotvrf\CatVRF\vendor\laravel\framework\src\Illuminate\Database\El  
  oquent\Factories\Factory.php(928): Composer\Autoload\ClassLoader->loadClass  
  ()                                                                           
  #5 C:\opt\kotvrf\CatVRF\vendor\laravel\framework\src\Illuminate\Database\El  
  oquent\Factories\Factory.php(513): Illuminate\Database\Eloquent\Factories\F  
  actory->newModel()                                                           
  #6 C:\opt\kotvrf\CatVRF\vendor\laravel\framework\src\Illuminate\Database\El  
  oquent\Concerns\GuardsAttributes.php(157): Illuminate\Database\Eloquent\Fac  
  tories\Factory->Illuminate\Database\Eloquent\Factories\{closure}()           
  #7 C:\opt\kotvrf\CatVRF\vendor\laravel\framework\src\Illuminate\Database\El  
  oquent\Factories\Factory.php(512): Illuminate\Database\Eloquent\Model::ungu  
  arded()                                                                      
  #8 C:\opt\kotvrf\CatVRF\vendor\laravel\framework\src\Illuminate\Database\El  
  oquent\Factories\Factory.php(429): Illuminate\Database\Eloquent\Factories\F  
  actory->makeInstance()                                                       
  #9 C:\opt\kotvrf\CatVRF\vendor\laravel\framework\src\Illuminate\Database\El  
  oquent\Factories\Factory.php(318): Illuminate\Database\Eloquent\Factories\F  
  actory->make()                                                               
  #10 C:\opt\kotvrf\CatVRF\vendor\laravel\framework\src\Illuminate\Database\E  
  loquent\Factories\Factory.php(315): Illuminate\Database\Eloquent\Factories\  
  Factory->create()                                                            
  #11 C:\opt\kotvrf\CatVRF\tests\Feature\Cosmetics\CosmeticTest.php(61): Illu  
  minate\Database\Eloquent\Factories\Factory->create()                         
  #12 C:\opt\kotvrf\CatVRF\vendor\phpunit\phpunit\src\Framework\TestCase.php(  
  1667): Tests\Feature\Cosmetics\CosmeticTest->test_order_status_transitions(  
  )                                                                            
  #13 C:\opt\kotvrf\CatVRF\vendor\phpunit\phpunit\src\Framework\TestCase.php(  
  519): PHPUnit\Framework\TestCase->runTest()                                  
  #14 C:\opt\kotvrf\CatVRF\vendor\phpunit\phpunit\src\Framework\TestRunner\Te  
  stRunner.php(87): PHPUnit\Framework\TestCase->runBare()                      
  #15 C:\opt\kotvrf\CatVRF\vendor\phpunit\phpunit\src\Framework\TestCase.php(  
  365): PHPUnit\Framework\TestRunner->run()                                    
  #16 C:\opt\kotvrf\CatVRF\vendor\phpunit\phpunit\src\Framework\TestSuite.php  
  (369): PHPUnit\Framework\TestCase->run()                                     
  #17 C:\opt\kotvrf\CatVRF\vendor\phpunit\phpunit\src\Framework\TestSuite.php  
  (369): PHPUnit\Framework\TestSuite->run()                                    
  #18 C:\opt\kotvrf\CatVRF\vendor\phpunit\phpunit\src\TextUI\TestRunner.php(6  
  4): PHPUnit\Framework\TestSuite->run()                                       
  #19 C:\opt\kotvrf\CatVRF\vendor\phpunit\phpunit\src\TextUI\Application.php(  
  211): PHPUnit\TextUI\TestRunner->run()                                       
  #20 C:\opt\kotvrf\CatVRF\vendor\phpunit\phpunit\phpunit(104): PHPUnit\TextU  
  I\Application->run()                                                         
  #21 {main}                                                                   
                                                                               


In CosmeticOrder.php line 9:
                                                                               
  During class fetch: Uncaught ParseError: syntax error, unexpected token "tr  
  ait", expecting "abstract" or "final" or "readonly" or "class" in C:\opt\ko  
  tvrf\CatVRF\app\Traits\TenantScoped.php:7                                    
  Stack trace:                                                                 
  #0 C:\opt\kotvrf\CatVRF\vendor\composer\ClassLoader.php(427): Composer\Auto  
  load\{closure}()                                                             
  #1 C:\opt\kotvrf\CatVRF\app\Domains\Cosmetics\Models\CosmeticOrder.php(9):   
  Composer\Autoload\ClassLoader->loadClass()                                   
  #2 C:\opt\kotvrf\CatVRF\vendor\composer\ClassLoader.php(576): include('...'  
  )                                                                            
  #3 C:\opt\kotvrf\CatVRF\vendor\composer\ClassLoader.php(427): Composer\Auto  
  load\{closure}()                                                             
  #4 C:\opt\kotvrf\CatVRF\vendor\laravel\framework\src\Illuminate\Database\El  
  oquent\Factories\Factory.php(928): Composer\Autoload\ClassLoader->loadClass  
  ()                                                                           
  #5 C:\opt\kotvrf\CatVRF\vendor\laravel\framework\src\Illuminate\Database\El  
  oquent\Factories\Factory.php(513): Illuminate\Database\Eloquent\Factories\F  
  actory->newModel()                                                           
  #6 C:\opt\kotvrf\CatVRF\vendor\laravel\framework\src\Illuminate\Database\El  
  oquent\Concerns\GuardsAttributes.php(157): Illuminate\Database\Eloquent\Fac  
  tories\Factory->Illuminate\Database\Eloquent\Factories\{closure}()           
  #7 C:\opt\kotvrf\CatVRF\vendor\laravel\framework\src\Illuminate\Database\El  
  oquent\Factories\Factory.php(512): Illuminate\Database\Eloquent\Model::ungu  
  arded()                                                                      
  #8 C:\opt\kotvrf\CatVRF\vendor\laravel\framework\src\Illuminate\Database\El  
  oquent\Factories\Factory.php(429): Illuminate\Database\Eloquent\Factories\F  
  actory->makeInstance()                                                       
  #9 C:\opt\kotvrf\CatVRF\vendor\laravel\framework\src\Illuminate\Database\El  
  oquent\Factories\Factory.php(318): Illuminate\Database\Eloquent\Factories\F  
  actory->make()                                                               
  #10 C:\opt\kotvrf\CatVRF\vendor\laravel\framework\src\Illuminate\Database\E  
  loquent\Factories\Factory.php(315): Illuminate\Database\Eloquent\Factories\  
  Factory->create()                                                            
  #11 C:\opt\kotvrf\CatVRF\tests\Feature\Cosmetics\CosmeticTest.php(61): Illu  
  minate\Database\Eloquent\Factories\Factory->create()                         
  #12 C:\opt\kotvrf\CatVRF\vendor\phpunit\phpunit\src\Framework\TestCase.php(  
  1667): Tests\Feature\Cosmetics\CosmeticTest->test_order_status_transitions(  
  )                                                                            
  #13 C:\opt\kotvrf\CatVRF\vendor\phpunit\phpunit\src\Framework\TestCase.php(  
  519): PHPUnit\Framework\TestCase->runTest()                                  
  #14 C:\opt\kotvrf\CatVRF\vendor\phpunit\phpunit\src\Framework\TestRunner\Te  
  stRunner.php(87): PHPUnit\Framework\TestCase->runBare()                      
  #15 C:\opt\kotvrf\CatVRF\vendor\phpunit\phpunit\src\Framework\TestCase.php(  
  365): PHPUnit\Framework\TestRunner->run()                                    
  #16 C:\opt\kotvrf\CatVRF\vendor\phpunit\phpunit\src\Framework\TestSuite.php  
  (369): PHPUnit\Framework\TestCase->run()                                     
  #17 C:\opt\kotvrf\CatVRF\vendor\phpunit\phpunit\src\Framework\TestSuite.php  
  (369): PHPUnit\Framework\TestSuite->run()                                    
  #18 C:\opt\kotvrf\CatVRF\vendor\phpunit\phpunit\src\TextUI\TestRunner.php(6  
  4): PHPUnit\Framework\TestSuite->run()                                       
  #19 C:\opt\kotvrf\CatVRF\vendor\phpunit\phpunit\src\TextUI\Application.php(  
  211): PHPUnit\TextUI\TestRunner->run()                                       
  #20 C:\opt\kotvrf\CatVRF\vendor\phpunit\phpunit\phpunit(104): PHPUnit\TextU  
  I\Application->run()                                                         
  #21 {main}                                                                   
                                                                               


In CosmeticOrder.php line 9:
                                                                               
  During class fetch: Uncaught ParseError: syntax error, unexpected token "tr  
  ait", expecting "abstract" or "final" or "readonly" or "class" in C:\opt\ko  
  tvrf\CatVRF\app\Traits\TenantScoped.php:7                                    
  Stack trace:                                                                 
  #0 C:\opt\kotvrf\CatVRF\vendor\composer\ClassLoader.php(427): Composer\Auto  
  load\{closure}()                                                             
  #1 C:\opt\kotvrf\CatVRF\app\Domains\Cosmetics\Models\CosmeticOrder.php(9):   
  Composer\Autoload\ClassLoader->loadClass()                                   
  #2 C:\opt\kotvrf\CatVRF\vendor\composer\ClassLoader.php(576): include('...'  
  )                                                                            
  #3 C:\opt\kotvrf\CatVRF\vendor\composer\ClassLoader.php(427): Composer\Auto  
  load\{closure}()                                                             
  #4 C:\opt\kotvrf\CatVRF\vendor\laravel\framework\src\Illuminate\Database\El  
  oquent\Factories\Factory.php(928): Composer\Autoload\ClassLoader->loadClass  
  ()                                                                           
  #5 C:\opt\kotvrf\CatVRF\vendor\laravel\framework\src\Illuminate\Database\El  
  oquent\Factories\Factory.php(513): Illuminate\Database\Eloquent\Factories\F  
  actory->newModel()                                                           
  #6 C:\opt\kotvrf\CatVRF\vendor\laravel\framework\src\Illuminate\Database\El  
  oquent\Concerns\GuardsAttributes.php(157): Illuminate\Database\Eloquent\Fac  
  tories\Factory->Illuminate\Database\Eloquent\Factories\{closure}()           
  #7 C:\opt\kotvrf\CatVRF\vendor\laravel\framework\src\Illuminate\Database\El  
  oquent\Factories\Factory.php(512): Illuminate\Database\Eloquent\Model::ungu  
  arded()                                                                      
  #8 C:\opt\kotvrf\CatVRF\vendor\laravel\framework\src\Illuminate\Database\El  
  oquent\Factories\Factory.php(429): Illuminate\Database\Eloquent\Factories\F  
  actory->makeInstance()                                                       
  #9 C:\opt\kotvrf\CatVRF\vendor\laravel\framework\src\Illuminate\Database\El  
  oquent\Factories\Factory.php(318): Illuminate\Database\Eloquent\Factories\F  
  actory->make()                                                               
  #10 C:\opt\kotvrf\CatVRF\vendor\laravel\framework\src\Illuminate\Database\E  
  loquent\Factories\Factory.php(315): Illuminate\Database\Eloquent\Factories\  
  Factory->create()                                                            
  #11 C:\opt\kotvrf\CatVRF\tests\Feature\Cosmetics\CosmeticTest.php(61): Illu  
  minate\Database\Eloquent\Factories\Factory->create()                         
  #12 C:\opt\kotvrf\CatVRF\vendor\phpunit\phpunit\src\Framework\TestCase.php(  
  1667): Tests\Feature\Cosmetics\CosmeticTest->test_order_status_transitions(  
  )                                                                            
  #13 C:\opt\kotvrf\CatVRF\vendor\phpunit\phpunit\src\Framework\TestCase.php(  
  519): PHPUnit\Framework\TestCase->runTest()                                  
  #14 C:\opt\kotvrf\CatVRF\vendor\phpunit\phpunit\src\Framework\TestRunner\Te  
  stRunner.php(87): PHPUnit\Framework\TestCase->runBare()                      
  #15 C:\opt\kotvrf\CatVRF\vendor\phpunit\phpunit\src\Framework\TestCase.php(  
  365): PHPUnit\Framework\TestRunner->run()                                    
  #16 C:\opt\kotvrf\CatVRF\vendor\phpunit\phpunit\src\Framework\TestSuite.php  
  (369): PHPUnit\Framework\TestCase->run()                                     
  #17 C:\opt\kotvrf\CatVRF\vendor\phpunit\phpunit\src\Framework\TestSuite.php  
  (369): PHPUnit\Framework\TestSuite->run()                                    
  #18 C:\opt\kotvrf\CatVRF\vendor\phpunit\phpunit\src\TextUI\TestRunner.php(6  
  4): PHPUnit\Framework\TestSuite->run()                                       
  #19 C:\opt\kotvrf\CatVRF\vendor\phpunit\phpunit\src\TextUI\Application.php(  
  211): PHPUnit\TextUI\TestRunner->run()                                       
  #20 C:\opt\kotvrf\CatVRF\vendor\phpunit\phpunit\phpunit(104): PHPUnit\TextU  
  I\Application->run()                                                         
  #21 {main}                                                                   
                                                                               


In CosmeticOrder.php line 9:
                                                                               
  During class fetch: Uncaught ParseError: syntax error, unexpected token "tr  
  ait", expecting "abstract" or "final" or "readonly" or "class" in C:\opt\ko  
  tvrf\CatVRF\app\Traits\TenantScoped.php:7                                    
  Stack trace:                                                                 
  #0 C:\opt\kotvrf\CatVRF\vendor\composer\ClassLoader.php(427): Composer\Auto  
  load\{closure}()                                                             
  #1 C:\opt\kotvrf\CatVRF\app\Domains\Cosmetics\Models\CosmeticOrder.php(9):   
  Composer\Autoload\ClassLoader->loadClass()                                   
  #2 C:\opt\kotvrf\CatVRF\vendor\composer\ClassLoader.php(576): include('...'  
  )                                                                            
  #3 C:\opt\kotvrf\CatVRF\vendor\composer\ClassLoader.php(427): Composer\Auto  
  load\{closure}()                                                             
  #4 C:\opt\kotvrf\CatVRF\vendor\laravel\framework\src\Illuminate\Database\El  
  oquent\Factories\Factory.php(928): Composer\Autoload\ClassLoader->loadClass  
  ()                                                                           
  #5 C:\opt\kotvrf\CatVRF\vendor\laravel\framework\src\Illuminate\Database\El  
  oquent\Factories\Factory.php(513): Illuminate\Database\Eloquent\Factories\F  
  actory->newModel()                                                           
  #6 C:\opt\kotvrf\CatVRF\vendor\laravel\framework\src\Illuminate\Database\El  
  oquent\Concerns\GuardsAttributes.php(157): Illuminate\Database\Eloquent\Fac  
  tories\Factory->Illuminate\Database\Eloquent\Factories\{closure}()           
  #7 C:\opt\kotvrf\CatVRF\vendor\laravel\framework\src\Illuminate\Database\El  
  oquent\Factories\Factory.php(512): Illuminate\Database\Eloquent\Model::ungu  
  arded()                                                                      
  #8 C:\opt\kotvrf\CatVRF\vendor\laravel\framework\src\Illuminate\Database\El  
  oquent\Factories\Factory.php(429): Illuminate\Database\Eloquent\Factories\F  
  actory->makeInstance()                                                       
  #9 C:\opt\kotvrf\CatVRF\vendor\laravel\framework\src\Illuminate\Database\El  
  oquent\Factories\Factory.php(318): Illuminate\Database\Eloquent\Factories\F  
  actory->make()                                                               
  #10 C:\opt\kotvrf\CatVRF\vendor\laravel\framework\src\Illuminate\Database\E  
  loquent\Factories\Factory.php(315): Illuminate\Database\Eloquent\Factories\  
  Factory->create()                                                            
  #11 C:\opt\kotvrf\CatVRF\tests\Feature\Cosmetics\CosmeticTest.php(61): Illu  
  minate\Database\Eloquent\Factories\Factory->create()                         
  #12 C:\opt\kotvrf\CatVRF\vendor\phpunit\phpunit\src\Framework\TestCase.php(  
  1667): Tests\Feature\Cosmetics\CosmeticTest->test_order_status_transitions(  
  )                                                                            
  #13 C:\opt\kotvrf\CatVRF\vendor\phpunit\phpunit\src\Framework\TestCase.php(  
  519): PHPUnit\Framework\TestCase->runTest()                                  
  #14 C:\opt\kotvrf\CatVRF\vendor\phpunit\phpunit\src\Framework\TestRunner\Te  
  stRunner.php(87): PHPUnit\Framework\TestCase->runBare()                      
  #15 C:\opt\kotvrf\CatVRF\vendor\phpunit\phpunit\src\Framework\TestCase.php(  
  365): PHPUnit\Framework\TestRunner->run()                                    
  #16 C:\opt\kotvrf\CatVRF\vendor\phpunit\phpunit\src\Framework\TestSuite.php  
  (369): PHPUnit\Framework\TestCase->run()                                     
  #17 C:\opt\kotvrf\CatVRF\vendor\phpunit\phpunit\src\Framework\TestSuite.php  
  (369): PHPUnit\Framework\TestSuite->run()                                    
  #18 C:\opt\kotvrf\CatVRF\vendor\phpunit\phpunit\src\TextUI\TestRunner.php(6  
  4): PHPUnit\Framework\TestSuite->run()                                       
  #19 C:\opt\kotvrf\CatVRF\vendor\phpunit\phpunit\src\TextUI\Application.php(  
  211): PHPUnit\TextUI\TestRunner->run()                                       
  #20 C:\opt\kotvrf\CatVRF\vendor\phpunit\phpunit\phpunit(104): PHPUnit\TextU  
  I\Application->run()                                                         
  #21 {main}                                                                   
                                                                               


In CosmeticOrder.php line 9:
                                                                               
  During class fetch: Uncaught ParseError: syntax error, unexpected token "tr  
  ait", expecting "abstract" or "final" or "readonly" or "class" in C:\opt\ko  
  tvrf\CatVRF\app\Traits\TenantScoped.php:7                                    
  Stack trace:                                                                 
  #0 C:\opt\kotvrf\CatVRF\vendor\composer\ClassLoader.php(427): Composer\Auto  
  load\{closure}()                                                             
  #1 C:\opt\kotvrf\CatVRF\app\Domains\Cosmetics\Models\CosmeticOrder.php(9):   
  Composer\Autoload\ClassLoader->loadClass()                                   
  #2 C:\opt\kotvrf\CatVRF\vendor\composer\ClassLoader.php(576): include('...'  
  )                                                                            
  #3 C:\opt\kotvrf\CatVRF\vendor\composer\ClassLoader.php(427): Composer\Auto  
  load\{closure}()                                                             
  #4 C:\opt\kotvrf\CatVRF\vendor\laravel\framework\src\Illuminate\Database\El  
  oquent\Factories\Factory.php(928): Composer\Autoload\ClassLoader->loadClass  
  ()                                                                           
  #5 C:\opt\kotvrf\CatVRF\vendor\laravel\framework\src\Illuminate\Database\El  
  oquent\Factories\Factory.php(513): Illuminate\Database\Eloquent\Factories\F  
  actory->newModel()                                                           
  #6 C:\opt\kotvrf\CatVRF\vendor\laravel\framework\src\Illuminate\Database\El  
  oquent\Concerns\GuardsAttributes.php(157): Illuminate\Database\Eloquent\Fac  
  tories\Factory->Illuminate\Database\Eloquent\Factories\{closure}()           
  #7 C:\opt\kotvrf\CatVRF\vendor\laravel\framework\src\Illuminate\Database\El  
  oquent\Factories\Factory.php(512): Illuminate\Database\Eloquent\Model::ungu  
  arded()                                                                      
  #8 C:\opt\kotvrf\CatVRF\vendor\laravel\framework\src\Illuminate\Database\El  
  oquent\Factories\Factory.php(429): Illuminate\Database\Eloquent\Factories\F  
  actory->makeInstance()                                                       
  #9 C:\opt\kotvrf\CatVRF\vendor\laravel\framework\src\Illuminate\Database\El  
  oquent\Factories\Factory.php(318): Illuminate\Database\Eloquent\Factories\F  
  actory->make()                                                               
  #10 C:\opt\kotvrf\CatVRF\vendor\laravel\framework\src\Illuminate\Database\E  
  loquent\Factories\Factory.php(315): Illuminate\Database\Eloquent\Factories\  
  Factory->create()                                                            
  #11 C:\opt\kotvrf\CatVRF\tests\Feature\Cosmetics\CosmeticTest.php(61): Illu  
  minate\Database\Eloquent\Factories\Factory->create()                         
  #12 C:\opt\kotvrf\CatVRF\vendor\phpunit\phpunit\src\Framework\TestCase.php(  
  1667): Tests\Feature\Cosmetics\CosmeticTest->test_order_status_transitions(  
  )                                                                            
  #13 C:\opt\kotvrf\CatVRF\vendor\phpunit\phpunit\src\Framework\TestCase.php(  
  519): PHPUnit\Framework\TestCase->runTest()                                  
  #14 C:\opt\kotvrf\CatVRF\vendor\phpunit\phpunit\src\Framework\TestRunner\Te  
  stRunner.php(87): PHPUnit\Framework\TestCase->runBare()                      
  #15 C:\opt\kotvrf\CatVRF\vendor\phpunit\phpunit\src\Framework\TestCase.php(  
  365): PHPUnit\Framework\TestRunner->run()                                    
  #16 C:\opt\kotvrf\CatVRF\vendor\phpunit\phpunit\src\Framework\TestSuite.php  
  (369): PHPUnit\Framework\TestCase->run()                                     
  #17 C:\opt\kotvrf\CatVRF\vendor\phpunit\phpunit\src\Framework\TestSuite.php  
  (369): PHPUnit\Framework\TestSuite->run()                                    
  #18 C:\opt\kotvrf\CatVRF\vendor\phpunit\phpunit\src\TextUI\TestRunner.php(6  
  4): PHPUnit\Framework\TestSuite->run()                                       
  #19 C:\opt\kotvrf\CatVRF\vendor\phpunit\phpunit\src\TextUI\Application.php(  
  211): PHPUnit\TextUI\TestRunner->run()                                       
  #20 C:\opt\kotvrf\CatVRF\vendor\phpunit\phpunit\phpunit(104): PHPUnit\TextU  
  I\Application->run()                                                         
  #21 {main}                                                                   
                                                                               


In CosmeticOrder.php line 9:
                                                                               
  During class fetch: Uncaught ParseError: syntax error, unexpected token "tr  
  ait", expecting "abstract" or "final" or "readonly" or "class" in C:\opt\ko  
  tvrf\CatVRF\app\Traits\TenantScoped.php:7                                    
  Stack trace:                                                                 
  #0 C:\opt\kotvrf\CatVRF\vendor\composer\ClassLoader.php(427): Composer\Auto  
  load\{closure}()                                                             
  #1 C:\opt\kotvrf\CatVRF\app\Domains\Cosmetics\Models\CosmeticOrder.php(9):   
  Composer\Autoload\ClassLoader->loadClass()                                   
  #2 C:\opt\kotvrf\CatVRF\vendor\composer\ClassLoader.php(576): include('...'  
  )                                                                            
  #3 C:\opt\kotvrf\CatVRF\vendor\composer\ClassLoader.php(427): Composer\Auto  
  load\{closure}()                                                             
  #4 C:\opt\kotvrf\CatVRF\vendor\laravel\framework\src\Illuminate\Database\El  
  oquent\Factories\Factory.php(928): Composer\Autoload\ClassLoader->loadClass  
  ()                                                                           
  #5 C:\opt\kotvrf\CatVRF\vendor\laravel\framework\src\Illuminate\Database\El  
  oquent\Factories\Factory.php(513): Illuminate\Database\Eloquent\Factories\F  
  actory->newModel()                                                           
  #6 C:\opt\kotvrf\CatVRF\vendor\laravel\framework\src\Illuminate\Database\El  
  oquent\Concerns\GuardsAttributes.php(157): Illuminate\Database\Eloquent\Fac  
  tories\Factory->Illuminate\Database\Eloquent\Factories\{closure}()           
  #7 C:\opt\kotvrf\CatVRF\vendor\laravel\framework\src\Illuminate\Database\El  
  oquent\Factories\Factory.php(512): Illuminate\Database\Eloquent\Model::ungu  
  arded()                                                                      
  #8 C:\opt\kotvrf\CatVRF\vendor\laravel\framework\src\Illuminate\Database\El  
  oquent\Factories\Factory.php(429): Illuminate\Database\Eloquent\Factories\F  
  actory->makeInstance()                                                       
  #9 C:\opt\kotvrf\CatVRF\vendor\laravel\framework\src\Illuminate\Database\El  
  oquent\Factories\Factory.php(318): Illuminate\Database\Eloquent\Factories\F  
  actory->make()                                                               
  #10 C:\opt\kotvrf\CatVRF\vendor\laravel\framework\src\Illuminate\Database\E  
  loquent\Factories\Factory.php(315): Illuminate\Database\Eloquent\Factories\  
  Factory->create()                                                            
  #11 C:\opt\kotvrf\CatVRF\tests\Feature\Cosmetics\CosmeticTest.php(61): Illu  
  minate\Database\Eloquent\Factories\Factory->create()                         
  #12 C:\opt\kotvrf\CatVRF\vendor\phpunit\phpunit\src\Framework\TestCase.php(  
  1667): Tests\Feature\Cosmetics\CosmeticTest->test_order_status_transitions(  
  )                                                                            
  #13 C:\opt\kotvrf\CatVRF\vendor\phpunit\phpunit\src\Framework\TestCase.php(  
  519): PHPUnit\Framework\TestCase->runTest()                                  
  #14 C:\opt\kotvrf\CatVRF\vendor\phpunit\phpunit\src\Framework\TestRunner\Te  
  stRunner.php(87): PHPUnit\Framework\TestCase->runBare()                      
  #15 C:\opt\kotvrf\CatVRF\vendor\phpunit\phpunit\src\Framework\TestCase.php(  
  365): PHPUnit\Framework\TestRunner->run()                                    
  #16 C:\opt\kotvrf\CatVRF\vendor\phpunit\phpunit\src\Framework\TestSuite.php  
  (369): PHPUnit\Framework\TestCase->run()                                     
  #17 C:\opt\kotvrf\CatVRF\vendor\phpunit\phpunit\src\Framework\TestSuite.php  
  (369): PHPUnit\Framework\TestSuite->run()                                    
  #18 C:\opt\kotvrf\CatVRF\vendor\phpunit\phpunit\src\TextUI\TestRunner.php(6  
  4): PHPUnit\Framework\TestSuite->run()                                       
  #19 C:\opt\kotvrf\CatVRF\vendor\phpunit\phpunit\src\TextUI\Application.php(  
  211): PHPUnit\TextUI\TestRunner->run()                                       
  #20 C:\opt\kotvrf\CatVRF\vendor\phpunit\phpunit\phpunit(104): PHPUnit\TextU  
  I\Application->run()                                                         
  #21 {main}                                                                   
                                                                               


In CosmeticOrder.php line 9:
                                                                               
  During class fetch: Uncaught ParseError: syntax error, unexpected token "tr  
  ait", expecting "abstract" or "final" or "readonly" or "class" in C:\opt\ko  
  tvrf\CatVRF\app\Traits\TenantScoped.php:7                                    
  Stack trace:                                                                 
  #0 C:\opt\kotvrf\CatVRF\vendor\composer\ClassLoader.php(427): Composer\Auto  
  load\{closure}()                                                             
  #1 C:\opt\kotvrf\CatVRF\app\Domains\Cosmetics\Models\CosmeticOrder.php(9):   
  Composer\Autoload\ClassLoader->loadClass()                                   
  #2 C:\opt\kotvrf\CatVRF\vendor\composer\ClassLoader.php(576): include('...'  
  )                                                                            
  #3 C:\opt\kotvrf\CatVRF\vendor\composer\ClassLoader.php(427): Composer\Auto  
  load\{closure}()                                                             
  #4 C:\opt\kotvrf\CatVRF\vendor\laravel\framework\src\Illuminate\Database\El  
  oquent\Factories\Factory.php(928): Composer\Autoload\ClassLoader->loadClass  
  ()                                                                           
  #5 C:\opt\kotvrf\CatVRF\vendor\laravel\framework\src\Illuminate\Database\El  
  oquent\Factories\Factory.php(513): Illuminate\Database\Eloquent\Factories\F  
  actory->newModel()                                                           
  #6 C:\opt\kotvrf\CatVRF\vendor\laravel\framework\src\Illuminate\Database\El  
  oquent\Concerns\GuardsAttributes.php(157): Illuminate\Database\Eloquent\Fac  
  tories\Factory->Illuminate\Database\Eloquent\Factories\{closure}()           
  #7 C:\opt\kotvrf\CatVRF\vendor\laravel\framework\src\Illuminate\Database\El  
  oquent\Factories\Factory.php(512): Illuminate\Database\Eloquent\Model::ungu  
  arded()                                                                      
  #8 C:\opt\kotvrf\CatVRF\vendor\laravel\framework\src\Illuminate\Database\El  
  oquent\Factories\Factory.php(429): Illuminate\Database\Eloquent\Factories\F  
  actory->makeInstance()                                                       
  #9 C:\opt\kotvrf\CatVRF\vendor\laravel\framework\src\Illuminate\Database\El  
  oquent\Factories\Factory.php(318): Illuminate\Database\Eloquent\Factories\F  
  actory->make()                                                               
  #10 C:\opt\kotvrf\CatVRF\vendor\laravel\framework\src\Illuminate\Database\E  
  loquent\Factories\Factory.php(315): Illuminate\Database\Eloquent\Factories\  
  Factory->create()                                                            
  #11 C:\opt\kotvrf\CatVRF\tests\Feature\Cosmetics\CosmeticTest.php(61): Illu  
  minate\Database\Eloquent\Factories\Factory->create()                         
  #12 C:\opt\kotvrf\CatVRF\vendor\phpunit\phpunit\src\Framework\TestCase.php(  
  1667): Tests\Feature\Cosmetics\CosmeticTest->test_order_status_transitions(  
  )                                                                            
  #13 C:\opt\kotvrf\CatVRF\vendor\phpunit\phpunit\src\Framework\TestCase.php(  
  519): PHPUnit\Framework\TestCase->runTest()                                  
  #14 C:\opt\kotvrf\CatVRF\vendor\phpunit\phpunit\src\Framework\TestRunner\Te  
  stRunner.php(87): PHPUnit\Framework\TestCase->runBare()                      
  #15 C:\opt\kotvrf\CatVRF\vendor\phpunit\phpunit\src\Framework\TestCase.php(  
  365): PHPUnit\Framework\TestRunner->run()                                    
  #16 C:\opt\kotvrf\CatVRF\vendor\phpunit\phpunit\src\Framework\TestSuite.php  
  (369): PHPUnit\Framework\TestCase->run()                                     
  #17 C:\opt\kotvrf\CatVRF\vendor\phpunit\phpunit\src\Framework\TestSuite.php  
  (369): PHPUnit\Framework\TestSuite->run()                                    
  #18 C:\opt\kotvrf\CatVRF\vendor\phpunit\phpunit\src\TextUI\TestRunner.php(6  
  4): PHPUnit\Framework\TestSuite->run()                                       
  #19 C:\opt\kotvrf\CatVRF\vendor\phpunit\phpunit\src\TextUI\Application.php(  
  211): PHPUnit\TextUI\TestRunner->run()                                       
  #20 C:\opt\kotvrf\CatVRF\vendor\phpunit\phpunit\phpunit(104): PHPUnit\TextU  
  I\Application->run()                                                         
  #21 {main}                                                                   
                                                                               


In CosmeticOrder.php line 9:
                                                                               
  During class fetch: Uncaught ParseError: syntax error, unexpected token "tr  
  ait", expecting "abstract" or "final" or "readonly" or "class" in C:\opt\ko  
  tvrf\CatVRF\app\Traits\TenantScoped.php:7                                    
  Stack trace:                                                                 
  #0 C:\opt\kotvrf\CatVRF\vendor\composer\ClassLoader.php(427): Composer\Auto  
  load\{closure}()                                                             
  #1 C:\opt\kotvrf\CatVRF\app\Domains\Cosmetics\Models\CosmeticOrder.php(9):   
  Composer\Autoload\ClassLoader->loadClass()                                   
  #2 C:\opt\kotvrf\CatVRF\vendor\composer\ClassLoader.php(576): include('...'  
  )                                                                            
  #3 C:\opt\kotvrf\CatVRF\vendor\composer\ClassLoader.php(427): Composer\Auto  
  load\{closure}()                                                             
  #4 C:\opt\kotvrf\CatVRF\vendor\laravel\framework\src\Illuminate\Database\El  
  oquent\Factories\Factory.php(928): Composer\Autoload\ClassLoader->loadClass  
  ()                                                                           
  #5 C:\opt\kotvrf\CatVRF\vendor\laravel\framework\src\Illuminate\Database\El  
  oquent\Factories\Factory.php(513): Illuminate\Database\Eloquent\Factories\F  
  actory->newModel()                                                           
  #6 C:\opt\kotvrf\CatVRF\vendor\laravel\framework\src\Illuminate\Database\El  
  oquent\Concerns\GuardsAttributes.php(157): Illuminate\Database\Eloquent\Fac  
  tories\Factory->Illuminate\Database\Eloquent\Factories\{closure}()           
  #7 C:\opt\kotvrf\CatVRF\vendor\laravel\framework\src\Illuminate\Database\El  
  oquent\Factories\Factory.php(512): Illuminate\Database\Eloquent\Model::ungu  
  arded()                                                                      
  #8 C:\opt\kotvrf\CatVRF\vendor\laravel\framework\src\Illuminate\Database\El  
  oquent\Factories\Factory.php(429): Illuminate\Database\Eloquent\Factories\F  
  actory->makeInstance()                                                       
  #9 C:\opt\kotvrf\CatVRF\vendor\laravel\framework\src\Illuminate\Database\El  
  oquent\Factories\Factory.php(318): Illuminate\Database\Eloquent\Factories\F  
  actory->make()                                                               
  #10 C:\opt\kotvrf\CatVRF\vendor\laravel\framework\src\Illuminate\Database\E  
  loquent\Factories\Factory.php(315): Illuminate\Database\Eloquent\Factories\  
  Factory->create()                                                            
  #11 C:\opt\kotvrf\CatVRF\tests\Feature\Cosmetics\CosmeticTest.php(61): Illu  
  minate\Database\Eloquent\Factories\Factory->create()                         
  #12 C:\opt\kotvrf\CatVRF\vendor\phpunit\phpunit\src\Framework\TestCase.php(  
  1667): Tests\Feature\Cosmetics\CosmeticTest->test_order_status_transitions(  
  )                                                                            
  #13 C:\opt\kotvrf\CatVRF\vendor\phpunit\phpunit\src\Framework\TestCase.php(  
  519): PHPUnit\Framework\TestCase->runTest()                                  
  #14 C:\opt\kotvrf\CatVRF\vendor\phpunit\phpunit\src\Framework\TestRunner\Te  
  stRunner.php(87): PHPUnit\Framework\TestCase->runBare()                      
  #15 C:\opt\kotvrf\CatVRF\vendor\phpunit\phpunit\src\Framework\TestCase.php(  
  365): PHPUnit\Framework\TestRunner->run()                                    
  #16 C:\opt\kotvrf\CatVRF\vendor\phpunit\phpunit\src\Framework\TestSuite.php  
  (369): PHPUnit\Framework\TestCase->run()                                     
  #17 C:\opt\kotvrf\CatVRF\vendor\phpunit\phpunit\src\Framework\TestSuite.php  
  (369): PHPUnit\Framework\TestSuite->run()                                    
  #18 C:\opt\kotvrf\CatVRF\vendor\phpunit\phpunit\src\TextUI\TestRunner.php(6  
  4): PHPUnit\Framework\TestSuite->run()                                       
  #19 C:\opt\kotvrf\CatVRF\vendor\phpunit\phpunit\src\TextUI\Application.php(  
  211): PHPUnit\TextUI\TestRunner->run()                                       
  #20 C:\opt\kotvrf\CatVRF\vendor\phpunit\phpunit\phpunit(104): PHPUnit\TextU  
  I\Application->run()                                                         
  #21 {main}                                                                   
                                                                               


In CosmeticOrder.php line 9:
                                                                               
  During class fetch: Uncaught ParseError: syntax error, unexpected token "tr  
  ait", expecting "abstract" or "final" or "readonly" or "class" in C:\opt\ko  
  tvrf\CatVRF\app\Traits\TenantScoped.php:7                                    
  Stack trace:                                                                 
  #0 C:\opt\kotvrf\CatVRF\vendor\composer\ClassLoader.php(427): Composer\Auto  
  load\{closure}()                                                             
  #1 C:\opt\kotvrf\CatVRF\app\Domains\Cosmetics\Models\CosmeticOrder.php(9):   
  Composer\Autoload\ClassLoader->loadClass()                                   
  #2 C:\opt\kotvrf\CatVRF\vendor\composer\ClassLoader.php(576): include('...'  
  )                                                                            
  #3 C:\opt\kotvrf\CatVRF\vendor\composer\ClassLoader.php(427): Composer\Auto  
  load\{closure}()                                                             
  #4 C:\opt\kotvrf\CatVRF\vendor\laravel\framework\src\Illuminate\Database\El  
  oquent\Factories\Factory.php(928): Composer\Autoload\ClassLoader->loadClass  
  ()                                                                           
  #5 C:\opt\kotvrf\CatVRF\vendor\laravel\framework\src\Illuminate\Database\El  
  oquent\Factories\Factory.php(513): Illuminate\Database\Eloquent\Factories\F  
  actory->newModel()                                                           
  #6 C:\opt\kotvrf\CatVRF\vendor\laravel\framework\src\Illuminate\Database\El  
  oquent\Concerns\GuardsAttributes.php(157): Illuminate\Database\Eloquent\Fac  
  tories\Factory->Illuminate\Database\Eloquent\Factories\{closure}()           
  #7 C:\opt\kotvrf\CatVRF\vendor\laravel\framework\src\Illuminate\Database\El  
  oquent\Factories\Factory.php(512): Illuminate\Database\Eloquent\Model::ungu  
  arded()                                                                      
  #8 C:\opt\kotvrf\CatVRF\vendor\laravel\framework\src\Illuminate\Database\El  
  oquent\Factories\Factory.php(429): Illuminate\Database\Eloquent\Factories\F  
  actory->makeInstance()                                                       
  #9 C:\opt\kotvrf\CatVRF\vendor\laravel\framework\src\Illuminate\Database\El  
  oquent\Factories\Factory.php(318): Illuminate\Database\Eloquent\Factories\F  
  actory->make()                                                               
  #10 C:\opt\kotvrf\CatVRF\vendor\laravel\framework\src\Illuminate\Database\E  
  loquent\Factories\Factory.php(315): Illuminate\Database\Eloquent\Factories\  
  Factory->create()                                                            
  #11 C:\opt\kotvrf\CatVRF\tests\Feature\Cosmetics\CosmeticTest.php(61): Illu  
  minate\Database\Eloquent\Factories\Factory->create()                         
  #12 C:\opt\kotvrf\CatVRF\vendor\phpunit\phpunit\src\Framework\TestCase.php(  
  1667): Tests\Feature\Cosmetics\CosmeticTest->test_order_status_transitions(  
  )                                                                            
  #13 C:\opt\kotvrf\CatVRF\vendor\phpunit\phpunit\src\Framework\TestCase.php(  
  519): PHPUnit\Framework\TestCase->runTest()                                  
  #14 C:\opt\kotvrf\CatVRF\vendor\phpunit\phpunit\src\Framework\TestRunner\Te  
  stRunner.php(87): PHPUnit\Framework\TestCase->runBare()                      
  #15 C:\opt\kotvrf\CatVRF\vendor\phpunit\phpunit\src\Framework\TestCase.php(  
  365): PHPUnit\Framework\TestRunner->run()                                    
  #16 C:\opt\kotvrf\CatVRF\vendor\phpunit\phpunit\src\Framework\TestSuite.php  
  (369): PHPUnit\Framework\TestCase->run()                                     
  #17 C:\opt\kotvrf\CatVRF\vendor\phpunit\phpunit\src\Framework\TestSuite.php  
  (369): PHPUnit\Framework\TestSuite->run()                                    
  #18 C:\opt\kotvrf\CatVRF\vendor\phpunit\phpunit\src\TextUI\TestRunner.php(6  
  4): PHPUnit\Framework\TestSuite->run()                                       
  #19 C:\opt\kotvrf\CatVRF\vendor\phpunit\phpunit\src\TextUI\Application.php(  
  211): PHPUnit\TextUI\TestRunner->run()                                       
  #20 C:\opt\kotvrf\CatVRF\vendor\phpunit\phpunit\phpunit(104): PHPUnit\TextU  
  I\Application->run()                                                         
  #21 {main}                                                                   
                                                                               


In CosmeticOrder.php line 9:
                                                                               
  During class fetch: Uncaught ParseError: syntax error, unexpected token "tr  
  ait", expecting "abstract" or "final" or "readonly" or "class" in C:\opt\ko  
  tvrf\CatVRF\app\Traits\TenantScoped.php:7                                    
  Stack trace:                                                                 
  #0 C:\opt\kotvrf\CatVRF\vendor\composer\ClassLoader.php(427): Composer\Auto  
  load\{closure}()                                                             
  #1 C:\opt\kotvrf\CatVRF\app\Domains\Cosmetics\Models\CosmeticOrder.php(9):   
  Composer\Autoload\ClassLoader->loadClass()                                   
  #2 C:\opt\kotvrf\CatVRF\vendor\composer\ClassLoader.php(576): include('...'  
  )                                                                            
  #3 C:\opt\kotvrf\CatVRF\vendor\composer\ClassLoader.php(427): Composer\Auto  
  load\{closure}()                                                             
  #4 C:\opt\kotvrf\CatVRF\vendor\laravel\framework\src\Illuminate\Database\El  
  oquent\Factories\Factory.php(928): Composer\Autoload\ClassLoader->loadClass  
  ()                                                                           
  #5 C:\opt\kotvrf\CatVRF\vendor\laravel\framework\src\Illuminate\Database\El  
  oquent\Factories\Factory.php(513): Illuminate\Database\Eloquent\Factories\F  
  actory->newModel()                                                           
  #6 C:\opt\kotvrf\CatVRF\vendor\laravel\framework\src\Illuminate\Database\El  
  oquent\Concerns\GuardsAttributes.php(157): Illuminate\Database\Eloquent\Fac  
  tories\Factory->Illuminate\Database\Eloquent\Factories\{closure}()           
  #7 C:\opt\kotvrf\CatVRF\vendor\laravel\framework\src\Illuminate\Database\El  
  oquent\Factories\Factory.php(512): Illuminate\Database\Eloquent\Model::ungu  
  arded()                                                                      
  #8 C:\opt\kotvrf\CatVRF\vendor\laravel\framework\src\Illuminate\Database\El  
  oquent\Factories\Factory.php(429): Illuminate\Database\Eloquent\Factories\F  
  actory->makeInstance()                                                       
  #9 C:\opt\kotvrf\CatVRF\vendor\laravel\framework\src\Illuminate\Database\El  
  oquent\Factories\Factory.php(318): Illuminate\Database\Eloquent\Factories\F  
  actory->make()                                                               
  #10 C:\opt\kotvrf\CatVRF\vendor\laravel\framework\src\Illuminate\Database\E  
  loquent\Factories\Factory.php(315): Illuminate\Database\Eloquent\Factories\  
  Factory->create()                                                            
  #11 C:\opt\kotvrf\CatVRF\tests\Feature\Cosmetics\CosmeticTest.php(61): Illu  
  minate\Database\Eloquent\Factories\Factory->create()                         
  #12 C:\opt\kotvrf\CatVRF\vendor\phpunit\phpunit\src\Framework\TestCase.php(  
  1667): Tests\Feature\Cosmetics\CosmeticTest->test_order_status_transitions(  
  )                                                                            
  #13 C:\opt\kotvrf\CatVRF\vendor\phpunit\phpunit\src\Framework\TestCase.php(  
  519): PHPUnit\Framework\TestCase->runTest()                                  
  #14 C:\opt\kotvrf\CatVRF\vendor\phpunit\phpunit\src\Framework\TestRunner\Te  
  stRunner.php(87): PHPUnit\Framework\TestCase->runBare()                      
  #15 C:\opt\kotvrf\CatVRF\vendor\phpunit\phpunit\src\Framework\TestCase.php(  
  365): PHPUnit\Framework\TestRunner->run()                                    
  #16 C:\opt\kotvrf\CatVRF\vendor\phpunit\phpunit\src\Framework\TestSuite.php  
  (369): PHPUnit\Framework\TestCase->run()                                     
  #17 C:\opt\kotvrf\CatVRF\vendor\phpunit\phpunit\src\Framework\TestSuite.php  
  (369): PHPUnit\Framework\TestSuite->run()                                    
  #18 C:\opt\kotvrf\CatVRF\vendor\phpunit\phpunit\src\TextUI\TestRunner.php(6  
  4): PHPUnit\Framework\TestSuite->run()                                       
  #19 C:\opt\kotvrf\CatVRF\vendor\phpunit\phpunit\src\TextUI\Application.php(  
  211): PHPUnit\TextUI\TestRunner->run()                                       
  #20 C:\opt\kotvrf\CatVRF\vendor\phpunit\phpunit\phpunit(104): PHPUnit\TextU  
  I\Application->run()                                                         
  #21 {main}                                                                   
                                                                               


In CosmeticOrder.php line 9:
                                                                               
  During class fetch: Uncaught ParseError: syntax error, unexpected token "tr  
  ait", expecting "abstract" or "final" or "readonly" or "class" in C:\opt\ko  
  tvrf\CatVRF\app\Traits\TenantScoped.php:7                                    
  Stack trace:                                                                 
  #0 C:\opt\kotvrf\CatVRF\vendor\composer\ClassLoader.php(427): Composer\Auto  
  load\{closure}()                                                             
  #1 C:\opt\kotvrf\CatVRF\app\Domains\Cosmetics\Models\CosmeticOrder.php(9):   
  Composer\Autoload\ClassLoader->loadClass()                                   
  #2 C:\opt\kotvrf\CatVRF\vendor\composer\ClassLoader.php(576): include('...'  
  )                                                                            
  #3 C:\opt\kotvrf\CatVRF\vendor\composer\ClassLoader.php(427): Composer\Auto  
  load\{closure}()                                                             
  #4 C:\opt\kotvrf\CatVRF\vendor\laravel\framework\src\Illuminate\Database\El  
  oquent\Factories\Factory.php(928): Composer\Autoload\ClassLoader->loadClass  
  ()                                                                           
  #5 C:\opt\kotvrf\CatVRF\vendor\laravel\framework\src\Illuminate\Database\El  
  oquent\Factories\Factory.php(513): Illuminate\Database\Eloquent\Factories\F  
  actory->newModel()                                                           
  #6 C:\opt\kotvrf\CatVRF\vendor\laravel\framework\src\Illuminate\Database\El  
  oquent\Concerns\GuardsAttributes.php(157): Illuminate\Database\Eloquent\Fac  
  tories\Factory->Illuminate\Database\Eloquent\Factories\{closure}()           
  #7 C:\opt\kotvrf\CatVRF\vendor\laravel\framework\src\Illuminate\Database\El  
  oquent\Factories\Factory.php(512): Illuminate\Database\Eloquent\Model::ungu  
  arded()                                                                      
  #8 C:\opt\kotvrf\CatVRF\vendor\laravel\framework\src\Illuminate\Database\El  
  oquent\Factories\Factory.php(429): Illuminate\Database\Eloquent\Factories\F  
  actory->makeInstance()                                                       
  #9 C:\opt\kotvrf\CatVRF\vendor\laravel\framework\src\Illuminate\Database\El  
  oquent\Factories\Factory.php(318): Illuminate\Database\Eloquent\Factories\F  
  actory->make()                                                               
  #10 C:\opt\kotvrf\CatVRF\vendor\laravel\framework\src\Illuminate\Database\E  
  loquent\Factories\Factory.php(315): Illuminate\Database\Eloquent\Factories\  
  Factory->create()                                                            
  #11 C:\opt\kotvrf\CatVRF\tests\Feature\Cosmetics\CosmeticTest.php(61): Illu  
  minate\Database\Eloquent\Factories\Factory->create()                         
  #12 C:\opt\kotvrf\CatVRF\vendor\phpunit\phpunit\src\Framework\TestCase.php(  
  1667): Tests\Feature\Cosmetics\CosmeticTest->test_order_status_transitions(  
  )                                                                            
  #13 C:\opt\kotvrf\CatVRF\vendor\phpunit\phpunit\src\Framework\TestCase.php(  
  519): PHPUnit\Framework\TestCase->runTest()                                  
  #14 C:\opt\kotvrf\CatVRF\vendor\phpunit\phpunit\src\Framework\TestRunner\Te  
  stRunner.php(87): PHPUnit\Framework\TestCase->runBare()                      
  #15 C:\opt\kotvrf\CatVRF\vendor\phpunit\phpunit\src\Framework\TestCase.php(  
  365): PHPUnit\Framework\TestRunner->run()                                    
  #16 C:\opt\kotvrf\CatVRF\vendor\phpunit\phpunit\src\Framework\TestSuite.php  
  (369): PHPUnit\Framework\TestCase->run()                                     
  #17 C:\opt\kotvrf\CatVRF\vendor\phpunit\phpunit\src\Framework\TestSuite.php  
  (369): PHPUnit\Framework\TestSuite->run()                                    
  #18 C:\opt\kotvrf\CatVRF\vendor\phpunit\phpunit\src\TextUI\TestRunner.php(6  
  4): PHPUnit\Framework\TestSuite->run()                                       
  #19 C:\opt\kotvrf\CatVRF\vendor\phpunit\phpunit\src\TextUI\Application.php(  
  211): PHPUnit\TextUI\TestRunner->run()                                       
  #20 C:\opt\kotvrf\CatVRF\vendor\phpunit\phpunit\phpunit(104): PHPUnit\TextU  
  I\Application->run()                                                         
  #21 {main}                                                                   
                                                                               


In CosmeticOrder.php line 9:
                                                                               
  During class fetch: Uncaught ParseError: syntax error, unexpected token "tr  
  ait", expecting "abstract" or "final" or "readonly" or "class" in C:\opt\ko  
  tvrf\CatVRF\app\Traits\TenantScoped.php:7                                    
  Stack trace:                                                                 
  #0 C:\opt\kotvrf\CatVRF\vendor\composer\ClassLoader.php(427): Composer\Auto  
  load\{closure}()                                                             
  #1 C:\opt\kotvrf\CatVRF\app\Domains\Cosmetics\Models\CosmeticOrder.php(9):   
  Composer\Autoload\ClassLoader->loadClass()                                   
  #2 C:\opt\kotvrf\CatVRF\vendor\composer\ClassLoader.php(576): include('...'  
  )                                                                            
  #3 C:\opt\kotvrf\CatVRF\vendor\composer\ClassLoader.php(427): Composer\Auto  
  load\{closure}()                                                             
  #4 C:\opt\kotvrf\CatVRF\vendor\laravel\framework\src\Illuminate\Database\El  
  oquent\Factories\Factory.php(928): Composer\Autoload\ClassLoader->loadClass  
  ()                                                                           
  #5 C:\opt\kotvrf\CatVRF\vendor\laravel\framework\src\Illuminate\Database\El  
  oquent\Factories\Factory.php(513): Illuminate\Database\Eloquent\Factories\F  
  actory->newModel()                                                           
  #6 C:\opt\kotvrf\CatVRF\vendor\laravel\framework\src\Illuminate\Database\El  
  oquent\Concerns\GuardsAttributes.php(157): Illuminate\Database\Eloquent\Fac  
  tories\Factory->Illuminate\Database\Eloquent\Factories\{closure}()           
  #7 C:\opt\kotvrf\CatVRF\vendor\laravel\framework\src\Illuminate\Database\El  
  oquent\Factories\Factory.php(512): Illuminate\Database\Eloquent\Model::ungu  
  arded()                                                                      
  #8 C:\opt\kotvrf\CatVRF\vendor\laravel\framework\src\Illuminate\Database\El  
  oquent\Factories\Factory.php(429): Illuminate\Database\Eloquent\Factories\F  
  actory->makeInstance()                                                       
  #9 C:\opt\kotvrf\CatVRF\vendor\laravel\framework\src\Illuminate\Database\El  
  oquent\Factories\Factory.php(318): Illuminate\Database\Eloquent\Factories\F  
  actory->make()                                                               
  #10 C:\opt\kotvrf\CatVRF\vendor\laravel\framework\src\Illuminate\Database\E  
  loquent\Factories\Factory.php(315): Illuminate\Database\Eloquent\Factories\  
  Factory->create()                                                            
  #11 C:\opt\kotvrf\CatVRF\tests\Feature\Cosmetics\CosmeticTest.php(61): Illu  
  minate\Database\Eloquent\Factories\Factory->create()                         
  #12 C:\opt\kotvrf\CatVRF\vendor\phpunit\phpunit\src\Framework\TestCase.php(  
  1667): Tests\Feature\Cosmetics\CosmeticTest->test_order_status_transitions(  
  )                                                                            
  #13 C:\opt\kotvrf\CatVRF\vendor\phpunit\phpunit\src\Framework\TestCase.php(  
  519): PHPUnit\Framework\TestCase->runTest()                                  
  #14 C:\opt\kotvrf\CatVRF\vendor\phpunit\phpunit\src\Framework\TestRunner\Te  
  stRunner.php(87): PHPUnit\Framework\TestCase->runBare()                      
  #15 C:\opt\kotvrf\CatVRF\vendor\phpunit\phpunit\src\Framework\TestCase.php(  
  365): PHPUnit\Framework\TestRunner->run()                                    
  #16 C:\opt\kotvrf\CatVRF\vendor\phpunit\phpunit\src\Framework\TestSuite.php  
  (369): PHPUnit\Framework\TestCase->run()                                     
  #17 C:\opt\kotvrf\CatVRF\vendor\phpunit\phpunit\src\Framework\TestSuite.php  
  (369): PHPUnit\Framework\TestSuite->run()                                    
  #18 C:\opt\kotvrf\CatVRF\vendor\phpunit\phpunit\src\TextUI\TestRunner.php(6  
  4): PHPUnit\Framework\TestSuite->run()                                       
  #19 C:\opt\kotvrf\CatVRF\vendor\phpunit\phpunit\src\TextUI\Application.php(  
  211): PHPUnit\TextUI\TestRunner->run()                                       
  #20 C:\opt\kotvrf\CatVRF\vendor\phpunit\phpunit\phpunit(104): PHPUnit\TextU  
  I\Application->run()                                                         
  #21 {main}                                                                   
                                                                               


In CosmeticOrder.php line 9:
                                                                               
  During class fetch: Uncaught ParseError: syntax error, unexpected token "tr  
  ait", expecting "abstract" or "final" or "readonly" or "class" in C:\opt\ko  
  tvrf\CatVRF\app\Traits\TenantScoped.php:7                                    
  Stack trace:                                                                 
  #0 C:\opt\kotvrf\CatVRF\vendor\composer\ClassLoader.php(427): Composer\Auto  
  load\{closure}()                                                             
  #1 C:\opt\kotvrf\CatVRF\app\Domains\Cosmetics\Models\CosmeticOrder.php(9):   
  Composer\Autoload\ClassLoader->loadClass()                                   
  #2 C:\opt\kotvrf\CatVRF\vendor\composer\ClassLoader.php(576): include('...'  
  )                                                                            
  #3 C:\opt\kotvrf\CatVRF\vendor\composer\ClassLoader.php(427): Composer\Auto  
  load\{closure}()                                                             
  #4 C:\opt\kotvrf\CatVRF\vendor\laravel\framework\src\Illuminate\Database\El  
  oquent\Factories\Factory.php(928): Composer\Autoload\ClassLoader->loadClass  
  ()                                                                           
  #5 C:\opt\kotvrf\CatVRF\vendor\laravel\framework\src\Illuminate\Database\El  
  oquent\Factories\Factory.php(513): Illuminate\Database\Eloquent\Factories\F  
  actory->newModel()                                                           
  #6 C:\opt\kotvrf\CatVRF\vendor\laravel\framework\src\Illuminate\Database\El  
  oquent\Concerns\GuardsAttributes.php(157): Illuminate\Database\Eloquent\Fac  
  tories\Factory->Illuminate\Database\Eloquent\Factories\{closure}()           
  #7 C:\opt\kotvrf\CatVRF\vendor\laravel\framework\src\Illuminate\Database\El  
  oquent\Factories\Factory.php(512): Illuminate\Database\Eloquent\Model::ungu  
  arded()                                                                      
  #8 C:\opt\kotvrf\CatVRF\vendor\laravel\framework\src\Illuminate\Database\El  
  oquent\Factories\Factory.php(429): Illuminate\Database\Eloquent\Factories\F  
  actory->makeInstance()                                                       
  #9 C:\opt\kotvrf\CatVRF\vendor\laravel\framework\src\Illuminate\Database\El  
  oquent\Factories\Factory.php(318): Illuminate\Database\Eloquent\Factories\F  
  actory->make()                                                               
  #10 C:\opt\kotvrf\CatVRF\vendor\laravel\framework\src\Illuminate\Database\E  
  loquent\Factories\Factory.php(315): Illuminate\Database\Eloquent\Factories\  
  Factory->create()                                                            
  #11 C:\opt\kotvrf\CatVRF\tests\Feature\Cosmetics\CosmeticTest.php(61): Illu  
  minate\Database\Eloquent\Factories\Factory->create()                         
  #12 C:\opt\kotvrf\CatVRF\vendor\phpunit\phpunit\src\Framework\TestCase.php(  
  1667): Tests\Feature\Cosmetics\CosmeticTest->test_order_status_transitions(  
  )                                                                            
  #13 C:\opt\kotvrf\CatVRF\vendor\phpunit\phpunit\src\Framework\TestCase.php(  
  519): PHPUnit\Framework\TestCase->runTest()                                  
  #14 C:\opt\kotvrf\CatVRF\vendor\phpunit\phpunit\src\Framework\TestRunner\Te  
  stRunner.php(87): PHPUnit\Framework\TestCase->runBare()                      
  #15 C:\opt\kotvrf\CatVRF\vendor\phpunit\phpunit\src\Framework\TestCase.php(  
  365): PHPUnit\Framework\TestRunner->run()                                    
  #16 C:\opt\kotvrf\CatVRF\vendor\phpunit\phpunit\src\Framework\TestSuite.php  
  (369): PHPUnit\Framework\TestCase->run()                                     
  #17 C:\opt\kotvrf\CatVRF\vendor\phpunit\phpunit\src\Framework\TestSuite.php  
  (369): PHPUnit\Framework\TestSuite->run()                                    
  #18 C:\opt\kotvrf\CatVRF\vendor\phpunit\phpunit\src\TextUI\TestRunner.php(6  
  4): PHPUnit\Framework\TestSuite->run()                                       
  #19 C:\opt\kotvrf\CatVRF\vendor\phpunit\phpunit\src\TextUI\Application.php(  
  211): PHPUnit\TextUI\TestRunner->run()                                       
  #20 C:\opt\kotvrf\CatVRF\vendor\phpunit\phpunit\phpunit(104): PHPUnit\TextU  
  I\Application->run()                                                         
  #21 {main}                                                                   
                                                                               


In CosmeticOrder.php line 9:
                                                                               
  During class fetch: Uncaught ParseError: syntax error, unexpected token "tr  
  ait", expecting "abstract" or "final" or "readonly" or "class" in C:\opt\ko  
  tvrf\CatVRF\app\Traits\TenantScoped.php:7                                    
  Stack trace:                                                                 
  #0 C:\opt\kotvrf\CatVRF\vendor\composer\ClassLoader.php(427): Composer\Auto  
  load\{closure}()                                                             
  #1 C:\opt\kotvrf\CatVRF\app\Domains\Cosmetics\Models\CosmeticOrder.php(9):   
  Composer\Autoload\ClassLoader->loadClass()                                   
  #2 C:\opt\kotvrf\CatVRF\vendor\composer\ClassLoader.php(576): include('...'  
  )                                                                            
  #3 C:\opt\kotvrf\CatVRF\vendor\composer\ClassLoader.php(427): Composer\Auto  
  load\{closure}()                                                             
  #4 C:\opt\kotvrf\CatVRF\vendor\laravel\framework\src\Illuminate\Database\El  
  oquent\Factories\Factory.php(928): Composer\Autoload\ClassLoader->loadClass  
  ()                                                                           
  #5 C:\opt\kotvrf\CatVRF\vendor\laravel\framework\src\Illuminate\Database\El  
  oquent\Factories\Factory.php(513): Illuminate\Database\Eloquent\Factories\F  
  actory->newModel()                                                           
  #6 C:\opt\kotvrf\CatVRF\vendor\laravel\framework\src\Illuminate\Database\El  
  oquent\Concerns\GuardsAttributes.php(157): Illuminate\Database\Eloquent\Fac  
  tories\Factory->Illuminate\Database\Eloquent\Factories\{closure}()           
  #7 C:\opt\kotvrf\CatVRF\vendor\laravel\framework\src\Illuminate\Database\El  
  oquent\Factories\Factory.php(512): Illuminate\Database\Eloquent\Model::ungu  
  arded()                                                                      
  #8 C:\opt\kotvrf\CatVRF\vendor\laravel\framework\src\Illuminate\Database\El  
  oquent\Factories\Factory.php(429): Illuminate\Database\Eloquent\Factories\F  
  actory->makeInstance()                                                       
  #9 C:\opt\kotvrf\CatVRF\vendor\laravel\framework\src\Illuminate\Database\El  
  oquent\Factories\Factory.php(318): Illuminate\Database\Eloquent\Factories\F  
  actory->make()                                                               
  #10 C:\opt\kotvrf\CatVRF\vendor\laravel\framework\src\Illuminate\Database\E  
  loquent\Factories\Factory.php(315): Illuminate\Database\Eloquent\Factories\  
  Factory->create()                                                            
  #11 C:\opt\kotvrf\CatVRF\tests\Feature\Cosmetics\CosmeticTest.php(61): Illu  
  minate\Database\Eloquent\Factories\Factory->create()                         
  #12 C:\opt\kotvrf\CatVRF\vendor\phpunit\phpunit\src\Framework\TestCase.php(  
  1667): Tests\Feature\Cosmetics\CosmeticTest->test_order_status_transitions(  
  )                                                                            
  #13 C:\opt\kotvrf\CatVRF\vendor\phpunit\phpunit\src\Framework\TestCase.php(  
  519): PHPUnit\Framework\TestCase->runTest()                                  
  #14 C:\opt\kotvrf\CatVRF\vendor\phpunit\phpunit\src\Framework\TestRunner\Te  
  stRunner.php(87): PHPUnit\Framework\TestCase->runBare()                      
  #15 C:\opt\kotvrf\CatVRF\vendor\phpunit\phpunit\src\Framework\TestCase.php(  
  365): PHPUnit\Framework\TestRunner->run()                                    
  #16 C:\opt\kotvrf\CatVRF\vendor\phpunit\phpunit\src\Framework\TestSuite.php  
  (369): PHPUnit\Framework\TestCase->run()                                     
  #17 C:\opt\kotvrf\CatVRF\vendor\phpunit\phpunit\src\Framework\TestSuite.php  
  (369): PHPUnit\Framework\TestSuite->run()                                    
  #18 C:\opt\kotvrf\CatVRF\vendor\phpunit\phpunit\src\TextUI\TestRunner.php(6  
  4): PHPUnit\Framework\TestSuite->run()                                       
  #19 C:\opt\kotvrf\CatVRF\vendor\phpunit\phpunit\src\TextUI\Application.php(  
  211): PHPUnit\TextUI\TestRunner->run()                                       
  #20 C:\opt\kotvrf\CatVRF\vendor\phpunit\phpunit\phpunit(104): PHPUnit\TextU  
  I\Application->run()                                                         
  #21 {main}                                                                   
                                                                               


In CosmeticOrder.php line 9:
                                                                               
  During class fetch: Uncaught ParseError: syntax error, unexpected token "tr  
  ait", expecting "abstract" or "final" or "readonly" or "class" in C:\opt\ko  
  tvrf\CatVRF\app\Traits\TenantScoped.php:7                                    
  Stack trace:                                                                 
  #0 C:\opt\kotvrf\CatVRF\vendor\composer\ClassLoader.php(427): Composer\Auto  
  load\{closure}()                                                             
  #1 C:\opt\kotvrf\CatVRF\app\Domains\Cosmetics\Models\CosmeticOrder.php(9):   
  Composer\Autoload\ClassLoader->loadClass()                                   
  #2 C:\opt\kotvrf\CatVRF\vendor\composer\ClassLoader.php(576): include('...'  
  )                                                                            
  #3 C:\opt\kotvrf\CatVRF\vendor\composer\ClassLoader.php(427): Composer\Auto  
  load\{closure}()                                                             
  #4 C:\opt\kotvrf\CatVRF\vendor\laravel\framework\src\Illuminate\Database\El  
  oquent\Factories\Factory.php(928): Composer\Autoload\ClassLoader->loadClass  
  ()                                                                           
  #5 C:\opt\kotvrf\CatVRF\vendor\laravel\framework\src\Illuminate\Database\El  
  oquent\Factories\Factory.php(513): Illuminate\Database\Eloquent\Factories\F  
  actory->newModel()                                                           
  #6 C:\opt\kotvrf\CatVRF\vendor\laravel\framework\src\Illuminate\Database\El  
  oquent\Concerns\GuardsAttributes.php(157): Illuminate\Database\Eloquent\Fac  
  tories\Factory->Illuminate\Database\Eloquent\Factories\{closure}()           
  #7 C:\opt\kotvrf\CatVRF\vendor\laravel\framework\src\Illuminate\Database\El  
  oquent\Factories\Factory.php(512): Illuminate\Database\Eloquent\Model::ungu  
  arded()                                                                      
  #8 C:\opt\kotvrf\CatVRF\vendor\laravel\framework\src\Illuminate\Database\El  
  oquent\Factories\Factory.php(429): Illuminate\Database\Eloquent\Factories\F  
  actory->makeInstance()                                                       
  #9 C:\opt\kotvrf\CatVRF\vendor\laravel\framework\src\Illuminate\Database\El  
  oquent\Factories\Factory.php(318): Illuminate\Database\Eloquent\Factories\F  
  actory->make()                                                               
  #10 C:\opt\kotvrf\CatVRF\vendor\laravel\framework\src\Illuminate\Database\E  
  loquent\Factories\Factory.php(315): Illuminate\Database\Eloquent\Factories\  
  Factory->create()                                                            
  #11 C:\opt\kotvrf\CatVRF\tests\Feature\Cosmetics\CosmeticTest.php(61): Illu  
  minate\Database\Eloquent\Factories\Factory->create()                         
  #12 C:\opt\kotvrf\CatVRF\vendor\phpunit\phpunit\src\Framework\TestCase.php(  
  1667): Tests\Feature\Cosmetics\CosmeticTest->test_order_status_transitions(  
  )                                                                            
  #13 C:\opt\kotvrf\CatVRF\vendor\phpunit\phpunit\src\Framework\TestCase.php(  
  519): PHPUnit\Framework\TestCase->runTest()                                  
  #14 C:\opt\kotvrf\CatVRF\vendor\phpunit\phpunit\src\Framework\TestRunner\Te  
  stRunner.php(87): PHPUnit\Framework\TestCase->runBare()                      
  #15 C:\opt\kotvrf\CatVRF\vendor\phpunit\phpunit\src\Framework\TestCase.php(  
  365): PHPUnit\Framework\TestRunner->run()                                    
  #16 C:\opt\kotvrf\CatVRF\vendor\phpunit\phpunit\src\Framework\TestSuite.php  
  (369): PHPUnit\Framework\TestCase->run()                                     
  #17 C:\opt\kotvrf\CatVRF\vendor\phpunit\phpunit\src\Framework\TestSuite.php  
  (369): PHPUnit\Framework\TestSuite->run()                                    
  #18 C:\opt\kotvrf\CatVRF\vendor\phpunit\phpunit\src\TextUI\TestRunner.php(6  
  4): PHPUnit\Framework\TestSuite->run()                                       
  #19 C:\opt\kotvrf\CatVRF\vendor\phpunit\phpunit\src\TextUI\Application.php(  
  211): PHPUnit\TextUI\TestRunner->run()                                       
  #20 C:\opt\kotvrf\CatVRF\vendor\phpunit\phpunit\phpunit(104): PHPUnit\TextU  
  I\Application->run()                                                         
  #21 {main}                                                                   
                                                                               


In CosmeticOrder.php line 9:
                                                                               
  During class fetch: Uncaught ParseError: syntax error, unexpected token "tr  
  ait", expecting "abstract" or "final" or "readonly" or "class" in C:\opt\ko  
  tvrf\CatVRF\app\Traits\TenantScoped.php:7                                    
  Stack trace:                                                                 
  #0 C:\opt\kotvrf\CatVRF\vendor\composer\ClassLoader.php(427): Composer\Auto  
  load\{closure}()                                                             
  #1 C:\opt\kotvrf\CatVRF\app\Domains\Cosmetics\Models\CosmeticOrder.php(9):   
  Composer\Autoload\ClassLoader->loadClass()                                   
  #2 C:\opt\kotvrf\CatVRF\vendor\composer\ClassLoader.php(576): include('...'  
  )                                                                            
  #3 C:\opt\kotvrf\CatVRF\vendor\composer\ClassLoader.php(427): Composer\Auto  
  load\{closure}()                                                             
  #4 C:\opt\kotvrf\CatVRF\vendor\laravel\framework\src\Illuminate\Database\El  
  oquent\Factories\Factory.php(928): Composer\Autoload\ClassLoader->loadClass  
  ()                                                                           
  #5 C:\opt\kotvrf\CatVRF\vendor\laravel\framework\src\Illuminate\Database\El  
  oquent\Factories\Factory.php(513): Illuminate\Database\Eloquent\Factories\F  
  actory->newModel()                                                           
  #6 C:\opt\kotvrf\CatVRF\vendor\laravel\framework\src\Illuminate\Database\El  
  oquent\Concerns\GuardsAttributes.php(157): Illuminate\Database\Eloquent\Fac  
  tories\Factory->Illuminate\Database\Eloquent\Factories\{closure}()           
  #7 C:\opt\kotvrf\CatVRF\vendor\laravel\framework\src\Illuminate\Database\El  
  oquent\Factories\Factory.php(512): Illuminate\Database\Eloquent\Model::ungu  
  arded()                                                                      
  #8 C:\opt\kotvrf\CatVRF\vendor\laravel\framework\src\Illuminate\Database\El  
  oquent\Factories\Factory.php(429): Illuminate\Database\Eloquent\Factories\F  
  actory->makeInstance()                                                       
  #9 C:\opt\kotvrf\CatVRF\vendor\laravel\framework\src\Illuminate\Database\El  
  oquent\Factories\Factory.php(318): Illuminate\Database\Eloquent\Factories\F  
  actory->make()                                                               
  #10 C:\opt\kotvrf\CatVRF\vendor\laravel\framework\src\Illuminate\Database\E  
  loquent\Factories\Factory.php(315): Illuminate\Database\Eloquent\Factories\  
  Factory->create()                                                            
  #11 C:\opt\kotvrf\CatVRF\tests\Feature\Cosmetics\CosmeticTest.php(61): Illu  
  minate\Database\Eloquent\Factories\Factory->create()                         
  #12 C:\opt\kotvrf\CatVRF\vendor\phpunit\phpunit\src\Framework\TestCase.php(  
  1667): Tests\Feature\Cosmetics\CosmeticTest->test_order_status_transitions(  
  )                                                                            
  #13 C:\opt\kotvrf\CatVRF\vendor\phpunit\phpunit\src\Framework\TestCase.php(  
  519): PHPUnit\Framework\TestCase->runTest()                                  
  #14 C:\opt\kotvrf\CatVRF\vendor\phpunit\phpunit\src\Framework\TestRunner\Te  
  stRunner.php(87): PHPUnit\Framework\TestCase->runBare()                      
  #15 C:\opt\kotvrf\CatVRF\vendor\phpunit\phpunit\src\Framework\TestCase.php(  
  365): PHPUnit\Framework\TestRunner->run()                                    
  #16 C:\opt\kotvrf\CatVRF\vendor\phpunit\phpunit\src\Framework\TestSuite.php  
  (369): PHPUnit\Framework\TestCase->run()                                     
  #17 C:\opt\kotvrf\CatVRF\vendor\phpunit\phpunit\src\Framework\TestSuite.php  
  (369): PHPUnit\Framework\TestSuite->run()                                    
  #18 C:\opt\kotvrf\CatVRF\vendor\phpunit\phpunit\src\TextUI\TestRunner.php(6  
  4): PHPUnit\Framework\TestSuite->run()                                       
  #19 C:\opt\kotvrf\CatVRF\vendor\phpunit\phpunit\src\TextUI\Application.php(  
  211): PHPUnit\TextUI\TestRunner->run()                                       
  #20 C:\opt\kotvrf\CatVRF\vendor\phpunit\phpunit\phpunit(104): PHPUnit\TextU  
  I\Application->run()                                                         
  #21 {main}                                                                   
                                                                               


In CosmeticOrder.php line 9:
                                                                               
  During class fetch: Uncaught ParseError: syntax error, unexpected token "tr  
  ait", expecting "abstract" or "final" or "readonly" or "class" in C:\opt\ko  
  tvrf\CatVRF\app\Traits\TenantScoped.php:7                                    
  Stack trace:                                                                 
  #0 C:\opt\kotvrf\CatVRF\vendor\composer\ClassLoader.php(427): Composer\Auto  
  load\{closure}()                                                             
  #1 C:\opt\kotvrf\CatVRF\app\Domains\Cosmetics\Models\CosmeticOrder.php(9):   
  Composer\Autoload\ClassLoader->loadClass()                                   
  #2 C:\opt\kotvrf\CatVRF\vendor\composer\ClassLoader.php(576): include('...'  
  )                                                                            
  #3 C:\opt\kotvrf\CatVRF\vendor\composer\ClassLoader.php(427): Composer\Auto  
  load\{closure}()                                                             
  #4 C:\opt\kotvrf\CatVRF\vendor\laravel\framework\src\Illuminate\Database\El  
  oquent\Factories\Factory.php(928): Composer\Autoload\ClassLoader->loadClass  
  ()                                                                           
  #5 C:\opt\kotvrf\CatVRF\vendor\laravel\framework\src\Illuminate\Database\El  
  oquent\Factories\Factory.php(513): Illuminate\Database\Eloquent\Factories\F  
  actory->newModel()                                                           
  #6 C:\opt\kotvrf\CatVRF\vendor\laravel\framework\src\Illuminate\Database\El  
  oquent\Concerns\GuardsAttributes.php(157): Illuminate\Database\Eloquent\Fac  
  tories\Factory->Illuminate\Database\Eloquent\Factories\{closure}()           
  #7 C:\opt\kotvrf\CatVRF\vendor\laravel\framework\src\Illuminate\Database\El  
  oquent\Factories\Factory.php(512): Illuminate\Database\Eloquent\Model::ungu  
  arded()                                                                      
  #8 C:\opt\kotvrf\CatVRF\vendor\laravel\framework\src\Illuminate\Database\El  
  oquent\Factories\Factory.php(429): Illuminate\Database\Eloquent\Factories\F  
  actory->makeInstance()                                                       
  #9 C:\opt\kotvrf\CatVRF\vendor\laravel\framework\src\Illuminate\Database\El  
  oquent\Factories\Factory.php(318): Illuminate\Database\Eloquent\Factories\F  
  actory->make()                                                               
  #10 C:\opt\kotvrf\CatVRF\vendor\laravel\framework\src\Illuminate\Database\E  
  loquent\Factories\Factory.php(315): Illuminate\Database\Eloquent\Factories\  
  Factory->create()                                                            
  #11 C:\opt\kotvrf\CatVRF\tests\Feature\Cosmetics\CosmeticTest.php(61): Illu  
  minate\Database\Eloquent\Factories\Factory->create()                         
  #12 C:\opt\kotvrf\CatVRF\vendor\phpunit\phpunit\src\Framework\TestCase.php(  
  1667): Tests\Feature\Cosmetics\CosmeticTest->test_order_status_transitions(  
  )                                                                            
  #13 C:\opt\kotvrf\CatVRF\vendor\phpunit\phpunit\src\Framework\TestCase.php(  
  519): PHPUnit\Framework\TestCase->runTest()                                  
  #14 C:\opt\kotvrf\CatVRF\vendor\phpunit\phpunit\src\Framework\TestRunner\Te  
  stRunner.php(87): PHPUnit\Framework\TestCase->runBare()                      
  #15 C:\opt\kotvrf\CatVRF\vendor\phpunit\phpunit\src\Framework\TestCase.php(  
  365): PHPUnit\Framework\TestRunner->run()                                    
  #16 C:\opt\kotvrf\CatVRF\vendor\phpunit\phpunit\src\Framework\TestSuite.php  
  (369): PHPUnit\Framework\TestCase->run()                                     
  #17 C:\opt\kotvrf\CatVRF\vendor\phpunit\phpunit\src\Framework\TestSuite.php  
  (369): PHPUnit\Framework\TestSuite->run()                                    
  #18 C:\opt\kotvrf\CatVRF\vendor\phpunit\phpunit\src\TextUI\TestRunner.php(6  
  4): PHPUnit\Framework\TestSuite->run()                                       
  #19 C:\opt\kotvrf\CatVRF\vendor\phpunit\phpunit\src\TextUI\Application.php(  
  211): PHPUnit\TextUI\TestRunner->run()                                       
  #20 C:\opt\kotvrf\CatVRF\vendor\phpunit\phpunit\phpunit(104): PHPUnit\TextU  
  I\Application->run()                                                         
  #21 {main}                                                                   
                                                                               


In CosmeticOrder.php line 9:
                                                                               
  During class fetch: Uncaught ParseError: syntax error, unexpected token "tr  
  ait", expecting "abstract" or "final" or "readonly" or "class" in C:\opt\ko  
  tvrf\CatVRF\app\Traits\TenantScoped.php:7                                    
  Stack trace:                                                                 
  #0 C:\opt\kotvrf\CatVRF\vendor\composer\ClassLoader.php(427): Composer\Auto  
  load\{closure}()                                                             
  #1 C:\opt\kotvrf\CatVRF\app\Domains\Cosmetics\Models\CosmeticOrder.php(9):   
  Composer\Autoload\ClassLoader->loadClass()                                   
  #2 C:\opt\kotvrf\CatVRF\vendor\composer\ClassLoader.php(576): include('...'  
  )                                                                            
  #3 C:\opt\kotvrf\CatVRF\vendor\composer\ClassLoader.php(427): Composer\Auto  
  load\{closure}()                                                             
  #4 C:\opt\kotvrf\CatVRF\vendor\laravel\framework\src\Illuminate\Database\El  
  oquent\Factories\Factory.php(928): Composer\Autoload\ClassLoader->loadClass  
  ()                                                                           
  #5 C:\opt\kotvrf\CatVRF\vendor\laravel\framework\src\Illuminate\Database\El  
  oquent\Factories\Factory.php(513): Illuminate\Database\Eloquent\Factories\F  
  actory->newModel()                                                           
  #6 C:\opt\kotvrf\CatVRF\vendor\laravel\framework\src\Illuminate\Database\El  
  oquent\Concerns\GuardsAttributes.php(157): Illuminate\Database\Eloquent\Fac  
  tories\Factory->Illuminate\Database\Eloquent\Factories\{closure}()           
  #7 C:\opt\kotvrf\CatVRF\vendor\laravel\framework\src\Illuminate\Database\El  
  oquent\Factories\Factory.php(512): Illuminate\Database\Eloquent\Model::ungu  
  arded()                                                                      
  #8 C:\opt\kotvrf\CatVRF\vendor\laravel\framework\src\Illuminate\Database\El  
  oquent\Factories\Factory.php(429): Illuminate\Database\Eloquent\Factories\F  
  actory->makeInstance()                                                       
  #9 C:\opt\kotvrf\CatVRF\vendor\laravel\framework\src\Illuminate\Database\El  
  oquent\Factories\Factory.php(318): Illuminate\Database\Eloquent\Factories\F  
  actory->make()                                                               
  #10 C:\opt\kotvrf\CatVRF\vendor\laravel\framework\src\Illuminate\Database\E  
  loquent\Factories\Factory.php(315): Illuminate\Database\Eloquent\Factories\  
  Factory->create()                                                            
  #11 C:\opt\kotvrf\CatVRF\tests\Feature\Cosmetics\CosmeticTest.php(61): Illu  
  minate\Database\Eloquent\Factories\Factory->create()                         
  #12 C:\opt\kotvrf\CatVRF\vendor\phpunit\phpunit\src\Framework\TestCase.php(  
  1667): Tests\Feature\Cosmetics\CosmeticTest->test_order_status_transitions(  
  )                                                                            
  #13 C:\opt\kotvrf\CatVRF\vendor\phpunit\phpunit\src\Framework\TestCase.php(  
  519): PHPUnit\Framework\TestCase->runTest()                                  
  #14 C:\opt\kotvrf\CatVRF\vendor\phpunit\phpunit\src\Framework\TestRunner\Te  
  stRunner.php(87): PHPUnit\Framework\TestCase->runBare()                      
  #15 C:\opt\kotvrf\CatVRF\vendor\phpunit\phpunit\src\Framework\TestCase.php(  
  365): PHPUnit\Framework\TestRunner->run()                                    
  #16 C:\opt\kotvrf\CatVRF\vendor\phpunit\phpunit\src\Framework\TestSuite.php  
  (369): PHPUnit\Framework\TestCase->run()                                     
  #17 C:\opt\kotvrf\CatVRF\vendor\phpunit\phpunit\src\Framework\TestSuite.php  
  (369): PHPUnit\Framework\TestSuite->run()                                    
  #18 C:\opt\kotvrf\CatVRF\vendor\phpunit\phpunit\src\TextUI\TestRunner.php(6  
  4): PHPUnit\Framework\TestSuite->run()                                       
  #19 C:\opt\kotvrf\CatVRF\vendor\phpunit\phpunit\src\TextUI\Application.php(  
  211): PHPUnit\TextUI\TestRunner->run()                                       
  #20 C:\opt\kotvrf\CatVRF\vendor\phpunit\phpunit\phpunit(104): PHPUnit\TextU  
  I\Application->run()                                                         
  #21 {main}                                                                   
                                                                               


In CosmeticOrder.php line 9:
                                                                               
  During class fetch: Uncaught ParseError: syntax error, unexpected token "tr  
  ait", expecting "abstract" or "final" or "readonly" or "class" in C:\opt\ko  
  tvrf\CatVRF\app\Traits\TenantScoped.php:7                                    
  Stack trace:                                                                 
  #0 C:\opt\kotvrf\CatVRF\vendor\composer\ClassLoader.php(427): Composer\Auto  
  load\{closure}()                                                             
  #1 C:\opt\kotvrf\CatVRF\app\Domains\Cosmetics\Models\CosmeticOrder.php(9):   
  Composer\Autoload\ClassLoader->loadClass()                                   
  #2 C:\opt\kotvrf\CatVRF\vendor\composer\ClassLoader.php(576): include('...'  
  )                                                                            
  #3 C:\opt\kotvrf\CatVRF\vendor\composer\ClassLoader.php(427): Composer\Auto  
  load\{closure}()                                                             
  #4 C:\opt\kotvrf\CatVRF\vendor\laravel\framework\src\Illuminate\Database\El  
  oquent\Factories\Factory.php(928): Composer\Autoload\ClassLoader->loadClass  
  ()                                                                           
  #5 C:\opt\kotvrf\CatVRF\vendor\laravel\framework\src\Illuminate\Database\El  
  oquent\Factories\Factory.php(513): Illuminate\Database\Eloquent\Factories\F  
  actory->newModel()                                                           
  #6 C:\opt\kotvrf\CatVRF\vendor\laravel\framework\src\Illuminate\Database\El  
  oquent\Concerns\GuardsAttributes.php(157): Illuminate\Database\Eloquent\Fac  
  tories\Factory->Illuminate\Database\Eloquent\Factories\{closure}()           
  #7 C:\opt\kotvrf\CatVRF\vendor\laravel\framework\src\Illuminate\Database\El  
  oquent\Factories\Factory.php(512): Illuminate\Database\Eloquent\Model::ungu  
  arded()                                                                      
  #8 C:\opt\kotvrf\CatVRF\vendor\laravel\framework\src\Illuminate\Database\El  
  oquent\Factories\Factory.php(429): Illuminate\Database\Eloquent\Factories\F  
  actory->makeInstance()                                                       
  #9 C:\opt\kotvrf\CatVRF\vendor\laravel\framework\src\Illuminate\Database\El  
  oquent\Factories\Factory.php(318): Illuminate\Database\Eloquent\Factories\F  
  actory->make()                                                               
  #10 C:\opt\kotvrf\CatVRF\vendor\laravel\framework\src\Illuminate\Database\E  
  loquent\Factories\Factory.php(315): Illuminate\Database\Eloquent\Factories\  
  Factory->create()                                                            
  #11 C:\opt\kotvrf\CatVRF\tests\Feature\Cosmetics\CosmeticTest.php(61): Illu  
  minate\Database\Eloquent\Factories\Factory->create()                         
  #12 C:\opt\kotvrf\CatVRF\vendor\phpunit\phpunit\src\Framework\TestCase.php(  
  1667): Tests\Feature\Cosmetics\CosmeticTest->test_order_status_transitions(  
  )                                                                            
  #13 C:\opt\kotvrf\CatVRF\vendor\phpunit\phpunit\src\Framework\TestCase.php(  
  519): PHPUnit\Framework\TestCase->runTest()                                  
  #14 C:\opt\kotvrf\CatVRF\vendor\phpunit\phpunit\src\Framework\TestRunner\Te  
  stRunner.php(87): PHPUnit\Framework\TestCase->runBare()                      
  #15 C:\opt\kotvrf\CatVRF\vendor\phpunit\phpunit\src\Framework\TestCase.php(  
  365): PHPUnit\Framework\TestRunner->run()                                    
  #16 C:\opt\kotvrf\CatVRF\vendor\phpunit\phpunit\src\Framework\TestSuite.php  
  (369): PHPUnit\Framework\TestCase->run()                                     
  #17 C:\opt\kotvrf\CatVRF\vendor\phpunit\phpunit\src\Framework\TestSuite.php  
  (369): PHPUnit\Framework\TestSuite->run()                                    
  #18 C:\opt\kotvrf\CatVRF\vendor\phpunit\phpunit\src\TextUI\TestRunner.php(6  
  4): PHPUnit\Framework\TestSuite->run()                                       
  #19 C:\opt\kotvrf\CatVRF\vendor\phpunit\phpunit\src\TextUI\Application.php(  
  211): PHPUnit\TextUI\TestRunner->run()                                       
  #20 C:\opt\kotvrf\CatVRF\vendor\phpunit\phpunit\phpunit(104): PHPUnit\TextU  
  I\Application->run()                                                         
  #21 {main}                                                                   
                                                                               

